<testsuites id="" name="" tests="870" failures="682" skipped="0" errors="0" time="1041.128932">
<testsuite name="admin\admin-crud.spec.ts" timestamp="2026-02-20T03:52:25.301Z" hostname="chromium" tests="28" failures="28" skipped="0" time="124.983" errors="0">
<testcase name="Admin - User Management CRUD › User Creation › should create a new user successfully" classname="admin\admin-crud.spec.ts" time="10.659">
<failure message="admin-crud.spec.ts:23:9 should create a new user successfully" type="FAILURE">
<![CDATA[  [chromium] › admin\admin-crud.spec.ts:23:9 › Admin - User Management CRUD › User Creation › should create a new user successfully 

    TypeError: Cannot read properties of undefined (reading 'users')

      11 |     // Login as admin
      12 |     await page.goto('/login');
    > 13 |     await page.fill('input[name="username"], input[type="email"]', testData.users.admin.email);
         |                                                                             ^
      14 |     await page.fill('input[name="password"], input[type="password"]', testData.users.admin.password);
      15 |     await page.click('button[type="submit"], button:has-text("Login")');
      16 |     await page.waitForLoadState('networkidle');
        at E:\test-project-app\tests\playwright\admin\admin-crud.spec.ts:13:77

    attachment #1: screenshot (image/png) ──────────────────────────────────────────────────────────
    ..\..\test-results\admin-admin-crud-Admin---U-5092f-ate-a-new-user-successfully-chromium\test-failed-1.png
    ────────────────────────────────────────────────────────────────────────────────────────────────

    attachment #2: video (video/webm) ──────────────────────────────────────────────────────────────
    ..\..\test-results\admin-admin-crud-Admin---U-5092f-ate-a-new-user-successfully-chromium\video.webm
    ────────────────────────────────────────────────────────────────────────────────────────────────

    Error Context: ..\..\test-results\admin-admin-crud-Admin---U-5092f-ate-a-new-user-successfully-chromium\error-context.md
]]>
</failure>
<system-out>
<![CDATA[
[[ATTACHMENT|test-results\admin-admin-crud-Admin---U-5092f-ate-a-new-user-successfully-chromium\test-failed-1.png]]

[[ATTACHMENT|test-results\admin-admin-crud-Admin---U-5092f-ate-a-new-user-successfully-chromium\video.webm]]

[[ATTACHMENT|test-results\admin-admin-crud-Admin---U-5092f-ate-a-new-user-successfully-chromium\error-context.md]]
]]>
</system-out>
</testcase>
<testcase name="Admin - User Management CRUD › User Creation › should create user with different roles" classname="admin\admin-crud.spec.ts" time="10.737">
<failure message="admin-crud.spec.ts:44:9 should create user with different roles" type="FAILURE">
<![CDATA[  [chromium] › admin\admin-crud.spec.ts:44:9 › Admin - User Management CRUD › User Creation › should create user with different roles 

    TypeError: Cannot read properties of undefined (reading 'users')

      11 |     // Login as admin
      12 |     await page.goto('/login');
    > 13 |     await page.fill('input[name="username"], input[type="email"]', testData.users.admin.email);
         |                                                                             ^
      14 |     await page.fill('input[name="password"], input[type="password"]', testData.users.admin.password);
      15 |     await page.click('button[type="submit"], button:has-text("Login")');
      16 |     await page.waitForLoadState('networkidle');
        at E:\test-project-app\tests\playwright\admin\admin-crud.spec.ts:13:77

    attachment #1: screenshot (image/png) ──────────────────────────────────────────────────────────
    ..\..\test-results\admin-admin-crud-Admin---U-415b9-e-user-with-different-roles-chromium\test-failed-1.png
    ────────────────────────────────────────────────────────────────────────────────────────────────

    attachment #2: video (video/webm) ──────────────────────────────────────────────────────────────
    ..\..\test-results\admin-admin-crud-Admin---U-415b9-e-user-with-different-roles-chromium\video.webm
    ────────────────────────────────────────────────────────────────────────────────────────────────

    Error Context: ..\..\test-results\admin-admin-crud-Admin---U-415b9-e-user-with-different-roles-chromium\error-context.md
]]>
</failure>
<system-out>
<![CDATA[
[[ATTACHMENT|test-results\admin-admin-crud-Admin---U-415b9-e-user-with-different-roles-chromium\test-failed-1.png]]

[[ATTACHMENT|test-results\admin-admin-crud-Admin---U-415b9-e-user-with-different-roles-chromium\video.webm]]

[[ATTACHMENT|test-results\admin-admin-crud-Admin---U-415b9-e-user-with-different-roles-chromium\error-context.md]]
]]>
</system-out>
</testcase>
<testcase name="Admin - User Management CRUD › User Creation › should validate required fields in user form" classname="admin\admin-crud.spec.ts" time="10.698">
<failure message="admin-crud.spec.ts:66:9 should validate required fields in user form" type="FAILURE">
<![CDATA[  [chromium] › admin\admin-crud.spec.ts:66:9 › Admin - User Management CRUD › User Creation › should validate required fields in user form 

    TypeError: Cannot read properties of undefined (reading 'users')

      11 |     // Login as admin
      12 |     await page.goto('/login');
    > 13 |     await page.fill('input[name="username"], input[type="email"]', testData.users.admin.email);
         |                                                                             ^
      14 |     await page.fill('input[name="password"], input[type="password"]', testData.users.admin.password);
      15 |     await page.click('button[type="submit"], button:has-text("Login")');
      16 |     await page.waitForLoadState('networkidle');
        at E:\test-project-app\tests\playwright\admin\admin-crud.spec.ts:13:77

    attachment #1: screenshot (image/png) ──────────────────────────────────────────────────────────
    ..\..\test-results\admin-admin-crud-Admin---U-9c6ae-equired-fields-in-user-form-chromium\test-failed-1.png
    ────────────────────────────────────────────────────────────────────────────────────────────────

    attachment #2: video (video/webm) ──────────────────────────────────────────────────────────────
    ..\..\test-results\admin-admin-crud-Admin---U-9c6ae-equired-fields-in-user-form-chromium\video.webm
    ────────────────────────────────────────────────────────────────────────────────────────────────

    Error Context: ..\..\test-results\admin-admin-crud-Admin---U-9c6ae-equired-fields-in-user-form-chromium\error-context.md
]]>
</failure>
<system-out>
<![CDATA[
[[ATTACHMENT|test-results\admin-admin-crud-Admin---U-9c6ae-equired-fields-in-user-form-chromium\test-failed-1.png]]

[[ATTACHMENT|test-results\admin-admin-crud-Admin---U-9c6ae-equired-fields-in-user-form-chromium\video.webm]]

[[ATTACHMENT|test-results\admin-admin-crud-Admin---U-9c6ae-equired-fields-in-user-form-chromium\error-context.md]]
]]>
</system-out>
</testcase>
<testcase name="Admin - User Management CRUD › User Creation › should show error for duplicate username" classname="admin\admin-crud.spec.ts" time="10.607">
<failure message="admin-crud.spec.ts:76:9 should show error for duplicate username" type="FAILURE">
<![CDATA[  [chromium] › admin\admin-crud.spec.ts:76:9 › Admin - User Management CRUD › User Creation › should show error for duplicate username 

    TypeError: Cannot read properties of undefined (reading 'users')

      11 |     // Login as admin
      12 |     await page.goto('/login');
    > 13 |     await page.fill('input[name="username"], input[type="email"]', testData.users.admin.email);
         |                                                                             ^
      14 |     await page.fill('input[name="password"], input[type="password"]', testData.users.admin.password);
      15 |     await page.click('button[type="submit"], button:has-text("Login")');
      16 |     await page.waitForLoadState('networkidle');
        at E:\test-project-app\tests\playwright\admin\admin-crud.spec.ts:13:77

    attachment #1: screenshot (image/png) ──────────────────────────────────────────────────────────
    ..\..\test-results\admin-admin-crud-Admin---U-fbaf2-rror-for-duplicate-username-chromium\test-failed-1.png
    ────────────────────────────────────────────────────────────────────────────────────────────────

    attachment #2: video (video/webm) ──────────────────────────────────────────────────────────────
    ..\..\test-results\admin-admin-crud-Admin---U-fbaf2-rror-for-duplicate-username-chromium\video.webm
    ────────────────────────────────────────────────────────────────────────────────────────────────

    Error Context: ..\..\test-results\admin-admin-crud-Admin---U-fbaf2-rror-for-duplicate-username-chromium\error-context.md
]]>
</failure>
<system-out>
<![CDATA[
[[ATTACHMENT|test-results\admin-admin-crud-Admin---U-fbaf2-rror-for-duplicate-username-chromium\test-failed-1.png]]

[[ATTACHMENT|test-results\admin-admin-crud-Admin---U-fbaf2-rror-for-duplicate-username-chromium\video.webm]]

[[ATTACHMENT|test-results\admin-admin-crud-Admin---U-fbaf2-rror-for-duplicate-username-chromium\error-context.md]]
]]>
</system-out>
</testcase>
<testcase name="Admin - User Management CRUD › User Creation › should show error for duplicate email" classname="admin\admin-crud.spec.ts" time="10.575">
<failure message="admin-crud.spec.ts:105:9 should show error for duplicate email" type="FAILURE">
<![CDATA[  [chromium] › admin\admin-crud.spec.ts:105:9 › Admin - User Management CRUD › User Creation › should show error for duplicate email 

    TypeError: Cannot read properties of undefined (reading 'users')

      11 |     // Login as admin
      12 |     await page.goto('/login');
    > 13 |     await page.fill('input[name="username"], input[type="email"]', testData.users.admin.email);
         |                                                                             ^
      14 |     await page.fill('input[name="password"], input[type="password"]', testData.users.admin.password);
      15 |     await page.click('button[type="submit"], button:has-text("Login")');
      16 |     await page.waitForLoadState('networkidle');
        at E:\test-project-app\tests\playwright\admin\admin-crud.spec.ts:13:77

    attachment #1: screenshot (image/png) ──────────────────────────────────────────────────────────
    ..\..\test-results\admin-admin-crud-Admin---U-ec8f3-w-error-for-duplicate-email-chromium\test-failed-1.png
    ────────────────────────────────────────────────────────────────────────────────────────────────

    attachment #2: video (video/webm) ──────────────────────────────────────────────────────────────
    ..\..\test-results\admin-admin-crud-Admin---U-ec8f3-w-error-for-duplicate-email-chromium\video.webm
    ────────────────────────────────────────────────────────────────────────────────────────────────

    Error Context: ..\..\test-results\admin-admin-crud-Admin---U-ec8f3-w-error-for-duplicate-email-chromium\error-context.md
]]>
</failure>
<system-out>
<![CDATA[
[[ATTACHMENT|test-results\admin-admin-crud-Admin---U-ec8f3-w-error-for-duplicate-email-chromium\test-failed-1.png]]

[[ATTACHMENT|test-results\admin-admin-crud-Admin---U-ec8f3-w-error-for-duplicate-email-chromium\video.webm]]

[[ATTACHMENT|test-results\admin-admin-crud-Admin---U-ec8f3-w-error-for-duplicate-email-chromium\error-context.md]]
]]>
</system-out>
</testcase>
<testcase name="Admin - User Management CRUD › User Creation › should validate email format" classname="admin\admin-crud.spec.ts" time="10.658">
<failure message="admin-crud.spec.ts:134:9 should validate email format" type="FAILURE">
<![CDATA[  [chromium] › admin\admin-crud.spec.ts:134:9 › Admin - User Management CRUD › User Creation › should validate email format 

    TypeError: Cannot read properties of undefined (reading 'users')

      11 |     // Login as admin
      12 |     await page.goto('/login');
    > 13 |     await page.fill('input[name="username"], input[type="email"]', testData.users.admin.email);
         |                                                                             ^
      14 |     await page.fill('input[name="password"], input[type="password"]', testData.users.admin.password);
      15 |     await page.click('button[type="submit"], button:has-text("Login")');
      16 |     await page.waitForLoadState('networkidle');
        at E:\test-project-app\tests\playwright\admin\admin-crud.spec.ts:13:77

    attachment #1: screenshot (image/png) ──────────────────────────────────────────────────────────
    ..\..\test-results\admin-admin-crud-Admin---U-b61bd-hould-validate-email-format-chromium\test-failed-1.png
    ────────────────────────────────────────────────────────────────────────────────────────────────

    attachment #2: video (video/webm) ──────────────────────────────────────────────────────────────
    ..\..\test-results\admin-admin-crud-Admin---U-b61bd-hould-validate-email-format-chromium\video.webm
    ────────────────────────────────────────────────────────────────────────────────────────────────

    Error Context: ..\..\test-results\admin-admin-crud-Admin---U-b61bd-hould-validate-email-format-chromium\error-context.md
]]>
</failure>
<system-out>
<![CDATA[
[[ATTACHMENT|test-results\admin-admin-crud-Admin---U-b61bd-hould-validate-email-format-chromium\test-failed-1.png]]

[[ATTACHMENT|test-results\admin-admin-crud-Admin---U-b61bd-hould-validate-email-format-chromium\video.webm]]

[[ATTACHMENT|test-results\admin-admin-crud-Admin---U-b61bd-hould-validate-email-format-chromium\error-context.md]]
]]>
</system-out>
</testcase>
<testcase name="Admin - User Management CRUD › User Creation › should validate password strength" classname="admin\admin-crud.spec.ts" time="3.091">
<failure message="admin-crud.spec.ts:150:9 should validate password strength" type="FAILURE">
<![CDATA[  [chromium] › admin\admin-crud.spec.ts:150:9 › Admin - User Management CRUD › User Creation › should validate password strength 

    TypeError: Cannot read properties of undefined (reading 'users')

      11 |     // Login as admin
      12 |     await page.goto('/login');
    > 13 |     await page.fill('input[name="username"], input[type="email"]', testData.users.admin.email);
         |                                                                             ^
      14 |     await page.fill('input[name="password"], input[type="password"]', testData.users.admin.password);
      15 |     await page.click('button[type="submit"], button:has-text("Login")');
      16 |     await page.waitForLoadState('networkidle');
        at E:\test-project-app\tests\playwright\admin\admin-crud.spec.ts:13:77

    attachment #1: screenshot (image/png) ──────────────────────────────────────────────────────────
    ..\..\test-results\admin-admin-crud-Admin---U-05e4e--validate-password-strength-chromium\test-failed-1.png
    ────────────────────────────────────────────────────────────────────────────────────────────────

    attachment #2: video (video/webm) ──────────────────────────────────────────────────────────────
    ..\..\test-results\admin-admin-crud-Admin---U-05e4e--validate-password-strength-chromium\video.webm
    ────────────────────────────────────────────────────────────────────────────────────────────────

    Error Context: ..\..\test-results\admin-admin-crud-Admin---U-05e4e--validate-password-strength-chromium\error-context.md
]]>
</failure>
<system-out>
<![CDATA[
[[ATTACHMENT|test-results\admin-admin-crud-Admin---U-05e4e--validate-password-strength-chromium\test-failed-1.png]]

[[ATTACHMENT|test-results\admin-admin-crud-Admin---U-05e4e--validate-password-strength-chromium\video.webm]]

[[ATTACHMENT|test-results\admin-admin-crud-Admin---U-05e4e--validate-password-strength-chromium\error-context.md]]
]]>
</system-out>
</testcase>
<testcase name="Admin - User Management CRUD › User Reading › should display users list correctly" classname="admin\admin-crud.spec.ts" time="3.193">
<failure message="admin-crud.spec.ts:168:9 should display users list correctly" type="FAILURE">
<![CDATA[  [chromium] › admin\admin-crud.spec.ts:168:9 › Admin - User Management CRUD › User Reading › should display users list correctly 

    TypeError: Cannot read properties of undefined (reading 'users')

      11 |     // Login as admin
      12 |     await page.goto('/login');
    > 13 |     await page.fill('input[name="username"], input[type="email"]', testData.users.admin.email);
         |                                                                             ^
      14 |     await page.fill('input[name="password"], input[type="password"]', testData.users.admin.password);
      15 |     await page.click('button[type="submit"], button:has-text("Login")');
      16 |     await page.waitForLoadState('networkidle');
        at E:\test-project-app\tests\playwright\admin\admin-crud.spec.ts:13:77

    attachment #1: screenshot (image/png) ──────────────────────────────────────────────────────────
    ..\..\test-results\admin-admin-crud-Admin---U-fbd22-isplay-users-list-correctly-chromium\test-failed-1.png
    ────────────────────────────────────────────────────────────────────────────────────────────────

    attachment #2: video (video/webm) ──────────────────────────────────────────────────────────────
    ..\..\test-results\admin-admin-crud-Admin---U-fbd22-isplay-users-list-correctly-chromium\video.webm
    ────────────────────────────────────────────────────────────────────────────────────────────────

    Error Context: ..\..\test-results\admin-admin-crud-Admin---U-fbd22-isplay-users-list-correctly-chromium\error-context.md
]]>
</failure>
<system-out>
<![CDATA[
[[ATTACHMENT|test-results\admin-admin-crud-Admin---U-fbd22-isplay-users-list-correctly-chromium\test-failed-1.png]]

[[ATTACHMENT|test-results\admin-admin-crud-Admin---U-fbd22-isplay-users-list-correctly-chromium\video.webm]]

[[ATTACHMENT|test-results\admin-admin-crud-Admin---U-fbd22-isplay-users-list-correctly-chromium\error-context.md]]
]]>
</system-out>
</testcase>
<testcase name="Admin - User Management CRUD › User Reading › should show user details correctly" classname="admin\admin-crud.spec.ts" time="3.278">
<failure message="admin-crud.spec.ts:173:9 should show user details correctly" type="FAILURE">
<![CDATA[  [chromium] › admin\admin-crud.spec.ts:173:9 › Admin - User Management CRUD › User Reading › should show user details correctly 

    TypeError: Cannot read properties of undefined (reading 'users')

      11 |     // Login as admin
      12 |     await page.goto('/login');
    > 13 |     await page.fill('input[name="username"], input[type="email"]', testData.users.admin.email);
         |                                                                             ^
      14 |     await page.fill('input[name="password"], input[type="password"]', testData.users.admin.password);
      15 |     await page.click('button[type="submit"], button:has-text("Login")');
      16 |     await page.waitForLoadState('networkidle');
        at E:\test-project-app\tests\playwright\admin\admin-crud.spec.ts:13:77

    attachment #1: screenshot (image/png) ──────────────────────────────────────────────────────────
    ..\..\test-results\admin-admin-crud-Admin---U-7f87a-show-user-details-correctly-chromium\test-failed-1.png
    ────────────────────────────────────────────────────────────────────────────────────────────────

    attachment #2: video (video/webm) ──────────────────────────────────────────────────────────────
    ..\..\test-results\admin-admin-crud-Admin---U-7f87a-show-user-details-correctly-chromium\video.webm
    ────────────────────────────────────────────────────────────────────────────────────────────────

    Error Context: ..\..\test-results\admin-admin-crud-Admin---U-7f87a-show-user-details-correctly-chromium\error-context.md
]]>
</failure>
<system-out>
<![CDATA[
[[ATTACHMENT|test-results\admin-admin-crud-Admin---U-7f87a-show-user-details-correctly-chromium\test-failed-1.png]]

[[ATTACHMENT|test-results\admin-admin-crud-Admin---U-7f87a-show-user-details-correctly-chromium\video.webm]]

[[ATTACHMENT|test-results\admin-admin-crud-Admin---U-7f87a-show-user-details-correctly-chromium\error-context.md]]
]]>
</system-out>
</testcase>
<testcase name="Admin - User Management CRUD › User Reading › should support user search functionality" classname="admin\admin-crud.spec.ts" time="3.113">
<failure message="admin-crud.spec.ts:178:9 should support user search functionality" type="FAILURE">
<![CDATA[  [chromium] › admin\admin-crud.spec.ts:178:9 › Admin - User Management CRUD › User Reading › should support user search functionality 

    TypeError: Cannot read properties of undefined (reading 'users')

      11 |     // Login as admin
      12 |     await page.goto('/login');
    > 13 |     await page.fill('input[name="username"], input[type="email"]', testData.users.admin.email);
         |                                                                             ^
      14 |     await page.fill('input[name="password"], input[type="password"]', testData.users.admin.password);
      15 |     await page.click('button[type="submit"], button:has-text("Login")');
      16 |     await page.waitForLoadState('networkidle');
        at E:\test-project-app\tests\playwright\admin\admin-crud.spec.ts:13:77

    attachment #1: screenshot (image/png) ──────────────────────────────────────────────────────────
    ..\..\test-results\admin-admin-crud-Admin---U-df9a4-t-user-search-functionality-chromium\test-failed-1.png
    ────────────────────────────────────────────────────────────────────────────────────────────────

    attachment #2: video (video/webm) ──────────────────────────────────────────────────────────────
    ..\..\test-results\admin-admin-crud-Admin---U-df9a4-t-user-search-functionality-chromium\video.webm
    ────────────────────────────────────────────────────────────────────────────────────────────────

    Error Context: ..\..\test-results\admin-admin-crud-Admin---U-df9a4-t-user-search-functionality-chromium\error-context.md
]]>
</failure>
<system-out>
<![CDATA[
[[ATTACHMENT|test-results\admin-admin-crud-Admin---U-df9a4-t-user-search-functionality-chromium\test-failed-1.png]]

[[ATTACHMENT|test-results\admin-admin-crud-Admin---U-df9a4-t-user-search-functionality-chromium\video.webm]]

[[ATTACHMENT|test-results\admin-admin-crud-Admin---U-df9a4-t-user-search-functionality-chromium\error-context.md]]
]]>
</system-out>
</testcase>
<testcase name="Admin - User Management CRUD › User Reading › should support role filtering" classname="admin\admin-crud.spec.ts" time="3.096">
<failure message="admin-crud.spec.ts:183:9 should support role filtering" type="FAILURE">
<![CDATA[  [chromium] › admin\admin-crud.spec.ts:183:9 › Admin - User Management CRUD › User Reading › should support role filtering 

    TypeError: Cannot read properties of undefined (reading 'users')

      11 |     // Login as admin
      12 |     await page.goto('/login');
    > 13 |     await page.fill('input[name="username"], input[type="email"]', testData.users.admin.email);
         |                                                                             ^
      14 |     await page.fill('input[name="password"], input[type="password"]', testData.users.admin.password);
      15 |     await page.click('button[type="submit"], button:has-text("Login")');
      16 |     await page.waitForLoadState('networkidle');
        at E:\test-project-app\tests\playwright\admin\admin-crud.spec.ts:13:77

    attachment #1: screenshot (image/png) ──────────────────────────────────────────────────────────
    ..\..\test-results\admin-admin-crud-Admin---U-32929-ould-support-role-filtering-chromium\test-failed-1.png
    ────────────────────────────────────────────────────────────────────────────────────────────────

    attachment #2: video (video/webm) ──────────────────────────────────────────────────────────────
    ..\..\test-results\admin-admin-crud-Admin---U-32929-ould-support-role-filtering-chromium\video.webm
    ────────────────────────────────────────────────────────────────────────────────────────────────

    Error Context: ..\..\test-results\admin-admin-crud-Admin---U-32929-ould-support-role-filtering-chromium\error-context.md
]]>
</failure>
<system-out>
<![CDATA[
[[ATTACHMENT|test-results\admin-admin-crud-Admin---U-32929-ould-support-role-filtering-chromium\test-failed-1.png]]

[[ATTACHMENT|test-results\admin-admin-crud-Admin---U-32929-ould-support-role-filtering-chromium\video.webm]]

[[ATTACHMENT|test-results\admin-admin-crud-Admin---U-32929-ould-support-role-filtering-chromium\error-context.md]]
]]>
</system-out>
</testcase>
<testcase name="Admin - User Management CRUD › User Reading › should show user statistics" classname="admin\admin-crud.spec.ts" time="3.04">
<failure message="admin-crud.spec.ts:188:9 should show user statistics" type="FAILURE">
<![CDATA[  [chromium] › admin\admin-crud.spec.ts:188:9 › Admin - User Management CRUD › User Reading › should show user statistics 

    TypeError: Cannot read properties of undefined (reading 'users')

      11 |     // Login as admin
      12 |     await page.goto('/login');
    > 13 |     await page.fill('input[name="username"], input[type="email"]', testData.users.admin.email);
         |                                                                             ^
      14 |     await page.fill('input[name="password"], input[type="password"]', testData.users.admin.password);
      15 |     await page.click('button[type="submit"], button:has-text("Login")');
      16 |     await page.waitForLoadState('networkidle');
        at E:\test-project-app\tests\playwright\admin\admin-crud.spec.ts:13:77

    attachment #1: screenshot (image/png) ──────────────────────────────────────────────────────────
    ..\..\test-results\admin-admin-crud-Admin---U-b7ebc-should-show-user-statistics-chromium\test-failed-1.png
    ────────────────────────────────────────────────────────────────────────────────────────────────

    attachment #2: video (video/webm) ──────────────────────────────────────────────────────────────
    ..\..\test-results\admin-admin-crud-Admin---U-b7ebc-should-show-user-statistics-chromium\video.webm
    ────────────────────────────────────────────────────────────────────────────────────────────────

    Error Context: ..\..\test-results\admin-admin-crud-Admin---U-b7ebc-should-show-user-statistics-chromium\error-context.md
]]>
</failure>
<system-out>
<![CDATA[
[[ATTACHMENT|test-results\admin-admin-crud-Admin---U-b7ebc-should-show-user-statistics-chromium\test-failed-1.png]]

[[ATTACHMENT|test-results\admin-admin-crud-Admin---U-b7ebc-should-show-user-statistics-chromium\video.webm]]

[[ATTACHMENT|test-results\admin-admin-crud-Admin---U-b7ebc-should-show-user-statistics-chromium\error-context.md]]
]]>
</system-out>
</testcase>
<testcase name="Admin - User Management CRUD › User Updates › should update user successfully" classname="admin\admin-crud.spec.ts" time="2.836">
<failure message="admin-crud.spec.ts:195:9 should update user successfully" type="FAILURE">
<![CDATA[  [chromium] › admin\admin-crud.spec.ts:195:9 › Admin - User Management CRUD › User Updates › should update user successfully 

    TypeError: Cannot read properties of undefined (reading 'users')

      11 |     // Login as admin
      12 |     await page.goto('/login');
    > 13 |     await page.fill('input[name="username"], input[type="email"]', testData.users.admin.email);
         |                                                                             ^
      14 |     await page.fill('input[name="password"], input[type="password"]', testData.users.admin.password);
      15 |     await page.click('button[type="submit"], button:has-text("Login")');
      16 |     await page.waitForLoadState('networkidle');
        at E:\test-project-app\tests\playwright\admin\admin-crud.spec.ts:13:77

    attachment #1: screenshot (image/png) ──────────────────────────────────────────────────────────
    ..\..\test-results\admin-admin-crud-Admin---U-f89e4-ld-update-user-successfully-chromium\test-failed-1.png
    ────────────────────────────────────────────────────────────────────────────────────────────────

    attachment #2: video (video/webm) ──────────────────────────────────────────────────────────────
    ..\..\test-results\admin-admin-crud-Admin---U-f89e4-ld-update-user-successfully-chromium\video.webm
    ────────────────────────────────────────────────────────────────────────────────────────────────

    Error Context: ..\..\test-results\admin-admin-crud-Admin---U-f89e4-ld-update-user-successfully-chromium\error-context.md
]]>
</failure>
<system-out>
<![CDATA[
[[ATTACHMENT|test-results\admin-admin-crud-Admin---U-f89e4-ld-update-user-successfully-chromium\test-failed-1.png]]

[[ATTACHMENT|test-results\admin-admin-crud-Admin---U-f89e4-ld-update-user-successfully-chromium\video.webm]]

[[ATTACHMENT|test-results\admin-admin-crud-Admin---U-f89e4-ld-update-user-successfully-chromium\error-context.md]]
]]>
</system-out>
</testcase>
<testcase name="Admin - User Management CRUD › User Updates › should update user role" classname="admin\admin-crud.spec.ts" time="2.918">
<failure message="admin-crud.spec.ts:204:9 should update user role" type="FAILURE">
<![CDATA[  [chromium] › admin\admin-crud.spec.ts:204:9 › Admin - User Management CRUD › User Updates › should update user role 

    TypeError: Cannot read properties of undefined (reading 'users')

      11 |     // Login as admin
      12 |     await page.goto('/login');
    > 13 |     await page.fill('input[name="username"], input[type="email"]', testData.users.admin.email);
         |                                                                             ^
      14 |     await page.fill('input[name="password"], input[type="password"]', testData.users.admin.password);
      15 |     await page.click('button[type="submit"], button:has-text("Login")');
      16 |     await page.waitForLoadState('networkidle');
        at E:\test-project-app\tests\playwright\admin\admin-crud.spec.ts:13:77

    attachment #1: screenshot (image/png) ──────────────────────────────────────────────────────────
    ..\..\test-results\admin-admin-crud-Admin---U-c9157-tes-should-update-user-role-chromium\test-failed-1.png
    ────────────────────────────────────────────────────────────────────────────────────────────────

    attachment #2: video (video/webm) ──────────────────────────────────────────────────────────────
    ..\..\test-results\admin-admin-crud-Admin---U-c9157-tes-should-update-user-role-chromium\video.webm
    ────────────────────────────────────────────────────────────────────────────────────────────────

    Error Context: ..\..\test-results\admin-admin-crud-Admin---U-c9157-tes-should-update-user-role-chromium\error-context.md
]]>
</failure>
<system-out>
<![CDATA[
[[ATTACHMENT|test-results\admin-admin-crud-Admin---U-c9157-tes-should-update-user-role-chromium\test-failed-1.png]]

[[ATTACHMENT|test-results\admin-admin-crud-Admin---U-c9157-tes-should-update-user-role-chromium\video.webm]]

[[ATTACHMENT|test-results\admin-admin-crud-Admin---U-c9157-tes-should-update-user-role-chromium\error-context.md]]
]]>
</system-out>
</testcase>
<testcase name="Admin - User Management CRUD › User Updates › should update user permissions" classname="admin\admin-crud.spec.ts" time="2.796">
<failure message="admin-crud.spec.ts:212:9 should update user permissions" type="FAILURE">
<![CDATA[  [chromium] › admin\admin-crud.spec.ts:212:9 › Admin - User Management CRUD › User Updates › should update user permissions 

    TypeError: Cannot read properties of undefined (reading 'users')

      11 |     // Login as admin
      12 |     await page.goto('/login');
    > 13 |     await page.fill('input[name="username"], input[type="email"]', testData.users.admin.email);
         |                                                                             ^
      14 |     await page.fill('input[name="password"], input[type="password"]', testData.users.admin.password);
      15 |     await page.click('button[type="submit"], button:has-text("Login")');
      16 |     await page.waitForLoadState('networkidle');
        at E:\test-project-app\tests\playwright\admin\admin-crud.spec.ts:13:77

    attachment #1: screenshot (image/png) ──────────────────────────────────────────────────────────
    ..\..\test-results\admin-admin-crud-Admin---U-86e51-uld-update-user-permissions-chromium\test-failed-1.png
    ────────────────────────────────────────────────────────────────────────────────────────────────

    attachment #2: video (video/webm) ──────────────────────────────────────────────────────────────
    ..\..\test-results\admin-admin-crud-Admin---U-86e51-uld-update-user-permissions-chromium\video.webm
    ────────────────────────────────────────────────────────────────────────────────────────────────

    Error Context: ..\..\test-results\admin-admin-crud-Admin---U-86e51-uld-update-user-permissions-chromium\error-context.md
]]>
</failure>
<system-out>
<![CDATA[
[[ATTACHMENT|test-results\admin-admin-crud-Admin---U-86e51-uld-update-user-permissions-chromium\test-failed-1.png]]

[[ATTACHMENT|test-results\admin-admin-crud-Admin---U-86e51-uld-update-user-permissions-chromium\video.webm]]

[[ATTACHMENT|test-results\admin-admin-crud-Admin---U-86e51-uld-update-user-permissions-chromium\error-context.md]]
]]>
</system-out>
</testcase>
<testcase name="Admin - User Management CRUD › User Updates › should validate updated user data" classname="admin\admin-crud.spec.ts" time="2.611">
<failure message="admin-crud.spec.ts:220:9 should validate updated user data" type="FAILURE">
<![CDATA[  [chromium] › admin\admin-crud.spec.ts:220:9 › Admin - User Management CRUD › User Updates › should validate updated user data 

    TypeError: Cannot read properties of undefined (reading 'users')

      11 |     // Login as admin
      12 |     await page.goto('/login');
    > 13 |     await page.fill('input[name="username"], input[type="email"]', testData.users.admin.email);
         |                                                                             ^
      14 |     await page.fill('input[name="password"], input[type="password"]', testData.users.admin.password);
      15 |     await page.click('button[type="submit"], button:has-text("Login")');
      16 |     await page.waitForLoadState('networkidle');
        at E:\test-project-app\tests\playwright\admin\admin-crud.spec.ts:13:77

    attachment #1: screenshot (image/png) ──────────────────────────────────────────────────────────
    ..\..\test-results\admin-admin-crud-Admin---U-a3755--validate-updated-user-data-chromium\test-failed-1.png
    ────────────────────────────────────────────────────────────────────────────────────────────────

    attachment #2: video (video/webm) ──────────────────────────────────────────────────────────────
    ..\..\test-results\admin-admin-crud-Admin---U-a3755--validate-updated-user-data-chromium\video.webm
    ────────────────────────────────────────────────────────────────────────────────────────────────

    Error Context: ..\..\test-results\admin-admin-crud-Admin---U-a3755--validate-updated-user-data-chromium\error-context.md
]]>
</failure>
<system-out>
<![CDATA[
[[ATTACHMENT|test-results\admin-admin-crud-Admin---U-a3755--validate-updated-user-data-chromium\test-failed-1.png]]

[[ATTACHMENT|test-results\admin-admin-crud-Admin---U-a3755--validate-updated-user-data-chromium\video.webm]]

[[ATTACHMENT|test-results\admin-admin-crud-Admin---U-a3755--validate-updated-user-data-chromium\error-context.md]]
]]>
</system-out>
</testcase>
<testcase name="Admin - User Management CRUD › User Updates › should handle concurrent updates" classname="admin\admin-crud.spec.ts" time="2.753">
<failure message="admin-crud.spec.ts:230:9 should handle concurrent updates" type="FAILURE">
<![CDATA[  [chromium] › admin\admin-crud.spec.ts:230:9 › Admin - User Management CRUD › User Updates › should handle concurrent updates 

    TypeError: Cannot read properties of undefined (reading 'users')

      11 |     // Login as admin
      12 |     await page.goto('/login');
    > 13 |     await page.fill('input[name="username"], input[type="email"]', testData.users.admin.email);
         |                                                                             ^
      14 |     await page.fill('input[name="password"], input[type="password"]', testData.users.admin.password);
      15 |     await page.click('button[type="submit"], button:has-text("Login")');
      16 |     await page.waitForLoadState('networkidle');
        at E:\test-project-app\tests\playwright\admin\admin-crud.spec.ts:13:77

    attachment #1: screenshot (image/png) ──────────────────────────────────────────────────────────
    ..\..\test-results\admin-admin-crud-Admin---U-fa02e-d-handle-concurrent-updates-chromium\test-failed-1.png
    ────────────────────────────────────────────────────────────────────────────────────────────────

    attachment #2: video (video/webm) ──────────────────────────────────────────────────────────────
    ..\..\test-results\admin-admin-crud-Admin---U-fa02e-d-handle-concurrent-updates-chromium\video.webm
    ────────────────────────────────────────────────────────────────────────────────────────────────

    Error Context: ..\..\test-results\admin-admin-crud-Admin---U-fa02e-d-handle-concurrent-updates-chromium\error-context.md
]]>
</failure>
<system-out>
<![CDATA[
[[ATTACHMENT|test-results\admin-admin-crud-Admin---U-fa02e-d-handle-concurrent-updates-chromium\test-failed-1.png]]

[[ATTACHMENT|test-results\admin-admin-crud-Admin---U-fa02e-d-handle-concurrent-updates-chromium\video.webm]]

[[ATTACHMENT|test-results\admin-admin-crud-Admin---U-fa02e-d-handle-concurrent-updates-chromium\error-context.md]]
]]>
</system-out>
</testcase>
<testcase name="Admin - User Management CRUD › User Deletion › should delete user successfully" classname="admin\admin-crud.spec.ts" time="2.762">
<failure message="admin-crud.spec.ts:253:9 should delete user successfully" type="FAILURE">
<![CDATA[  [chromium] › admin\admin-crud.spec.ts:253:9 › Admin - User Management CRUD › User Deletion › should delete user successfully 

    TypeError: Cannot read properties of undefined (reading 'users')

      11 |     // Login as admin
      12 |     await page.goto('/login');
    > 13 |     await page.fill('input[name="username"], input[type="email"]', testData.users.admin.email);
         |                                                                             ^
      14 |     await page.fill('input[name="password"], input[type="password"]', testData.users.admin.password);
      15 |     await page.click('button[type="submit"], button:has-text("Login")');
      16 |     await page.waitForLoadState('networkidle');
        at E:\test-project-app\tests\playwright\admin\admin-crud.spec.ts:13:77

    attachment #1: screenshot (image/png) ──────────────────────────────────────────────────────────
    ..\..\test-results\admin-admin-crud-Admin---U-76625-ld-delete-user-successfully-chromium\test-failed-1.png
    ────────────────────────────────────────────────────────────────────────────────────────────────

    attachment #2: video (video/webm) ──────────────────────────────────────────────────────────────
    ..\..\test-results\admin-admin-crud-Admin---U-76625-ld-delete-user-successfully-chromium\video.webm
    ────────────────────────────────────────────────────────────────────────────────────────────────

    Error Context: ..\..\test-results\admin-admin-crud-Admin---U-76625-ld-delete-user-successfully-chromium\error-context.md
]]>
</failure>
<system-out>
<![CDATA[
[[ATTACHMENT|test-results\admin-admin-crud-Admin---U-76625-ld-delete-user-successfully-chromium\test-failed-1.png]]

[[ATTACHMENT|test-results\admin-admin-crud-Admin---U-76625-ld-delete-user-successfully-chromium\video.webm]]

[[ATTACHMENT|test-results\admin-admin-crud-Admin---U-76625-ld-delete-user-successfully-chromium\error-context.md]]
]]>
</system-out>
</testcase>
<testcase name="Admin - User Management CRUD › User Deletion › should cancel deletion when confirmation is dismissed" classname="admin\admin-crud.spec.ts" time="2.581">
<failure message="admin-crud.spec.ts:277:9 should cancel deletion when confirmation is dismissed" type="FAILURE">
<![CDATA[  [chromium] › admin\admin-crud.spec.ts:277:9 › Admin - User Management CRUD › User Deletion › should cancel deletion when confirmation is dismissed 

    TypeError: Cannot read properties of undefined (reading 'users')

      11 |     // Login as admin
      12 |     await page.goto('/login');
    > 13 |     await page.fill('input[name="username"], input[type="email"]', testData.users.admin.email);
         |                                                                             ^
      14 |     await page.fill('input[name="password"], input[type="password"]', testData.users.admin.password);
      15 |     await page.click('button[type="submit"], button:has-text("Login")');
      16 |     await page.waitForLoadState('networkidle');
        at E:\test-project-app\tests\playwright\admin\admin-crud.spec.ts:13:77

    attachment #1: screenshot (image/png) ──────────────────────────────────────────────────────────
    ..\..\test-results\admin-admin-crud-Admin---U-b10bf-n-confirmation-is-dismissed-chromium\test-failed-1.png
    ────────────────────────────────────────────────────────────────────────────────────────────────

    attachment #2: video (video/webm) ──────────────────────────────────────────────────────────────
    ..\..\test-results\admin-admin-crud-Admin---U-b10bf-n-confirmation-is-dismissed-chromium\video.webm
    ────────────────────────────────────────────────────────────────────────────────────────────────

    Error Context: ..\..\test-results\admin-admin-crud-Admin---U-b10bf-n-confirmation-is-dismissed-chromium\error-context.md
]]>
</failure>
<system-out>
<![CDATA[
[[ATTACHMENT|test-results\admin-admin-crud-Admin---U-b10bf-n-confirmation-is-dismissed-chromium\test-failed-1.png]]

[[ATTACHMENT|test-results\admin-admin-crud-Admin---U-b10bf-n-confirmation-is-dismissed-chromium\video.webm]]

[[ATTACHMENT|test-results\admin-admin-crud-Admin---U-b10bf-n-confirmation-is-dismissed-chromium\error-context.md]]
]]>
</system-out>
</testcase>
<testcase name="Admin - User Management CRUD › User Deletion › should prevent deletion of admin users" classname="admin\admin-crud.spec.ts" time="2.574">
<failure message="admin-crud.spec.ts:289:9 should prevent deletion of admin users" type="FAILURE">
<![CDATA[  [chromium] › admin\admin-crud.spec.ts:289:9 › Admin - User Management CRUD › User Deletion › should prevent deletion of admin users 

    TypeError: Cannot read properties of undefined (reading 'users')

      11 |     // Login as admin
      12 |     await page.goto('/login');
    > 13 |     await page.fill('input[name="username"], input[type="email"]', testData.users.admin.email);
         |                                                                             ^
      14 |     await page.fill('input[name="password"], input[type="password"]', testData.users.admin.password);
      15 |     await page.click('button[type="submit"], button:has-text("Login")');
      16 |     await page.waitForLoadState('networkidle');
        at E:\test-project-app\tests\playwright\admin\admin-crud.spec.ts:13:77

    attachment #1: screenshot (image/png) ──────────────────────────────────────────────────────────
    ..\..\test-results\admin-admin-crud-Admin---U-09274-ent-deletion-of-admin-users-chromium\test-failed-1.png
    ────────────────────────────────────────────────────────────────────────────────────────────────

    attachment #2: video (video/webm) ──────────────────────────────────────────────────────────────
    ..\..\test-results\admin-admin-crud-Admin---U-09274-ent-deletion-of-admin-users-chromium\video.webm
    ────────────────────────────────────────────────────────────────────────────────────────────────

    Error Context: ..\..\test-results\admin-admin-crud-Admin---U-09274-ent-deletion-of-admin-users-chromium\error-context.md
]]>
</failure>
<system-out>
<![CDATA[
[[ATTACHMENT|test-results\admin-admin-crud-Admin---U-09274-ent-deletion-of-admin-users-chromium\test-failed-1.png]]

[[ATTACHMENT|test-results\admin-admin-crud-Admin---U-09274-ent-deletion-of-admin-users-chromium\video.webm]]

[[ATTACHMENT|test-results\admin-admin-crud-Admin---U-09274-ent-deletion-of-admin-users-chromium\error-context.md]]
]]>
</system-out>
</testcase>
<testcase name="Admin - User Management CRUD › User Deletion › should handle bulk user operations" classname="admin\admin-crud.spec.ts" time="2.634">
<failure message="admin-crud.spec.ts:295:9 should handle bulk user operations" type="FAILURE">
<![CDATA[  [chromium] › admin\admin-crud.spec.ts:295:9 › Admin - User Management CRUD › User Deletion › should handle bulk user operations 

    TypeError: Cannot read properties of undefined (reading 'users')

      11 |     // Login as admin
      12 |     await page.goto('/login');
    > 13 |     await page.fill('input[name="username"], input[type="email"]', testData.users.admin.email);
         |                                                                             ^
      14 |     await page.fill('input[name="password"], input[type="password"]', testData.users.admin.password);
      15 |     await page.click('button[type="submit"], button:has-text("Login")');
      16 |     await page.waitForLoadState('networkidle');
        at E:\test-project-app\tests\playwright\admin\admin-crud.spec.ts:13:77

    attachment #1: screenshot (image/png) ──────────────────────────────────────────────────────────
    ..\..\test-results\admin-admin-crud-Admin---U-e3e86-handle-bulk-user-operations-chromium\test-failed-1.png
    ────────────────────────────────────────────────────────────────────────────────────────────────

    attachment #2: video (video/webm) ──────────────────────────────────────────────────────────────
    ..\..\test-results\admin-admin-crud-Admin---U-e3e86-handle-bulk-user-operations-chromium\video.webm
    ────────────────────────────────────────────────────────────────────────────────────────────────

    Error Context: ..\..\test-results\admin-admin-crud-Admin---U-e3e86-handle-bulk-user-operations-chromium\error-context.md
]]>
</failure>
<system-out>
<![CDATA[
[[ATTACHMENT|test-results\admin-admin-crud-Admin---U-e3e86-handle-bulk-user-operations-chromium\test-failed-1.png]]

[[ATTACHMENT|test-results\admin-admin-crud-Admin---U-e3e86-handle-bulk-user-operations-chromium\video.webm]]

[[ATTACHMENT|test-results\admin-admin-crud-Admin---U-e3e86-handle-bulk-user-operations-chromium\error-context.md]]
]]>
</system-out>
</testcase>
<testcase name="Admin - User Management CRUD › Google Emails Management › should add Google email successfully" classname="admin\admin-crud.spec.ts" time="2.607">
<failure message="admin-crud.spec.ts:306:9 should add Google email successfully" type="FAILURE">
<![CDATA[  [chromium] › admin\admin-crud.spec.ts:306:9 › Admin - User Management CRUD › Google Emails Management › should add Google email successfully 

    TypeError: Cannot read properties of undefined (reading 'users')

      11 |     // Login as admin
      12 |     await page.goto('/login');
    > 13 |     await page.fill('input[name="username"], input[type="email"]', testData.users.admin.email);
         |                                                                             ^
      14 |     await page.fill('input[name="password"], input[type="password"]', testData.users.admin.password);
      15 |     await page.click('button[type="submit"], button:has-text("Login")');
      16 |     await page.waitForLoadState('networkidle');
        at E:\test-project-app\tests\playwright\admin\admin-crud.spec.ts:13:77

    attachment #1: screenshot (image/png) ──────────────────────────────────────────────────────────
    ..\..\test-results\admin-admin-crud-Admin---U-159e1-d-Google-email-successfully-chromium\test-failed-1.png
    ────────────────────────────────────────────────────────────────────────────────────────────────

    attachment #2: video (video/webm) ──────────────────────────────────────────────────────────────
    ..\..\test-results\admin-admin-crud-Admin---U-159e1-d-Google-email-successfully-chromium\video.webm
    ────────────────────────────────────────────────────────────────────────────────────────────────

    Error Context: ..\..\test-results\admin-admin-crud-Admin---U-159e1-d-Google-email-successfully-chromium\error-context.md
]]>
</failure>
<system-out>
<![CDATA[
[[ATTACHMENT|test-results\admin-admin-crud-Admin---U-159e1-d-Google-email-successfully-chromium\test-failed-1.png]]

[[ATTACHMENT|test-results\admin-admin-crud-Admin---U-159e1-d-Google-email-successfully-chromium\video.webm]]

[[ATTACHMENT|test-results\admin-admin-crud-Admin---U-159e1-d-Google-email-successfully-chromium\error-context.md]]
]]>
</system-out>
</testcase>
<testcase name="Admin - User Management CRUD › Google Emails Management › should validate email format for Google emails" classname="admin\admin-crud.spec.ts" time="2.615">
<failure message="admin-crud.spec.ts:317:9 should validate email format for Google emails" type="FAILURE">
<![CDATA[  [chromium] › admin\admin-crud.spec.ts:317:9 › Admin - User Management CRUD › Google Emails Management › should validate email format for Google emails 

    TypeError: Cannot read properties of undefined (reading 'users')

      11 |     // Login as admin
      12 |     await page.goto('/login');
    > 13 |     await page.fill('input[name="username"], input[type="email"]', testData.users.admin.email);
         |                                                                             ^
      14 |     await page.fill('input[name="password"], input[type="password"]', testData.users.admin.password);
      15 |     await page.click('button[type="submit"], button:has-text("Login")');
      16 |     await page.waitForLoadState('networkidle');
        at E:\test-project-app\tests\playwright\admin\admin-crud.spec.ts:13:77

    attachment #1: screenshot (image/png) ──────────────────────────────────────────────────────────
    ..\..\test-results\admin-admin-crud-Admin---U-449f3-il-format-for-Google-emails-chromium\test-failed-1.png
    ────────────────────────────────────────────────────────────────────────────────────────────────

    attachment #2: video (video/webm) ──────────────────────────────────────────────────────────────
    ..\..\test-results\admin-admin-crud-Admin---U-449f3-il-format-for-Google-emails-chromium\video.webm
    ────────────────────────────────────────────────────────────────────────────────────────────────

    Error Context: ..\..\test-results\admin-admin-crud-Admin---U-449f3-il-format-for-Google-emails-chromium\error-context.md
]]>
</failure>
<system-out>
<![CDATA[
[[ATTACHMENT|test-results\admin-admin-crud-Admin---U-449f3-il-format-for-Google-emails-chromium\test-failed-1.png]]

[[ATTACHMENT|test-results\admin-admin-crud-Admin---U-449f3-il-format-for-Google-emails-chromium\video.webm]]

[[ATTACHMENT|test-results\admin-admin-crud-Admin---U-449f3-il-format-for-Google-emails-chromium\error-context.md]]
]]>
</system-out>
</testcase>
<testcase name="Admin - User Management CRUD › Google Emails Management › should prevent duplicate Google emails" classname="admin\admin-crud.spec.ts" time="2.565">
<failure message="admin-crud.spec.ts:326:9 should prevent duplicate Google emails" type="FAILURE">
<![CDATA[  [chromium] › admin\admin-crud.spec.ts:326:9 › Admin - User Management CRUD › Google Emails Management › should prevent duplicate Google emails 

    TypeError: Cannot read properties of undefined (reading 'users')

      11 |     // Login as admin
      12 |     await page.goto('/login');
    > 13 |     await page.fill('input[name="username"], input[type="email"]', testData.users.admin.email);
         |                                                                             ^
      14 |     await page.fill('input[name="password"], input[type="password"]', testData.users.admin.password);
      15 |     await page.click('button[type="submit"], button:has-text("Login")');
      16 |     await page.waitForLoadState('networkidle');
        at E:\test-project-app\tests\playwright\admin\admin-crud.spec.ts:13:77

    attachment #1: screenshot (image/png) ──────────────────────────────────────────────────────────
    ..\..\test-results\admin-admin-crud-Admin---U-df1e4-ent-duplicate-Google-emails-chromium\test-failed-1.png
    ────────────────────────────────────────────────────────────────────────────────────────────────

    attachment #2: video (video/webm) ──────────────────────────────────────────────────────────────
    ..\..\test-results\admin-admin-crud-Admin---U-df1e4-ent-duplicate-Google-emails-chromium\video.webm
    ────────────────────────────────────────────────────────────────────────────────────────────────

    Error Context: ..\..\test-results\admin-admin-crud-Admin---U-df1e4-ent-duplicate-Google-emails-chromium\error-context.md
]]>
</failure>
<system-out>
<![CDATA[
[[ATTACHMENT|test-results\admin-admin-crud-Admin---U-df1e4-ent-duplicate-Google-emails-chromium\test-failed-1.png]]

[[ATTACHMENT|test-results\admin-admin-crud-Admin---U-df1e4-ent-duplicate-Google-emails-chromium\video.webm]]

[[ATTACHMENT|test-results\admin-admin-crud-Admin---U-df1e4-ent-duplicate-Google-emails-chromium\error-context.md]]
]]>
</system-out>
</testcase>
<testcase name="Admin - User Management CRUD › Google Emails Management › should delete Google email successfully" classname="admin\admin-crud.spec.ts" time="2.611">
<failure message="admin-crud.spec.ts:340:9 should delete Google email successfully" type="FAILURE">
<![CDATA[  [chromium] › admin\admin-crud.spec.ts:340:9 › Admin - User Management CRUD › Google Emails Management › should delete Google email successfully 

    TypeError: Cannot read properties of undefined (reading 'users')

      11 |     // Login as admin
      12 |     await page.goto('/login');
    > 13 |     await page.fill('input[name="username"], input[type="email"]', testData.users.admin.email);
         |                                                                             ^
      14 |     await page.fill('input[name="password"], input[type="password"]', testData.users.admin.password);
      15 |     await page.click('button[type="submit"], button:has-text("Login")');
      16 |     await page.waitForLoadState('networkidle');
        at E:\test-project-app\tests\playwright\admin\admin-crud.spec.ts:13:77

    attachment #1: screenshot (image/png) ──────────────────────────────────────────────────────────
    ..\..\test-results\admin-admin-crud-Admin---U-e221e-e-Google-email-successfully-chromium\test-failed-1.png
    ────────────────────────────────────────────────────────────────────────────────────────────────

    attachment #2: video (video/webm) ──────────────────────────────────────────────────────────────
    ..\..\test-results\admin-admin-crud-Admin---U-e221e-e-Google-email-successfully-chromium\video.webm
    ────────────────────────────────────────────────────────────────────────────────────────────────

    Error Context: ..\..\test-results\admin-admin-crud-Admin---U-e221e-e-Google-email-successfully-chromium\error-context.md
]]>
</failure>
<system-out>
<![CDATA[
[[ATTACHMENT|test-results\admin-admin-crud-Admin---U-e221e-e-Google-email-successfully-chromium\test-failed-1.png]]

[[ATTACHMENT|test-results\admin-admin-crud-Admin---U-e221e-e-Google-email-successfully-chromium\video.webm]]

[[ATTACHMENT|test-results\admin-admin-crud-Admin---U-e221e-e-Google-email-successfully-chromium\error-context.md]]
]]>
</system-out>
</testcase>
<testcase name="Admin - User Management CRUD › Admin Dashboard › should display admin dashboard correctly" classname="admin\admin-crud.spec.ts" time="2.467">
<failure message="admin-crud.spec.ts:360:9 should display admin dashboard correctly" type="FAILURE">
<![CDATA[  [chromium] › admin\admin-crud.spec.ts:360:9 › Admin - User Management CRUD › Admin Dashboard › should display admin dashboard correctly 

    TypeError: Cannot read properties of undefined (reading 'users')

      11 |     // Login as admin
      12 |     await page.goto('/login');
    > 13 |     await page.fill('input[name="username"], input[type="email"]', testData.users.admin.email);
         |                                                                             ^
      14 |     await page.fill('input[name="password"], input[type="password"]', testData.users.admin.password);
      15 |     await page.click('button[type="submit"], button:has-text("Login")');
      16 |     await page.waitForLoadState('networkidle');
        at E:\test-project-app\tests\playwright\admin\admin-crud.spec.ts:13:77

    attachment #1: screenshot (image/png) ──────────────────────────────────────────────────────────
    ..\..\test-results\admin-admin-crud-Admin---U-2ac0a-y-admin-dashboard-correctly-chromium\test-failed-1.png
    ────────────────────────────────────────────────────────────────────────────────────────────────

    attachment #2: video (video/webm) ──────────────────────────────────────────────────────────────
    ..\..\test-results\admin-admin-crud-Admin---U-2ac0a-y-admin-dashboard-correctly-chromium\video.webm
    ────────────────────────────────────────────────────────────────────────────────────────────────

    Error Context: ..\..\test-results\admin-admin-crud-Admin---U-2ac0a-y-admin-dashboard-correctly-chromium\error-context.md
]]>
</failure>
<system-out>
<![CDATA[
[[ATTACHMENT|test-results\admin-admin-crud-Admin---U-2ac0a-y-admin-dashboard-correctly-chromium\test-failed-1.png]]

[[ATTACHMENT|test-results\admin-admin-crud-Admin---U-2ac0a-y-admin-dashboard-correctly-chromium\video.webm]]

[[ATTACHMENT|test-results\admin-admin-crud-Admin---U-2ac0a-y-admin-dashboard-correctly-chromium\error-context.md]]
]]>
</system-out>
</testcase>
<testcase name="Admin - User Management CRUD › Admin Dashboard › should navigate between admin tabs" classname="admin\admin-crud.spec.ts" time="2.373">
<failure message="admin-crud.spec.ts:367:9 should navigate between admin tabs" type="FAILURE">
<![CDATA[  [chromium] › admin\admin-crud.spec.ts:367:9 › Admin - User Management CRUD › Admin Dashboard › should navigate between admin tabs 

    TypeError: Cannot read properties of undefined (reading 'users')

      11 |     // Login as admin
      12 |     await page.goto('/login');
    > 13 |     await page.fill('input[name="username"], input[type="email"]', testData.users.admin.email);
         |                                                                             ^
      14 |     await page.fill('input[name="password"], input[type="password"]', testData.users.admin.password);
      15 |     await page.click('button[type="submit"], button:has-text("Login")');
      16 |     await page.waitForLoadState('networkidle');
        at E:\test-project-app\tests\playwright\admin\admin-crud.spec.ts:13:77

    attachment #1: screenshot (image/png) ──────────────────────────────────────────────────────────
    ..\..\test-results\admin-admin-crud-Admin---U-09657-navigate-between-admin-tabs-chromium\test-failed-1.png
    ────────────────────────────────────────────────────────────────────────────────────────────────

    attachment #2: video (video/webm) ──────────────────────────────────────────────────────────────
    ..\..\test-results\admin-admin-crud-Admin---U-09657-navigate-between-admin-tabs-chromium\video.webm
    ────────────────────────────────────────────────────────────────────────────────────────────────

    Error Context: ..\..\test-results\admin-admin-crud-Admin---U-09657-navigate-between-admin-tabs-chromium\error-context.md
]]>
</failure>
<system-out>
<![CDATA[
[[ATTACHMENT|test-results\admin-admin-crud-Admin---U-09657-navigate-between-admin-tabs-chromium\test-failed-1.png]]

[[ATTACHMENT|test-results\admin-admin-crud-Admin---U-09657-navigate-between-admin-tabs-chromium\video.webm]]

[[ATTACHMENT|test-results\admin-admin-crud-Admin---U-09657-navigate-between-admin-tabs-chromium\error-context.md]]
]]>
</system-out>
</testcase>
<testcase name="Admin - User Management CRUD › Admin Dashboard › should show real-time statistics updates" classname="admin\admin-crud.spec.ts" time="2.535">
<failure message="admin-crud.spec.ts:378:9 should show real-time statistics updates" type="FAILURE">
<![CDATA[  [chromium] › admin\admin-crud.spec.ts:378:9 › Admin - User Management CRUD › Admin Dashboard › should show real-time statistics updates 

    TypeError: Cannot read properties of undefined (reading 'users')

      11 |     // Login as admin
      12 |     await page.goto('/login');
    > 13 |     await page.fill('input[name="username"], input[type="email"]', testData.users.admin.email);
         |                                                                             ^
      14 |     await page.fill('input[name="password"], input[type="password"]', testData.users.admin.password);
      15 |     await page.click('button[type="submit"], button:has-text("Login")');
      16 |     await page.waitForLoadState('networkidle');
        at E:\test-project-app\tests\playwright\admin\admin-crud.spec.ts:13:77

    attachment #1: screenshot (image/png) ──────────────────────────────────────────────────────────
    ..\..\test-results\admin-admin-crud-Admin---U-ca2e0-eal-time-statistics-updates-chromium\test-failed-1.png
    ────────────────────────────────────────────────────────────────────────────────────────────────

    attachment #2: video (video/webm) ──────────────────────────────────────────────────────────────
    ..\..\test-results\admin-admin-crud-Admin---U-ca2e0-eal-time-statistics-updates-chromium\video.webm
    ────────────────────────────────────────────────────────────────────────────────────────────────

    Error Context: ..\..\test-results\admin-admin-crud-Admin---U-ca2e0-eal-time-statistics-updates-chromium\error-context.md
]]>
</failure>
<system-out>
<![CDATA[
[[ATTACHMENT|test-results\admin-admin-crud-Admin---U-ca2e0-eal-time-statistics-updates-chromium\test-failed-1.png]]

[[ATTACHMENT|test-results\admin-admin-crud-Admin---U-ca2e0-eal-time-statistics-updates-chromium\video.webm]]

[[ATTACHMENT|test-results\admin-admin-crud-Admin---U-ca2e0-eal-time-statistics-updates-chromium\error-context.md]]
]]>
</system-out>
</testcase>
</testsuite>
<testsuite name="admin\event-create.spec.ts" timestamp="2026-02-20T03:52:25.301Z" hostname="chromium" tests="1" failures="0" skipped="0" time="5.197" errors="0">
<testcase name="Admin: Event creation › creates event and shows it in the Events list" classname="admin\event-create.spec.ts" time="5.197">
</testcase>
</testsuite>
<testsuite name="admin\event-toggle-publish.spec.ts" timestamp="2026-02-20T03:52:25.301Z" hostname="chromium" tests="1" failures="1" skipped="0" time="32.778" errors="0">
<testcase name="Admin: Toggle event publish status › toggles publish and updates Published column immediately" classname="admin\event-toggle-publish.spec.ts" time="32.778">
<failure message="event-toggle-publish.spec.ts:10:7 toggles publish and updates Published column immediately" type="FAILURE">
<![CDATA[  [chromium] › admin\event-toggle-publish.spec.ts:10:7 › Admin: Toggle event publish status › toggles publish and updates Published column immediately › Verify initial Published=false and toggle ON 

    Test timeout of 30000ms exceeded.

    Error: page.waitForResponse: Test timeout of 30000ms exceeded.

      120 |
      121 |       // Click toggle publish
    > 122 |       const waited = page.waitForResponse((res) => res.url().includes('/api/events/101/toggle-publish') && res.request().method() === 'PATCH');
          |                           ^
      123 |       await publishAction.click();
      124 |       await waited;
      125 |
        at E:\test-project-app\tests\playwright\admin\event-toggle-publish.spec.ts:122:27
        at E:\test-project-app\tests\playwright\admin\event-toggle-publish.spec.ts:111:5

    attachment #1: screenshot (image/png) ──────────────────────────────────────────────────────────
    ..\..\test-results\admin-event-toggle-publish-a401c-ublished-column-immediately-chromium\test-failed-1.png
    ────────────────────────────────────────────────────────────────────────────────────────────────

    attachment #2: video (video/webm) ──────────────────────────────────────────────────────────────
    ..\..\test-results\admin-event-toggle-publish-a401c-ublished-column-immediately-chromium\video.webm
    ────────────────────────────────────────────────────────────────────────────────────────────────

    Error Context: ..\..\test-results\admin-event-toggle-publish-a401c-ublished-column-immediately-chromium\error-context.md
]]>
</failure>
<system-out>
<![CDATA[
[[ATTACHMENT|test-results\admin-event-toggle-publish-a401c-ublished-column-immediately-chromium\test-failed-1.png]]

[[ATTACHMENT|test-results\admin-event-toggle-publish-a401c-ublished-column-immediately-chromium\video.webm]]

[[ATTACHMENT|test-results\admin-event-toggle-publish-a401c-ublished-column-immediately-chromium\error-context.md]]
]]>
</system-out>
</testcase>
</testsuite>
<testsuite name="api\api-validation.spec.ts" timestamp="2026-02-20T03:52:25.301Z" hostname="chromium" tests="33" failures="29" skipped="0" time="2.156" errors="0">
<testcase name="API Validation › Authentication API › should login successfully with valid credentials" classname="api\api-validation.spec.ts" time="0.037">
<failure message="api-validation.spec.ts:12:9 should login successfully with valid credentials" type="FAILURE">
<![CDATA[  [chromium] › api\api-validation.spec.ts:12:9 › API Validation › Authentication API › should login successfully with valid credentials 

    TypeError: Cannot read properties of undefined (reading 'users')

      12 |     test('should login successfully with valid credentials', async ({ request }, { testData }) => {
      13 |       const response = await apiHelpers.login({
    > 14 |         username: testData.users.admin.email,
         |                            ^
      15 |         password: testData.users.admin.password
      16 |       });
      17 |
        at E:\test-project-app\tests\playwright\api\api-validation.spec.ts:14:28
]]>
</failure>
</testcase>
<testcase name="API Validation › Authentication API › should return 401 for invalid credentials" classname="api\api-validation.spec.ts" time="0.513">
<failure message="api-validation.spec.ts:23:9 should return 401 for invalid credentials" type="FAILURE">
<![CDATA[  [chromium] › api\api-validation.spec.ts:23:9 › API Validation › Authentication API › should return 401 for invalid credentials 

    TypeError: Cannot read properties of undefined (reading 'status')

      28 |         });
      29 |       } catch (error: any) {
    > 30 |         expect(error.response.status).toBe(401);
         |                               ^
      31 |       }
      32 |     });
      33 |
        at E:\test-project-app\tests\playwright\api\api-validation.spec.ts:30:31
]]>
</failure>
</testcase>
<testcase name="API Validation › Authentication API › should return 400 for missing credentials" classname="api\api-validation.spec.ts" time="0.073">
<failure message="api-validation.spec.ts:34:9 should return 400 for missing credentials" type="FAILURE">
<![CDATA[  [chromium] › api\api-validation.spec.ts:34:9 › API Validation › Authentication API › should return 400 for missing credentials 

    TypeError: Cannot read properties of undefined (reading 'status')

      39 |         });
      40 |       } catch (error: any) {
    > 41 |         expect(error.response.status).toBe(400);
         |                               ^
      42 |       }
      43 |     });
      44 |
        at E:\test-project-app\tests\playwright\api\api-validation.spec.ts:41:31
]]>
</failure>
</testcase>
<testcase name="API Validation › Authentication API › should refresh token successfully" classname="api\api-validation.spec.ts" time="0.031">
<failure message="api-validation.spec.ts:45:9 should refresh token successfully" type="FAILURE">
<![CDATA[  [chromium] › api\api-validation.spec.ts:45:9 › API Validation › Authentication API › should refresh token successfully 

    TypeError: Cannot read properties of undefined (reading 'users')

      45 |     test('should refresh token successfully', async ({ request }, { testData }) => {
      46 |       const loginResponse = await apiHelpers.login({
    > 47 |         username: testData.users.admin.email,
         |                            ^
      48 |         password: testData.users.admin.password
      49 |       });
      50 |
        at E:\test-project-app\tests\playwright\api\api-validation.spec.ts:47:28
]]>
</failure>
</testcase>
<testcase name="API Validation › Authentication API › should logout successfully" classname="api\api-validation.spec.ts" time="0.029">
<failure message="api-validation.spec.ts:56:9 should logout successfully" type="FAILURE">
<![CDATA[  [chromium] › api\api-validation.spec.ts:56:9 › API Validation › Authentication API › should logout successfully 

    TypeError: Cannot read properties of undefined (reading 'users')

      56 |     test('should logout successfully', async ({ request }, { testData }) => {
      57 |       await apiHelpers.login({
    > 58 |         username: testData.users.admin.email,
         |                            ^
      59 |         password: testData.users.admin.password
      60 |       });
      61 |
        at E:\test-project-app\tests\playwright\api\api-validation.spec.ts:58:28
]]>
</failure>
</testcase>
<testcase name="API Validation › Authentication API › should return 401 for requests without authentication" classname="api\api-validation.spec.ts" time="0.444">
<failure message="api-validation.spec.ts:66:9 should return 401 for requests without authentication" type="FAILURE">
<![CDATA[  [chromium] › api\api-validation.spec.ts:66:9 › API Validation › Authentication API › should return 401 for requests without authentication 

    TypeError: Cannot read properties of undefined (reading 'status')

      68 |         await apiHelpers.getUsers();
      69 |       } catch (error: any) {
    > 70 |         expect(error.response.status).toBe(401);
         |                               ^
      71 |       }
      72 |     });
      73 |   });
        at E:\test-project-app\tests\playwright\api\api-validation.spec.ts:70:31
]]>
</failure>
</testcase>
<testcase name="API Validation › Users API › should get users list" classname="api\api-validation.spec.ts" time="0.022">
<failure message="api-validation.spec.ts:83:9 should get users list" type="FAILURE">
<![CDATA[  [chromium] › api\api-validation.spec.ts:83:9 › API Validation › Users API › should get users list 

    TypeError: Cannot read properties of undefined (reading 'users')

      76 |     test.beforeEach(async ({ request }, { testData }) => {
      77 |       await apiHelpers.login({
    > 78 |         username: testData.users.admin.email,
         |                            ^
      79 |         password: testData.users.admin.password
      80 |       });
      81 |     });
        at E:\test-project-app\tests\playwright\api\api-validation.spec.ts:78:28
]]>
</failure>
</testcase>
<testcase name="API Validation › Users API › should create user successfully" classname="api\api-validation.spec.ts" time="0.019">
<failure message="api-validation.spec.ts:89:9 should create user successfully" type="FAILURE">
<![CDATA[  [chromium] › api\api-validation.spec.ts:89:9 › API Validation › Users API › should create user successfully 

    TypeError: Cannot read properties of undefined (reading 'users')

      76 |     test.beforeEach(async ({ request }, { testData }) => {
      77 |       await apiHelpers.login({
    > 78 |         username: testData.users.admin.email,
         |                            ^
      79 |         password: testData.users.admin.password
      80 |       });
      81 |     });
        at E:\test-project-app\tests\playwright\api\api-validation.spec.ts:78:28
]]>
</failure>
</testcase>
<testcase name="API Validation › Users API › should return 400 for invalid user data" classname="api\api-validation.spec.ts" time="0.013">
<failure message="api-validation.spec.ts:105:9 should return 400 for invalid user data" type="FAILURE">
<![CDATA[  [chromium] › api\api-validation.spec.ts:105:9 › API Validation › Users API › should return 400 for invalid user data 

    TypeError: Cannot read properties of undefined (reading 'users')

      76 |     test.beforeEach(async ({ request }, { testData }) => {
      77 |       await apiHelpers.login({
    > 78 |         username: testData.users.admin.email,
         |                            ^
      79 |         password: testData.users.admin.password
      80 |       });
      81 |     });
        at E:\test-project-app\tests\playwright\api\api-validation.spec.ts:78:28
]]>
</failure>
</testcase>
<testcase name="API Validation › Users API › should return 400 for duplicate username" classname="api\api-validation.spec.ts" time="0.024">
<failure message="api-validation.spec.ts:120:9 should return 400 for duplicate username" type="FAILURE">
<![CDATA[  [chromium] › api\api-validation.spec.ts:120:9 › API Validation › Users API › should return 400 for duplicate username 

    TypeError: Cannot read properties of undefined (reading 'users')

      76 |     test.beforeEach(async ({ request }, { testData }) => {
      77 |       await apiHelpers.login({
    > 78 |         username: testData.users.admin.email,
         |                            ^
      79 |         password: testData.users.admin.password
      80 |       });
      81 |     });
        at E:\test-project-app\tests\playwright\api\api-validation.spec.ts:78:28
]]>
</failure>
</testcase>
<testcase name="API Validation › Users API › should get user by ID" classname="api\api-validation.spec.ts" time="0.018">
<failure message="api-validation.spec.ts:142:9 should get user by ID" type="FAILURE">
<![CDATA[  [chromium] › api\api-validation.spec.ts:142:9 › API Validation › Users API › should get user by ID 

    TypeError: Cannot read properties of undefined (reading 'users')

      76 |     test.beforeEach(async ({ request }, { testData }) => {
      77 |       await apiHelpers.login({
    > 78 |         username: testData.users.admin.email,
         |                            ^
      79 |         password: testData.users.admin.password
      80 |       });
      81 |     });
        at E:\test-project-app\tests\playwright\api\api-validation.spec.ts:78:28
]]>
</failure>
</testcase>
<testcase name="API Validation › Users API › should update user successfully" classname="api\api-validation.spec.ts" time="0.02">
<failure message="api-validation.spec.ts:160:9 should update user successfully" type="FAILURE">
<![CDATA[  [chromium] › api\api-validation.spec.ts:160:9 › API Validation › Users API › should update user successfully 

    TypeError: Cannot read properties of undefined (reading 'users')

      76 |     test.beforeEach(async ({ request }, { testData }) => {
      77 |       await apiHelpers.login({
    > 78 |         username: testData.users.admin.email,
         |                            ^
      79 |         password: testData.users.admin.password
      80 |       });
      81 |     });
        at E:\test-project-app\tests\playwright\api\api-validation.spec.ts:78:28
]]>
</failure>
</testcase>
<testcase name="API Validation › Users API › should delete user successfully" classname="api\api-validation.spec.ts" time="0.024">
<failure message="api-validation.spec.ts:182:9 should delete user successfully" type="FAILURE">
<![CDATA[  [chromium] › api\api-validation.spec.ts:182:9 › API Validation › Users API › should delete user successfully 

    TypeError: Cannot read properties of undefined (reading 'users')

      76 |     test.beforeEach(async ({ request }, { testData }) => {
      77 |       await apiHelpers.login({
    > 78 |         username: testData.users.admin.email,
         |                            ^
      79 |         password: testData.users.admin.password
      80 |       });
      81 |     });
        at E:\test-project-app\tests\playwright\api\api-validation.spec.ts:78:28
]]>
</failure>
</testcase>
<testcase name="API Validation › Users API › should return 404 for non-existent user" classname="api\api-validation.spec.ts" time="0.023">
<failure message="api-validation.spec.ts:199:9 should return 404 for non-existent user" type="FAILURE">
<![CDATA[  [chromium] › api\api-validation.spec.ts:199:9 › API Validation › Users API › should return 404 for non-existent user 

    TypeError: Cannot read properties of undefined (reading 'users')

      76 |     test.beforeEach(async ({ request }, { testData }) => {
      77 |       await apiHelpers.login({
    > 78 |         username: testData.users.admin.email,
         |                            ^
      79 |         password: testData.users.admin.password
      80 |       });
      81 |     });
        at E:\test-project-app\tests\playwright\api\api-validation.spec.ts:78:28
]]>
</failure>
</testcase>
<testcase name="API Validation › Events API › should get events list" classname="api\api-validation.spec.ts" time="0.022">
<failure message="api-validation.spec.ts:216:9 should get events list" type="FAILURE">
<![CDATA[  [chromium] › api\api-validation.spec.ts:216:9 › API Validation › Events API › should get events list 

    TypeError: Cannot read properties of undefined (reading 'users')

      209 |     test.beforeEach(async ({ request }, { testData }) => {
      210 |       await apiHelpers.login({
    > 211 |         username: testData.users.admin.email,
          |                            ^
      212 |         password: testData.users.admin.password
      213 |       });
      214 |     });
        at E:\test-project-app\tests\playwright\api\api-validation.spec.ts:211:28
]]>
</failure>
</testcase>
<testcase name="API Validation › Events API › should create event successfully" classname="api\api-validation.spec.ts" time="0.024">
<failure message="api-validation.spec.ts:222:9 should create event successfully" type="FAILURE">
<![CDATA[  [chromium] › api\api-validation.spec.ts:222:9 › API Validation › Events API › should create event successfully 

    TypeError: Cannot read properties of undefined (reading 'users')

      209 |     test.beforeEach(async ({ request }, { testData }) => {
      210 |       await apiHelpers.login({
    > 211 |         username: testData.users.admin.email,
          |                            ^
      212 |         password: testData.users.admin.password
      213 |       });
      214 |     });
        at E:\test-project-app\tests\playwright\api\api-validation.spec.ts:211:28
]]>
</failure>
</testcase>
<testcase name="API Validation › Events API › should return 400 for invalid event data" classname="api\api-validation.spec.ts" time="0.024">
<failure message="api-validation.spec.ts:239:9 should return 400 for invalid event data" type="FAILURE">
<![CDATA[  [chromium] › api\api-validation.spec.ts:239:9 › API Validation › Events API › should return 400 for invalid event data 

    TypeError: Cannot read properties of undefined (reading 'users')

      209 |     test.beforeEach(async ({ request }, { testData }) => {
      210 |       await apiHelpers.login({
    > 211 |         username: testData.users.admin.email,
          |                            ^
      212 |         password: testData.users.admin.password
      213 |       });
      214 |     });
        at E:\test-project-app\tests\playwright\api\api-validation.spec.ts:211:28
]]>
</failure>
</testcase>
<testcase name="API Validation › Events API › should get event by ID" classname="api\api-validation.spec.ts" time="0.03">
<failure message="api-validation.spec.ts:256:9 should get event by ID" type="FAILURE">
<![CDATA[  [chromium] › api\api-validation.spec.ts:256:9 › API Validation › Events API › should get event by ID 

    TypeError: Cannot read properties of undefined (reading 'users')

      209 |     test.beforeEach(async ({ request }, { testData }) => {
      210 |       await apiHelpers.login({
    > 211 |         username: testData.users.admin.email,
          |                            ^
      212 |         password: testData.users.admin.password
      213 |       });
      214 |     });
        at E:\test-project-app\tests\playwright\api\api-validation.spec.ts:211:28
]]>
</failure>
</testcase>
<testcase name="API Validation › Events API › should update event successfully" classname="api\api-validation.spec.ts" time="0.027">
<failure message="api-validation.spec.ts:276:9 should update event successfully" type="FAILURE">
<![CDATA[  [chromium] › api\api-validation.spec.ts:276:9 › API Validation › Events API › should update event successfully 

    TypeError: Cannot read properties of undefined (reading 'users')

      209 |     test.beforeEach(async ({ request }, { testData }) => {
      210 |       await apiHelpers.login({
    > 211 |         username: testData.users.admin.email,
          |                            ^
      212 |         password: testData.users.admin.password
      213 |       });
      214 |     });
        at E:\test-project-app\tests\playwright\api\api-validation.spec.ts:211:28
]]>
</failure>
</testcase>
<testcase name="API Validation › Events API › should delete event successfully" classname="api\api-validation.spec.ts" time="0.023">
<failure message="api-validation.spec.ts:300:9 should delete event successfully" type="FAILURE">
<![CDATA[  [chromium] › api\api-validation.spec.ts:300:9 › API Validation › Events API › should delete event successfully 

    TypeError: Cannot read properties of undefined (reading 'users')

      209 |     test.beforeEach(async ({ request }, { testData }) => {
      210 |       await apiHelpers.login({
    > 211 |         username: testData.users.admin.email,
          |                            ^
      212 |         password: testData.users.admin.password
      213 |       });
      214 |     });
        at E:\test-project-app\tests\playwright\api\api-validation.spec.ts:211:28
]]>
</failure>
</testcase>
<testcase name="API Validation › Events API › should register for event successfully" classname="api\api-validation.spec.ts" time="0.027">
<failure message="api-validation.spec.ts:319:9 should register for event successfully" type="FAILURE">
<![CDATA[  [chromium] › api\api-validation.spec.ts:319:9 › API Validation › Events API › should register for event successfully 

    TypeError: Cannot read properties of undefined (reading 'users')

      209 |     test.beforeEach(async ({ request }, { testData }) => {
      210 |       await apiHelpers.login({
    > 211 |         username: testData.users.admin.email,
          |                            ^
      212 |         password: testData.users.admin.password
      213 |       });
      214 |     });
        at E:\test-project-app\tests\playwright\api\api-validation.spec.ts:211:28
]]>
</failure>
</testcase>
<testcase name="API Validation › Events API › should return 400 for duplicate registration" classname="api\api-validation.spec.ts" time="0.023">
<failure message="api-validation.spec.ts:346:9 should return 400 for duplicate registration" type="FAILURE">
<![CDATA[  [chromium] › api\api-validation.spec.ts:346:9 › API Validation › Events API › should return 400 for duplicate registration 

    TypeError: Cannot read properties of undefined (reading 'users')

      209 |     test.beforeEach(async ({ request }, { testData }) => {
      210 |       await apiHelpers.login({
    > 211 |         username: testData.users.admin.email,
          |                            ^
      212 |         password: testData.users.admin.password
      213 |       });
      214 |     });
        at E:\test-project-app\tests\playwright\api\api-validation.spec.ts:211:28
]]>
</failure>
</testcase>
<testcase name="API Validation › Scores API › should submit score successfully" classname="api\api-validation.spec.ts" time="0.027">
<failure message="api-validation.spec.ts:381:9 should submit score successfully" type="FAILURE">
<![CDATA[  [chromium] › api\api-validation.spec.ts:381:9 › API Validation › Scores API › should submit score successfully 

    TypeError: Cannot read properties of undefined (reading 'users')

      374 |     test.beforeEach(async ({ request }, { testData }) => {
      375 |       await apiHelpers.login({
    > 376 |         username: testData.users.judge.email,
          |                            ^
      377 |         password: testData.users.judge.password
      378 |       });
      379 |     });
        at E:\test-project-app\tests\playwright\api\api-validation.spec.ts:376:28
]]>
</failure>
</testcase>
<testcase name="API Validation › Scores API › should return 400 for invalid score data" classname="api\api-validation.spec.ts" time="0.024">
<failure message="api-validation.spec.ts:431:9 should return 400 for invalid score data" type="FAILURE">
<![CDATA[  [chromium] › api\api-validation.spec.ts:431:9 › API Validation › Scores API › should return 400 for invalid score data 

    TypeError: Cannot read properties of undefined (reading 'users')

      374 |     test.beforeEach(async ({ request }, { testData }) => {
      375 |       await apiHelpers.login({
    > 376 |         username: testData.users.judge.email,
          |                            ^
      377 |         password: testData.users.judge.password
      378 |       });
      379 |     });
        at E:\test-project-app\tests\playwright\api\api-validation.spec.ts:376:28
]]>
</failure>
</testcase>
<testcase name="API Validation › Scores API › should get scores for event" classname="api\api-validation.spec.ts" time="0.025">
<failure message="api-validation.spec.ts:444:9 should get scores for event" type="FAILURE">
<![CDATA[  [chromium] › api\api-validation.spec.ts:444:9 › API Validation › Scores API › should get scores for event 

    TypeError: Cannot read properties of undefined (reading 'users')

      374 |     test.beforeEach(async ({ request }, { testData }) => {
      375 |       await apiHelpers.login({
    > 376 |         username: testData.users.judge.email,
          |                            ^
      377 |         password: testData.users.judge.password
      378 |       });
      379 |     });
        at E:\test-project-app\tests\playwright\api\api-validation.spec.ts:376:28
]]>
</failure>
</testcase>
<testcase name="API Validation › Scores API › should get all scores" classname="api\api-validation.spec.ts" time="0.03">
<failure message="api-validation.spec.ts:450:9 should get all scores" type="FAILURE">
<![CDATA[  [chromium] › api\api-validation.spec.ts:450:9 › API Validation › Scores API › should get all scores 

    TypeError: Cannot read properties of undefined (reading 'users')

      374 |     test.beforeEach(async ({ request }, { testData }) => {
      375 |       await apiHelpers.login({
    > 376 |         username: testData.users.judge.email,
          |                            ^
      377 |         password: testData.users.judge.password
      378 |       });
      379 |     });
        at E:\test-project-app\tests\playwright\api\api-validation.spec.ts:376:28
]]>
</failure>
</testcase>
<testcase name="API Validation › API Error Handling › should handle 404 errors gracefully" classname="api\api-validation.spec.ts" time="0.084">
<failure message="api-validation.spec.ts:458:9 should handle 404 errors gracefully" type="FAILURE">
<![CDATA[  [chromium] › api\api-validation.spec.ts:458:9 › API Validation › API Error Handling › should handle 404 errors gracefully 

    TypeError: Cannot read properties of undefined (reading 'status')

      460 |         await apiHelpers.getUserById(99999);
      461 |       } catch (error: any) {
    > 462 |         expect(error.response.status).toBe(404);
          |                               ^
      463 |         expect(error.response.data).toHaveProperty('detail');
      464 |       }
      465 |     });
        at E:\test-project-app\tests\playwright\api\api-validation.spec.ts:462:31
]]>
</failure>
</testcase>
<testcase name="API Validation › API Error Handling › should handle 500 errors gracefully" classname="api\api-validation.spec.ts" time="0.089">
</testcase>
<testcase name="API Validation › API Error Handling › should handle network timeouts" classname="api\api-validation.spec.ts" time="0.09">
</testcase>
<testcase name="API Validation › API Error Handling › should handle malformed JSON responses" classname="api\api-validation.spec.ts" time="0.098">
</testcase>
<testcase name="API Validation › API Performance › should respond within acceptable time limits" classname="api\api-validation.spec.ts" time="0.099">
</testcase>
<testcase name="API Validation › API Performance › should handle concurrent requests" classname="api\api-validation.spec.ts" time="0.087">
<failure message="api-validation.spec.ts:508:9 should handle concurrent requests" type="FAILURE">
<![CDATA[  [chromium] › api\api-validation.spec.ts:508:9 › API Validation › API Performance › should handle concurrent requests 

    TypeError: Cannot read properties of undefined (reading 'users')

      508 |     test('should handle concurrent requests', async ({ request }, { testData }) => {
      509 |       await apiHelpers.login({
    > 510 |         username: testData.users.admin.email,
          |                            ^
      511 |         password: testData.users.admin.password
      512 |       });
      513 |
        at E:\test-project-app\tests\playwright\api\api-validation.spec.ts:510:28
]]>
</failure>
</testcase>
<testcase name="API Validation › API Performance › should handle large data sets" classname="api\api-validation.spec.ts" time="0.013">
<failure message="api-validation.spec.ts:523:9 should handle large data sets" type="FAILURE">
<![CDATA[  [chromium] › api\api-validation.spec.ts:523:9 › API Validation › API Performance › should handle large data sets 

    TypeError: Cannot read properties of undefined (reading 'users')

      523 |     test('should handle large data sets', async ({ request }, { testData }) => {
      524 |       await apiHelpers.login({
    > 525 |         username: testData.users.admin.email,
          |                            ^
      526 |         password: testData.users.admin.password
      527 |       });
      528 |
        at E:\test-project-app\tests\playwright\api\api-validation.spec.ts:525:28
]]>
</failure>
</testcase>
</testsuite>
<testsuite name="auth\login-invalid.spec.ts" timestamp="2026-02-20T03:52:25.301Z" hostname="chromium" tests="1" failures="0" skipped="0" time="1.791" errors="0">
<testcase name="Auth: Invalid email/password (negative) › shows error and stays on /login without tokens" classname="auth\login-invalid.spec.ts" time="1.791">
</testcase>
</testsuite>
<testsuite name="auth\login-success.spec.ts" timestamp="2026-02-20T03:52:25.301Z" hostname="chromium" tests="1" failures="0" skipped="0" time="1.925" errors="0">
<testcase name="Auth: Email/password login (mock) › redirects to /admin and stores JWT tokens" classname="auth\login-success.spec.ts" time="1.925">
</testcase>
</testsuite>
<testsuite name="auth\login.spec.ts" timestamp="2026-02-20T03:52:25.301Z" hostname="chromium" tests="26" failures="21" skipped="0" time="217.533" errors="0">
<testcase name="Authentication - Login › should display login form correctly" classname="auth\login.spec.ts" time="8.213">
<failure message="login.spec.ts:9:7 should display login form correctly" type="FAILURE">
<![CDATA[  [chromium] › auth\login.spec.ts:9:7 › Authentication - Login › should display login form correctly 

    Error: expect(locator).toBeDisabled() failed

    Locator:  locator('button[type="submit"], button:has-text("Login"), button:has-text("Sign In")')
    Expected: disabled
    Received: enabled
    Timeout:  5000ms

    Call log:
      - Expect "toBeDisabled" with timeout 5000ms
      - waiting for locator('button[type="submit"], button:has-text("Login"), button:has-text("Sign In")')
        9 × locator resolved to <button type="submit" class="w-full bg-gradient-to-r from-amber-600 to-orange-600 hover:from-amber-700 hover:to-orange-700 text-white font-bold py-4 px-6 rounded-xl transition-all duration-200 transform hover:scale-[1.02] focus:outline-none focus:ring-4 focus:ring-amber-300 shadow-lg hover:shadow-xl">Login</button>
          - unexpected value "enabled"


       at pages\LoginPage.ts:121

      119 |
      120 |   async expectLoginButtonToBeDisabled(): Promise<void> {
    > 121 |     await expect(this.loginButton).toBeDisabled();
          |                                    ^
      122 |   }
      123 |
      124 |   async expectLoginButtonToBeEnabled(): Promise<void> {
        at LoginPage.expectLoginButtonToBeDisabled (E:\test-project-app\tests\playwright\pages\LoginPage.ts:121:36)
        at E:\test-project-app\tests\playwright\auth\login.spec.ts:13:21

    attachment #1: screenshot (image/png) ──────────────────────────────────────────────────────────
    ..\..\test-results\auth-login-Authentication--9b9e7-isplay-login-form-correctly-chromium\test-failed-1.png
    ────────────────────────────────────────────────────────────────────────────────────────────────

    attachment #2: video (video/webm) ──────────────────────────────────────────────────────────────
    ..\..\test-results\auth-login-Authentication--9b9e7-isplay-login-form-correctly-chromium\video.webm
    ────────────────────────────────────────────────────────────────────────────────────────────────

    Error Context: ..\..\test-results\auth-login-Authentication--9b9e7-isplay-login-form-correctly-chromium\error-context.md
]]>
</failure>
<system-out>
<![CDATA[
[[ATTACHMENT|test-results\auth-login-Authentication--9b9e7-isplay-login-form-correctly-chromium\test-failed-1.png]]

[[ATTACHMENT|test-results\auth-login-Authentication--9b9e7-isplay-login-form-correctly-chromium\video.webm]]

[[ATTACHMENT|test-results\auth-login-Authentication--9b9e7-isplay-login-form-correctly-chromium\error-context.md]]
]]>
</system-out>
</testcase>
<testcase name="Authentication - Login › should show Google login option" classname="auth\login.spec.ts" time="7.914">
<failure message="login.spec.ts:16:7 should show Google login option" type="FAILURE">
<![CDATA[  [chromium] › auth\login.spec.ts:16:7 › Authentication - Login › should show Google login option ──

    Error: expect(locator).toBeVisible() failed

    Locator: locator('button:has-text("Google"), button:has-text("Sign in with Google")')
    Expected: visible
    Timeout: 5000ms
    Error: element(s) not found

    Call log:
      - Expect "toBeVisible" with timeout 5000ms
      - waiting for locator('button:has-text("Google"), button:has-text("Sign in with Google")')


       at pages\BasePage.ts:102

      100 |
      101 |   async expectElementToBeVisible(selector: string): Promise<void> {
    > 102 |     await expect(this.page.locator(selector)).toBeVisible();
          |                                               ^
      103 |   }
      104 |
      105 |   async expectElementToBeHidden(selector: string): Promise<void> {
        at LoginPage.expectElementToBeVisible (E:\test-project-app\tests\playwright\pages\BasePage.ts:102:47)
        at LoginPage.expectGoogleLoginToBeVisible (E:\test-project-app\tests\playwright\pages\LoginPage.ts:93:16)
        at E:\test-project-app\tests\playwright\auth\login.spec.ts:17:21

    attachment #1: screenshot (image/png) ──────────────────────────────────────────────────────────
    ..\..\test-results\auth-login-Authentication--b284f-ld-show-Google-login-option-chromium\test-failed-1.png
    ────────────────────────────────────────────────────────────────────────────────────────────────

    attachment #2: video (video/webm) ──────────────────────────────────────────────────────────────
    ..\..\test-results\auth-login-Authentication--b284f-ld-show-Google-login-option-chromium\video.webm
    ────────────────────────────────────────────────────────────────────────────────────────────────

    Error Context: ..\..\test-results\auth-login-Authentication--b284f-ld-show-Google-login-option-chromium\error-context.md
]]>
</failure>
<system-out>
<![CDATA[
[[ATTACHMENT|test-results\auth-login-Authentication--b284f-ld-show-Google-login-option-chromium\test-failed-1.png]]

[[ATTACHMENT|test-results\auth-login-Authentication--b284f-ld-show-Google-login-option-chromium\video.webm]]

[[ATTACHMENT|test-results\auth-login-Authentication--b284f-ld-show-Google-login-option-chromium\error-context.md]]
]]>
</system-out>
</testcase>
<testcase name="Authentication - Login › should enable login button when form is filled" classname="auth\login.spec.ts" time="5.67">
</testcase>
<testcase name="Authentication - Login › should show error for invalid credentials" classname="auth\login.spec.ts" time="8.122">
<failure message="login.spec.ts:26:7 should show error for invalid credentials" type="FAILURE">
<![CDATA[  [chromium] › auth\login.spec.ts:26:7 › Authentication - Login › should show error for invalid credentials 

    Error: expect(locator).toContainText(expected) failed

    Locator: locator('.error, .alert-error, [data-testid="error-message"]')
    Expected substring: "Invalid credentials"
    Timeout: 5000ms
    Error: element(s) not found

    Call log:
      - Expect "toContainText" with timeout 5000ms
      - waiting for locator('.error, .alert-error, [data-testid="error-message"]')


       at pages\BasePage.ts:110

      108 |
      109 |   async expectElementToContainText(selector: string, text: string): Promise<void> {
    > 110 |     await expect(this.page.locator(selector)).toContainText(text);
          |                                               ^
      111 |   }
      112 |
      113 |   async expectElementToHaveValue(selector: string, value: string): Promise<void> {
        at LoginPage.expectElementToContainText (E:\test-project-app\tests\playwright\pages\BasePage.ts:110:47)
        at LoginPage.expectErrorMessageToContain (E:\test-project-app\tests\playwright\pages\LoginPage.ts:97:16)
        at E:\test-project-app\tests\playwright\auth\login.spec.ts:28:21

    attachment #1: screenshot (image/png) ──────────────────────────────────────────────────────────
    ..\..\test-results\auth-login-Authentication--1024f-ror-for-invalid-credentials-chromium\test-failed-1.png
    ────────────────────────────────────────────────────────────────────────────────────────────────

    attachment #2: video (video/webm) ──────────────────────────────────────────────────────────────
    ..\..\test-results\auth-login-Authentication--1024f-ror-for-invalid-credentials-chromium\video.webm
    ────────────────────────────────────────────────────────────────────────────────────────────────

    Error Context: ..\..\test-results\auth-login-Authentication--1024f-ror-for-invalid-credentials-chromium\error-context.md
]]>
</failure>
<system-out>
<![CDATA[
[[ATTACHMENT|test-results\auth-login-Authentication--1024f-ror-for-invalid-credentials-chromium\test-failed-1.png]]

[[ATTACHMENT|test-results\auth-login-Authentication--1024f-ror-for-invalid-credentials-chromium\video.webm]]

[[ATTACHMENT|test-results\auth-login-Authentication--1024f-ror-for-invalid-credentials-chromium\error-context.md]]
]]>
</system-out>
</testcase>
<testcase name="Authentication - Login › should show error for empty username" classname="auth\login.spec.ts" time="5.543">
</testcase>
<testcase name="Authentication - Login › should show error for empty password" classname="auth\login.spec.ts" time="3.9">
</testcase>
<testcase name="Authentication - Login › should navigate to register page" classname="auth\login.spec.ts" time="30.214">
<failure message="login.spec.ts:43:7 should navigate to register page" type="FAILURE">
<![CDATA[  [chromium] › auth\login.spec.ts:43:7 › Authentication - Login › should navigate to register page ─

    Test timeout of 30000ms exceeded.

    Error: locator.click: Test timeout of 30000ms exceeded.
    Call log:
      - waiting for locator('a:has-text("Register"), a:has-text("Sign Up")')


       at pages\LoginPage.ts:70

      68 |
      69 |   async clickRegister(): Promise<void> {
    > 70 |     await this.registerLink.click();
         |                             ^
      71 |     await this.waitForPageLoad();
      72 |   }
      73 |
        at LoginPage.clickRegister (E:\test-project-app\tests\playwright\pages\LoginPage.ts:70:29)
        at E:\test-project-app\tests\playwright\auth\login.spec.ts:44:21

    attachment #1: screenshot (image/png) ──────────────────────────────────────────────────────────
    ..\..\test-results\auth-login-Authentication--710a1-d-navigate-to-register-page-chromium\test-failed-1.png
    ────────────────────────────────────────────────────────────────────────────────────────────────

    attachment #2: video (video/webm) ──────────────────────────────────────────────────────────────
    ..\..\test-results\auth-login-Authentication--710a1-d-navigate-to-register-page-chromium\video.webm
    ────────────────────────────────────────────────────────────────────────────────────────────────

    Error Context: ..\..\test-results\auth-login-Authentication--710a1-d-navigate-to-register-page-chromium\error-context.md
]]>
</failure>
<system-out>
<![CDATA[
[[ATTACHMENT|test-results\auth-login-Authentication--710a1-d-navigate-to-register-page-chromium\test-failed-1.png]]

[[ATTACHMENT|test-results\auth-login-Authentication--710a1-d-navigate-to-register-page-chromium\video.webm]]

[[ATTACHMENT|test-results\auth-login-Authentication--710a1-d-navigate-to-register-page-chromium\error-context.md]]
]]>
</system-out>
</testcase>
<testcase name="Authentication - Login › should navigate to forgot password page" classname="auth\login.spec.ts" time="30.267">
<failure message="login.spec.ts:48:7 should navigate to forgot password page" type="FAILURE">
<![CDATA[  [chromium] › auth\login.spec.ts:48:7 › Authentication - Login › should navigate to forgot password page 

    Test timeout of 30000ms exceeded.

    Error: locator.click: Test timeout of 30000ms exceeded.
    Call log:
      - waiting for locator('a:has-text("Forgot Password"), a:has-text("Reset Password")')


       at pages\LoginPage.ts:75

      73 |
      74 |   async clickForgotPassword(): Promise<void> {
    > 75 |     await this.forgotPasswordLink.click();
         |                                   ^
      76 |     await this.waitForPageLoad();
      77 |   }
      78 |
        at LoginPage.clickForgotPassword (E:\test-project-app\tests\playwright\pages\LoginPage.ts:75:35)
        at E:\test-project-app\tests\playwright\auth\login.spec.ts:49:21

    attachment #1: screenshot (image/png) ──────────────────────────────────────────────────────────
    ..\..\test-results\auth-login-Authentication--71939-ate-to-forgot-password-page-chromium\test-failed-1.png
    ────────────────────────────────────────────────────────────────────────────────────────────────

    attachment #2: video (video/webm) ──────────────────────────────────────────────────────────────
    ..\..\test-results\auth-login-Authentication--71939-ate-to-forgot-password-page-chromium\video.webm
    ────────────────────────────────────────────────────────────────────────────────────────────────

    Error Context: ..\..\test-results\auth-login-Authentication--71939-ate-to-forgot-password-page-chromium\error-context.md
]]>
</failure>
<system-out>
<![CDATA[
[[ATTACHMENT|test-results\auth-login-Authentication--71939-ate-to-forgot-password-page-chromium\test-failed-1.png]]

[[ATTACHMENT|test-results\auth-login-Authentication--71939-ate-to-forgot-password-page-chromium\video.webm]]

[[ATTACHMENT|test-results\auth-login-Authentication--71939-ate-to-forgot-password-page-chromium\error-context.md]]
]]>
</system-out>
</testcase>
<testcase name="Authentication - Login › should support language switching" classname="auth\login.spec.ts" time="3.358">
</testcase>
<testcase name="Authentication - Login › should clear form when clear button is clicked" classname="auth\login.spec.ts" time="3.492">
</testcase>
<testcase name="Authentication - Successful Login › should login successfully with valid admin credentials" classname="auth\login.spec.ts" time="0.565">
<failure message="login.spec.ts:70:7 should login successfully with valid admin credentials" type="FAILURE">
<![CDATA[  [chromium] › auth\login.spec.ts:70:7 › Authentication - Successful Login › should login successfully with valid admin credentials 

    TypeError: Cannot read properties of undefined (reading 'users')

      69 | test.describe('Authentication - Successful Login', () => {
      70 |   test('should login successfully with valid admin credentials', async ({ loginPage, dashboardPage }, { testData }) => {
    > 71 |     await loginPage.loginWithUser(testData.users.admin);
         |                                            ^
      72 |     await dashboardPage.expectToBeOnDashboard();
      73 |     await dashboardPage.expectAdminSectionToBeVisible();
      74 |   });
        at E:\test-project-app\tests\playwright\auth\login.spec.ts:71:44

    attachment #1: screenshot (image/png) ──────────────────────────────────────────────────────────
    ..\..\test-results\auth-login-Authentication--fa957-ith-valid-admin-credentials-chromium\test-failed-1.png
    ────────────────────────────────────────────────────────────────────────────────────────────────

    attachment #2: video (video/webm) ──────────────────────────────────────────────────────────────
    ..\..\test-results\auth-login-Authentication--fa957-ith-valid-admin-credentials-chromium\video.webm
    ────────────────────────────────────────────────────────────────────────────────────────────────
]]>
</failure>
<system-out>
<![CDATA[
[[ATTACHMENT|test-results\auth-login-Authentication--fa957-ith-valid-admin-credentials-chromium\test-failed-1.png]]

[[ATTACHMENT|test-results\auth-login-Authentication--fa957-ith-valid-admin-credentials-chromium\video.webm]]
]]>
</system-out>
</testcase>
<testcase name="Authentication - Successful Login › should login successfully with valid judge credentials" classname="auth\login.spec.ts" time="0.624">
<failure message="login.spec.ts:76:7 should login successfully with valid judge credentials" type="FAILURE">
<![CDATA[  [chromium] › auth\login.spec.ts:76:7 › Authentication - Successful Login › should login successfully with valid judge credentials 

    TypeError: Cannot read properties of undefined (reading 'users')

      75 |
      76 |   test('should login successfully with valid judge credentials', async ({ loginPage, dashboardPage }, { testData }) => {
    > 77 |     await loginPage.loginWithUser(testData.users.judge);
         |                                            ^
      78 |     await dashboardPage.expectToBeOnDashboard();
      79 |     await dashboardPage.expectJudgeSectionToBeVisible();
      80 |   });
        at E:\test-project-app\tests\playwright\auth\login.spec.ts:77:44

    attachment #1: screenshot (image/png) ──────────────────────────────────────────────────────────
    ..\..\test-results\auth-login-Authentication--30d34-ith-valid-judge-credentials-chromium\test-failed-1.png
    ────────────────────────────────────────────────────────────────────────────────────────────────

    attachment #2: video (video/webm) ──────────────────────────────────────────────────────────────
    ..\..\test-results\auth-login-Authentication--30d34-ith-valid-judge-credentials-chromium\video.webm
    ────────────────────────────────────────────────────────────────────────────────────────────────
]]>
</failure>
<system-out>
<![CDATA[
[[ATTACHMENT|test-results\auth-login-Authentication--30d34-ith-valid-judge-credentials-chromium\test-failed-1.png]]

[[ATTACHMENT|test-results\auth-login-Authentication--30d34-ith-valid-judge-credentials-chromium\video.webm]]
]]>
</system-out>
</testcase>
<testcase name="Authentication - Successful Login › should login successfully with valid student credentials" classname="auth\login.spec.ts" time="0.264">
<failure message="login.spec.ts:82:7 should login successfully with valid student credentials" type="FAILURE">
<![CDATA[  [chromium] › auth\login.spec.ts:82:7 › Authentication - Successful Login › should login successfully with valid student credentials 

    TypeError: Cannot read properties of undefined (reading 'users')

      81 |
      82 |   test('should login successfully with valid student credentials', async ({ loginPage, dashboardPage }, { testData }) => {
    > 83 |     await loginPage.loginWithUser(testData.users.student);
         |                                            ^
      84 |     await dashboardPage.expectToBeOnDashboard();
      85 |     await dashboardPage.expectStudentSectionToBeVisible();
      86 |   });
        at E:\test-project-app\tests\playwright\auth\login.spec.ts:83:44

    attachment #1: screenshot (image/png) ──────────────────────────────────────────────────────────
    ..\..\test-results\auth-login-Authentication--6a89c-h-valid-student-credentials-chromium\test-failed-1.png
    ────────────────────────────────────────────────────────────────────────────────────────────────

    attachment #2: video (video/webm) ──────────────────────────────────────────────────────────────
    ..\..\test-results\auth-login-Authentication--6a89c-h-valid-student-credentials-chromium\video.webm
    ────────────────────────────────────────────────────────────────────────────────────────────────
]]>
</failure>
<system-out>
<![CDATA[
[[ATTACHMENT|test-results\auth-login-Authentication--6a89c-h-valid-student-credentials-chromium\test-failed-1.png]]

[[ATTACHMENT|test-results\auth-login-Authentication--6a89c-h-valid-student-credentials-chromium\video.webm]]
]]>
</system-out>
</testcase>
<testcase name="Authentication - Successful Login › should login successfully with valid volunteer credentials" classname="auth\login.spec.ts" time="0.401">
<failure message="login.spec.ts:88:7 should login successfully with valid volunteer credentials" type="FAILURE">
<![CDATA[  [chromium] › auth\login.spec.ts:88:7 › Authentication - Successful Login › should login successfully with valid volunteer credentials 

    TypeError: Cannot read properties of undefined (reading 'users')

      87 |
      88 |   test('should login successfully with valid volunteer credentials', async ({ loginPage, dashboardPage }, { testData }) => {
    > 89 |     await loginPage.loginWithUser(testData.users.volunteer);
         |                                            ^
      90 |     await dashboardPage.expectToBeOnDashboard();
      91 |     await dashboardPage.expectVolunteerSectionToBeVisible();
      92 |   });
        at E:\test-project-app\tests\playwright\auth\login.spec.ts:89:44

    attachment #1: screenshot (image/png) ──────────────────────────────────────────────────────────
    ..\..\test-results\auth-login-Authentication--cad24-valid-volunteer-credentials-chromium\test-failed-1.png
    ────────────────────────────────────────────────────────────────────────────────────────────────

    attachment #2: video (video/webm) ──────────────────────────────────────────────────────────────
    ..\..\test-results\auth-login-Authentication--cad24-valid-volunteer-credentials-chromium\video.webm
    ────────────────────────────────────────────────────────────────────────────────────────────────
]]>
</failure>
<system-out>
<![CDATA[
[[ATTACHMENT|test-results\auth-login-Authentication--cad24-valid-volunteer-credentials-chromium\test-failed-1.png]]

[[ATTACHMENT|test-results\auth-login-Authentication--cad24-valid-volunteer-credentials-chromium\video.webm]]
]]>
</system-out>
</testcase>
<testcase name="Authentication - Successful Login › should redirect to appropriate dashboard based on role" classname="auth\login.spec.ts" time="0.348">
<failure message="login.spec.ts:94:7 should redirect to appropriate dashboard based on role" type="FAILURE">
<![CDATA[  [chromium] › auth\login.spec.ts:94:7 › Authentication - Successful Login › should redirect to appropriate dashboard based on role 

    TypeError: Cannot read properties of undefined (reading 'users')

      93 |
      94 |   test('should redirect to appropriate dashboard based on role', async ({ loginPage, dashboardPage }, { testData }) => {
    > 95 |     await loginPage.loginWithUser(testData.users.admin);
         |                                            ^
      96 |     await dashboardPage.expectUrlToContain('/admin');
      97 |     
      98 |     await loginPage.navigateToLogin();
        at E:\test-project-app\tests\playwright\auth\login.spec.ts:95:44

    attachment #1: screenshot (image/png) ──────────────────────────────────────────────────────────
    ..\..\test-results\auth-login-Authentication--4bb87-ate-dashboard-based-on-role-chromium\test-failed-1.png
    ────────────────────────────────────────────────────────────────────────────────────────────────

    attachment #2: video (video/webm) ──────────────────────────────────────────────────────────────
    ..\..\test-results\auth-login-Authentication--4bb87-ate-dashboard-based-on-role-chromium\video.webm
    ────────────────────────────────────────────────────────────────────────────────────────────────
]]>
</failure>
<system-out>
<![CDATA[
[[ATTACHMENT|test-results\auth-login-Authentication--4bb87-ate-dashboard-based-on-role-chromium\test-failed-1.png]]

[[ATTACHMENT|test-results\auth-login-Authentication--4bb87-ate-dashboard-based-on-role-chromium\video.webm]]
]]>
</system-out>
</testcase>
<testcase name="Authentication - Successful Login › should display welcome message with user name" classname="auth\login.spec.ts" time="0.289">
<failure message="login.spec.ts:103:7 should display welcome message with user name" type="FAILURE">
<![CDATA[  [chromium] › auth\login.spec.ts:103:7 › Authentication - Successful Login › should display welcome message with user name 

    TypeError: Cannot read properties of undefined (reading 'users')

      102 |
      103 |   test('should display welcome message with user name', async ({ loginPage, dashboardPage }, { testData }) => {
    > 104 |     await loginPage.loginWithUser(testData.users.student);
          |                                            ^
      105 |     await dashboardPage.expectWelcomeMessageToContain(testData.users.student.firstName);
      106 |   });
      107 |
        at E:\test-project-app\tests\playwright\auth\login.spec.ts:104:44

    attachment #1: screenshot (image/png) ──────────────────────────────────────────────────────────
    ..\..\test-results\auth-login-Authentication--4a6a3-come-message-with-user-name-chromium\test-failed-1.png
    ────────────────────────────────────────────────────────────────────────────────────────────────

    attachment #2: video (video/webm) ──────────────────────────────────────────────────────────────
    ..\..\test-results\auth-login-Authentication--4a6a3-come-message-with-user-name-chromium\video.webm
    ────────────────────────────────────────────────────────────────────────────────────────────────
]]>
</failure>
<system-out>
<![CDATA[
[[ATTACHMENT|test-results\auth-login-Authentication--4a6a3-come-message-with-user-name-chromium\test-failed-1.png]]

[[ATTACHMENT|test-results\auth-login-Authentication--4a6a3-come-message-with-user-name-chromium\video.webm]]
]]>
</system-out>
</testcase>
<testcase name="Authentication - Successful Login › should show user menu after login" classname="auth\login.spec.ts" time="0.424">
<failure message="login.spec.ts:108:7 should show user menu after login" type="FAILURE">
<![CDATA[  [chromium] › auth\login.spec.ts:108:7 › Authentication - Successful Login › should show user menu after login 

    TypeError: Cannot read properties of undefined (reading 'users')

      107 |
      108 |   test('should show user menu after login', async ({ loginPage, dashboardPage }, { testData }) => {
    > 109 |     await loginPage.loginWithUser(testData.users.student);
          |                                            ^
      110 |     await dashboardPage.expectUserMenuToBeVisible();
      111 |     await dashboardPage.expectLogoutButtonToBeVisible();
      112 |   });
        at E:\test-project-app\tests\playwright\auth\login.spec.ts:109:44

    attachment #1: screenshot (image/png) ──────────────────────────────────────────────────────────
    ..\..\test-results\auth-login-Authentication--2bfd2--show-user-menu-after-login-chromium\test-failed-1.png
    ────────────────────────────────────────────────────────────────────────────────────────────────

    attachment #2: video (video/webm) ──────────────────────────────────────────────────────────────
    ..\..\test-results\auth-login-Authentication--2bfd2--show-user-menu-after-login-chromium\video.webm
    ────────────────────────────────────────────────────────────────────────────────────────────────
]]>
</failure>
<system-out>
<![CDATA[
[[ATTACHMENT|test-results\auth-login-Authentication--2bfd2--show-user-menu-after-login-chromium\test-failed-1.png]]

[[ATTACHMENT|test-results\auth-login-Authentication--2bfd2--show-user-menu-after-login-chromium\video.webm]]
]]>
</system-out>
</testcase>
<testcase name="Authentication - Google Login › should display Google login button" classname="auth\login.spec.ts" time="5.69">
<failure message="login.spec.ts:116:7 should display Google login button" type="FAILURE">
<![CDATA[  [chromium] › auth\login.spec.ts:116:7 › Authentication - Google Login › should display Google login button 

    Error: expect(locator).toBeVisible() failed

    Locator: locator('button:has-text("Google"), button:has-text("Sign in with Google")')
    Expected: visible
    Timeout: 5000ms
    Error: element(s) not found

    Call log:
      - Expect "toBeVisible" with timeout 5000ms
      - waiting for locator('button:has-text("Google"), button:has-text("Sign in with Google")')


       at pages\BasePage.ts:102

      100 |
      101 |   async expectElementToBeVisible(selector: string): Promise<void> {
    > 102 |     await expect(this.page.locator(selector)).toBeVisible();
          |                                               ^
      103 |   }
      104 |
      105 |   async expectElementToBeHidden(selector: string): Promise<void> {
        at LoginPage.expectElementToBeVisible (E:\test-project-app\tests\playwright\pages\BasePage.ts:102:47)
        at LoginPage.expectGoogleLoginToBeVisible (E:\test-project-app\tests\playwright\pages\LoginPage.ts:93:16)
        at E:\test-project-app\tests\playwright\auth\login.spec.ts:117:21

    attachment #1: screenshot (image/png) ──────────────────────────────────────────────────────────
    ..\..\test-results\auth-login-Authentication--b839e-display-Google-login-button-chromium\test-failed-1.png
    ────────────────────────────────────────────────────────────────────────────────────────────────

    attachment #2: video (video/webm) ──────────────────────────────────────────────────────────────
    ..\..\test-results\auth-login-Authentication--b839e-display-Google-login-button-chromium\video.webm
    ────────────────────────────────────────────────────────────────────────────────────────────────
]]>
</failure>
<system-out>
<![CDATA[
[[ATTACHMENT|test-results\auth-login-Authentication--b839e-display-Google-login-button-chromium\test-failed-1.png]]

[[ATTACHMENT|test-results\auth-login-Authentication--b839e-display-Google-login-button-chromium\video.webm]]
]]>
</system-out>
</testcase>
<testcase name="Authentication - Google Login › should handle Google login click" classname="auth\login.spec.ts" time="34.103">
<failure message="login.spec.ts:120:7 should handle Google login click" type="FAILURE">
<![CDATA[  [chromium] › auth\login.spec.ts:120:7 › Authentication - Google Login › should handle Google login click 

    Test timeout of 30000ms exceeded.

    Error: locator.click: Test timeout of 30000ms exceeded.
    Call log:
      - waiting for locator('button:has-text("Google"), button:has-text("Sign in with Google")')


       at pages\LoginPage.ts:65

      63 |
      64 |   async clickGoogleLogin(): Promise<void> {
    > 65 |     await this.googleLoginButton.click();
         |                                  ^
      66 |     await this.waitForPageLoad();
      67 |   }
      68 |
        at LoginPage.clickGoogleLogin (E:\test-project-app\tests\playwright\pages\LoginPage.ts:65:34)
        at E:\test-project-app\tests\playwright\auth\login.spec.ts:121:21

    attachment #1: screenshot (image/png) ──────────────────────────────────────────────────────────
    ..\..\test-results\auth-login-Authentication--365fe-d-handle-Google-login-click-chromium\test-failed-1.png
    ────────────────────────────────────────────────────────────────────────────────────────────────

    attachment #2: video (video/webm) ──────────────────────────────────────────────────────────────
    ..\..\test-results\auth-login-Authentication--365fe-d-handle-Google-login-click-chromium\video.webm
    ────────────────────────────────────────────────────────────────────────────────────────────────
]]>
</failure>
<system-out>
<![CDATA[
[[ATTACHMENT|test-results\auth-login-Authentication--365fe-d-handle-Google-login-click-chromium\test-failed-1.png]]

[[ATTACHMENT|test-results\auth-login-Authentication--365fe-d-handle-Google-login-click-chromium\video.webm]]
]]>
</system-out>
</testcase>
<testcase name="Authentication - Google Login › should show appropriate error for unauthorized Google email" classname="auth\login.spec.ts" time="34.113">
<failure message="login.spec.ts:127:7 should show appropriate error for unauthorized Google email" type="FAILURE">
<![CDATA[  [chromium] › auth\login.spec.ts:127:7 › Authentication - Google Login › should show appropriate error for unauthorized Google email 

    Test timeout of 30000ms exceeded.

    Error: locator.click: Test timeout of 30000ms exceeded.
    Call log:
      - waiting for locator('button:has-text("Google"), button:has-text("Sign in with Google")')


       at pages\LoginPage.ts:65

      63 |
      64 |   async clickGoogleLogin(): Promise<void> {
    > 65 |     await this.googleLoginButton.click();
         |                                  ^
      66 |     await this.waitForPageLoad();
      67 |   }
      68 |
        at LoginPage.clickGoogleLogin (E:\test-project-app\tests\playwright\pages\LoginPage.ts:65:34)
        at E:\test-project-app\tests\playwright\auth\login.spec.ts:130:21

    attachment #1: screenshot (image/png) ──────────────────────────────────────────────────────────
    ..\..\test-results\auth-login-Authentication--d9b69-r-unauthorized-Google-email-chromium\test-failed-1.png
    ────────────────────────────────────────────────────────────────────────────────────────────────

    attachment #2: video (video/webm) ──────────────────────────────────────────────────────────────
    ..\..\test-results\auth-login-Authentication--d9b69-r-unauthorized-Google-email-chromium\video.webm
    ────────────────────────────────────────────────────────────────────────────────────────────────
]]>
</failure>
<system-out>
<![CDATA[
[[ATTACHMENT|test-results\auth-login-Authentication--d9b69-r-unauthorized-Google-email-chromium\test-failed-1.png]]

[[ATTACHMENT|test-results\auth-login-Authentication--d9b69-r-unauthorized-Google-email-chromium\video.webm]]
]]>
</system-out>
</testcase>
<testcase name="Authentication - Form Validation › should validate email format" classname="auth\login.spec.ts" time="5.662">
<failure message="login.spec.ts:137:7 should validate email format" type="FAILURE">
<![CDATA[  [chromium] › auth\login.spec.ts:137:7 › Authentication - Form Validation › should validate email format 

    TimeoutError: locator.waitFor: Timeout 5000ms exceeded.
    Call log:
      - waiting for locator('input[name="username"], input[type="email"]') to be visible


       at pages\BasePage.ts:46

      44 |   async waitForElement(selector: string, timeout: number = 5000): Promise<Locator> {
      45 |     const element = this.page.locator(selector);
    > 46 |     await element.waitFor({ state: 'visible', timeout });
         |                   ^
      47 |     return element;
      48 |   }
      49 |
        at LoginPage.waitForElement (E:\test-project-app\tests\playwright\pages\BasePage.ts:46:19)
        at LoginPage.fillInput (E:\test-project-app\tests\playwright\pages\BasePage.ts:56:32)
        at E:\test-project-app\tests\playwright\auth\login.spec.ts:138:21

    attachment #1: screenshot (image/png) ──────────────────────────────────────────────────────────
    ..\..\test-results\auth-login-Authentication--6ce0b-hould-validate-email-format-chromium\test-failed-1.png
    ────────────────────────────────────────────────────────────────────────────────────────────────

    attachment #2: video (video/webm) ──────────────────────────────────────────────────────────────
    ..\..\test-results\auth-login-Authentication--6ce0b-hould-validate-email-format-chromium\video.webm
    ────────────────────────────────────────────────────────────────────────────────────────────────
]]>
</failure>
<system-out>
<![CDATA[
[[ATTACHMENT|test-results\auth-login-Authentication--6ce0b-hould-validate-email-format-chromium\test-failed-1.png]]

[[ATTACHMENT|test-results\auth-login-Authentication--6ce0b-hould-validate-email-format-chromium\video.webm]]
]]>
</system-out>
</testcase>
<testcase name="Authentication - Form Validation › should show password strength indicator" classname="auth\login.spec.ts" time="5.608">
<failure message="login.spec.ts:144:7 should show password strength indicator" type="FAILURE">
<![CDATA[  [chromium] › auth\login.spec.ts:144:7 › Authentication - Form Validation › should show password strength indicator 

    TimeoutError: locator.waitFor: Timeout 5000ms exceeded.
    Call log:
      - waiting for locator('input[name="password"], input[type="password"]') to be visible


       at pages\BasePage.ts:46

      44 |   async waitForElement(selector: string, timeout: number = 5000): Promise<Locator> {
      45 |     const element = this.page.locator(selector);
    > 46 |     await element.waitFor({ state: 'visible', timeout });
         |                   ^
      47 |     return element;
      48 |   }
      49 |
        at LoginPage.waitForElement (E:\test-project-app\tests\playwright\pages\BasePage.ts:46:19)
        at LoginPage.fillInput (E:\test-project-app\tests\playwright\pages\BasePage.ts:56:32)
        at E:\test-project-app\tests\playwright\auth\login.spec.ts:145:21

    attachment #1: screenshot (image/png) ──────────────────────────────────────────────────────────
    ..\..\test-results\auth-login-Authentication--ce8c8-password-strength-indicator-chromium\test-failed-1.png
    ────────────────────────────────────────────────────────────────────────────────────────────────

    attachment #2: video (video/webm) ──────────────────────────────────────────────────────────────
    ..\..\test-results\auth-login-Authentication--ce8c8-password-strength-indicator-chromium\video.webm
    ────────────────────────────────────────────────────────────────────────────────────────────────
]]>
</failure>
<system-out>
<![CDATA[
[[ATTACHMENT|test-results\auth-login-Authentication--ce8c8-password-strength-indicator-chromium\test-failed-1.png]]

[[ATTACHMENT|test-results\auth-login-Authentication--ce8c8-password-strength-indicator-chromium\video.webm]]
]]>
</system-out>
</testcase>
<testcase name="Authentication - Form Validation › should prevent XSS attacks in form fields" classname="auth\login.spec.ts" time="5.714">
<failure message="login.spec.ts:150:7 should prevent XSS attacks in form fields" type="FAILURE">
<![CDATA[  [chromium] › auth\login.spec.ts:150:7 › Authentication - Form Validation › should prevent XSS attacks in form fields 

    TimeoutError: locator.waitFor: Timeout 5000ms exceeded.
    Call log:
      - waiting for locator('input[name="username"], input[type="email"]') to be visible


       at pages\BasePage.ts:46

      44 |   async waitForElement(selector: string, timeout: number = 5000): Promise<Locator> {
      45 |     const element = this.page.locator(selector);
    > 46 |     await element.waitFor({ state: 'visible', timeout });
         |                   ^
      47 |     return element;
      48 |   }
      49 |
        at LoginPage.waitForElement (E:\test-project-app\tests\playwright\pages\BasePage.ts:46:19)
        at LoginPage.fillInput (E:\test-project-app\tests\playwright\pages\BasePage.ts:56:32)
        at E:\test-project-app\tests\playwright\auth\login.spec.ts:152:21

    attachment #1: screenshot (image/png) ──────────────────────────────────────────────────────────
    ..\..\test-results\auth-login-Authentication--19a7a--XSS-attacks-in-form-fields-chromium\test-failed-1.png
    ────────────────────────────────────────────────────────────────────────────────────────────────

    attachment #2: video (video/webm) ──────────────────────────────────────────────────────────────
    ..\..\test-results\auth-login-Authentication--19a7a--XSS-attacks-in-form-fields-chromium\video.webm
    ────────────────────────────────────────────────────────────────────────────────────────────────
]]>
</failure>
<system-out>
<![CDATA[
[[ATTACHMENT|test-results\auth-login-Authentication--19a7a--XSS-attacks-in-form-fields-chromium\test-failed-1.png]]

[[ATTACHMENT|test-results\auth-login-Authentication--19a7a--XSS-attacks-in-form-fields-chromium\video.webm]]
]]>
</system-out>
</testcase>
<testcase name="Authentication - Security › should not expose sensitive information in error messages" classname="auth\login.spec.ts" time="5.748">
<failure message="login.spec.ts:161:7 should not expose sensitive information in error messages" type="FAILURE">
<![CDATA[  [chromium] › auth\login.spec.ts:161:7 › Authentication - Security › should not expose sensitive information in error messages 

    TimeoutError: locator.waitFor: Timeout 5000ms exceeded.
    Call log:
      - waiting for locator('input[name="username"], input[type="email"]') to be visible


       at pages\BasePage.ts:46

      44 |   async waitForElement(selector: string, timeout: number = 5000): Promise<Locator> {
      45 |     const element = this.page.locator(selector);
    > 46 |     await element.waitFor({ state: 'visible', timeout });
         |                   ^
      47 |     return element;
      48 |   }
      49 |
        at LoginPage.waitForElement (E:\test-project-app\tests\playwright\pages\BasePage.ts:46:19)
        at LoginPage.fillInput (E:\test-project-app\tests\playwright\pages\BasePage.ts:56:32)
        at LoginPage.login (E:\test-project-app\tests\playwright\pages\LoginPage.ts:54:16)
        at E:\test-project-app\tests\playwright\auth\login.spec.ts:162:21

    attachment #1: screenshot (image/png) ──────────────────────────────────────────────────────────
    ..\..\test-results\auth-login-Authentication--495ae-formation-in-error-messages-chromium\test-failed-1.png
    ────────────────────────────────────────────────────────────────────────────────────────────────

    attachment #2: video (video/webm) ──────────────────────────────────────────────────────────────
    ..\..\test-results\auth-login-Authentication--495ae-formation-in-error-messages-chromium\video.webm
    ────────────────────────────────────────────────────────────────────────────────────────────────
]]>
</failure>
<system-out>
<![CDATA[
[[ATTACHMENT|test-results\auth-login-Authentication--495ae-formation-in-error-messages-chromium\test-failed-1.png]]

[[ATTACHMENT|test-results\auth-login-Authentication--495ae-formation-in-error-messages-chromium\video.webm]]
]]>
</system-out>
</testcase>
<testcase name="Authentication - Security › should implement rate limiting for failed attempts" classname="auth\login.spec.ts" time="5.657">
<failure message="login.spec.ts:168:7 should implement rate limiting for failed attempts" type="FAILURE">
<![CDATA[  [chromium] › auth\login.spec.ts:168:7 › Authentication - Security › should implement rate limiting for failed attempts 

    TimeoutError: locator.waitFor: Timeout 5000ms exceeded.
    Call log:
      - waiting for locator('input[name="username"], input[type="email"]') to be visible


       at pages\BasePage.ts:46

      44 |   async waitForElement(selector: string, timeout: number = 5000): Promise<Locator> {
      45 |     const element = this.page.locator(selector);
    > 46 |     await element.waitFor({ state: 'visible', timeout });
         |                   ^
      47 |     return element;
      48 |   }
      49 |
        at LoginPage.waitForElement (E:\test-project-app\tests\playwright\pages\BasePage.ts:46:19)
        at LoginPage.fillInput (E:\test-project-app\tests\playwright\pages\BasePage.ts:56:32)
        at LoginPage.login (E:\test-project-app\tests\playwright\pages\LoginPage.ts:54:16)
        at E:\test-project-app\tests\playwright\auth\login.spec.ts:171:23

    attachment #1: screenshot (image/png) ──────────────────────────────────────────────────────────
    ..\..\test-results\auth-login-Authentication--d270a-imiting-for-failed-attempts-chromium\test-failed-1.png
    ────────────────────────────────────────────────────────────────────────────────────────────────

    attachment #2: video (video/webm) ──────────────────────────────────────────────────────────────
    ..\..\test-results\auth-login-Authentication--d270a-imiting-for-failed-attempts-chromium\video.webm
    ────────────────────────────────────────────────────────────────────────────────────────────────
]]>
</failure>
<system-out>
<![CDATA[
[[ATTACHMENT|test-results\auth-login-Authentication--d270a-imiting-for-failed-attempts-chromium\test-failed-1.png]]

[[ATTACHMENT|test-results\auth-login-Authentication--d270a-imiting-for-failed-attempts-chromium\video.webm]]
]]>
</system-out>
</testcase>
<testcase name="Authentication - Security › should clear sensitive data on page unload" classname="auth\login.spec.ts" time="5.63">
<failure message="login.spec.ts:179:7 should clear sensitive data on page unload" type="FAILURE">
<![CDATA[  [chromium] › auth\login.spec.ts:179:7 › Authentication - Security › should clear sensitive data on page unload 

    TimeoutError: locator.waitFor: Timeout 5000ms exceeded.
    Call log:
      - waiting for locator('input[name="username"], input[type="email"]') to be visible


       at pages\BasePage.ts:46

      44 |   async waitForElement(selector: string, timeout: number = 5000): Promise<Locator> {
      45 |     const element = this.page.locator(selector);
    > 46 |     await element.waitFor({ state: 'visible', timeout });
         |                   ^
      47 |     return element;
      48 |   }
      49 |
        at LoginPage.waitForElement (E:\test-project-app\tests\playwright\pages\BasePage.ts:46:19)
        at LoginPage.fillInput (E:\test-project-app\tests\playwright\pages\BasePage.ts:56:32)
        at E:\test-project-app\tests\playwright\auth\login.spec.ts:180:21

    attachment #1: screenshot (image/png) ──────────────────────────────────────────────────────────
    ..\..\test-results\auth-login-Authentication--cf2ef-nsitive-data-on-page-unload-chromium\test-failed-1.png
    ────────────────────────────────────────────────────────────────────────────────────────────────

    attachment #2: video (video/webm) ──────────────────────────────────────────────────────────────
    ..\..\test-results\auth-login-Authentication--cf2ef-nsitive-data-on-page-unload-chromium\video.webm
    ────────────────────────────────────────────────────────────────────────────────────────────────
]]>
</failure>
<system-out>
<![CDATA[
[[ATTACHMENT|test-results\auth-login-Authentication--cf2ef-nsitive-data-on-page-unload-chromium\test-failed-1.png]]

[[ATTACHMENT|test-results\auth-login-Authentication--cf2ef-nsitive-data-on-page-unload-chromium\video.webm]]
]]>
</system-out>
</testcase>
</testsuite>
<testsuite name="auth\logout.spec.ts" timestamp="2026-02-20T03:52:25.301Z" hostname="chromium" tests="16" failures="16" skipped="0" time="53.885" errors="0">
<testcase name="Authentication - Logout › should logout successfully from user menu" classname="auth\logout.spec.ts" time="3.183">
<failure message="logout.spec.ts:12:7 should logout successfully from user menu" type="FAILURE">
<![CDATA[  [chromium] › auth\logout.spec.ts:12:7 › Authentication - Logout › should logout successfully from user menu 

    TypeError: Cannot read properties of undefined (reading 'users')

       6 |     // Login before each test
       7 |     await loginPage.navigateToLogin();
    >  8 |     await loginPage.loginWithUser(testData.users.student);
         |                                            ^
       9 |     await dashboardPage.waitForDashboardLoad();
      10 |   });
      11 |
        at E:\test-project-app\tests\playwright\auth\logout.spec.ts:8:44

    attachment #1: screenshot (image/png) ──────────────────────────────────────────────────────────
    ..\..\test-results\auth-logout-Authentication-8e31a-successfully-from-user-menu-chromium\test-failed-1.png
    ────────────────────────────────────────────────────────────────────────────────────────────────

    attachment #2: video (video/webm) ──────────────────────────────────────────────────────────────
    ..\..\test-results\auth-logout-Authentication-8e31a-successfully-from-user-menu-chromium\video.webm
    ────────────────────────────────────────────────────────────────────────────────────────────────

    Error Context: ..\..\test-results\auth-logout-Authentication-8e31a-successfully-from-user-menu-chromium\error-context.md
]]>
</failure>
<system-out>
<![CDATA[
[[ATTACHMENT|test-results\auth-logout-Authentication-8e31a-successfully-from-user-menu-chromium\test-failed-1.png]]

[[ATTACHMENT|test-results\auth-logout-Authentication-8e31a-successfully-from-user-menu-chromium\video.webm]]

[[ATTACHMENT|test-results\auth-logout-Authentication-8e31a-successfully-from-user-menu-chromium\error-context.md]]
]]>
</system-out>
</testcase>
<testcase name="Authentication - Logout › should logout successfully from logout button" classname="auth\logout.spec.ts" time="2.887">
<failure message="logout.spec.ts:17:7 should logout successfully from logout button" type="FAILURE">
<![CDATA[  [chromium] › auth\logout.spec.ts:17:7 › Authentication - Logout › should logout successfully from logout button 

    TypeError: Cannot read properties of undefined (reading 'users')

       6 |     // Login before each test
       7 |     await loginPage.navigateToLogin();
    >  8 |     await loginPage.loginWithUser(testData.users.student);
         |                                            ^
       9 |     await dashboardPage.waitForDashboardLoad();
      10 |   });
      11 |
        at E:\test-project-app\tests\playwright\auth\logout.spec.ts:8:44

    attachment #1: screenshot (image/png) ──────────────────────────────────────────────────────────
    ..\..\test-results\auth-logout-Authentication-84d2e-essfully-from-logout-button-chromium\test-failed-1.png
    ────────────────────────────────────────────────────────────────────────────────────────────────

    attachment #2: video (video/webm) ──────────────────────────────────────────────────────────────
    ..\..\test-results\auth-logout-Authentication-84d2e-essfully-from-logout-button-chromium\video.webm
    ────────────────────────────────────────────────────────────────────────────────────────────────

    Error Context: ..\..\test-results\auth-logout-Authentication-84d2e-essfully-from-logout-button-chromium\error-context.md
]]>
</failure>
<system-out>
<![CDATA[
[[ATTACHMENT|test-results\auth-logout-Authentication-84d2e-essfully-from-logout-button-chromium\test-failed-1.png]]

[[ATTACHMENT|test-results\auth-logout-Authentication-84d2e-essfully-from-logout-button-chromium\video.webm]]

[[ATTACHMENT|test-results\auth-logout-Authentication-84d2e-essfully-from-logout-button-chromium\error-context.md]]
]]>
</system-out>
</testcase>
<testcase name="Authentication - Logout › should clear session data after logout" classname="auth\logout.spec.ts" time="2.575">
<failure message="logout.spec.ts:23:7 should clear session data after logout" type="FAILURE">
<![CDATA[  [chromium] › auth\logout.spec.ts:23:7 › Authentication - Logout › should clear session data after logout 

    TypeError: Cannot read properties of undefined (reading 'users')

       6 |     // Login before each test
       7 |     await loginPage.navigateToLogin();
    >  8 |     await loginPage.loginWithUser(testData.users.student);
         |                                            ^
       9 |     await dashboardPage.waitForDashboardLoad();
      10 |   });
      11 |
        at E:\test-project-app\tests\playwright\auth\logout.spec.ts:8:44

    attachment #1: screenshot (image/png) ──────────────────────────────────────────────────────────
    ..\..\test-results\auth-logout-Authentication-dab19-r-session-data-after-logout-chromium\test-failed-1.png
    ────────────────────────────────────────────────────────────────────────────────────────────────

    attachment #2: video (video/webm) ──────────────────────────────────────────────────────────────
    ..\..\test-results\auth-logout-Authentication-dab19-r-session-data-after-logout-chromium\video.webm
    ────────────────────────────────────────────────────────────────────────────────────────────────

    Error Context: ..\..\test-results\auth-logout-Authentication-dab19-r-session-data-after-logout-chromium\error-context.md
]]>
</failure>
<system-out>
<![CDATA[
[[ATTACHMENT|test-results\auth-logout-Authentication-dab19-r-session-data-after-logout-chromium\test-failed-1.png]]

[[ATTACHMENT|test-results\auth-logout-Authentication-dab19-r-session-data-after-logout-chromium\video.webm]]

[[ATTACHMENT|test-results\auth-logout-Authentication-dab19-r-session-data-after-logout-chromium\error-context.md]]
]]>
</system-out>
</testcase>
<testcase name="Authentication - Logout › should redirect to login page when accessing protected routes after logout" classname="auth\logout.spec.ts" time="2.474">
<failure message="logout.spec.ts:29:7 should redirect to login page when accessing protected routes after logout" type="FAILURE">
<![CDATA[  [chromium] › auth\logout.spec.ts:29:7 › Authentication - Logout › should redirect to login page when accessing protected routes after logout 

    TypeError: Cannot read properties of undefined (reading 'users')

       6 |     // Login before each test
       7 |     await loginPage.navigateToLogin();
    >  8 |     await loginPage.loginWithUser(testData.users.student);
         |                                            ^
       9 |     await dashboardPage.waitForDashboardLoad();
      10 |   });
      11 |
        at E:\test-project-app\tests\playwright\auth\logout.spec.ts:8:44

    attachment #1: screenshot (image/png) ──────────────────────────────────────────────────────────
    ..\..\test-results\auth-logout-Authentication-9525d-otected-routes-after-logout-chromium\test-failed-1.png
    ────────────────────────────────────────────────────────────────────────────────────────────────

    attachment #2: video (video/webm) ──────────────────────────────────────────────────────────────
    ..\..\test-results\auth-logout-Authentication-9525d-otected-routes-after-logout-chromium\video.webm
    ────────────────────────────────────────────────────────────────────────────────────────────────

    Error Context: ..\..\test-results\auth-logout-Authentication-9525d-otected-routes-after-logout-chromium\error-context.md
]]>
</failure>
<system-out>
<![CDATA[
[[ATTACHMENT|test-results\auth-logout-Authentication-9525d-otected-routes-after-logout-chromium\test-failed-1.png]]

[[ATTACHMENT|test-results\auth-logout-Authentication-9525d-otected-routes-after-logout-chromium\video.webm]]

[[ATTACHMENT|test-results\auth-logout-Authentication-9525d-otected-routes-after-logout-chromium\error-context.md]]
]]>
</system-out>
</testcase>
<testcase name="Authentication - Logout › should show logout confirmation dialog" classname="auth\logout.spec.ts" time="2.637">
<failure message="logout.spec.ts:43:7 should show logout confirmation dialog" type="FAILURE">
<![CDATA[  [chromium] › auth\logout.spec.ts:43:7 › Authentication - Logout › should show logout confirmation dialog 

    TypeError: Cannot read properties of undefined (reading 'users')

       6 |     // Login before each test
       7 |     await loginPage.navigateToLogin();
    >  8 |     await loginPage.loginWithUser(testData.users.student);
         |                                            ^
       9 |     await dashboardPage.waitForDashboardLoad();
      10 |   });
      11 |
        at E:\test-project-app\tests\playwright\auth\logout.spec.ts:8:44

    attachment #1: screenshot (image/png) ──────────────────────────────────────────────────────────
    ..\..\test-results\auth-logout-Authentication-63b03--logout-confirmation-dialog-chromium\test-failed-1.png
    ────────────────────────────────────────────────────────────────────────────────────────────────

    attachment #2: video (video/webm) ──────────────────────────────────────────────────────────────
    ..\..\test-results\auth-logout-Authentication-63b03--logout-confirmation-dialog-chromium\video.webm
    ────────────────────────────────────────────────────────────────────────────────────────────────

    Error Context: ..\..\test-results\auth-logout-Authentication-63b03--logout-confirmation-dialog-chromium\error-context.md
]]>
</failure>
<system-out>
<![CDATA[
[[ATTACHMENT|test-results\auth-logout-Authentication-63b03--logout-confirmation-dialog-chromium\test-failed-1.png]]

[[ATTACHMENT|test-results\auth-logout-Authentication-63b03--logout-confirmation-dialog-chromium\video.webm]]

[[ATTACHMENT|test-results\auth-logout-Authentication-63b03--logout-confirmation-dialog-chromium\error-context.md]]
]]>
</system-out>
</testcase>
<testcase name="Authentication - Logout › should cancel logout when confirmation is dismissed" classname="auth\logout.spec.ts" time="3.018">
<failure message="logout.spec.ts:52:7 should cancel logout when confirmation is dismissed" type="FAILURE">
<![CDATA[  [chromium] › auth\logout.spec.ts:52:7 › Authentication - Logout › should cancel logout when confirmation is dismissed 

    TypeError: Cannot read properties of undefined (reading 'users')

       6 |     // Login before each test
       7 |     await loginPage.navigateToLogin();
    >  8 |     await loginPage.loginWithUser(testData.users.student);
         |                                            ^
       9 |     await dashboardPage.waitForDashboardLoad();
      10 |   });
      11 |
        at E:\test-project-app\tests\playwright\auth\logout.spec.ts:8:44

    attachment #1: screenshot (image/png) ──────────────────────────────────────────────────────────
    ..\..\test-results\auth-logout-Authentication-b7146-n-confirmation-is-dismissed-chromium\test-failed-1.png
    ────────────────────────────────────────────────────────────────────────────────────────────────

    attachment #2: video (video/webm) ──────────────────────────────────────────────────────────────
    ..\..\test-results\auth-logout-Authentication-b7146-n-confirmation-is-dismissed-chromium\video.webm
    ────────────────────────────────────────────────────────────────────────────────────────────────

    Error Context: ..\..\test-results\auth-logout-Authentication-b7146-n-confirmation-is-dismissed-chromium\error-context.md
]]>
</failure>
<system-out>
<![CDATA[
[[ATTACHMENT|test-results\auth-logout-Authentication-b7146-n-confirmation-is-dismissed-chromium\test-failed-1.png]]

[[ATTACHMENT|test-results\auth-logout-Authentication-b7146-n-confirmation-is-dismissed-chromium\video.webm]]

[[ATTACHMENT|test-results\auth-logout-Authentication-b7146-n-confirmation-is-dismissed-chromium\error-context.md]]
]]>
</system-out>
</testcase>
<testcase name="Authentication - Logout › should logout from multiple tabs" classname="auth\logout.spec.ts" time="2.882">
<failure message="logout.spec.ts:63:7 should logout from multiple tabs" type="FAILURE">
<![CDATA[  [chromium] › auth\logout.spec.ts:63:7 › Authentication - Logout › should logout from multiple tabs 

    TypeError: Cannot read properties of undefined (reading 'users')

       6 |     // Login before each test
       7 |     await loginPage.navigateToLogin();
    >  8 |     await loginPage.loginWithUser(testData.users.student);
         |                                            ^
       9 |     await dashboardPage.waitForDashboardLoad();
      10 |   });
      11 |
        at E:\test-project-app\tests\playwright\auth\logout.spec.ts:8:44

    attachment #1: screenshot (image/png) ──────────────────────────────────────────────────────────
    ..\..\test-results\auth-logout-Authentication-e142e-d-logout-from-multiple-tabs-chromium\test-failed-1.png
    ────────────────────────────────────────────────────────────────────────────────────────────────

    attachment #2: video (video/webm) ──────────────────────────────────────────────────────────────
    ..\..\test-results\auth-logout-Authentication-e142e-d-logout-from-multiple-tabs-chromium\video.webm
    ────────────────────────────────────────────────────────────────────────────────────────────────

    Error Context: ..\..\test-results\auth-logout-Authentication-e142e-d-logout-from-multiple-tabs-chromium\error-context.md
]]>
</failure>
<system-out>
<![CDATA[
[[ATTACHMENT|test-results\auth-logout-Authentication-e142e-d-logout-from-multiple-tabs-chromium\test-failed-1.png]]

[[ATTACHMENT|test-results\auth-logout-Authentication-e142e-d-logout-from-multiple-tabs-chromium\video.webm]]

[[ATTACHMENT|test-results\auth-logout-Authentication-e142e-d-logout-from-multiple-tabs-chromium\error-context.md]]
]]>
</system-out>
</testcase>
<testcase name="Authentication - Logout › should handle logout with pending requests" classname="auth\logout.spec.ts" time="2.628">
<failure message="logout.spec.ts:78:7 should handle logout with pending requests" type="FAILURE">
<![CDATA[  [chromium] › auth\logout.spec.ts:78:7 › Authentication - Logout › should handle logout with pending requests 

    TypeError: Cannot read properties of undefined (reading 'users')

       6 |     // Login before each test
       7 |     await loginPage.navigateToLogin();
    >  8 |     await loginPage.loginWithUser(testData.users.student);
         |                                            ^
       9 |     await dashboardPage.waitForDashboardLoad();
      10 |   });
      11 |
        at E:\test-project-app\tests\playwright\auth\logout.spec.ts:8:44

    attachment #1: screenshot (image/png) ──────────────────────────────────────────────────────────
    ..\..\test-results\auth-logout-Authentication-fa2b0-ogout-with-pending-requests-chromium\test-failed-1.png
    ────────────────────────────────────────────────────────────────────────────────────────────────

    attachment #2: video (video/webm) ──────────────────────────────────────────────────────────────
    ..\..\test-results\auth-logout-Authentication-fa2b0-ogout-with-pending-requests-chromium\video.webm
    ────────────────────────────────────────────────────────────────────────────────────────────────

    Error Context: ..\..\test-results\auth-logout-Authentication-fa2b0-ogout-with-pending-requests-chromium\error-context.md
]]>
</failure>
<system-out>
<![CDATA[
[[ATTACHMENT|test-results\auth-logout-Authentication-fa2b0-ogout-with-pending-requests-chromium\test-failed-1.png]]

[[ATTACHMENT|test-results\auth-logout-Authentication-fa2b0-ogout-with-pending-requests-chromium\video.webm]]

[[ATTACHMENT|test-results\auth-logout-Authentication-fa2b0-ogout-with-pending-requests-chromium\error-context.md]]
]]>
</system-out>
</testcase>
<testcase name="Authentication - Logout › should clear local storage on logout" classname="auth\logout.spec.ts" time="2.593">
<failure message="logout.spec.ts:89:7 should clear local storage on logout" type="FAILURE">
<![CDATA[  [chromium] › auth\logout.spec.ts:89:7 › Authentication - Logout › should clear local storage on logout 

    TypeError: Cannot read properties of undefined (reading 'users')

       6 |     // Login before each test
       7 |     await loginPage.navigateToLogin();
    >  8 |     await loginPage.loginWithUser(testData.users.student);
         |                                            ^
       9 |     await dashboardPage.waitForDashboardLoad();
      10 |   });
      11 |
        at E:\test-project-app\tests\playwright\auth\logout.spec.ts:8:44

    attachment #1: screenshot (image/png) ──────────────────────────────────────────────────────────
    ..\..\test-results\auth-logout-Authentication-d48fc-ear-local-storage-on-logout-chromium\test-failed-1.png
    ────────────────────────────────────────────────────────────────────────────────────────────────

    attachment #2: video (video/webm) ──────────────────────────────────────────────────────────────
    ..\..\test-results\auth-logout-Authentication-d48fc-ear-local-storage-on-logout-chromium\video.webm
    ────────────────────────────────────────────────────────────────────────────────────────────────

    Error Context: ..\..\test-results\auth-logout-Authentication-d48fc-ear-local-storage-on-logout-chromium\error-context.md
]]>
</failure>
<system-out>
<![CDATA[
[[ATTACHMENT|test-results\auth-logout-Authentication-d48fc-ear-local-storage-on-logout-chromium\test-failed-1.png]]

[[ATTACHMENT|test-results\auth-logout-Authentication-d48fc-ear-local-storage-on-logout-chromium\video.webm]]

[[ATTACHMENT|test-results\auth-logout-Authentication-d48fc-ear-local-storage-on-logout-chromium\error-context.md]]
]]>
</system-out>
</testcase>
<testcase name="Authentication - Logout › should clear session storage on logout" classname="auth\logout.spec.ts" time="3.473">
<failure message="logout.spec.ts:106:7 should clear session storage on logout" type="FAILURE">
<![CDATA[  [chromium] › auth\logout.spec.ts:106:7 › Authentication - Logout › should clear session storage on logout 

    TypeError: Cannot read properties of undefined (reading 'users')

       6 |     // Login before each test
       7 |     await loginPage.navigateToLogin();
    >  8 |     await loginPage.loginWithUser(testData.users.student);
         |                                            ^
       9 |     await dashboardPage.waitForDashboardLoad();
      10 |   });
      11 |
        at E:\test-project-app\tests\playwright\auth\logout.spec.ts:8:44

    attachment #1: screenshot (image/png) ──────────────────────────────────────────────────────────
    ..\..\test-results\auth-logout-Authentication-49f87-r-session-storage-on-logout-chromium\test-failed-1.png
    ────────────────────────────────────────────────────────────────────────────────────────────────

    attachment #2: video (video/webm) ──────────────────────────────────────────────────────────────
    ..\..\test-results\auth-logout-Authentication-49f87-r-session-storage-on-logout-chromium\video.webm
    ────────────────────────────────────────────────────────────────────────────────────────────────

    Error Context: ..\..\test-results\auth-logout-Authentication-49f87-r-session-storage-on-logout-chromium\error-context.md
]]>
</failure>
<system-out>
<![CDATA[
[[ATTACHMENT|test-results\auth-logout-Authentication-49f87-r-session-storage-on-logout-chromium\test-failed-1.png]]

[[ATTACHMENT|test-results\auth-logout-Authentication-49f87-r-session-storage-on-logout-chromium\video.webm]]

[[ATTACHMENT|test-results\auth-logout-Authentication-49f87-r-session-storage-on-logout-chromium\error-context.md]]
]]>
</system-out>
</testcase>
<testcase name="Authentication - Logout › should handle logout with unsaved changes" classname="auth\logout.spec.ts" time="5.08">
<failure message="logout.spec.ts:123:7 should handle logout with unsaved changes" type="FAILURE">
<![CDATA[  [chromium] › auth\logout.spec.ts:123:7 › Authentication - Logout › should handle logout with unsaved changes 

    TypeError: Cannot read properties of undefined (reading 'users')

       6 |     // Login before each test
       7 |     await loginPage.navigateToLogin();
    >  8 |     await loginPage.loginWithUser(testData.users.student);
         |                                            ^
       9 |     await dashboardPage.waitForDashboardLoad();
      10 |   });
      11 |
        at E:\test-project-app\tests\playwright\auth\logout.spec.ts:8:44

    attachment #1: screenshot (image/png) ──────────────────────────────────────────────────────────
    ..\..\test-results\auth-logout-Authentication-bb173-logout-with-unsaved-changes-chromium\test-failed-1.png
    ────────────────────────────────────────────────────────────────────────────────────────────────

    attachment #2: video (video/webm) ──────────────────────────────────────────────────────────────
    ..\..\test-results\auth-logout-Authentication-bb173-logout-with-unsaved-changes-chromium\video.webm
    ────────────────────────────────────────────────────────────────────────────────────────────────

    Error Context: ..\..\test-results\auth-logout-Authentication-bb173-logout-with-unsaved-changes-chromium\error-context.md
]]>
</failure>
<system-out>
<![CDATA[
[[ATTACHMENT|test-results\auth-logout-Authentication-bb173-logout-with-unsaved-changes-chromium\test-failed-1.png]]

[[ATTACHMENT|test-results\auth-logout-Authentication-bb173-logout-with-unsaved-changes-chromium\video.webm]]

[[ATTACHMENT|test-results\auth-logout-Authentication-bb173-logout-with-unsaved-changes-chromium\error-context.md]]
]]>
</system-out>
</testcase>
<testcase name="Authentication - Logout › should logout automatically on session timeout" classname="auth\logout.spec.ts" time="5.401">
<failure message="logout.spec.ts:135:7 should logout automatically on session timeout" type="FAILURE">
<![CDATA[  [chromium] › auth\logout.spec.ts:135:7 › Authentication - Logout › should logout automatically on session timeout 

    TypeError: Cannot read properties of undefined (reading 'users')

       6 |     // Login before each test
       7 |     await loginPage.navigateToLogin();
    >  8 |     await loginPage.loginWithUser(testData.users.student);
         |                                            ^
       9 |     await dashboardPage.waitForDashboardLoad();
      10 |   });
      11 |
        at E:\test-project-app\tests\playwright\auth\logout.spec.ts:8:44

    attachment #1: screenshot (image/png) ──────────────────────────────────────────────────────────
    ..\..\test-results\auth-logout-Authentication-1bb7f-atically-on-session-timeout-chromium\test-failed-1.png
    ────────────────────────────────────────────────────────────────────────────────────────────────

    attachment #2: video (video/webm) ──────────────────────────────────────────────────────────────
    ..\..\test-results\auth-logout-Authentication-1bb7f-atically-on-session-timeout-chromium\video.webm
    ────────────────────────────────────────────────────────────────────────────────────────────────

    Error Context: ..\..\test-results\auth-logout-Authentication-1bb7f-atically-on-session-timeout-chromium\error-context.md
]]>
</failure>
<system-out>
<![CDATA[
[[ATTACHMENT|test-results\auth-logout-Authentication-1bb7f-atically-on-session-timeout-chromium\test-failed-1.png]]

[[ATTACHMENT|test-results\auth-logout-Authentication-1bb7f-atically-on-session-timeout-chromium\video.webm]]

[[ATTACHMENT|test-results\auth-logout-Authentication-1bb7f-atically-on-session-timeout-chromium\error-context.md]]
]]>
</system-out>
</testcase>
<testcase name="Authentication - Logout › should show appropriate message after logout" classname="auth\logout.spec.ts" time="5.056">
<failure message="logout.spec.ts:151:7 should show appropriate message after logout" type="FAILURE">
<![CDATA[  [chromium] › auth\logout.spec.ts:151:7 › Authentication - Logout › should show appropriate message after logout 

    TypeError: Cannot read properties of undefined (reading 'users')

       6 |     // Login before each test
       7 |     await loginPage.navigateToLogin();
    >  8 |     await loginPage.loginWithUser(testData.users.student);
         |                                            ^
       9 |     await dashboardPage.waitForDashboardLoad();
      10 |   });
      11 |
        at E:\test-project-app\tests\playwright\auth\logout.spec.ts:8:44

    attachment #1: screenshot (image/png) ──────────────────────────────────────────────────────────
    ..\..\test-results\auth-logout-Authentication-e03f8-priate-message-after-logout-chromium\test-failed-1.png
    ────────────────────────────────────────────────────────────────────────────────────────────────

    attachment #2: video (video/webm) ──────────────────────────────────────────────────────────────
    ..\..\test-results\auth-logout-Authentication-e03f8-priate-message-after-logout-chromium\video.webm
    ────────────────────────────────────────────────────────────────────────────────────────────────

    Error Context: ..\..\test-results\auth-logout-Authentication-e03f8-priate-message-after-logout-chromium\error-context.md
]]>
</failure>
<system-out>
<![CDATA[
[[ATTACHMENT|test-results\auth-logout-Authentication-e03f8-priate-message-after-logout-chromium\test-failed-1.png]]

[[ATTACHMENT|test-results\auth-logout-Authentication-e03f8-priate-message-after-logout-chromium\video.webm]]

[[ATTACHMENT|test-results\auth-logout-Authentication-e03f8-priate-message-after-logout-chromium\error-context.md]]
]]>
</system-out>
</testcase>
<testcase name="Authentication - Logout › should handle logout with active WebSocket connections" classname="auth\logout.spec.ts" time="3.8">
<failure message="logout.spec.ts:156:7 should handle logout with active WebSocket connections" type="FAILURE">
<![CDATA[  [chromium] › auth\logout.spec.ts:156:7 › Authentication - Logout › should handle logout with active WebSocket connections 

    TypeError: Cannot read properties of undefined (reading 'users')

       6 |     // Login before each test
       7 |     await loginPage.navigateToLogin();
    >  8 |     await loginPage.loginWithUser(testData.users.student);
         |                                            ^
       9 |     await dashboardPage.waitForDashboardLoad();
      10 |   });
      11 |
        at E:\test-project-app\tests\playwright\auth\logout.spec.ts:8:44

    attachment #1: screenshot (image/png) ──────────────────────────────────────────────────────────
    ..\..\test-results\auth-logout-Authentication-1821c-ctive-WebSocket-connections-chromium\test-failed-1.png
    ────────────────────────────────────────────────────────────────────────────────────────────────

    attachment #2: video (video/webm) ──────────────────────────────────────────────────────────────
    ..\..\test-results\auth-logout-Authentication-1821c-ctive-WebSocket-connections-chromium\video.webm
    ────────────────────────────────────────────────────────────────────────────────────────────────

    Error Context: ..\..\test-results\auth-logout-Authentication-1821c-ctive-WebSocket-connections-chromium\error-context.md
]]>
</failure>
<system-out>
<![CDATA[
[[ATTACHMENT|test-results\auth-logout-Authentication-1821c-ctive-WebSocket-connections-chromium\test-failed-1.png]]

[[ATTACHMENT|test-results\auth-logout-Authentication-1821c-ctive-WebSocket-connections-chromium\video.webm]]

[[ATTACHMENT|test-results\auth-logout-Authentication-1821c-ctive-WebSocket-connections-chromium\error-context.md]]
]]>
</system-out>
</testcase>
<testcase name="Authentication - Logout › should handle logout with file uploads in progress" classname="auth\logout.spec.ts" time="3.177">
<failure message="logout.spec.ts:173:7 should handle logout with file uploads in progress" type="FAILURE">
<![CDATA[  [chromium] › auth\logout.spec.ts:173:7 › Authentication - Logout › should handle logout with file uploads in progress 

    TypeError: Cannot read properties of undefined (reading 'users')

       6 |     // Login before each test
       7 |     await loginPage.navigateToLogin();
    >  8 |     await loginPage.loginWithUser(testData.users.student);
         |                                            ^
       9 |     await dashboardPage.waitForDashboardLoad();
      10 |   });
      11 |
        at E:\test-project-app\tests\playwright\auth\logout.spec.ts:8:44

    attachment #1: screenshot (image/png) ──────────────────────────────────────────────────────────
    ..\..\test-results\auth-logout-Authentication-d885d-th-file-uploads-in-progress-chromium\test-failed-1.png
    ────────────────────────────────────────────────────────────────────────────────────────────────

    attachment #2: video (video/webm) ──────────────────────────────────────────────────────────────
    ..\..\test-results\auth-logout-Authentication-d885d-th-file-uploads-in-progress-chromium\video.webm
    ────────────────────────────────────────────────────────────────────────────────────────────────

    Error Context: ..\..\test-results\auth-logout-Authentication-d885d-th-file-uploads-in-progress-chromium\error-context.md
]]>
</failure>
<system-out>
<![CDATA[
[[ATTACHMENT|test-results\auth-logout-Authentication-d885d-th-file-uploads-in-progress-chromium\test-failed-1.png]]

[[ATTACHMENT|test-results\auth-logout-Authentication-d885d-th-file-uploads-in-progress-chromium\video.webm]]

[[ATTACHMENT|test-results\auth-logout-Authentication-d885d-th-file-uploads-in-progress-chromium\error-context.md]]
]]>
</system-out>
</testcase>
<testcase name="Authentication - Logout › should handle logout with notifications" classname="auth\logout.spec.ts" time="3.021">
<failure message="logout.spec.ts:185:7 should handle logout with notifications" type="FAILURE">
<![CDATA[  [chromium] › auth\logout.spec.ts:185:7 › Authentication - Logout › should handle logout with notifications 

    TypeError: Cannot read properties of undefined (reading 'users')

       6 |     // Login before each test
       7 |     await loginPage.navigateToLogin();
    >  8 |     await loginPage.loginWithUser(testData.users.student);
         |                                            ^
       9 |     await dashboardPage.waitForDashboardLoad();
      10 |   });
      11 |
        at E:\test-project-app\tests\playwright\auth\logout.spec.ts:8:44

    attachment #1: screenshot (image/png) ──────────────────────────────────────────────────────────
    ..\..\test-results\auth-logout-Authentication-b0f2c-e-logout-with-notifications-chromium\test-failed-1.png
    ────────────────────────────────────────────────────────────────────────────────────────────────

    attachment #2: video (video/webm) ──────────────────────────────────────────────────────────────
    ..\..\test-results\auth-logout-Authentication-b0f2c-e-logout-with-notifications-chromium\video.webm
    ────────────────────────────────────────────────────────────────────────────────────────────────

    Error Context: ..\..\test-results\auth-logout-Authentication-b0f2c-e-logout-with-notifications-chromium\error-context.md
]]>
</failure>
<system-out>
<![CDATA[
[[ATTACHMENT|test-results\auth-logout-Authentication-b0f2c-e-logout-with-notifications-chromium\test-failed-1.png]]

[[ATTACHMENT|test-results\auth-logout-Authentication-b0f2c-e-logout-with-notifications-chromium\video.webm]]

[[ATTACHMENT|test-results\auth-logout-Authentication-b0f2c-e-logout-with-notifications-chromium\error-context.md]]
]]>
</system-out>
</testcase>
</testsuite>
<testsuite name="events\events-crud.spec.ts" timestamp="2026-02-20T03:52:25.301Z" hostname="chromium" tests="22" failures="22" skipped="0" time="38.205" errors="0">
<testcase name="Events - CRUD Operations › Event Creation › should create a new event successfully" classname="events\events-crud.spec.ts" time="1.748">
<failure message="events-crud.spec.ts:20:9 should create a new event successfully" type="FAILURE">
<![CDATA[  [chromium] › events\events-crud.spec.ts:20:9 › Events - CRUD Operations › Event Creation › should create a new event successfully 

    TypeError: Cannot read properties of undefined (reading 'users')

      11 |     // Login as admin to perform CRUD operations
      12 |     await page.goto('/login');
    > 13 |     await page.fill('input[name="username"], input[type="email"]', testData.users.admin.email);
         |                                                                             ^
      14 |     await page.fill('input[name="password"], input[type="password"]', testData.users.admin.password);
      15 |     await page.click('button[type="submit"], button:has-text("Login")');
      16 |     await page.waitForLoadState('networkidle');
        at E:\test-project-app\tests\playwright\events\events-crud.spec.ts:13:77

    attachment #1: screenshot (image/png) ──────────────────────────────────────────────────────────
    ..\..\test-results\events-events-crud-Events--b50a0-te-a-new-event-successfully-chromium\test-failed-1.png
    ────────────────────────────────────────────────────────────────────────────────────────────────

    attachment #2: video (video/webm) ──────────────────────────────────────────────────────────────
    ..\..\test-results\events-events-crud-Events--b50a0-te-a-new-event-successfully-chromium\video.webm
    ────────────────────────────────────────────────────────────────────────────────────────────────

    Error Context: ..\..\test-results\events-events-crud-Events--b50a0-te-a-new-event-successfully-chromium\error-context.md
]]>
</failure>
<system-out>
<![CDATA[
[[ATTACHMENT|test-results\events-events-crud-Events--b50a0-te-a-new-event-successfully-chromium\test-failed-1.png]]

[[ATTACHMENT|test-results\events-events-crud-Events--b50a0-te-a-new-event-successfully-chromium\video.webm]]

[[ATTACHMENT|test-results\events-events-crud-Events--b50a0-te-a-new-event-successfully-chromium\error-context.md]]
]]>
</system-out>
</testcase>
<testcase name="Events - CRUD Operations › Event Creation › should validate required fields in event form" classname="events\events-crud.spec.ts" time="1.704">
<failure message="events-crud.spec.ts:32:9 should validate required fields in event form" type="FAILURE">
<![CDATA[  [chromium] › events\events-crud.spec.ts:32:9 › Events - CRUD Operations › Event Creation › should validate required fields in event form 

    TypeError: Cannot read properties of undefined (reading 'users')

      11 |     // Login as admin to perform CRUD operations
      12 |     await page.goto('/login');
    > 13 |     await page.fill('input[name="username"], input[type="email"]', testData.users.admin.email);
         |                                                                             ^
      14 |     await page.fill('input[name="password"], input[type="password"]', testData.users.admin.password);
      15 |     await page.click('button[type="submit"], button:has-text("Login")');
      16 |     await page.waitForLoadState('networkidle');
        at E:\test-project-app\tests\playwright\events\events-crud.spec.ts:13:77

    attachment #1: screenshot (image/png) ──────────────────────────────────────────────────────────
    ..\..\test-results\events-events-crud-Events--8fcf1-quired-fields-in-event-form-chromium\test-failed-1.png
    ────────────────────────────────────────────────────────────────────────────────────────────────

    attachment #2: video (video/webm) ──────────────────────────────────────────────────────────────
    ..\..\test-results\events-events-crud-Events--8fcf1-quired-fields-in-event-form-chromium\video.webm
    ────────────────────────────────────────────────────────────────────────────────────────────────

    Error Context: ..\..\test-results\events-events-crud-Events--8fcf1-quired-fields-in-event-form-chromium\error-context.md
]]>
</failure>
<system-out>
<![CDATA[
[[ATTACHMENT|test-results\events-events-crud-Events--8fcf1-quired-fields-in-event-form-chromium\test-failed-1.png]]

[[ATTACHMENT|test-results\events-events-crud-Events--8fcf1-quired-fields-in-event-form-chromium\video.webm]]

[[ATTACHMENT|test-results\events-events-crud-Events--8fcf1-quired-fields-in-event-form-chromium\error-context.md]]
]]>
</system-out>
</testcase>
<testcase name="Events - CRUD Operations › Event Creation › should show error for duplicate event name" classname="events\events-crud.spec.ts" time="1.73">
<failure message="events-crud.spec.ts:43:9 should show error for duplicate event name" type="FAILURE">
<![CDATA[  [chromium] › events\events-crud.spec.ts:43:9 › Events - CRUD Operations › Event Creation › should show error for duplicate event name 

    TypeError: Cannot read properties of undefined (reading 'users')

      11 |     // Login as admin to perform CRUD operations
      12 |     await page.goto('/login');
    > 13 |     await page.fill('input[name="username"], input[type="email"]', testData.users.admin.email);
         |                                                                             ^
      14 |     await page.fill('input[name="password"], input[type="password"]', testData.users.admin.password);
      15 |     await page.click('button[type="submit"], button:has-text("Login")');
      16 |     await page.waitForLoadState('networkidle');
        at E:\test-project-app\tests\playwright\events\events-crud.spec.ts:13:77

    attachment #1: screenshot (image/png) ──────────────────────────────────────────────────────────
    ..\..\test-results\events-events-crud-Events--98946-or-for-duplicate-event-name-chromium\test-failed-1.png
    ────────────────────────────────────────────────────────────────────────────────────────────────

    attachment #2: video (video/webm) ──────────────────────────────────────────────────────────────
    ..\..\test-results\events-events-crud-Events--98946-or-for-duplicate-event-name-chromium\video.webm
    ────────────────────────────────────────────────────────────────────────────────────────────────

    Error Context: ..\..\test-results\events-events-crud-Events--98946-or-for-duplicate-event-name-chromium\error-context.md
]]>
</failure>
<system-out>
<![CDATA[
[[ATTACHMENT|test-results\events-events-crud-Events--98946-or-for-duplicate-event-name-chromium\test-failed-1.png]]

[[ATTACHMENT|test-results\events-events-crud-Events--98946-or-for-duplicate-event-name-chromium\video.webm]]

[[ATTACHMENT|test-results\events-events-crud-Events--98946-or-for-duplicate-event-name-chromium\error-context.md]]
]]>
</system-out>
</testcase>
<testcase name="Events - CRUD Operations › Event Creation › should validate date and time constraints" classname="events\events-crud.spec.ts" time="2.016">
<failure message="events-crud.spec.ts:59:9 should validate date and time constraints" type="FAILURE">
<![CDATA[  [chromium] › events\events-crud.spec.ts:59:9 › Events - CRUD Operations › Event Creation › should validate date and time constraints 

    TypeError: Cannot read properties of undefined (reading 'users')

      11 |     // Login as admin to perform CRUD operations
      12 |     await page.goto('/login');
    > 13 |     await page.fill('input[name="username"], input[type="email"]', testData.users.admin.email);
         |                                                                             ^
      14 |     await page.fill('input[name="password"], input[type="password"]', testData.users.admin.password);
      15 |     await page.click('button[type="submit"], button:has-text("Login")');
      16 |     await page.waitForLoadState('networkidle');
        at E:\test-project-app\tests\playwright\events\events-crud.spec.ts:13:77

    attachment #1: screenshot (image/png) ──────────────────────────────────────────────────────────
    ..\..\test-results\events-events-crud-Events--9ca43-e-date-and-time-constraints-chromium\test-failed-1.png
    ────────────────────────────────────────────────────────────────────────────────────────────────

    attachment #2: video (video/webm) ──────────────────────────────────────────────────────────────
    ..\..\test-results\events-events-crud-Events--9ca43-e-date-and-time-constraints-chromium\video.webm
    ────────────────────────────────────────────────────────────────────────────────────────────────

    Error Context: ..\..\test-results\events-events-crud-Events--9ca43-e-date-and-time-constraints-chromium\error-context.md
]]>
</failure>
<system-out>
<![CDATA[
[[ATTACHMENT|test-results\events-events-crud-Events--9ca43-e-date-and-time-constraints-chromium\test-failed-1.png]]

[[ATTACHMENT|test-results\events-events-crud-Events--9ca43-e-date-and-time-constraints-chromium\video.webm]]

[[ATTACHMENT|test-results\events-events-crud-Events--9ca43-e-date-and-time-constraints-chromium\error-context.md]]
]]>
</system-out>
</testcase>
<testcase name="Events - CRUD Operations › Event Creation › should validate max participants constraint" classname="events\events-crud.spec.ts" time="1.708">
<failure message="events-crud.spec.ts:74:9 should validate max participants constraint" type="FAILURE">
<![CDATA[  [chromium] › events\events-crud.spec.ts:74:9 › Events - CRUD Operations › Event Creation › should validate max participants constraint 

    TypeError: Cannot read properties of undefined (reading 'users')

      11 |     // Login as admin to perform CRUD operations
      12 |     await page.goto('/login');
    > 13 |     await page.fill('input[name="username"], input[type="email"]', testData.users.admin.email);
         |                                                                             ^
      14 |     await page.fill('input[name="password"], input[type="password"]', testData.users.admin.password);
      15 |     await page.click('button[type="submit"], button:has-text("Login")');
      16 |     await page.waitForLoadState('networkidle');
        at E:\test-project-app\tests\playwright\events\events-crud.spec.ts:13:77

    attachment #1: screenshot (image/png) ──────────────────────────────────────────────────────────
    ..\..\test-results\events-events-crud-Events--a854d-max-participants-constraint-chromium\test-failed-1.png
    ────────────────────────────────────────────────────────────────────────────────────────────────

    attachment #2: video (video/webm) ──────────────────────────────────────────────────────────────
    ..\..\test-results\events-events-crud-Events--a854d-max-participants-constraint-chromium\video.webm
    ────────────────────────────────────────────────────────────────────────────────────────────────

    Error Context: ..\..\test-results\events-events-crud-Events--a854d-max-participants-constraint-chromium\error-context.md
]]>
</failure>
<system-out>
<![CDATA[
[[ATTACHMENT|test-results\events-events-crud-Events--a854d-max-participants-constraint-chromium\test-failed-1.png]]

[[ATTACHMENT|test-results\events-events-crud-Events--a854d-max-participants-constraint-chromium\video.webm]]

[[ATTACHMENT|test-results\events-events-crud-Events--a854d-max-participants-constraint-chromium\error-context.md]]
]]>
</system-out>
</testcase>
<testcase name="Events - CRUD Operations › Event Reading › should display events list correctly" classname="events\events-crud.spec.ts" time="1.614">
<failure message="events-crud.spec.ts:90:9 should display events list correctly" type="FAILURE">
<![CDATA[  [chromium] › events\events-crud.spec.ts:90:9 › Events - CRUD Operations › Event Reading › should display events list correctly 

    TypeError: Cannot read properties of undefined (reading 'users')

      11 |     // Login as admin to perform CRUD operations
      12 |     await page.goto('/login');
    > 13 |     await page.fill('input[name="username"], input[type="email"]', testData.users.admin.email);
         |                                                                             ^
      14 |     await page.fill('input[name="password"], input[type="password"]', testData.users.admin.password);
      15 |     await page.click('button[type="submit"], button:has-text("Login")');
      16 |     await page.waitForLoadState('networkidle');
        at E:\test-project-app\tests\playwright\events\events-crud.spec.ts:13:77

    attachment #1: screenshot (image/png) ──────────────────────────────────────────────────────────
    ..\..\test-results\events-events-crud-Events--06697-splay-events-list-correctly-chromium\test-failed-1.png
    ────────────────────────────────────────────────────────────────────────────────────────────────

    attachment #2: video (video/webm) ──────────────────────────────────────────────────────────────
    ..\..\test-results\events-events-crud-Events--06697-splay-events-list-correctly-chromium\video.webm
    ────────────────────────────────────────────────────────────────────────────────────────────────

    Error Context: ..\..\test-results\events-events-crud-Events--06697-splay-events-list-correctly-chromium\error-context.md
]]>
</failure>
<system-out>
<![CDATA[
[[ATTACHMENT|test-results\events-events-crud-Events--06697-splay-events-list-correctly-chromium\test-failed-1.png]]

[[ATTACHMENT|test-results\events-events-crud-Events--06697-splay-events-list-correctly-chromium\video.webm]]

[[ATTACHMENT|test-results\events-events-crud-Events--06697-splay-events-list-correctly-chromium\error-context.md]]
]]>
</system-out>
</testcase>
<testcase name="Events - CRUD Operations › Event Reading › should show event details correctly" classname="events\events-crud.spec.ts" time="1.923">
<failure message="events-crud.spec.ts:102:9 should show event details correctly" type="FAILURE">
<![CDATA[  [chromium] › events\events-crud.spec.ts:102:9 › Events - CRUD Operations › Event Reading › should show event details correctly 

    TypeError: Cannot read properties of undefined (reading 'users')

      11 |     // Login as admin to perform CRUD operations
      12 |     await page.goto('/login');
    > 13 |     await page.fill('input[name="username"], input[type="email"]', testData.users.admin.email);
         |                                                                             ^
      14 |     await page.fill('input[name="password"], input[type="password"]', testData.users.admin.password);
      15 |     await page.click('button[type="submit"], button:has-text("Login")');
      16 |     await page.waitForLoadState('networkidle');
        at E:\test-project-app\tests\playwright\events\events-crud.spec.ts:13:77

    attachment #1: screenshot (image/png) ──────────────────────────────────────────────────────────
    ..\..\test-results\events-events-crud-Events--8acfd-how-event-details-correctly-chromium\test-failed-1.png
    ────────────────────────────────────────────────────────────────────────────────────────────────

    attachment #2: video (video/webm) ──────────────────────────────────────────────────────────────
    ..\..\test-results\events-events-crud-Events--8acfd-how-event-details-correctly-chromium\video.webm
    ────────────────────────────────────────────────────────────────────────────────────────────────

    Error Context: ..\..\test-results\events-events-crud-Events--8acfd-how-event-details-correctly-chromium\error-context.md
]]>
</failure>
<system-out>
<![CDATA[
[[ATTACHMENT|test-results\events-events-crud-Events--8acfd-how-event-details-correctly-chromium\test-failed-1.png]]

[[ATTACHMENT|test-results\events-events-crud-Events--8acfd-how-event-details-correctly-chromium\video.webm]]

[[ATTACHMENT|test-results\events-events-crud-Events--8acfd-how-event-details-correctly-chromium\error-context.md]]
]]>
</system-out>
</testcase>
<testcase name="Events - CRUD Operations › Event Reading › should support event search functionality" classname="events\events-crud.spec.ts" time="1.732">
<failure message="events-crud.spec.ts:113:9 should support event search functionality" type="FAILURE">
<![CDATA[  [chromium] › events\events-crud.spec.ts:113:9 › Events - CRUD Operations › Event Reading › should support event search functionality 

    TypeError: Cannot read properties of undefined (reading 'users')

      11 |     // Login as admin to perform CRUD operations
      12 |     await page.goto('/login');
    > 13 |     await page.fill('input[name="username"], input[type="email"]', testData.users.admin.email);
         |                                                                             ^
      14 |     await page.fill('input[name="password"], input[type="password"]', testData.users.admin.password);
      15 |     await page.click('button[type="submit"], button:has-text("Login")');
      16 |     await page.waitForLoadState('networkidle');
        at E:\test-project-app\tests\playwright\events\events-crud.spec.ts:13:77

    attachment #1: screenshot (image/png) ──────────────────────────────────────────────────────────
    ..\..\test-results\events-events-crud-Events--84363--event-search-functionality-chromium\test-failed-1.png
    ────────────────────────────────────────────────────────────────────────────────────────────────

    attachment #2: video (video/webm) ──────────────────────────────────────────────────────────────
    ..\..\test-results\events-events-crud-Events--84363--event-search-functionality-chromium\video.webm
    ────────────────────────────────────────────────────────────────────────────────────────────────

    Error Context: ..\..\test-results\events-events-crud-Events--84363--event-search-functionality-chromium\error-context.md
]]>
</failure>
<system-out>
<![CDATA[
[[ATTACHMENT|test-results\events-events-crud-Events--84363--event-search-functionality-chromium\test-failed-1.png]]

[[ATTACHMENT|test-results\events-events-crud-Events--84363--event-search-functionality-chromium\video.webm]]

[[ATTACHMENT|test-results\events-events-crud-Events--84363--event-search-functionality-chromium\error-context.md]]
]]>
</system-out>
</testcase>
<testcase name="Events - CRUD Operations › Event Reading › should support category filtering" classname="events\events-crud.spec.ts" time="1.842">
<failure message="events-crud.spec.ts:120:9 should support category filtering" type="FAILURE">
<![CDATA[  [chromium] › events\events-crud.spec.ts:120:9 › Events - CRUD Operations › Event Reading › should support category filtering 

    TypeError: Cannot read properties of undefined (reading 'users')

      11 |     // Login as admin to perform CRUD operations
      12 |     await page.goto('/login');
    > 13 |     await page.fill('input[name="username"], input[type="email"]', testData.users.admin.email);
         |                                                                             ^
      14 |     await page.fill('input[name="password"], input[type="password"]', testData.users.admin.password);
      15 |     await page.click('button[type="submit"], button:has-text("Login")');
      16 |     await page.waitForLoadState('networkidle');
        at E:\test-project-app\tests\playwright\events\events-crud.spec.ts:13:77

    attachment #1: screenshot (image/png) ──────────────────────────────────────────────────────────
    ..\..\test-results\events-events-crud-Events--7a120--support-category-filtering-chromium\test-failed-1.png
    ────────────────────────────────────────────────────────────────────────────────────────────────

    attachment #2: video (video/webm) ──────────────────────────────────────────────────────────────
    ..\..\test-results\events-events-crud-Events--7a120--support-category-filtering-chromium\video.webm
    ────────────────────────────────────────────────────────────────────────────────────────────────

    Error Context: ..\..\test-results\events-events-crud-Events--7a120--support-category-filtering-chromium\error-context.md
]]>
</failure>
<system-out>
<![CDATA[
[[ATTACHMENT|test-results\events-events-crud-Events--7a120--support-category-filtering-chromium\test-failed-1.png]]

[[ATTACHMENT|test-results\events-events-crud-Events--7a120--support-category-filtering-chromium\video.webm]]

[[ATTACHMENT|test-results\events-events-crud-Events--7a120--support-category-filtering-chromium\error-context.md]]
]]>
</system-out>
</testcase>
<testcase name="Events - CRUD Operations › Event Reading › should support date filtering" classname="events\events-crud.spec.ts" time="1.693">
<failure message="events-crud.spec.ts:127:9 should support date filtering" type="FAILURE">
<![CDATA[  [chromium] › events\events-crud.spec.ts:127:9 › Events - CRUD Operations › Event Reading › should support date filtering 

    TypeError: Cannot read properties of undefined (reading 'users')

      11 |     // Login as admin to perform CRUD operations
      12 |     await page.goto('/login');
    > 13 |     await page.fill('input[name="username"], input[type="email"]', testData.users.admin.email);
         |                                                                             ^
      14 |     await page.fill('input[name="password"], input[type="password"]', testData.users.admin.password);
      15 |     await page.click('button[type="submit"], button:has-text("Login")');
      16 |     await page.waitForLoadState('networkidle');
        at E:\test-project-app\tests\playwright\events\events-crud.spec.ts:13:77

    attachment #1: screenshot (image/png) ──────────────────────────────────────────────────────────
    ..\..\test-results\events-events-crud-Events--66785-ould-support-date-filtering-chromium\test-failed-1.png
    ────────────────────────────────────────────────────────────────────────────────────────────────

    attachment #2: video (video/webm) ──────────────────────────────────────────────────────────────
    ..\..\test-results\events-events-crud-Events--66785-ould-support-date-filtering-chromium\video.webm
    ────────────────────────────────────────────────────────────────────────────────────────────────

    Error Context: ..\..\test-results\events-events-crud-Events--66785-ould-support-date-filtering-chromium\error-context.md
]]>
</failure>
<system-out>
<![CDATA[
[[ATTACHMENT|test-results\events-events-crud-Events--66785-ould-support-date-filtering-chromium\test-failed-1.png]]

[[ATTACHMENT|test-results\events-events-crud-Events--66785-ould-support-date-filtering-chromium\video.webm]]

[[ATTACHMENT|test-results\events-events-crud-Events--66785-ould-support-date-filtering-chromium\error-context.md]]
]]>
</system-out>
</testcase>
<testcase name="Events - CRUD Operations › Event Reading › should support pagination" classname="events\events-crud.spec.ts" time="1.627">
<failure message="events-crud.spec.ts:134:9 should support pagination" type="FAILURE">
<![CDATA[  [chromium] › events\events-crud.spec.ts:134:9 › Events - CRUD Operations › Event Reading › should support pagination 

    TypeError: Cannot read properties of undefined (reading 'users')

      11 |     // Login as admin to perform CRUD operations
      12 |     await page.goto('/login');
    > 13 |     await page.fill('input[name="username"], input[type="email"]', testData.users.admin.email);
         |                                                                             ^
      14 |     await page.fill('input[name="password"], input[type="password"]', testData.users.admin.password);
      15 |     await page.click('button[type="submit"], button:has-text("Login")');
      16 |     await page.waitForLoadState('networkidle');
        at E:\test-project-app\tests\playwright\events\events-crud.spec.ts:13:77

    attachment #1: screenshot (image/png) ──────────────────────────────────────────────────────────
    ..\..\test-results\events-events-crud-Events--73d64-g-should-support-pagination-chromium\test-failed-1.png
    ────────────────────────────────────────────────────────────────────────────────────────────────

    attachment #2: video (video/webm) ──────────────────────────────────────────────────────────────
    ..\..\test-results\events-events-crud-Events--73d64-g-should-support-pagination-chromium\video.webm
    ────────────────────────────────────────────────────────────────────────────────────────────────

    Error Context: ..\..\test-results\events-events-crud-Events--73d64-g-should-support-pagination-chromium\error-context.md
]]>
</failure>
<system-out>
<![CDATA[
[[ATTACHMENT|test-results\events-events-crud-Events--73d64-g-should-support-pagination-chromium\test-failed-1.png]]

[[ATTACHMENT|test-results\events-events-crud-Events--73d64-g-should-support-pagination-chromium\video.webm]]

[[ATTACHMENT|test-results\events-events-crud-Events--73d64-g-should-support-pagination-chromium\error-context.md]]
]]>
</system-out>
</testcase>
<testcase name="Events - CRUD Operations › Event Updates › should update event successfully" classname="events\events-crud.spec.ts" time="1.611">
<failure message="events-crud.spec.ts:160:9 should update event successfully" type="FAILURE">
<![CDATA[  [chromium] › events\events-crud.spec.ts:160:9 › Events - CRUD Operations › Event Updates › should update event successfully 

    TypeError: Cannot read properties of undefined (reading 'users')

      11 |     // Login as admin to perform CRUD operations
      12 |     await page.goto('/login');
    > 13 |     await page.fill('input[name="username"], input[type="email"]', testData.users.admin.email);
         |                                                                             ^
      14 |     await page.fill('input[name="password"], input[type="password"]', testData.users.admin.password);
      15 |     await page.click('button[type="submit"], button:has-text("Login")');
      16 |     await page.waitForLoadState('networkidle');
        at E:\test-project-app\tests\playwright\events\events-crud.spec.ts:13:77

    attachment #1: screenshot (image/png) ──────────────────────────────────────────────────────────
    ..\..\test-results\events-events-crud-Events--a3d3f-d-update-event-successfully-chromium\test-failed-1.png
    ────────────────────────────────────────────────────────────────────────────────────────────────

    attachment #2: video (video/webm) ──────────────────────────────────────────────────────────────
    ..\..\test-results\events-events-crud-Events--a3d3f-d-update-event-successfully-chromium\video.webm
    ────────────────────────────────────────────────────────────────────────────────────────────────

    Error Context: ..\..\test-results\events-events-crud-Events--a3d3f-d-update-event-successfully-chromium\error-context.md
]]>
</failure>
<system-out>
<![CDATA[
[[ATTACHMENT|test-results\events-events-crud-Events--a3d3f-d-update-event-successfully-chromium\test-failed-1.png]]

[[ATTACHMENT|test-results\events-events-crud-Events--a3d3f-d-update-event-successfully-chromium\video.webm]]

[[ATTACHMENT|test-results\events-events-crud-Events--a3d3f-d-update-event-successfully-chromium\error-context.md]]
]]>
</system-out>
</testcase>
<testcase name="Events - CRUD Operations › Event Updates › should validate updated event data" classname="events\events-crud.spec.ts" time="1.895">
<failure message="events-crud.spec.ts:176:9 should validate updated event data" type="FAILURE">
<![CDATA[  [chromium] › events\events-crud.spec.ts:176:9 › Events - CRUD Operations › Event Updates › should validate updated event data 

    TypeError: Cannot read properties of undefined (reading 'users')

      11 |     // Login as admin to perform CRUD operations
      12 |     await page.goto('/login');
    > 13 |     await page.fill('input[name="username"], input[type="email"]', testData.users.admin.email);
         |                                                                             ^
      14 |     await page.fill('input[name="password"], input[type="password"]', testData.users.admin.password);
      15 |     await page.click('button[type="submit"], button:has-text("Login")');
      16 |     await page.waitForLoadState('networkidle');
        at E:\test-project-app\tests\playwright\events\events-crud.spec.ts:13:77

    attachment #1: screenshot (image/png) ──────────────────────────────────────────────────────────
    ..\..\test-results\events-events-crud-Events--a88fa-validate-updated-event-data-chromium\test-failed-1.png
    ────────────────────────────────────────────────────────────────────────────────────────────────

    attachment #2: video (video/webm) ──────────────────────────────────────────────────────────────
    ..\..\test-results\events-events-crud-Events--a88fa-validate-updated-event-data-chromium\video.webm
    ────────────────────────────────────────────────────────────────────────────────────────────────

    Error Context: ..\..\test-results\events-events-crud-Events--a88fa-validate-updated-event-data-chromium\error-context.md
]]>
</failure>
<system-out>
<![CDATA[
[[ATTACHMENT|test-results\events-events-crud-Events--a88fa-validate-updated-event-data-chromium\test-failed-1.png]]

[[ATTACHMENT|test-results\events-events-crud-Events--a88fa-validate-updated-event-data-chromium\video.webm]]

[[ATTACHMENT|test-results\events-events-crud-Events--a88fa-validate-updated-event-data-chromium\error-context.md]]
]]>
</system-out>
</testcase>
<testcase name="Events - CRUD Operations › Event Updates › should preserve unchanged fields during update" classname="events\events-crud.spec.ts" time="1.743">
<failure message="events-crud.spec.ts:191:9 should preserve unchanged fields during update" type="FAILURE">
<![CDATA[  [chromium] › events\events-crud.spec.ts:191:9 › Events - CRUD Operations › Event Updates › should preserve unchanged fields during update 

    TypeError: Cannot read properties of undefined (reading 'users')

      11 |     // Login as admin to perform CRUD operations
      12 |     await page.goto('/login');
    > 13 |     await page.fill('input[name="username"], input[type="email"]', testData.users.admin.email);
         |                                                                             ^
      14 |     await page.fill('input[name="password"], input[type="password"]', testData.users.admin.password);
      15 |     await page.click('button[type="submit"], button:has-text("Login")');
      16 |     await page.waitForLoadState('networkidle');
        at E:\test-project-app\tests\playwright\events\events-crud.spec.ts:13:77

    attachment #1: screenshot (image/png) ──────────────────────────────────────────────────────────
    ..\..\test-results\events-events-crud-Events--82c97-hanged-fields-during-update-chromium\test-failed-1.png
    ────────────────────────────────────────────────────────────────────────────────────────────────

    attachment #2: video (video/webm) ──────────────────────────────────────────────────────────────
    ..\..\test-results\events-events-crud-Events--82c97-hanged-fields-during-update-chromium\video.webm
    ────────────────────────────────────────────────────────────────────────────────────────────────

    Error Context: ..\..\test-results\events-events-crud-Events--82c97-hanged-fields-during-update-chromium\error-context.md
]]>
</failure>
<system-out>
<![CDATA[
[[ATTACHMENT|test-results\events-events-crud-Events--82c97-hanged-fields-during-update-chromium\test-failed-1.png]]

[[ATTACHMENT|test-results\events-events-crud-Events--82c97-hanged-fields-during-update-chromium\video.webm]]

[[ATTACHMENT|test-results\events-events-crud-Events--82c97-hanged-fields-during-update-chromium\error-context.md]]
]]>
</system-out>
</testcase>
<testcase name="Events - CRUD Operations › Event Updates › should handle concurrent updates" classname="events\events-crud.spec.ts" time="1.766">
<failure message="events-crud.spec.ts:207:9 should handle concurrent updates" type="FAILURE">
<![CDATA[  [chromium] › events\events-crud.spec.ts:207:9 › Events - CRUD Operations › Event Updates › should handle concurrent updates 

    TypeError: Cannot read properties of undefined (reading 'users')

      11 |     // Login as admin to perform CRUD operations
      12 |     await page.goto('/login');
    > 13 |     await page.fill('input[name="username"], input[type="email"]', testData.users.admin.email);
         |                                                                             ^
      14 |     await page.fill('input[name="password"], input[type="password"]', testData.users.admin.password);
      15 |     await page.click('button[type="submit"], button:has-text("Login")');
      16 |     await page.waitForLoadState('networkidle');
        at E:\test-project-app\tests\playwright\events\events-crud.spec.ts:13:77

    attachment #1: screenshot (image/png) ──────────────────────────────────────────────────────────
    ..\..\test-results\events-events-crud-Events--88727-d-handle-concurrent-updates-chromium\test-failed-1.png
    ────────────────────────────────────────────────────────────────────────────────────────────────

    attachment #2: video (video/webm) ──────────────────────────────────────────────────────────────
    ..\..\test-results\events-events-crud-Events--88727-d-handle-concurrent-updates-chromium\video.webm
    ────────────────────────────────────────────────────────────────────────────────────────────────

    Error Context: ..\..\test-results\events-events-crud-Events--88727-d-handle-concurrent-updates-chromium\error-context.md
]]>
</failure>
<system-out>
<![CDATA[
[[ATTACHMENT|test-results\events-events-crud-Events--88727-d-handle-concurrent-updates-chromium\test-failed-1.png]]

[[ATTACHMENT|test-results\events-events-crud-Events--88727-d-handle-concurrent-updates-chromium\video.webm]]

[[ATTACHMENT|test-results\events-events-crud-Events--88727-d-handle-concurrent-updates-chromium\error-context.md]]
]]>
</system-out>
</testcase>
<testcase name="Events - CRUD Operations › Event Deletion › should delete event successfully" classname="events\events-crud.spec.ts" time="1.657">
<failure message="events-crud.spec.ts:235:9 should delete event successfully" type="FAILURE">
<![CDATA[  [chromium] › events\events-crud.spec.ts:235:9 › Events - CRUD Operations › Event Deletion › should delete event successfully 

    TypeError: Cannot read properties of undefined (reading 'users')

      11 |     // Login as admin to perform CRUD operations
      12 |     await page.goto('/login');
    > 13 |     await page.fill('input[name="username"], input[type="email"]', testData.users.admin.email);
         |                                                                             ^
      14 |     await page.fill('input[name="password"], input[type="password"]', testData.users.admin.password);
      15 |     await page.click('button[type="submit"], button:has-text("Login")');
      16 |     await page.waitForLoadState('networkidle');
        at E:\test-project-app\tests\playwright\events\events-crud.spec.ts:13:77

    attachment #1: screenshot (image/png) ──────────────────────────────────────────────────────────
    ..\..\test-results\events-events-crud-Events--8659f-d-delete-event-successfully-chromium\test-failed-1.png
    ────────────────────────────────────────────────────────────────────────────────────────────────

    attachment #2: video (video/webm) ──────────────────────────────────────────────────────────────
    ..\..\test-results\events-events-crud-Events--8659f-d-delete-event-successfully-chromium\video.webm
    ────────────────────────────────────────────────────────────────────────────────────────────────

    Error Context: ..\..\test-results\events-events-crud-Events--8659f-d-delete-event-successfully-chromium\error-context.md
]]>
</failure>
<system-out>
<![CDATA[
[[ATTACHMENT|test-results\events-events-crud-Events--8659f-d-delete-event-successfully-chromium\test-failed-1.png]]

[[ATTACHMENT|test-results\events-events-crud-Events--8659f-d-delete-event-successfully-chromium\video.webm]]

[[ATTACHMENT|test-results\events-events-crud-Events--8659f-d-delete-event-successfully-chromium\error-context.md]]
]]>
</system-out>
</testcase>
<testcase name="Events - CRUD Operations › Event Deletion › should cancel deletion when confirmation is dismissed" classname="events\events-crud.spec.ts" time="1.525">
<failure message="events-crud.spec.ts:252:9 should cancel deletion when confirmation is dismissed" type="FAILURE">
<![CDATA[  [chromium] › events\events-crud.spec.ts:252:9 › Events - CRUD Operations › Event Deletion › should cancel deletion when confirmation is dismissed 

    TypeError: Cannot read properties of undefined (reading 'users')

      11 |     // Login as admin to perform CRUD operations
      12 |     await page.goto('/login');
    > 13 |     await page.fill('input[name="username"], input[type="email"]', testData.users.admin.email);
         |                                                                             ^
      14 |     await page.fill('input[name="password"], input[type="password"]', testData.users.admin.password);
      15 |     await page.click('button[type="submit"], button:has-text("Login")');
      16 |     await page.waitForLoadState('networkidle');
        at E:\test-project-app\tests\playwright\events\events-crud.spec.ts:13:77

    attachment #1: screenshot (image/png) ──────────────────────────────────────────────────────────
    ..\..\test-results\events-events-crud-Events--1befe-n-confirmation-is-dismissed-chromium\test-failed-1.png
    ────────────────────────────────────────────────────────────────────────────────────────────────

    attachment #2: video (video/webm) ──────────────────────────────────────────────────────────────
    ..\..\test-results\events-events-crud-Events--1befe-n-confirmation-is-dismissed-chromium\video.webm
    ────────────────────────────────────────────────────────────────────────────────────────────────

    Error Context: ..\..\test-results\events-events-crud-Events--1befe-n-confirmation-is-dismissed-chromium\error-context.md
]]>
</failure>
<system-out>
<![CDATA[
[[ATTACHMENT|test-results\events-events-crud-Events--1befe-n-confirmation-is-dismissed-chromium\test-failed-1.png]]

[[ATTACHMENT|test-results\events-events-crud-Events--1befe-n-confirmation-is-dismissed-chromium\video.webm]]

[[ATTACHMENT|test-results\events-events-crud-Events--1befe-n-confirmation-is-dismissed-chromium\error-context.md]]
]]>
</system-out>
</testcase>
<testcase name="Events - CRUD Operations › Event Deletion › should prevent deletion of event with participants" classname="events\events-crud.spec.ts" time="1.58">
<failure message="events-crud.spec.ts:269:9 should prevent deletion of event with participants" type="FAILURE">
<![CDATA[  [chromium] › events\events-crud.spec.ts:269:9 › Events - CRUD Operations › Event Deletion › should prevent deletion of event with participants 

    TypeError: Cannot read properties of undefined (reading 'users')

      11 |     // Login as admin to perform CRUD operations
      12 |     await page.goto('/login');
    > 13 |     await page.fill('input[name="username"], input[type="email"]', testData.users.admin.email);
         |                                                                             ^
      14 |     await page.fill('input[name="password"], input[type="password"]', testData.users.admin.password);
      15 |     await page.click('button[type="submit"], button:has-text("Login")');
      16 |     await page.waitForLoadState('networkidle');
        at E:\test-project-app\tests\playwright\events\events-crud.spec.ts:13:77

    attachment #1: screenshot (image/png) ──────────────────────────────────────────────────────────
    ..\..\test-results\events-events-crud-Events--f50ed--of-event-with-participants-chromium\test-failed-1.png
    ────────────────────────────────────────────────────────────────────────────────────────────────

    attachment #2: video (video/webm) ──────────────────────────────────────────────────────────────
    ..\..\test-results\events-events-crud-Events--f50ed--of-event-with-participants-chromium\video.webm
    ────────────────────────────────────────────────────────────────────────────────────────────────

    Error Context: ..\..\test-results\events-events-crud-Events--f50ed--of-event-with-participants-chromium\error-context.md
]]>
</failure>
<system-out>
<![CDATA[
[[ATTACHMENT|test-results\events-events-crud-Events--f50ed--of-event-with-participants-chromium\test-failed-1.png]]

[[ATTACHMENT|test-results\events-events-crud-Events--f50ed--of-event-with-participants-chromium\video.webm]]

[[ATTACHMENT|test-results\events-events-crud-Events--f50ed--of-event-with-participants-chromium\error-context.md]]
]]>
</system-out>
</testcase>
<testcase name="Events - CRUD Operations › Event Deletion › should handle bulk deletion" classname="events\events-crud.spec.ts" time="1.816">
<failure message="events-crud.spec.ts:287:9 should handle bulk deletion" type="FAILURE">
<![CDATA[  [chromium] › events\events-crud.spec.ts:287:9 › Events - CRUD Operations › Event Deletion › should handle bulk deletion 

    TypeError: Cannot read properties of undefined (reading 'users')

      11 |     // Login as admin to perform CRUD operations
      12 |     await page.goto('/login');
    > 13 |     await page.fill('input[name="username"], input[type="email"]', testData.users.admin.email);
         |                                                                             ^
      14 |     await page.fill('input[name="password"], input[type="password"]', testData.users.admin.password);
      15 |     await page.click('button[type="submit"], button:has-text("Login")');
      16 |     await page.waitForLoadState('networkidle');
        at E:\test-project-app\tests\playwright\events\events-crud.spec.ts:13:77

    attachment #1: screenshot (image/png) ──────────────────────────────────────────────────────────
    ..\..\test-results\events-events-crud-Events--b50a4-should-handle-bulk-deletion-chromium\test-failed-1.png
    ────────────────────────────────────────────────────────────────────────────────────────────────

    attachment #2: video (video/webm) ──────────────────────────────────────────────────────────────
    ..\..\test-results\events-events-crud-Events--b50a4-should-handle-bulk-deletion-chromium\video.webm
    ────────────────────────────────────────────────────────────────────────────────────────────────

    Error Context: ..\..\test-results\events-events-crud-Events--b50a4-should-handle-bulk-deletion-chromium\error-context.md
]]>
</failure>
<system-out>
<![CDATA[
[[ATTACHMENT|test-results\events-events-crud-Events--b50a4-should-handle-bulk-deletion-chromium\test-failed-1.png]]

[[ATTACHMENT|test-results\events-events-crud-Events--b50a4-should-handle-bulk-deletion-chromium\video.webm]]

[[ATTACHMENT|test-results\events-events-crud-Events--b50a4-should-handle-bulk-deletion-chromium\error-context.md]]
]]>
</system-out>
</testcase>
<testcase name="Events - CRUD Operations › Event Registration › should register for event successfully" classname="events\events-crud.spec.ts" time="1.673">
<failure message="events-crud.spec.ts:318:9 should register for event successfully" type="FAILURE">
<![CDATA[  [chromium] › events\events-crud.spec.ts:318:9 › Events - CRUD Operations › Event Registration › should register for event successfully 

    TypeError: Cannot read properties of undefined (reading 'users')

      11 |     // Login as admin to perform CRUD operations
      12 |     await page.goto('/login');
    > 13 |     await page.fill('input[name="username"], input[type="email"]', testData.users.admin.email);
         |                                                                             ^
      14 |     await page.fill('input[name="password"], input[type="password"]', testData.users.admin.password);
      15 |     await page.click('button[type="submit"], button:has-text("Login")');
      16 |     await page.waitForLoadState('networkidle');
        at E:\test-project-app\tests\playwright\events\events-crud.spec.ts:13:77

    attachment #1: screenshot (image/png) ──────────────────────────────────────────────────────────
    ..\..\test-results\events-events-crud-Events--bff1b-ster-for-event-successfully-chromium\test-failed-1.png
    ────────────────────────────────────────────────────────────────────────────────────────────────

    attachment #2: video (video/webm) ──────────────────────────────────────────────────────────────
    ..\..\test-results\events-events-crud-Events--bff1b-ster-for-event-successfully-chromium\video.webm
    ────────────────────────────────────────────────────────────────────────────────────────────────

    Error Context: ..\..\test-results\events-events-crud-Events--bff1b-ster-for-event-successfully-chromium\error-context.md
]]>
</failure>
<system-out>
<![CDATA[
[[ATTACHMENT|test-results\events-events-crud-Events--bff1b-ster-for-event-successfully-chromium\test-failed-1.png]]

[[ATTACHMENT|test-results\events-events-crud-Events--bff1b-ster-for-event-successfully-chromium\video.webm]]

[[ATTACHMENT|test-results\events-events-crud-Events--bff1b-ster-for-event-successfully-chromium\error-context.md]]
]]>
</system-out>
</testcase>
<testcase name="Events - CRUD Operations › Event Registration › should prevent duplicate registration" classname="events\events-crud.spec.ts" time="1.903">
<failure message="events-crud.spec.ts:333:9 should prevent duplicate registration" type="FAILURE">
<![CDATA[  [chromium] › events\events-crud.spec.ts:333:9 › Events - CRUD Operations › Event Registration › should prevent duplicate registration 

    TypeError: Cannot read properties of undefined (reading 'users')

      11 |     // Login as admin to perform CRUD operations
      12 |     await page.goto('/login');
    > 13 |     await page.fill('input[name="username"], input[type="email"]', testData.users.admin.email);
         |                                                                             ^
      14 |     await page.fill('input[name="password"], input[type="password"]', testData.users.admin.password);
      15 |     await page.click('button[type="submit"], button:has-text("Login")');
      16 |     await page.waitForLoadState('networkidle');
        at E:\test-project-app\tests\playwright\events\events-crud.spec.ts:13:77

    attachment #1: screenshot (image/png) ──────────────────────────────────────────────────────────
    ..\..\test-results\events-events-crud-Events--d8015-vent-duplicate-registration-chromium\test-failed-1.png
    ────────────────────────────────────────────────────────────────────────────────────────────────

    attachment #2: video (video/webm) ──────────────────────────────────────────────────────────────
    ..\..\test-results\events-events-crud-Events--d8015-vent-duplicate-registration-chromium\video.webm
    ────────────────────────────────────────────────────────────────────────────────────────────────

    Error Context: ..\..\test-results\events-events-crud-Events--d8015-vent-duplicate-registration-chromium\error-context.md
]]>
</failure>
<system-out>
<![CDATA[
[[ATTACHMENT|test-results\events-events-crud-Events--d8015-vent-duplicate-registration-chromium\test-failed-1.png]]

[[ATTACHMENT|test-results\events-events-crud-Events--d8015-vent-duplicate-registration-chromium\video.webm]]

[[ATTACHMENT|test-results\events-events-crud-Events--d8015-vent-duplicate-registration-chromium\error-context.md]]
]]>
</system-out>
</testcase>
<testcase name="Events - CRUD Operations › Event Registration › should handle registration when event is full" classname="events\events-crud.spec.ts" time="1.699">
<failure message="events-crud.spec.ts:349:9 should handle registration when event is full" type="FAILURE">
<![CDATA[  [chromium] › events\events-crud.spec.ts:349:9 › Events - CRUD Operations › Event Registration › should handle registration when event is full 

    TypeError: Cannot read properties of undefined (reading 'users')

      11 |     // Login as admin to perform CRUD operations
      12 |     await page.goto('/login');
    > 13 |     await page.fill('input[name="username"], input[type="email"]', testData.users.admin.email);
         |                                                                             ^
      14 |     await page.fill('input[name="password"], input[type="password"]', testData.users.admin.password);
      15 |     await page.click('button[type="submit"], button:has-text("Login")');
      16 |     await page.waitForLoadState('networkidle');
        at E:\test-project-app\tests\playwright\events\events-crud.spec.ts:13:77

    attachment #1: screenshot (image/png) ──────────────────────────────────────────────────────────
    ..\..\test-results\events-events-crud-Events--45ea3-stration-when-event-is-full-chromium\test-failed-1.png
    ────────────────────────────────────────────────────────────────────────────────────────────────

    attachment #2: video (video/webm) ──────────────────────────────────────────────────────────────
    ..\..\test-results\events-events-crud-Events--45ea3-stration-when-event-is-full-chromium\video.webm
    ────────────────────────────────────────────────────────────────────────────────────────────────

    Error Context: ..\..\test-results\events-events-crud-Events--45ea3-stration-when-event-is-full-chromium\error-context.md
]]>
</failure>
<system-out>
<![CDATA[
[[ATTACHMENT|test-results\events-events-crud-Events--45ea3-stration-when-event-is-full-chromium\test-failed-1.png]]

[[ATTACHMENT|test-results\events-events-crud-Events--45ea3-stration-when-event-is-full-chromium\video.webm]]

[[ATTACHMENT|test-results\events-events-crud-Events--45ea3-stration-when-event-is-full-chromium\error-context.md]]
]]>
</system-out>
</testcase>
</testsuite>
<testsuite name="results\live-results.spec.ts" timestamp="2026-02-20T03:52:25.301Z" hostname="chromium" tests="1" failures="0" skipped="0" time="1.385" errors="0">
<testcase name="Live Results Page › should display the Live Results page with correct content" classname="results\live-results.spec.ts" time="1.385">
</testcase>
</testsuite>
<testsuite name="simple\setup-test.spec.ts" timestamp="2026-02-20T03:52:25.301Z" hostname="chromium" tests="3" failures="0" skipped="0" time="3.242" errors="0">
<testcase name="Setup Verification › should connect to frontend server" classname="simple\setup-test.spec.ts" time="1.587">
</testcase>
<testcase name="Setup Verification › should connect to backend API" classname="simple\setup-test.spec.ts" time="0.083">
</testcase>
<testcase name="Setup Verification › should display login page" classname="simple\setup-test.spec.ts" time="1.572">
</testcase>
</testsuite>
<testsuite name="smoke\smoke-tests.spec.ts" timestamp="2026-02-20T03:52:25.301Z" hostname="chromium" tests="11" failures="11" skipped="0" time="113.663" errors="0">
<testcase name="Smoke Tests - Critical User Flows › should complete full user registration and login flow" classname="smoke\smoke-tests.spec.ts" time="32.218">
<failure message="smoke-tests.spec.ts:5:7 should complete full user registration and login flow" type="FAILURE">
<![CDATA[  [chromium] › smoke\smoke-tests.spec.ts:5:7 › Smoke Tests - Critical User Flows › should complete full user registration and login flow 

    Test timeout of 30000ms exceeded.

    Error: page.fill: Test timeout of 30000ms exceeded.
    Call log:
      - waiting for locator('input[name="username"]')


       8 |     
       9 |     // Fill registration form
    > 10 |     await page.fill('input[name="username"]', 'smoke_test_user');
         |                ^
      11 |     await page.fill('input[name="email"]', 'smoketest@example.com');
      12 |     await page.fill('input[name="password"]', 'SmokeTestPass123!');
      13 |     await page.fill('input[name="first_name"]', 'Smoke');
        at E:\test-project-app\tests\playwright\smoke\smoke-tests.spec.ts:10:16

    attachment #1: screenshot (image/png) ──────────────────────────────────────────────────────────
    ..\..\test-results\smoke-smoke-tests-Smoke-Te-0312b-registration-and-login-flow-chromium\test-failed-1.png
    ────────────────────────────────────────────────────────────────────────────────────────────────

    attachment #2: video (video/webm) ──────────────────────────────────────────────────────────────
    ..\..\test-results\smoke-smoke-tests-Smoke-Te-0312b-registration-and-login-flow-chromium\video.webm
    ────────────────────────────────────────────────────────────────────────────────────────────────

    Error Context: ..\..\test-results\smoke-smoke-tests-Smoke-Te-0312b-registration-and-login-flow-chromium\error-context.md
]]>
</failure>
<system-out>
<![CDATA[
[[ATTACHMENT|test-results\smoke-smoke-tests-Smoke-Te-0312b-registration-and-login-flow-chromium\test-failed-1.png]]

[[ATTACHMENT|test-results\smoke-smoke-tests-Smoke-Te-0312b-registration-and-login-flow-chromium\video.webm]]

[[ATTACHMENT|test-results\smoke-smoke-tests-Smoke-Te-0312b-registration-and-login-flow-chromium\error-context.md]]
]]>
</system-out>
</testcase>
<testcase name="Smoke Tests - Critical User Flows › should complete admin login and user management flow" classname="smoke\smoke-tests.spec.ts" time="1.604">
<failure message="smoke-tests.spec.ts:36:7 should complete admin login and user management flow" type="FAILURE">
<![CDATA[  [chromium] › smoke\smoke-tests.spec.ts:36:7 › Smoke Tests - Critical User Flows › should complete admin login and user management flow 

    TypeError: Cannot read properties of undefined (reading 'users')

      37 |     // Login as admin
      38 |     await page.goto('/login');
    > 39 |     await page.fill('input[type="email"]', testData.users.admin.email);
         |                                                     ^
      40 |     await page.fill('input[type="password"]', testData.users.admin.password);
      41 |     await page.click('button[type="submit"]');
      42 |     
        at E:\test-project-app\tests\playwright\smoke\smoke-tests.spec.ts:39:53

    attachment #1: screenshot (image/png) ──────────────────────────────────────────────────────────
    ..\..\test-results\smoke-smoke-tests-Smoke-Te-464c1-in-and-user-management-flow-chromium\test-failed-1.png
    ────────────────────────────────────────────────────────────────────────────────────────────────

    attachment #2: video (video/webm) ──────────────────────────────────────────────────────────────
    ..\..\test-results\smoke-smoke-tests-Smoke-Te-464c1-in-and-user-management-flow-chromium\video.webm
    ────────────────────────────────────────────────────────────────────────────────────────────────

    Error Context: ..\..\test-results\smoke-smoke-tests-Smoke-Te-464c1-in-and-user-management-flow-chromium\error-context.md
]]>
</failure>
<system-out>
<![CDATA[
[[ATTACHMENT|test-results\smoke-smoke-tests-Smoke-Te-464c1-in-and-user-management-flow-chromium\test-failed-1.png]]

[[ATTACHMENT|test-results\smoke-smoke-tests-Smoke-Te-464c1-in-and-user-management-flow-chromium\video.webm]]

[[ATTACHMENT|test-results\smoke-smoke-tests-Smoke-Te-464c1-in-and-user-management-flow-chromium\error-context.md]]
]]>
</system-out>
</testcase>
<testcase name="Smoke Tests - Critical User Flows › should complete event creation and registration flow" classname="smoke\smoke-tests.spec.ts" time="1.512">
<failure message="smoke-tests.spec.ts:66:7 should complete event creation and registration flow" type="FAILURE">
<![CDATA[  [chromium] › smoke\smoke-tests.spec.ts:66:7 › Smoke Tests - Critical User Flows › should complete event creation and registration flow 

    TypeError: Cannot read properties of undefined (reading 'users')

      67 |     // Login as admin
      68 |     await page.goto('/login');
    > 69 |     await page.fill('input[type="email"]', testData.users.admin.email);
         |                                                     ^
      70 |     await page.fill('input[type="password"]', testData.users.admin.password);
      71 |     await page.click('button[type="submit"]');
      72 |     
        at E:\test-project-app\tests\playwright\smoke\smoke-tests.spec.ts:69:53

    attachment #1: screenshot (image/png) ──────────────────────────────────────────────────────────
    ..\..\test-results\smoke-smoke-tests-Smoke-Te-1f5b9-ation-and-registration-flow-chromium\test-failed-1.png
    ────────────────────────────────────────────────────────────────────────────────────────────────

    attachment #2: video (video/webm) ──────────────────────────────────────────────────────────────
    ..\..\test-results\smoke-smoke-tests-Smoke-Te-1f5b9-ation-and-registration-flow-chromium\video.webm
    ────────────────────────────────────────────────────────────────────────────────────────────────

    Error Context: ..\..\test-results\smoke-smoke-tests-Smoke-Te-1f5b9-ation-and-registration-flow-chromium\error-context.md
]]>
</failure>
<system-out>
<![CDATA[
[[ATTACHMENT|test-results\smoke-smoke-tests-Smoke-Te-1f5b9-ation-and-registration-flow-chromium\test-failed-1.png]]

[[ATTACHMENT|test-results\smoke-smoke-tests-Smoke-Te-1f5b9-ation-and-registration-flow-chromium\video.webm]]

[[ATTACHMENT|test-results\smoke-smoke-tests-Smoke-Te-1f5b9-ation-and-registration-flow-chromium\error-context.md]]
]]>
</system-out>
</testcase>
<testcase name="Smoke Tests - Critical User Flows › should complete scoring flow" classname="smoke\smoke-tests.spec.ts" time="1.642">
<failure message="smoke-tests.spec.ts:111:7 should complete scoring flow" type="FAILURE">
<![CDATA[  [chromium] › smoke\smoke-tests.spec.ts:111:7 › Smoke Tests - Critical User Flows › should complete scoring flow 

    TypeError: Cannot read properties of undefined (reading 'users')

      112 |     // Login as judge
      113 |     await page.goto('/login');
    > 114 |     await page.fill('input[type="email"]', testData.users.judge.email);
          |                                                     ^
      115 |     await page.fill('input[type="password"]', testData.users.judge.password);
      116 |     await page.click('button[type="submit"]');
      117 |     
        at E:\test-project-app\tests\playwright\smoke\smoke-tests.spec.ts:114:53

    attachment #1: screenshot (image/png) ──────────────────────────────────────────────────────────
    ..\..\test-results\smoke-smoke-tests-Smoke-Te-3089d-hould-complete-scoring-flow-chromium\test-failed-1.png
    ────────────────────────────────────────────────────────────────────────────────────────────────

    attachment #2: video (video/webm) ──────────────────────────────────────────────────────────────
    ..\..\test-results\smoke-smoke-tests-Smoke-Te-3089d-hould-complete-scoring-flow-chromium\video.webm
    ────────────────────────────────────────────────────────────────────────────────────────────────

    Error Context: ..\..\test-results\smoke-smoke-tests-Smoke-Te-3089d-hould-complete-scoring-flow-chromium\error-context.md
]]>
</failure>
<system-out>
<![CDATA[
[[ATTACHMENT|test-results\smoke-smoke-tests-Smoke-Te-3089d-hould-complete-scoring-flow-chromium\test-failed-1.png]]

[[ATTACHMENT|test-results\smoke-smoke-tests-Smoke-Te-3089d-hould-complete-scoring-flow-chromium\video.webm]]

[[ATTACHMENT|test-results\smoke-smoke-tests-Smoke-Te-3089d-hould-complete-scoring-flow-chromium\error-context.md]]
]]>
</system-out>
</testcase>
<testcase name="Smoke Tests - Critical User Flows › should complete volunteer verification flow" classname="smoke\smoke-tests.spec.ts" time="2.736">
<failure message="smoke-tests.spec.ts:138:7 should complete volunteer verification flow" type="FAILURE">
<![CDATA[  [chromium] › smoke\smoke-tests.spec.ts:138:7 › Smoke Tests - Critical User Flows › should complete volunteer verification flow 

    TypeError: Cannot read properties of undefined (reading 'users')

      139 |     // Login as volunteer
      140 |     await page.goto('/login');
    > 141 |     await page.fill('input[type="email"]', testData.users.volunteer.email);
          |                                                     ^
      142 |     await page.fill('input[type="password"]', testData.users.volunteer.password);
      143 |     await page.click('button[type="submit"]');
      144 |     
        at E:\test-project-app\tests\playwright\smoke\smoke-tests.spec.ts:141:53

    attachment #1: screenshot (image/png) ──────────────────────────────────────────────────────────
    ..\..\test-results\smoke-smoke-tests-Smoke-Te-7b25a-volunteer-verification-flow-chromium\test-failed-1.png
    ────────────────────────────────────────────────────────────────────────────────────────────────

    attachment #2: video (video/webm) ──────────────────────────────────────────────────────────────
    ..\..\test-results\smoke-smoke-tests-Smoke-Te-7b25a-volunteer-verification-flow-chromium\video.webm
    ────────────────────────────────────────────────────────────────────────────────────────────────

    Error Context: ..\..\test-results\smoke-smoke-tests-Smoke-Te-7b25a-volunteer-verification-flow-chromium\error-context.md
]]>
</failure>
<system-out>
<![CDATA[
[[ATTACHMENT|test-results\smoke-smoke-tests-Smoke-Te-7b25a-volunteer-verification-flow-chromium\test-failed-1.png]]

[[ATTACHMENT|test-results\smoke-smoke-tests-Smoke-Te-7b25a-volunteer-verification-flow-chromium\video.webm]]

[[ATTACHMENT|test-results\smoke-smoke-tests-Smoke-Te-7b25a-volunteer-verification-flow-chromium\error-context.md]]
]]>
</system-out>
</testcase>
<testcase name="Smoke Tests - Critical User Flows › should complete results viewing flow" classname="smoke\smoke-tests.spec.ts" time="6.387">
<failure message="smoke-tests.spec.ts:163:7 should complete results viewing flow" type="FAILURE">
<![CDATA[  [chromium] › smoke\smoke-tests.spec.ts:163:7 › Smoke Tests - Critical User Flows › should complete results viewing flow 

    Error: expect(locator).toBeVisible() failed

    Locator: locator('.results-page, [data-testid="results-page"]')
    Expected: visible
    Timeout: 5000ms
    Error: element(s) not found

    Call log:
      - Expect "toBeVisible" with timeout 5000ms
      - waiting for locator('.results-page, [data-testid="results-page"]')


      164 |     // Navigate to results page
      165 |     await page.goto('/results');
    > 166 |     await expect(page.locator('.results-page, [data-testid="results-page"]')).toBeVisible();
          |                                                                               ^
      167 |     
      168 |     // Check if results are displayed
      169 |     const results = page.locator('.result-item, [data-testid="result-item"]');
        at E:\test-project-app\tests\playwright\smoke\smoke-tests.spec.ts:166:79

    attachment #1: screenshot (image/png) ──────────────────────────────────────────────────────────
    ..\..\test-results\smoke-smoke-tests-Smoke-Te-f48f2-mplete-results-viewing-flow-chromium\test-failed-1.png
    ────────────────────────────────────────────────────────────────────────────────────────────────

    attachment #2: video (video/webm) ──────────────────────────────────────────────────────────────
    ..\..\test-results\smoke-smoke-tests-Smoke-Te-f48f2-mplete-results-viewing-flow-chromium\video.webm
    ────────────────────────────────────────────────────────────────────────────────────────────────

    Error Context: ..\..\test-results\smoke-smoke-tests-Smoke-Te-f48f2-mplete-results-viewing-flow-chromium\error-context.md
]]>
</failure>
<system-out>
<![CDATA[
[[ATTACHMENT|test-results\smoke-smoke-tests-Smoke-Te-f48f2-mplete-results-viewing-flow-chromium\test-failed-1.png]]

[[ATTACHMENT|test-results\smoke-smoke-tests-Smoke-Te-f48f2-mplete-results-viewing-flow-chromium\video.webm]]

[[ATTACHMENT|test-results\smoke-smoke-tests-Smoke-Te-f48f2-mplete-results-viewing-flow-chromium\error-context.md]]
]]>
</system-out>
</testcase>
<testcase name="Smoke Tests - Critical User Flows › should handle error scenarios gracefully" classname="smoke\smoke-tests.spec.ts" time="30.283">
<failure message="smoke-tests.spec.ts:184:7 should handle error scenarios gracefully" type="FAILURE">
<![CDATA[  [chromium] › smoke\smoke-tests.spec.ts:184:7 › Smoke Tests - Critical User Flows › should handle error scenarios gracefully 

    Test timeout of 30000ms exceeded.

    Error: page.fill: Test timeout of 30000ms exceeded.
    Call log:
      - waiting for locator('input[type="email"]')


      185 |     // Test invalid login
      186 |     await page.goto('/login');
    > 187 |     await page.fill('input[type="email"]', 'invalid@example.com');
          |                ^
      188 |     await page.fill('input[type="password"]', 'wrongpassword');
      189 |     await page.click('button[type="submit"]');
      190 |     
        at E:\test-project-app\tests\playwright\smoke\smoke-tests.spec.ts:187:16

    attachment #1: screenshot (image/png) ──────────────────────────────────────────────────────────
    ..\..\test-results\smoke-smoke-tests-Smoke-Te-866ca--error-scenarios-gracefully-chromium\test-failed-1.png
    ────────────────────────────────────────────────────────────────────────────────────────────────

    attachment #2: video (video/webm) ──────────────────────────────────────────────────────────────
    ..\..\test-results\smoke-smoke-tests-Smoke-Te-866ca--error-scenarios-gracefully-chromium\video.webm
    ────────────────────────────────────────────────────────────────────────────────────────────────

    Error Context: ..\..\test-results\smoke-smoke-tests-Smoke-Te-866ca--error-scenarios-gracefully-chromium\error-context.md
]]>
</failure>
<system-out>
<![CDATA[
[[ATTACHMENT|test-results\smoke-smoke-tests-Smoke-Te-866ca--error-scenarios-gracefully-chromium\test-failed-1.png]]

[[ATTACHMENT|test-results\smoke-smoke-tests-Smoke-Te-866ca--error-scenarios-gracefully-chromium\video.webm]]

[[ATTACHMENT|test-results\smoke-smoke-tests-Smoke-Te-866ca--error-scenarios-gracefully-chromium\error-context.md]]
]]>
</system-out>
</testcase>
<testcase name="Smoke Tests - Critical User Flows › should maintain session across page refreshes" classname="smoke\smoke-tests.spec.ts" time="1.677">
<failure message="smoke-tests.spec.ts:205:7 should maintain session across page refreshes" type="FAILURE">
<![CDATA[  [chromium] › smoke\smoke-tests.spec.ts:205:7 › Smoke Tests - Critical User Flows › should maintain session across page refreshes 

    TypeError: Cannot read properties of undefined (reading 'users')

      206 |     // Login
      207 |     await page.goto('/login');
    > 208 |     await page.fill('input[type="email"]', testData.users.student.email);
          |                                                     ^
      209 |     await page.fill('input[type="password"]', testData.users.student.password);
      210 |     await page.click('button[type="submit"]');
      211 |     
        at E:\test-project-app\tests\playwright\smoke\smoke-tests.spec.ts:208:53

    attachment #1: screenshot (image/png) ──────────────────────────────────────────────────────────
    ..\..\test-results\smoke-smoke-tests-Smoke-Te-973c5-ssion-across-page-refreshes-chromium\test-failed-1.png
    ────────────────────────────────────────────────────────────────────────────────────────────────

    attachment #2: video (video/webm) ──────────────────────────────────────────────────────────────
    ..\..\test-results\smoke-smoke-tests-Smoke-Te-973c5-ssion-across-page-refreshes-chromium\video.webm
    ────────────────────────────────────────────────────────────────────────────────────────────────

    Error Context: ..\..\test-results\smoke-smoke-tests-Smoke-Te-973c5-ssion-across-page-refreshes-chromium\error-context.md
]]>
</failure>
<system-out>
<![CDATA[
[[ATTACHMENT|test-results\smoke-smoke-tests-Smoke-Te-973c5-ssion-across-page-refreshes-chromium\test-failed-1.png]]

[[ATTACHMENT|test-results\smoke-smoke-tests-Smoke-Te-973c5-ssion-across-page-refreshes-chromium\video.webm]]

[[ATTACHMENT|test-results\smoke-smoke-tests-Smoke-Te-973c5-ssion-across-page-refreshes-chromium\error-context.md]]
]]>
</system-out>
</testcase>
<testcase name="Smoke Tests - Critical User Flows › should handle multiple browser tabs" classname="smoke\smoke-tests.spec.ts" time="1.503">
<failure message="smoke-tests.spec.ts:223:7 should handle multiple browser tabs" type="FAILURE">
<![CDATA[  [chromium] › smoke\smoke-tests.spec.ts:223:7 › Smoke Tests - Critical User Flows › should handle multiple browser tabs 

    TypeError: Cannot read properties of undefined (reading 'users')

      224 |     // Login in first tab
      225 |     await page.goto('/login');
    > 226 |     await page.fill('input[type="email"]', testData.users.student.email);
          |                                                     ^
      227 |     await page.fill('input[type="password"]', testData.users.student.password);
      228 |     await page.click('button[type="submit"]');
      229 |     
        at E:\test-project-app\tests\playwright\smoke\smoke-tests.spec.ts:226:53

    attachment #1: screenshot (image/png) ──────────────────────────────────────────────────────────
    ..\..\test-results\smoke-smoke-tests-Smoke-Te-b42de-andle-multiple-browser-tabs-chromium\test-failed-1.png
    ────────────────────────────────────────────────────────────────────────────────────────────────

    attachment #2: video (video/webm) ──────────────────────────────────────────────────────────────
    ..\..\test-results\smoke-smoke-tests-Smoke-Te-b42de-andle-multiple-browser-tabs-chromium\video.webm
    ────────────────────────────────────────────────────────────────────────────────────────────────

    Error Context: ..\..\test-results\smoke-smoke-tests-Smoke-Te-b42de-andle-multiple-browser-tabs-chromium\error-context.md
]]>
</failure>
<system-out>
<![CDATA[
[[ATTACHMENT|test-results\smoke-smoke-tests-Smoke-Te-b42de-andle-multiple-browser-tabs-chromium\test-failed-1.png]]

[[ATTACHMENT|test-results\smoke-smoke-tests-Smoke-Te-b42de-andle-multiple-browser-tabs-chromium\video.webm]]

[[ATTACHMENT|test-results\smoke-smoke-tests-Smoke-Te-b42de-andle-multiple-browser-tabs-chromium\error-context.md]]
]]>
</system-out>
</testcase>
<testcase name="Smoke Tests - Critical User Flows › should handle form validation errors" classname="smoke\smoke-tests.spec.ts" time="32.522">
<failure message="smoke-tests.spec.ts:249:7 should handle form validation errors" type="FAILURE">
<![CDATA[  [chromium] › smoke\smoke-tests.spec.ts:249:7 › Smoke Tests - Critical User Flows › should handle form validation errors 

    Test timeout of 30000ms exceeded.

    Error: page.click: Test timeout of 30000ms exceeded.
    Call log:
      - waiting for locator('button[type="submit"]')


      252 |     
      253 |     // Submit form without required fields
    > 254 |     await page.click('button[type="submit"]');
          |                ^
      255 |     
      256 |     // Should show validation errors
      257 |     await expect(page.locator('.error, .alert-error')).toBeVisible();
        at E:\test-project-app\tests\playwright\smoke\smoke-tests.spec.ts:254:16

    attachment #1: screenshot (image/png) ──────────────────────────────────────────────────────────
    ..\..\test-results\smoke-smoke-tests-Smoke-Te-70545-ndle-form-validation-errors-chromium\test-failed-1.png
    ────────────────────────────────────────────────────────────────────────────────────────────────

    attachment #2: video (video/webm) ──────────────────────────────────────────────────────────────
    ..\..\test-results\smoke-smoke-tests-Smoke-Te-70545-ndle-form-validation-errors-chromium\video.webm
    ────────────────────────────────────────────────────────────────────────────────────────────────

    Error Context: ..\..\test-results\smoke-smoke-tests-Smoke-Te-70545-ndle-form-validation-errors-chromium\error-context.md
]]>
</failure>
<system-out>
<![CDATA[
[[ATTACHMENT|test-results\smoke-smoke-tests-Smoke-Te-70545-ndle-form-validation-errors-chromium\test-failed-1.png]]

[[ATTACHMENT|test-results\smoke-smoke-tests-Smoke-Te-70545-ndle-form-validation-errors-chromium\video.webm]]

[[ATTACHMENT|test-results\smoke-smoke-tests-Smoke-Te-70545-ndle-form-validation-errors-chromium\error-context.md]]
]]>
</system-out>
</testcase>
<testcase name="Smoke Tests - Critical User Flows › should handle concurrent user actions" classname="smoke\smoke-tests.spec.ts" time="1.579">
<failure message="smoke-tests.spec.ts:267:7 should handle concurrent user actions" type="FAILURE">
<![CDATA[  [chromium] › smoke\smoke-tests.spec.ts:267:7 › Smoke Tests - Critical User Flows › should handle concurrent user actions 

    TypeError: Cannot read properties of undefined (reading 'users')

      268 |     // Login as admin
      269 |     await page.goto('/login');
    > 270 |     await page.fill('input[type="email"]', testData.users.admin.email);
          |                                                     ^
      271 |     await page.fill('input[type="password"]', testData.users.admin.password);
      272 |     await page.click('button[type="submit"]');
      273 |     
        at E:\test-project-app\tests\playwright\smoke\smoke-tests.spec.ts:270:53

    attachment #1: screenshot (image/png) ──────────────────────────────────────────────────────────
    ..\..\test-results\smoke-smoke-tests-Smoke-Te-1208d-dle-concurrent-user-actions-chromium\test-failed-1.png
    ────────────────────────────────────────────────────────────────────────────────────────────────

    attachment #2: video (video/webm) ──────────────────────────────────────────────────────────────
    ..\..\test-results\smoke-smoke-tests-Smoke-Te-1208d-dle-concurrent-user-actions-chromium\video.webm
    ────────────────────────────────────────────────────────────────────────────────────────────────

    Error Context: ..\..\test-results\smoke-smoke-tests-Smoke-Te-1208d-dle-concurrent-user-actions-chromium\error-context.md
]]>
</failure>
<system-out>
<![CDATA[
[[ATTACHMENT|test-results\smoke-smoke-tests-Smoke-Te-1208d-dle-concurrent-user-actions-chromium\test-failed-1.png]]

[[ATTACHMENT|test-results\smoke-smoke-tests-Smoke-Te-1208d-dle-concurrent-user-actions-chromium\video.webm]]

[[ATTACHMENT|test-results\smoke-smoke-tests-Smoke-Te-1208d-dle-concurrent-user-actions-chromium\error-context.md]]
]]>
</system-out>
</testcase>
</testsuite>
<testsuite name="ui\ui-checks.spec.ts" timestamp="2026-02-20T03:52:25.301Z" hostname="chromium" tests="30" failures="8" skipped="0" time="232.003" errors="0">
<testcase name="UI Checks - Responsive Design › should display correctly on desktop" classname="ui\ui-checks.spec.ts" time="6.865">
<failure message="ui-checks.spec.ts:6:7 should display correctly on desktop" type="FAILURE">
<![CDATA[  [chromium] › ui\ui-checks.spec.ts:6:7 › UI Checks - Responsive Design › should display correctly on desktop 

    Error: expect(locator).toBeVisible() failed

    Locator: locator('footer')
    Expected: visible
    Timeout: 5000ms
    Error: element(s) not found

    Call log:
      - Expect "toBeVisible" with timeout 5000ms
      - waiting for locator('footer')


      10 |     await expect(page.locator('header')).toBeVisible();
      11 |     await expect(page.locator('main')).toBeVisible();
    > 12 |     await expect(page.locator('footer')).toBeVisible();
         |                                          ^
      13 |   });
      14 |
      15 |   test('should display correctly on tablet', async ({ page }, { testData }) => {
        at E:\test-project-app\tests\playwright\ui\ui-checks.spec.ts:12:42

    attachment #1: screenshot (image/png) ──────────────────────────────────────────────────────────
    ..\..\test-results\ui-ui-checks-UI-Checks---R-827a4-isplay-correctly-on-desktop-chromium\test-failed-1.png
    ────────────────────────────────────────────────────────────────────────────────────────────────

    attachment #2: video (video/webm) ──────────────────────────────────────────────────────────────
    ..\..\test-results\ui-ui-checks-UI-Checks---R-827a4-isplay-correctly-on-desktop-chromium\video.webm
    ────────────────────────────────────────────────────────────────────────────────────────────────

    Error Context: ..\..\test-results\ui-ui-checks-UI-Checks---R-827a4-isplay-correctly-on-desktop-chromium\error-context.md
]]>
</failure>
<system-out>
<![CDATA[
[[ATTACHMENT|test-results\ui-ui-checks-UI-Checks---R-827a4-isplay-correctly-on-desktop-chromium\test-failed-1.png]]

[[ATTACHMENT|test-results\ui-ui-checks-UI-Checks---R-827a4-isplay-correctly-on-desktop-chromium\video.webm]]

[[ATTACHMENT|test-results\ui-ui-checks-UI-Checks---R-827a4-isplay-correctly-on-desktop-chromium\error-context.md]]
]]>
</system-out>
</testcase>
<testcase name="UI Checks - Responsive Design › should display correctly on tablet" classname="ui\ui-checks.spec.ts" time="3.088">
</testcase>
<testcase name="UI Checks - Responsive Design › should display correctly on mobile" classname="ui\ui-checks.spec.ts" time="2.302">
</testcase>
<testcase name="UI Checks - Responsive Design › should handle orientation changes" classname="ui\ui-checks.spec.ts" time="1.679">
</testcase>
<testcase name="UI Checks - Accessibility › should have proper heading hierarchy" classname="ui\ui-checks.spec.ts" time="1.466">
</testcase>
<testcase name="UI Checks - Accessibility › should have proper alt text for images" classname="ui\ui-checks.spec.ts" time="1.511">
</testcase>
<testcase name="UI Checks - Accessibility › should have proper form labels" classname="ui\ui-checks.spec.ts" time="1.533">
</testcase>
<testcase name="UI Checks - Accessibility › should support keyboard navigation" classname="ui\ui-checks.spec.ts" time="1.51">
</testcase>
<testcase name="UI Checks - Accessibility › should have proper color contrast" classname="ui\ui-checks.spec.ts" time="1.536">
</testcase>
<testcase name="UI Checks - Accessibility › should have proper focus indicators" classname="ui\ui-checks.spec.ts" time="1.463">
</testcase>
<testcase name="UI Checks - Performance › should load within acceptable time" classname="ui\ui-checks.spec.ts" time="2.164">
</testcase>
<testcase name="UI Checks - Performance › should have optimized images" classname="ui\ui-checks.spec.ts" time="1.413">
</testcase>
<testcase name="UI Checks - Performance › should have minimal layout shift" classname="ui\ui-checks.spec.ts" time="1.442">
</testcase>
<testcase name="UI Checks - Performance › should have efficient CSS" classname="ui\ui-checks.spec.ts" time="1.497">
</testcase>
<testcase name="UI Checks - Cross-Browser Compatibility › should work in Chrome" classname="ui\ui-checks.spec.ts" time="1.415">
</testcase>
<testcase name="UI Checks - Cross-Browser Compatibility › should work in Firefox" classname="ui\ui-checks.spec.ts" time="1.567">
</testcase>
<testcase name="UI Checks - Cross-Browser Compatibility › should work in Safari" classname="ui\ui-checks.spec.ts" time="1.608">
</testcase>
<testcase name="UI Checks - Cross-Browser Compatibility › should handle different user agents" classname="ui\ui-checks.spec.ts" time="1.953">
</testcase>
<testcase name="UI Checks - Form Validation › should show validation errors for required fields" classname="ui\ui-checks.spec.ts" time="1.566">
</testcase>
<testcase name="UI Checks - Form Validation › should show validation errors for invalid email" classname="ui\ui-checks.spec.ts" time="30.285">
<failure message="ui-checks.spec.ts:260:7 should show validation errors for invalid email" type="FAILURE">
<![CDATA[  [chromium] › ui\ui-checks.spec.ts:260:7 › UI Checks - Form Validation › should show validation errors for invalid email 

    Test timeout of 30000ms exceeded.

    Error: page.fill: Test timeout of 30000ms exceeded.
    Call log:
      - waiting for locator('input[type="email"]')


      261 |     await page.goto('/login');
      262 |     
    > 263 |     await page.fill('input[type="email"]', 'invalid-email');
          |                ^
      264 |     await page.click('button[type="submit"]');
      265 |     
      266 |     const emailField = page.locator('input[type="email"]');
        at E:\test-project-app\tests\playwright\ui\ui-checks.spec.ts:263:16

    attachment #1: screenshot (image/png) ──────────────────────────────────────────────────────────
    ..\..\test-results\ui-ui-checks-UI-Checks---F-c21a8-on-errors-for-invalid-email-chromium\test-failed-1.png
    ────────────────────────────────────────────────────────────────────────────────────────────────

    attachment #2: video (video/webm) ──────────────────────────────────────────────────────────────
    ..\..\test-results\ui-ui-checks-UI-Checks---F-c21a8-on-errors-for-invalid-email-chromium\video.webm
    ────────────────────────────────────────────────────────────────────────────────────────────────

    Error Context: ..\..\test-results\ui-ui-checks-UI-Checks---F-c21a8-on-errors-for-invalid-email-chromium\error-context.md
]]>
</failure>
<system-out>
<![CDATA[
[[ATTACHMENT|test-results\ui-ui-checks-UI-Checks---F-c21a8-on-errors-for-invalid-email-chromium\test-failed-1.png]]

[[ATTACHMENT|test-results\ui-ui-checks-UI-Checks---F-c21a8-on-errors-for-invalid-email-chromium\video.webm]]

[[ATTACHMENT|test-results\ui-ui-checks-UI-Checks---F-c21a8-on-errors-for-invalid-email-chromium\error-context.md]]
]]>
</system-out>
</testcase>
<testcase name="UI Checks - Form Validation › should show validation errors for password requirements" classname="ui\ui-checks.spec.ts" time="33.023">
<failure message="ui-checks.spec.ts:271:7 should show validation errors for password requirements" type="FAILURE">
<![CDATA[  [chromium] › ui\ui-checks.spec.ts:271:7 › UI Checks - Form Validation › should show validation errors for password requirements 

    Test timeout of 30000ms exceeded.

    Error: page.fill: Test timeout of 30000ms exceeded.
    Call log:
      - waiting for locator('input[type="password"]')


      272 |     await page.goto('/register');
      273 |     
    > 274 |     await page.fill('input[type="password"]', 'weak');
          |                ^
      275 |     await page.click('button[type="submit"]');
      276 |     
      277 |     const passwordField = page.locator('input[type="password"]');
        at E:\test-project-app\tests\playwright\ui\ui-checks.spec.ts:274:16

    attachment #1: screenshot (image/png) ──────────────────────────────────────────────────────────
    ..\..\test-results\ui-ui-checks-UI-Checks---F-c6e1f-s-for-password-requirements-chromium\test-failed-1.png
    ────────────────────────────────────────────────────────────────────────────────────────────────

    attachment #2: video (video/webm) ──────────────────────────────────────────────────────────────
    ..\..\test-results\ui-ui-checks-UI-Checks---F-c6e1f-s-for-password-requirements-chromium\video.webm
    ────────────────────────────────────────────────────────────────────────────────────────────────

    Error Context: ..\..\test-results\ui-ui-checks-UI-Checks---F-c6e1f-s-for-password-requirements-chromium\error-context.md
]]>
</failure>
<system-out>
<![CDATA[
[[ATTACHMENT|test-results\ui-ui-checks-UI-Checks---F-c6e1f-s-for-password-requirements-chromium\test-failed-1.png]]

[[ATTACHMENT|test-results\ui-ui-checks-UI-Checks---F-c6e1f-s-for-password-requirements-chromium\video.webm]]

[[ATTACHMENT|test-results\ui-ui-checks-UI-Checks---F-c6e1f-s-for-password-requirements-chromium\error-context.md]]
]]>
</system-out>
</testcase>
<testcase name="UI Checks - Form Validation › should clear validation errors when field is corrected" classname="ui\ui-checks.spec.ts" time="30.327">
<failure message="ui-checks.spec.ts:282:7 should clear validation errors when field is corrected" type="FAILURE">
<![CDATA[  [chromium] › ui\ui-checks.spec.ts:282:7 › UI Checks - Form Validation › should clear validation errors when field is corrected 

    Test timeout of 30000ms exceeded.

    Error: page.fill: Test timeout of 30000ms exceeded.
    Call log:
      - waiting for locator('input[type="email"]')


      284 |     
      285 |     // Fill invalid email
    > 286 |     await page.fill('input[type="email"]', 'invalid-email');
          |                ^
      287 |     await page.click('button[type="submit"]');
      288 |     
      289 |     // Correct the email
        at E:\test-project-app\tests\playwright\ui\ui-checks.spec.ts:286:16

    attachment #1: screenshot (image/png) ──────────────────────────────────────────────────────────
    ..\..\test-results\ui-ui-checks-UI-Checks---F-88c56-ors-when-field-is-corrected-chromium\test-failed-1.png
    ────────────────────────────────────────────────────────────────────────────────────────────────

    attachment #2: video (video/webm) ──────────────────────────────────────────────────────────────
    ..\..\test-results\ui-ui-checks-UI-Checks---F-88c56-ors-when-field-is-corrected-chromium\video.webm
    ────────────────────────────────────────────────────────────────────────────────────────────────

    Error Context: ..\..\test-results\ui-ui-checks-UI-Checks---F-88c56-ors-when-field-is-corrected-chromium\error-context.md
]]>
</failure>
<system-out>
<![CDATA[
[[ATTACHMENT|test-results\ui-ui-checks-UI-Checks---F-88c56-ors-when-field-is-corrected-chromium\test-failed-1.png]]

[[ATTACHMENT|test-results\ui-ui-checks-UI-Checks---F-88c56-ors-when-field-is-corrected-chromium\video.webm]]

[[ATTACHMENT|test-results\ui-ui-checks-UI-Checks---F-88c56-ors-when-field-is-corrected-chromium\error-context.md]]
]]>
</system-out>
</testcase>
<testcase name="UI Checks - Error Handling › should display error messages for network errors" classname="ui\ui-checks.spec.ts" time="30.344">
<failure message="ui-checks.spec.ts:299:7 should display error messages for network errors" type="FAILURE">
<![CDATA[  [chromium] › ui\ui-checks.spec.ts:299:7 › UI Checks - Error Handling › should display error messages for network errors 

    Test timeout of 30000ms exceeded.

    Error: page.fill: Test timeout of 30000ms exceeded.
    Call log:
      - waiting for locator('input[type="email"]')


      302 |     
      303 |     await page.goto('/login');
    > 304 |     await page.fill('input[type="email"]', 'test@example.com');
          |                ^
      305 |     await page.fill('input[type="password"]', 'password123');
      306 |     await page.click('button[type="submit"]');
      307 |     
        at E:\test-project-app\tests\playwright\ui\ui-checks.spec.ts:304:16

    attachment #1: screenshot (image/png) ──────────────────────────────────────────────────────────
    ..\..\test-results\ui-ui-checks-UI-Checks---E-cd654-messages-for-network-errors-chromium\test-failed-1.png
    ────────────────────────────────────────────────────────────────────────────────────────────────

    attachment #2: video (video/webm) ──────────────────────────────────────────────────────────────
    ..\..\test-results\ui-ui-checks-UI-Checks---E-cd654-messages-for-network-errors-chromium\video.webm
    ────────────────────────────────────────────────────────────────────────────────────────────────

    Error Context: ..\..\test-results\ui-ui-checks-UI-Checks---E-cd654-messages-for-network-errors-chromium\error-context.md
]]>
</failure>
<system-out>
<![CDATA[
[[ATTACHMENT|test-results\ui-ui-checks-UI-Checks---E-cd654-messages-for-network-errors-chromium\test-failed-1.png]]

[[ATTACHMENT|test-results\ui-ui-checks-UI-Checks---E-cd654-messages-for-network-errors-chromium\video.webm]]

[[ATTACHMENT|test-results\ui-ui-checks-UI-Checks---E-cd654-messages-for-network-errors-chromium\error-context.md]]
]]>
</system-out>
</testcase>
<testcase name="UI Checks - Error Handling › should display loading states" classname="ui\ui-checks.spec.ts" time="30.271">
<failure message="ui-checks.spec.ts:312:7 should display loading states" type="FAILURE">
<![CDATA[  [chromium] › ui\ui-checks.spec.ts:312:7 › UI Checks - Error Handling › should display loading states 

    Test timeout of 30000ms exceeded.

    Error: page.fill: Test timeout of 30000ms exceeded.
    Call log:
      - waiting for locator('input[type="email"]')


      319 |     });
      320 |     
    > 321 |     await page.fill('input[type="email"]', 'test@example.com');
          |                ^
      322 |     await page.fill('input[type="password"]', 'password123');
      323 |     await page.click('button[type="submit"]');
      324 |     
        at E:\test-project-app\tests\playwright\ui\ui-checks.spec.ts:321:16

    attachment #1: screenshot (image/png) ──────────────────────────────────────────────────────────
    ..\..\test-results\ui-ui-checks-UI-Checks---E-6a2e0-ould-display-loading-states-chromium\test-failed-1.png
    ────────────────────────────────────────────────────────────────────────────────────────────────

    attachment #2: video (video/webm) ──────────────────────────────────────────────────────────────
    ..\..\test-results\ui-ui-checks-UI-Checks---E-6a2e0-ould-display-loading-states-chromium\video.webm
    ────────────────────────────────────────────────────────────────────────────────────────────────

    Error Context: ..\..\test-results\ui-ui-checks-UI-Checks---E-6a2e0-ould-display-loading-states-chromium\error-context.md
]]>
</failure>
<system-out>
<![CDATA[
[[ATTACHMENT|test-results\ui-ui-checks-UI-Checks---E-6a2e0-ould-display-loading-states-chromium\test-failed-1.png]]

[[ATTACHMENT|test-results\ui-ui-checks-UI-Checks---E-6a2e0-ould-display-loading-states-chromium\video.webm]]

[[ATTACHMENT|test-results\ui-ui-checks-UI-Checks---E-6a2e0-ould-display-loading-states-chromium\error-context.md]]
]]>
</system-out>
</testcase>
<testcase name="UI Checks - Error Handling › should handle 404 errors gracefully" classname="ui\ui-checks.spec.ts" time="3.05">
</testcase>
<testcase name="UI Checks - Error Handling › should handle 500 errors gracefully" classname="ui\ui-checks.spec.ts" time="30.246">
<failure message="ui-checks.spec.ts:336:7 should handle 500 errors gracefully" type="FAILURE">
<![CDATA[  [chromium] › ui\ui-checks.spec.ts:336:7 › UI Checks - Error Handling › should handle 500 errors gracefully 

    Test timeout of 30000ms exceeded.

    Error: page.fill: Test timeout of 30000ms exceeded.
    Call log:
      - waiting for locator('input[type="email"]')


      343 |     
      344 |     await page.goto('/login');
    > 345 |     await page.fill('input[type="email"]', 'test@example.com');
          |                ^
      346 |     await page.fill('input[type="password"]', 'password123');
      347 |     await page.click('button[type="submit"]');
      348 |     
        at E:\test-project-app\tests\playwright\ui\ui-checks.spec.ts:345:16

    attachment #1: screenshot (image/png) ──────────────────────────────────────────────────────────
    ..\..\test-results\ui-ui-checks-UI-Checks---E-9bde4-andle-500-errors-gracefully-chromium\test-failed-1.png
    ────────────────────────────────────────────────────────────────────────────────────────────────

    attachment #2: video (video/webm) ──────────────────────────────────────────────────────────────
    ..\..\test-results\ui-ui-checks-UI-Checks---E-9bde4-andle-500-errors-gracefully-chromium\video.webm
    ────────────────────────────────────────────────────────────────────────────────────────────────

    Error Context: ..\..\test-results\ui-ui-checks-UI-Checks---E-9bde4-andle-500-errors-gracefully-chromium\error-context.md
]]>
</failure>
<system-out>
<![CDATA[
[[ATTACHMENT|test-results\ui-ui-checks-UI-Checks---E-9bde4-andle-500-errors-gracefully-chromium\test-failed-1.png]]

[[ATTACHMENT|test-results\ui-ui-checks-UI-Checks---E-9bde4-andle-500-errors-gracefully-chromium\video.webm]]

[[ATTACHMENT|test-results\ui-ui-checks-UI-Checks---E-9bde4-andle-500-errors-gracefully-chromium\error-context.md]]
]]>
</system-out>
</testcase>
<testcase name="UI Checks - User Experience › should have intuitive navigation" classname="ui\ui-checks.spec.ts" time="1.672">
</testcase>
<testcase name="UI Checks - User Experience › should have clear call-to-action buttons" classname="ui\ui-checks.spec.ts" time="1.755">
<failure message="ui-checks.spec.ts:371:7 should have clear call-to-action buttons" type="FAILURE">
<![CDATA[  [chromium] › ui\ui-checks.spec.ts:371:7 › UI Checks - User Experience › should have clear call-to-action buttons 

    Error: expect(received).toBeTruthy()

    Received: ""

      378 |       const button = buttons.nth(i);
      379 |       const text = await button.textContent();
    > 380 |       expect(text).toBeTruthy();
          |                    ^
      381 |     }
      382 |   });
      383 |
        at E:\test-project-app\tests\playwright\ui\ui-checks.spec.ts:380:20

    attachment #1: screenshot (image/png) ──────────────────────────────────────────────────────────
    ..\..\test-results\ui-ui-checks-UI-Checks---U-c5429-lear-call-to-action-buttons-chromium\test-failed-1.png
    ────────────────────────────────────────────────────────────────────────────────────────────────

    attachment #2: video (video/webm) ──────────────────────────────────────────────────────────────
    ..\..\test-results\ui-ui-checks-UI-Checks---U-c5429-lear-call-to-action-buttons-chromium\video.webm
    ────────────────────────────────────────────────────────────────────────────────────────────────

    Error Context: ..\..\test-results\ui-ui-checks-UI-Checks---U-c5429-lear-call-to-action-buttons-chromium\error-context.md
]]>
</failure>
<system-out>
<![CDATA[
[[ATTACHMENT|test-results\ui-ui-checks-UI-Checks---U-c5429-lear-call-to-action-buttons-chromium\test-failed-1.png]]

[[ATTACHMENT|test-results\ui-ui-checks-UI-Checks---U-c5429-lear-call-to-action-buttons-chromium\video.webm]]

[[ATTACHMENT|test-results\ui-ui-checks-UI-Checks---U-c5429-lear-call-to-action-buttons-chromium\error-context.md]]
]]>
</system-out>
</testcase>
<testcase name="UI Checks - User Experience › should have consistent styling" classname="ui\ui-checks.spec.ts" time="1.723">
</testcase>
<testcase name="UI Checks - User Experience › should have proper spacing and layout" classname="ui\ui-checks.spec.ts" time="1.729">
</testcase>
</testsuite>
<testsuite name="admin\admin-crud.spec.ts" timestamp="2026-02-20T03:52:25.301Z" hostname="firefox" tests="28" failures="28" skipped="0" time="129.894" errors="0">
<testcase name="Admin - User Management CRUD › User Creation › should create a new user successfully" classname="admin\admin-crud.spec.ts" time="5.889">
<failure message="admin-crud.spec.ts:23:9 should create a new user successfully" type="FAILURE">
<![CDATA[  [firefox] › admin\admin-crud.spec.ts:23:9 › Admin - User Management CRUD › User Creation › should create a new user successfully 

    TypeError: Cannot read properties of undefined (reading 'users')

      11 |     // Login as admin
      12 |     await page.goto('/login');
    > 13 |     await page.fill('input[name="username"], input[type="email"]', testData.users.admin.email);
         |                                                                             ^
      14 |     await page.fill('input[name="password"], input[type="password"]', testData.users.admin.password);
      15 |     await page.click('button[type="submit"], button:has-text("Login")');
      16 |     await page.waitForLoadState('networkidle');
        at E:\test-project-app\tests\playwright\admin\admin-crud.spec.ts:13:77

    attachment #1: screenshot (image/png) ──────────────────────────────────────────────────────────
    ..\..\test-results\admin-admin-crud-Admin---U-5092f-ate-a-new-user-successfully-firefox\test-failed-1.png
    ────────────────────────────────────────────────────────────────────────────────────────────────

    attachment #2: video (video/webm) ──────────────────────────────────────────────────────────────
    ..\..\test-results\admin-admin-crud-Admin---U-5092f-ate-a-new-user-successfully-firefox\video.webm
    ────────────────────────────────────────────────────────────────────────────────────────────────

    Error Context: ..\..\test-results\admin-admin-crud-Admin---U-5092f-ate-a-new-user-successfully-firefox\error-context.md
]]>
</failure>
<system-out>
<![CDATA[
[[ATTACHMENT|test-results\admin-admin-crud-Admin---U-5092f-ate-a-new-user-successfully-firefox\test-failed-1.png]]

[[ATTACHMENT|test-results\admin-admin-crud-Admin---U-5092f-ate-a-new-user-successfully-firefox\video.webm]]

[[ATTACHMENT|test-results\admin-admin-crud-Admin---U-5092f-ate-a-new-user-successfully-firefox\error-context.md]]
]]>
</system-out>
</testcase>
<testcase name="Admin - User Management CRUD › User Creation › should create user with different roles" classname="admin\admin-crud.spec.ts" time="4.949">
<failure message="admin-crud.spec.ts:44:9 should create user with different roles" type="FAILURE">
<![CDATA[  [firefox] › admin\admin-crud.spec.ts:44:9 › Admin - User Management CRUD › User Creation › should create user with different roles 

    TypeError: Cannot read properties of undefined (reading 'users')

      11 |     // Login as admin
      12 |     await page.goto('/login');
    > 13 |     await page.fill('input[name="username"], input[type="email"]', testData.users.admin.email);
         |                                                                             ^
      14 |     await page.fill('input[name="password"], input[type="password"]', testData.users.admin.password);
      15 |     await page.click('button[type="submit"], button:has-text("Login")');
      16 |     await page.waitForLoadState('networkidle');
        at E:\test-project-app\tests\playwright\admin\admin-crud.spec.ts:13:77

    attachment #1: screenshot (image/png) ──────────────────────────────────────────────────────────
    ..\..\test-results\admin-admin-crud-Admin---U-415b9-e-user-with-different-roles-firefox\test-failed-1.png
    ────────────────────────────────────────────────────────────────────────────────────────────────

    attachment #2: video (video/webm) ──────────────────────────────────────────────────────────────
    ..\..\test-results\admin-admin-crud-Admin---U-415b9-e-user-with-different-roles-firefox\video.webm
    ────────────────────────────────────────────────────────────────────────────────────────────────

    Error Context: ..\..\test-results\admin-admin-crud-Admin---U-415b9-e-user-with-different-roles-firefox\error-context.md
]]>
</failure>
<system-out>
<![CDATA[
[[ATTACHMENT|test-results\admin-admin-crud-Admin---U-415b9-e-user-with-different-roles-firefox\test-failed-1.png]]

[[ATTACHMENT|test-results\admin-admin-crud-Admin---U-415b9-e-user-with-different-roles-firefox\video.webm]]

[[ATTACHMENT|test-results\admin-admin-crud-Admin---U-415b9-e-user-with-different-roles-firefox\error-context.md]]
]]>
</system-out>
</testcase>
<testcase name="Admin - User Management CRUD › User Creation › should validate required fields in user form" classname="admin\admin-crud.spec.ts" time="4.931">
<failure message="admin-crud.spec.ts:66:9 should validate required fields in user form" type="FAILURE">
<![CDATA[  [firefox] › admin\admin-crud.spec.ts:66:9 › Admin - User Management CRUD › User Creation › should validate required fields in user form 

    TypeError: Cannot read properties of undefined (reading 'users')

      11 |     // Login as admin
      12 |     await page.goto('/login');
    > 13 |     await page.fill('input[name="username"], input[type="email"]', testData.users.admin.email);
         |                                                                             ^
      14 |     await page.fill('input[name="password"], input[type="password"]', testData.users.admin.password);
      15 |     await page.click('button[type="submit"], button:has-text("Login")');
      16 |     await page.waitForLoadState('networkidle');
        at E:\test-project-app\tests\playwright\admin\admin-crud.spec.ts:13:77

    attachment #1: screenshot (image/png) ──────────────────────────────────────────────────────────
    ..\..\test-results\admin-admin-crud-Admin---U-9c6ae-equired-fields-in-user-form-firefox\test-failed-1.png
    ────────────────────────────────────────────────────────────────────────────────────────────────

    attachment #2: video (video/webm) ──────────────────────────────────────────────────────────────
    ..\..\test-results\admin-admin-crud-Admin---U-9c6ae-equired-fields-in-user-form-firefox\video.webm
    ────────────────────────────────────────────────────────────────────────────────────────────────

    Error Context: ..\..\test-results\admin-admin-crud-Admin---U-9c6ae-equired-fields-in-user-form-firefox\error-context.md
]]>
</failure>
<system-out>
<![CDATA[
[[ATTACHMENT|test-results\admin-admin-crud-Admin---U-9c6ae-equired-fields-in-user-form-firefox\test-failed-1.png]]

[[ATTACHMENT|test-results\admin-admin-crud-Admin---U-9c6ae-equired-fields-in-user-form-firefox\video.webm]]

[[ATTACHMENT|test-results\admin-admin-crud-Admin---U-9c6ae-equired-fields-in-user-form-firefox\error-context.md]]
]]>
</system-out>
</testcase>
<testcase name="Admin - User Management CRUD › User Creation › should show error for duplicate username" classname="admin\admin-crud.spec.ts" time="4.167">
<failure message="admin-crud.spec.ts:76:9 should show error for duplicate username" type="FAILURE">
<![CDATA[  [firefox] › admin\admin-crud.spec.ts:76:9 › Admin - User Management CRUD › User Creation › should show error for duplicate username 

    TypeError: Cannot read properties of undefined (reading 'users')

      11 |     // Login as admin
      12 |     await page.goto('/login');
    > 13 |     await page.fill('input[name="username"], input[type="email"]', testData.users.admin.email);
         |                                                                             ^
      14 |     await page.fill('input[name="password"], input[type="password"]', testData.users.admin.password);
      15 |     await page.click('button[type="submit"], button:has-text("Login")');
      16 |     await page.waitForLoadState('networkidle');
        at E:\test-project-app\tests\playwright\admin\admin-crud.spec.ts:13:77

    attachment #1: screenshot (image/png) ──────────────────────────────────────────────────────────
    ..\..\test-results\admin-admin-crud-Admin---U-fbaf2-rror-for-duplicate-username-firefox\test-failed-1.png
    ────────────────────────────────────────────────────────────────────────────────────────────────

    attachment #2: video (video/webm) ──────────────────────────────────────────────────────────────
    ..\..\test-results\admin-admin-crud-Admin---U-fbaf2-rror-for-duplicate-username-firefox\video.webm
    ────────────────────────────────────────────────────────────────────────────────────────────────

    Error Context: ..\..\test-results\admin-admin-crud-Admin---U-fbaf2-rror-for-duplicate-username-firefox\error-context.md
]]>
</failure>
<system-out>
<![CDATA[
[[ATTACHMENT|test-results\admin-admin-crud-Admin---U-fbaf2-rror-for-duplicate-username-firefox\test-failed-1.png]]

[[ATTACHMENT|test-results\admin-admin-crud-Admin---U-fbaf2-rror-for-duplicate-username-firefox\video.webm]]

[[ATTACHMENT|test-results\admin-admin-crud-Admin---U-fbaf2-rror-for-duplicate-username-firefox\error-context.md]]
]]>
</system-out>
</testcase>
<testcase name="Admin - User Management CRUD › User Creation › should show error for duplicate email" classname="admin\admin-crud.spec.ts" time="4.46">
<failure message="admin-crud.spec.ts:105:9 should show error for duplicate email" type="FAILURE">
<![CDATA[  [firefox] › admin\admin-crud.spec.ts:105:9 › Admin - User Management CRUD › User Creation › should show error for duplicate email 

    TypeError: Cannot read properties of undefined (reading 'users')

      11 |     // Login as admin
      12 |     await page.goto('/login');
    > 13 |     await page.fill('input[name="username"], input[type="email"]', testData.users.admin.email);
         |                                                                             ^
      14 |     await page.fill('input[name="password"], input[type="password"]', testData.users.admin.password);
      15 |     await page.click('button[type="submit"], button:has-text("Login")');
      16 |     await page.waitForLoadState('networkidle');
        at E:\test-project-app\tests\playwright\admin\admin-crud.spec.ts:13:77

    attachment #1: screenshot (image/png) ──────────────────────────────────────────────────────────
    ..\..\test-results\admin-admin-crud-Admin---U-ec8f3-w-error-for-duplicate-email-firefox\test-failed-1.png
    ────────────────────────────────────────────────────────────────────────────────────────────────

    attachment #2: video (video/webm) ──────────────────────────────────────────────────────────────
    ..\..\test-results\admin-admin-crud-Admin---U-ec8f3-w-error-for-duplicate-email-firefox\video.webm
    ────────────────────────────────────────────────────────────────────────────────────────────────

    Error Context: ..\..\test-results\admin-admin-crud-Admin---U-ec8f3-w-error-for-duplicate-email-firefox\error-context.md
]]>
</failure>
<system-out>
<![CDATA[
[[ATTACHMENT|test-results\admin-admin-crud-Admin---U-ec8f3-w-error-for-duplicate-email-firefox\test-failed-1.png]]

[[ATTACHMENT|test-results\admin-admin-crud-Admin---U-ec8f3-w-error-for-duplicate-email-firefox\video.webm]]

[[ATTACHMENT|test-results\admin-admin-crud-Admin---U-ec8f3-w-error-for-duplicate-email-firefox\error-context.md]]
]]>
</system-out>
</testcase>
<testcase name="Admin - User Management CRUD › User Creation › should validate email format" classname="admin\admin-crud.spec.ts" time="4.527">
<failure message="admin-crud.spec.ts:134:9 should validate email format" type="FAILURE">
<![CDATA[  [firefox] › admin\admin-crud.spec.ts:134:9 › Admin - User Management CRUD › User Creation › should validate email format 

    TypeError: Cannot read properties of undefined (reading 'users')

      11 |     // Login as admin
      12 |     await page.goto('/login');
    > 13 |     await page.fill('input[name="username"], input[type="email"]', testData.users.admin.email);
         |                                                                             ^
      14 |     await page.fill('input[name="password"], input[type="password"]', testData.users.admin.password);
      15 |     await page.click('button[type="submit"], button:has-text("Login")');
      16 |     await page.waitForLoadState('networkidle');
        at E:\test-project-app\tests\playwright\admin\admin-crud.spec.ts:13:77

    attachment #1: screenshot (image/png) ──────────────────────────────────────────────────────────
    ..\..\test-results\admin-admin-crud-Admin---U-b61bd-hould-validate-email-format-firefox\test-failed-1.png
    ────────────────────────────────────────────────────────────────────────────────────────────────

    attachment #2: video (video/webm) ──────────────────────────────────────────────────────────────
    ..\..\test-results\admin-admin-crud-Admin---U-b61bd-hould-validate-email-format-firefox\video.webm
    ────────────────────────────────────────────────────────────────────────────────────────────────

    Error Context: ..\..\test-results\admin-admin-crud-Admin---U-b61bd-hould-validate-email-format-firefox\error-context.md
]]>
</failure>
<system-out>
<![CDATA[
[[ATTACHMENT|test-results\admin-admin-crud-Admin---U-b61bd-hould-validate-email-format-firefox\test-failed-1.png]]

[[ATTACHMENT|test-results\admin-admin-crud-Admin---U-b61bd-hould-validate-email-format-firefox\video.webm]]

[[ATTACHMENT|test-results\admin-admin-crud-Admin---U-b61bd-hould-validate-email-format-firefox\error-context.md]]
]]>
</system-out>
</testcase>
<testcase name="Admin - User Management CRUD › User Creation › should validate password strength" classname="admin\admin-crud.spec.ts" time="3.883">
<failure message="admin-crud.spec.ts:150:9 should validate password strength" type="FAILURE">
<![CDATA[  [firefox] › admin\admin-crud.spec.ts:150:9 › Admin - User Management CRUD › User Creation › should validate password strength 

    TypeError: Cannot read properties of undefined (reading 'users')

      11 |     // Login as admin
      12 |     await page.goto('/login');
    > 13 |     await page.fill('input[name="username"], input[type="email"]', testData.users.admin.email);
         |                                                                             ^
      14 |     await page.fill('input[name="password"], input[type="password"]', testData.users.admin.password);
      15 |     await page.click('button[type="submit"], button:has-text("Login")');
      16 |     await page.waitForLoadState('networkidle');
        at E:\test-project-app\tests\playwright\admin\admin-crud.spec.ts:13:77

    attachment #1: screenshot (image/png) ──────────────────────────────────────────────────────────
    ..\..\test-results\admin-admin-crud-Admin---U-05e4e--validate-password-strength-firefox\test-failed-1.png
    ────────────────────────────────────────────────────────────────────────────────────────────────

    attachment #2: video (video/webm) ──────────────────────────────────────────────────────────────
    ..\..\test-results\admin-admin-crud-Admin---U-05e4e--validate-password-strength-firefox\video.webm
    ────────────────────────────────────────────────────────────────────────────────────────────────

    Error Context: ..\..\test-results\admin-admin-crud-Admin---U-05e4e--validate-password-strength-firefox\error-context.md
]]>
</failure>
<system-out>
<![CDATA[
[[ATTACHMENT|test-results\admin-admin-crud-Admin---U-05e4e--validate-password-strength-firefox\test-failed-1.png]]

[[ATTACHMENT|test-results\admin-admin-crud-Admin---U-05e4e--validate-password-strength-firefox\video.webm]]

[[ATTACHMENT|test-results\admin-admin-crud-Admin---U-05e4e--validate-password-strength-firefox\error-context.md]]
]]>
</system-out>
</testcase>
<testcase name="Admin - User Management CRUD › User Reading › should display users list correctly" classname="admin\admin-crud.spec.ts" time="4.328">
<failure message="admin-crud.spec.ts:168:9 should display users list correctly" type="FAILURE">
<![CDATA[  [firefox] › admin\admin-crud.spec.ts:168:9 › Admin - User Management CRUD › User Reading › should display users list correctly 

    TypeError: Cannot read properties of undefined (reading 'users')

      11 |     // Login as admin
      12 |     await page.goto('/login');
    > 13 |     await page.fill('input[name="username"], input[type="email"]', testData.users.admin.email);
         |                                                                             ^
      14 |     await page.fill('input[name="password"], input[type="password"]', testData.users.admin.password);
      15 |     await page.click('button[type="submit"], button:has-text("Login")');
      16 |     await page.waitForLoadState('networkidle');
        at E:\test-project-app\tests\playwright\admin\admin-crud.spec.ts:13:77

    attachment #1: screenshot (image/png) ──────────────────────────────────────────────────────────
    ..\..\test-results\admin-admin-crud-Admin---U-fbd22-isplay-users-list-correctly-firefox\test-failed-1.png
    ────────────────────────────────────────────────────────────────────────────────────────────────

    attachment #2: video (video/webm) ──────────────────────────────────────────────────────────────
    ..\..\test-results\admin-admin-crud-Admin---U-fbd22-isplay-users-list-correctly-firefox\video.webm
    ────────────────────────────────────────────────────────────────────────────────────────────────

    Error Context: ..\..\test-results\admin-admin-crud-Admin---U-fbd22-isplay-users-list-correctly-firefox\error-context.md
]]>
</failure>
<system-out>
<![CDATA[
[[ATTACHMENT|test-results\admin-admin-crud-Admin---U-fbd22-isplay-users-list-correctly-firefox\test-failed-1.png]]

[[ATTACHMENT|test-results\admin-admin-crud-Admin---U-fbd22-isplay-users-list-correctly-firefox\video.webm]]

[[ATTACHMENT|test-results\admin-admin-crud-Admin---U-fbd22-isplay-users-list-correctly-firefox\error-context.md]]
]]>
</system-out>
</testcase>
<testcase name="Admin - User Management CRUD › User Reading › should show user details correctly" classname="admin\admin-crud.spec.ts" time="4.514">
<failure message="admin-crud.spec.ts:173:9 should show user details correctly" type="FAILURE">
<![CDATA[  [firefox] › admin\admin-crud.spec.ts:173:9 › Admin - User Management CRUD › User Reading › should show user details correctly 

    TypeError: Cannot read properties of undefined (reading 'users')

      11 |     // Login as admin
      12 |     await page.goto('/login');
    > 13 |     await page.fill('input[name="username"], input[type="email"]', testData.users.admin.email);
         |                                                                             ^
      14 |     await page.fill('input[name="password"], input[type="password"]', testData.users.admin.password);
      15 |     await page.click('button[type="submit"], button:has-text("Login")');
      16 |     await page.waitForLoadState('networkidle');
        at E:\test-project-app\tests\playwright\admin\admin-crud.spec.ts:13:77

    attachment #1: screenshot (image/png) ──────────────────────────────────────────────────────────
    ..\..\test-results\admin-admin-crud-Admin---U-7f87a-show-user-details-correctly-firefox\test-failed-1.png
    ────────────────────────────────────────────────────────────────────────────────────────────────

    attachment #2: video (video/webm) ──────────────────────────────────────────────────────────────
    ..\..\test-results\admin-admin-crud-Admin---U-7f87a-show-user-details-correctly-firefox\video.webm
    ────────────────────────────────────────────────────────────────────────────────────────────────

    Error Context: ..\..\test-results\admin-admin-crud-Admin---U-7f87a-show-user-details-correctly-firefox\error-context.md
]]>
</failure>
<system-out>
<![CDATA[
[[ATTACHMENT|test-results\admin-admin-crud-Admin---U-7f87a-show-user-details-correctly-firefox\test-failed-1.png]]

[[ATTACHMENT|test-results\admin-admin-crud-Admin---U-7f87a-show-user-details-correctly-firefox\video.webm]]

[[ATTACHMENT|test-results\admin-admin-crud-Admin---U-7f87a-show-user-details-correctly-firefox\error-context.md]]
]]>
</system-out>
</testcase>
<testcase name="Admin - User Management CRUD › User Reading › should support user search functionality" classname="admin\admin-crud.spec.ts" time="4.149">
<failure message="admin-crud.spec.ts:178:9 should support user search functionality" type="FAILURE">
<![CDATA[  [firefox] › admin\admin-crud.spec.ts:178:9 › Admin - User Management CRUD › User Reading › should support user search functionality 

    TypeError: Cannot read properties of undefined (reading 'users')

      11 |     // Login as admin
      12 |     await page.goto('/login');
    > 13 |     await page.fill('input[name="username"], input[type="email"]', testData.users.admin.email);
         |                                                                             ^
      14 |     await page.fill('input[name="password"], input[type="password"]', testData.users.admin.password);
      15 |     await page.click('button[type="submit"], button:has-text("Login")');
      16 |     await page.waitForLoadState('networkidle');
        at E:\test-project-app\tests\playwright\admin\admin-crud.spec.ts:13:77

    attachment #1: screenshot (image/png) ──────────────────────────────────────────────────────────
    ..\..\test-results\admin-admin-crud-Admin---U-df9a4-t-user-search-functionality-firefox\test-failed-1.png
    ────────────────────────────────────────────────────────────────────────────────────────────────

    attachment #2: video (video/webm) ──────────────────────────────────────────────────────────────
    ..\..\test-results\admin-admin-crud-Admin---U-df9a4-t-user-search-functionality-firefox\video.webm
    ────────────────────────────────────────────────────────────────────────────────────────────────

    Error Context: ..\..\test-results\admin-admin-crud-Admin---U-df9a4-t-user-search-functionality-firefox\error-context.md
]]>
</failure>
<system-out>
<![CDATA[
[[ATTACHMENT|test-results\admin-admin-crud-Admin---U-df9a4-t-user-search-functionality-firefox\test-failed-1.png]]

[[ATTACHMENT|test-results\admin-admin-crud-Admin---U-df9a4-t-user-search-functionality-firefox\video.webm]]

[[ATTACHMENT|test-results\admin-admin-crud-Admin---U-df9a4-t-user-search-functionality-firefox\error-context.md]]
]]>
</system-out>
</testcase>
<testcase name="Admin - User Management CRUD › User Reading › should support role filtering" classname="admin\admin-crud.spec.ts" time="4.387">
<failure message="admin-crud.spec.ts:183:9 should support role filtering" type="FAILURE">
<![CDATA[  [firefox] › admin\admin-crud.spec.ts:183:9 › Admin - User Management CRUD › User Reading › should support role filtering 

    TypeError: Cannot read properties of undefined (reading 'users')

      11 |     // Login as admin
      12 |     await page.goto('/login');
    > 13 |     await page.fill('input[name="username"], input[type="email"]', testData.users.admin.email);
         |                                                                             ^
      14 |     await page.fill('input[name="password"], input[type="password"]', testData.users.admin.password);
      15 |     await page.click('button[type="submit"], button:has-text("Login")');
      16 |     await page.waitForLoadState('networkidle');
        at E:\test-project-app\tests\playwright\admin\admin-crud.spec.ts:13:77

    attachment #1: screenshot (image/png) ──────────────────────────────────────────────────────────
    ..\..\test-results\admin-admin-crud-Admin---U-32929-ould-support-role-filtering-firefox\test-failed-1.png
    ────────────────────────────────────────────────────────────────────────────────────────────────

    attachment #2: video (video/webm) ──────────────────────────────────────────────────────────────
    ..\..\test-results\admin-admin-crud-Admin---U-32929-ould-support-role-filtering-firefox\video.webm
    ────────────────────────────────────────────────────────────────────────────────────────────────

    Error Context: ..\..\test-results\admin-admin-crud-Admin---U-32929-ould-support-role-filtering-firefox\error-context.md
]]>
</failure>
<system-out>
<![CDATA[
[[ATTACHMENT|test-results\admin-admin-crud-Admin---U-32929-ould-support-role-filtering-firefox\test-failed-1.png]]

[[ATTACHMENT|test-results\admin-admin-crud-Admin---U-32929-ould-support-role-filtering-firefox\video.webm]]

[[ATTACHMENT|test-results\admin-admin-crud-Admin---U-32929-ould-support-role-filtering-firefox\error-context.md]]
]]>
</system-out>
</testcase>
<testcase name="Admin - User Management CRUD › User Reading › should show user statistics" classname="admin\admin-crud.spec.ts" time="3.69">
<failure message="admin-crud.spec.ts:188:9 should show user statistics" type="FAILURE">
<![CDATA[  [firefox] › admin\admin-crud.spec.ts:188:9 › Admin - User Management CRUD › User Reading › should show user statistics 

    TypeError: Cannot read properties of undefined (reading 'users')

      11 |     // Login as admin
      12 |     await page.goto('/login');
    > 13 |     await page.fill('input[name="username"], input[type="email"]', testData.users.admin.email);
         |                                                                             ^
      14 |     await page.fill('input[name="password"], input[type="password"]', testData.users.admin.password);
      15 |     await page.click('button[type="submit"], button:has-text("Login")');
      16 |     await page.waitForLoadState('networkidle');
        at E:\test-project-app\tests\playwright\admin\admin-crud.spec.ts:13:77

    attachment #1: screenshot (image/png) ──────────────────────────────────────────────────────────
    ..\..\test-results\admin-admin-crud-Admin---U-b7ebc-should-show-user-statistics-firefox\test-failed-1.png
    ────────────────────────────────────────────────────────────────────────────────────────────────

    attachment #2: video (video/webm) ──────────────────────────────────────────────────────────────
    ..\..\test-results\admin-admin-crud-Admin---U-b7ebc-should-show-user-statistics-firefox\video.webm
    ────────────────────────────────────────────────────────────────────────────────────────────────

    Error Context: ..\..\test-results\admin-admin-crud-Admin---U-b7ebc-should-show-user-statistics-firefox\error-context.md
]]>
</failure>
<system-out>
<![CDATA[
[[ATTACHMENT|test-results\admin-admin-crud-Admin---U-b7ebc-should-show-user-statistics-firefox\test-failed-1.png]]

[[ATTACHMENT|test-results\admin-admin-crud-Admin---U-b7ebc-should-show-user-statistics-firefox\video.webm]]

[[ATTACHMENT|test-results\admin-admin-crud-Admin---U-b7ebc-should-show-user-statistics-firefox\error-context.md]]
]]>
</system-out>
</testcase>
<testcase name="Admin - User Management CRUD › User Updates › should update user successfully" classname="admin\admin-crud.spec.ts" time="5.595">
<failure message="admin-crud.spec.ts:195:9 should update user successfully" type="FAILURE">
<![CDATA[  [firefox] › admin\admin-crud.spec.ts:195:9 › Admin - User Management CRUD › User Updates › should update user successfully 

    TypeError: Cannot read properties of undefined (reading 'users')

      11 |     // Login as admin
      12 |     await page.goto('/login');
    > 13 |     await page.fill('input[name="username"], input[type="email"]', testData.users.admin.email);
         |                                                                             ^
      14 |     await page.fill('input[name="password"], input[type="password"]', testData.users.admin.password);
      15 |     await page.click('button[type="submit"], button:has-text("Login")');
      16 |     await page.waitForLoadState('networkidle');
        at E:\test-project-app\tests\playwright\admin\admin-crud.spec.ts:13:77

    attachment #1: screenshot (image/png) ──────────────────────────────────────────────────────────
    ..\..\test-results\admin-admin-crud-Admin---U-f89e4-ld-update-user-successfully-firefox\test-failed-1.png
    ────────────────────────────────────────────────────────────────────────────────────────────────

    attachment #2: video (video/webm) ──────────────────────────────────────────────────────────────
    ..\..\test-results\admin-admin-crud-Admin---U-f89e4-ld-update-user-successfully-firefox\video.webm
    ────────────────────────────────────────────────────────────────────────────────────────────────

    Error Context: ..\..\test-results\admin-admin-crud-Admin---U-f89e4-ld-update-user-successfully-firefox\error-context.md
]]>
</failure>
<system-out>
<![CDATA[
[[ATTACHMENT|test-results\admin-admin-crud-Admin---U-f89e4-ld-update-user-successfully-firefox\test-failed-1.png]]

[[ATTACHMENT|test-results\admin-admin-crud-Admin---U-f89e4-ld-update-user-successfully-firefox\video.webm]]

[[ATTACHMENT|test-results\admin-admin-crud-Admin---U-f89e4-ld-update-user-successfully-firefox\error-context.md]]
]]>
</system-out>
</testcase>
<testcase name="Admin - User Management CRUD › User Updates › should update user role" classname="admin\admin-crud.spec.ts" time="3.999">
<failure message="admin-crud.spec.ts:204:9 should update user role" type="FAILURE">
<![CDATA[  [firefox] › admin\admin-crud.spec.ts:204:9 › Admin - User Management CRUD › User Updates › should update user role 

    TypeError: Cannot read properties of undefined (reading 'users')

      11 |     // Login as admin
      12 |     await page.goto('/login');
    > 13 |     await page.fill('input[name="username"], input[type="email"]', testData.users.admin.email);
         |                                                                             ^
      14 |     await page.fill('input[name="password"], input[type="password"]', testData.users.admin.password);
      15 |     await page.click('button[type="submit"], button:has-text("Login")');
      16 |     await page.waitForLoadState('networkidle');
        at E:\test-project-app\tests\playwright\admin\admin-crud.spec.ts:13:77

    attachment #1: screenshot (image/png) ──────────────────────────────────────────────────────────
    ..\..\test-results\admin-admin-crud-Admin---U-c9157-tes-should-update-user-role-firefox\test-failed-1.png
    ────────────────────────────────────────────────────────────────────────────────────────────────

    attachment #2: video (video/webm) ──────────────────────────────────────────────────────────────
    ..\..\test-results\admin-admin-crud-Admin---U-c9157-tes-should-update-user-role-firefox\video.webm
    ────────────────────────────────────────────────────────────────────────────────────────────────

    Error Context: ..\..\test-results\admin-admin-crud-Admin---U-c9157-tes-should-update-user-role-firefox\error-context.md
]]>
</failure>
<system-out>
<![CDATA[
[[ATTACHMENT|test-results\admin-admin-crud-Admin---U-c9157-tes-should-update-user-role-firefox\test-failed-1.png]]

[[ATTACHMENT|test-results\admin-admin-crud-Admin---U-c9157-tes-should-update-user-role-firefox\video.webm]]

[[ATTACHMENT|test-results\admin-admin-crud-Admin---U-c9157-tes-should-update-user-role-firefox\error-context.md]]
]]>
</system-out>
</testcase>
<testcase name="Admin - User Management CRUD › User Updates › should update user permissions" classname="admin\admin-crud.spec.ts" time="6.813">
<failure message="admin-crud.spec.ts:212:9 should update user permissions" type="FAILURE">
<![CDATA[  [firefox] › admin\admin-crud.spec.ts:212:9 › Admin - User Management CRUD › User Updates › should update user permissions 

    TypeError: Cannot read properties of undefined (reading 'users')

      11 |     // Login as admin
      12 |     await page.goto('/login');
    > 13 |     await page.fill('input[name="username"], input[type="email"]', testData.users.admin.email);
         |                                                                             ^
      14 |     await page.fill('input[name="password"], input[type="password"]', testData.users.admin.password);
      15 |     await page.click('button[type="submit"], button:has-text("Login")');
      16 |     await page.waitForLoadState('networkidle');
        at E:\test-project-app\tests\playwright\admin\admin-crud.spec.ts:13:77

    attachment #1: screenshot (image/png) ──────────────────────────────────────────────────────────
    ..\..\test-results\admin-admin-crud-Admin---U-86e51-uld-update-user-permissions-firefox\test-failed-1.png
    ────────────────────────────────────────────────────────────────────────────────────────────────

    attachment #2: video (video/webm) ──────────────────────────────────────────────────────────────
    ..\..\test-results\admin-admin-crud-Admin---U-86e51-uld-update-user-permissions-firefox\video.webm
    ────────────────────────────────────────────────────────────────────────────────────────────────

    Error Context: ..\..\test-results\admin-admin-crud-Admin---U-86e51-uld-update-user-permissions-firefox\error-context.md
]]>
</failure>
<system-out>
<![CDATA[
[[ATTACHMENT|test-results\admin-admin-crud-Admin---U-86e51-uld-update-user-permissions-firefox\test-failed-1.png]]

[[ATTACHMENT|test-results\admin-admin-crud-Admin---U-86e51-uld-update-user-permissions-firefox\video.webm]]

[[ATTACHMENT|test-results\admin-admin-crud-Admin---U-86e51-uld-update-user-permissions-firefox\error-context.md]]
]]>
</system-out>
</testcase>
<testcase name="Admin - User Management CRUD › User Updates › should validate updated user data" classname="admin\admin-crud.spec.ts" time="5.683">
<failure message="admin-crud.spec.ts:220:9 should validate updated user data" type="FAILURE">
<![CDATA[  [firefox] › admin\admin-crud.spec.ts:220:9 › Admin - User Management CRUD › User Updates › should validate updated user data 

    TypeError: Cannot read properties of undefined (reading 'users')

      11 |     // Login as admin
      12 |     await page.goto('/login');
    > 13 |     await page.fill('input[name="username"], input[type="email"]', testData.users.admin.email);
         |                                                                             ^
      14 |     await page.fill('input[name="password"], input[type="password"]', testData.users.admin.password);
      15 |     await page.click('button[type="submit"], button:has-text("Login")');
      16 |     await page.waitForLoadState('networkidle');
        at E:\test-project-app\tests\playwright\admin\admin-crud.spec.ts:13:77

    attachment #1: screenshot (image/png) ──────────────────────────────────────────────────────────
    ..\..\test-results\admin-admin-crud-Admin---U-a3755--validate-updated-user-data-firefox\test-failed-1.png
    ────────────────────────────────────────────────────────────────────────────────────────────────

    attachment #2: video (video/webm) ──────────────────────────────────────────────────────────────
    ..\..\test-results\admin-admin-crud-Admin---U-a3755--validate-updated-user-data-firefox\video.webm
    ────────────────────────────────────────────────────────────────────────────────────────────────

    Error Context: ..\..\test-results\admin-admin-crud-Admin---U-a3755--validate-updated-user-data-firefox\error-context.md
]]>
</failure>
<system-out>
<![CDATA[
[[ATTACHMENT|test-results\admin-admin-crud-Admin---U-a3755--validate-updated-user-data-firefox\test-failed-1.png]]

[[ATTACHMENT|test-results\admin-admin-crud-Admin---U-a3755--validate-updated-user-data-firefox\video.webm]]

[[ATTACHMENT|test-results\admin-admin-crud-Admin---U-a3755--validate-updated-user-data-firefox\error-context.md]]
]]>
</system-out>
</testcase>
<testcase name="Admin - User Management CRUD › User Updates › should handle concurrent updates" classname="admin\admin-crud.spec.ts" time="4.847">
<failure message="admin-crud.spec.ts:230:9 should handle concurrent updates" type="FAILURE">
<![CDATA[  [firefox] › admin\admin-crud.spec.ts:230:9 › Admin - User Management CRUD › User Updates › should handle concurrent updates 

    TypeError: Cannot read properties of undefined (reading 'users')

      11 |     // Login as admin
      12 |     await page.goto('/login');
    > 13 |     await page.fill('input[name="username"], input[type="email"]', testData.users.admin.email);
         |                                                                             ^
      14 |     await page.fill('input[name="password"], input[type="password"]', testData.users.admin.password);
      15 |     await page.click('button[type="submit"], button:has-text("Login")');
      16 |     await page.waitForLoadState('networkidle');
        at E:\test-project-app\tests\playwright\admin\admin-crud.spec.ts:13:77

    attachment #1: screenshot (image/png) ──────────────────────────────────────────────────────────
    ..\..\test-results\admin-admin-crud-Admin---U-fa02e-d-handle-concurrent-updates-firefox\test-failed-1.png
    ────────────────────────────────────────────────────────────────────────────────────────────────

    attachment #2: video (video/webm) ──────────────────────────────────────────────────────────────
    ..\..\test-results\admin-admin-crud-Admin---U-fa02e-d-handle-concurrent-updates-firefox\video.webm
    ────────────────────────────────────────────────────────────────────────────────────────────────

    Error Context: ..\..\test-results\admin-admin-crud-Admin---U-fa02e-d-handle-concurrent-updates-firefox\error-context.md
]]>
</failure>
<system-out>
<![CDATA[
[[ATTACHMENT|test-results\admin-admin-crud-Admin---U-fa02e-d-handle-concurrent-updates-firefox\test-failed-1.png]]

[[ATTACHMENT|test-results\admin-admin-crud-Admin---U-fa02e-d-handle-concurrent-updates-firefox\video.webm]]

[[ATTACHMENT|test-results\admin-admin-crud-Admin---U-fa02e-d-handle-concurrent-updates-firefox\error-context.md]]
]]>
</system-out>
</testcase>
<testcase name="Admin - User Management CRUD › User Deletion › should delete user successfully" classname="admin\admin-crud.spec.ts" time="3.548">
<failure message="admin-crud.spec.ts:253:9 should delete user successfully" type="FAILURE">
<![CDATA[  [firefox] › admin\admin-crud.spec.ts:253:9 › Admin - User Management CRUD › User Deletion › should delete user successfully 

    TypeError: Cannot read properties of undefined (reading 'users')

      11 |     // Login as admin
      12 |     await page.goto('/login');
    > 13 |     await page.fill('input[name="username"], input[type="email"]', testData.users.admin.email);
         |                                                                             ^
      14 |     await page.fill('input[name="password"], input[type="password"]', testData.users.admin.password);
      15 |     await page.click('button[type="submit"], button:has-text("Login")');
      16 |     await page.waitForLoadState('networkidle');
        at E:\test-project-app\tests\playwright\admin\admin-crud.spec.ts:13:77

    attachment #1: screenshot (image/png) ──────────────────────────────────────────────────────────
    ..\..\test-results\admin-admin-crud-Admin---U-76625-ld-delete-user-successfully-firefox\test-failed-1.png
    ────────────────────────────────────────────────────────────────────────────────────────────────

    attachment #2: video (video/webm) ──────────────────────────────────────────────────────────────
    ..\..\test-results\admin-admin-crud-Admin---U-76625-ld-delete-user-successfully-firefox\video.webm
    ────────────────────────────────────────────────────────────────────────────────────────────────

    Error Context: ..\..\test-results\admin-admin-crud-Admin---U-76625-ld-delete-user-successfully-firefox\error-context.md
]]>
</failure>
<system-out>
<![CDATA[
[[ATTACHMENT|test-results\admin-admin-crud-Admin---U-76625-ld-delete-user-successfully-firefox\test-failed-1.png]]

[[ATTACHMENT|test-results\admin-admin-crud-Admin---U-76625-ld-delete-user-successfully-firefox\video.webm]]

[[ATTACHMENT|test-results\admin-admin-crud-Admin---U-76625-ld-delete-user-successfully-firefox\error-context.md]]
]]>
</system-out>
</testcase>
<testcase name="Admin - User Management CRUD › User Deletion › should cancel deletion when confirmation is dismissed" classname="admin\admin-crud.spec.ts" time="3.803">
<failure message="admin-crud.spec.ts:277:9 should cancel deletion when confirmation is dismissed" type="FAILURE">
<![CDATA[  [firefox] › admin\admin-crud.spec.ts:277:9 › Admin - User Management CRUD › User Deletion › should cancel deletion when confirmation is dismissed 

    TypeError: Cannot read properties of undefined (reading 'users')

      11 |     // Login as admin
      12 |     await page.goto('/login');
    > 13 |     await page.fill('input[name="username"], input[type="email"]', testData.users.admin.email);
         |                                                                             ^
      14 |     await page.fill('input[name="password"], input[type="password"]', testData.users.admin.password);
      15 |     await page.click('button[type="submit"], button:has-text("Login")');
      16 |     await page.waitForLoadState('networkidle');
        at E:\test-project-app\tests\playwright\admin\admin-crud.spec.ts:13:77

    attachment #1: screenshot (image/png) ──────────────────────────────────────────────────────────
    ..\..\test-results\admin-admin-crud-Admin---U-b10bf-n-confirmation-is-dismissed-firefox\test-failed-1.png
    ────────────────────────────────────────────────────────────────────────────────────────────────

    attachment #2: video (video/webm) ──────────────────────────────────────────────────────────────
    ..\..\test-results\admin-admin-crud-Admin---U-b10bf-n-confirmation-is-dismissed-firefox\video.webm
    ────────────────────────────────────────────────────────────────────────────────────────────────

    Error Context: ..\..\test-results\admin-admin-crud-Admin---U-b10bf-n-confirmation-is-dismissed-firefox\error-context.md
]]>
</failure>
<system-out>
<![CDATA[
[[ATTACHMENT|test-results\admin-admin-crud-Admin---U-b10bf-n-confirmation-is-dismissed-firefox\test-failed-1.png]]

[[ATTACHMENT|test-results\admin-admin-crud-Admin---U-b10bf-n-confirmation-is-dismissed-firefox\video.webm]]

[[ATTACHMENT|test-results\admin-admin-crud-Admin---U-b10bf-n-confirmation-is-dismissed-firefox\error-context.md]]
]]>
</system-out>
</testcase>
<testcase name="Admin - User Management CRUD › User Deletion › should prevent deletion of admin users" classname="admin\admin-crud.spec.ts" time="4.354">
<failure message="admin-crud.spec.ts:289:9 should prevent deletion of admin users" type="FAILURE">
<![CDATA[  [firefox] › admin\admin-crud.spec.ts:289:9 › Admin - User Management CRUD › User Deletion › should prevent deletion of admin users 

    TypeError: Cannot read properties of undefined (reading 'users')

      11 |     // Login as admin
      12 |     await page.goto('/login');
    > 13 |     await page.fill('input[name="username"], input[type="email"]', testData.users.admin.email);
         |                                                                             ^
      14 |     await page.fill('input[name="password"], input[type="password"]', testData.users.admin.password);
      15 |     await page.click('button[type="submit"], button:has-text("Login")');
      16 |     await page.waitForLoadState('networkidle');
        at E:\test-project-app\tests\playwright\admin\admin-crud.spec.ts:13:77

    attachment #1: screenshot (image/png) ──────────────────────────────────────────────────────────
    ..\..\test-results\admin-admin-crud-Admin---U-09274-ent-deletion-of-admin-users-firefox\test-failed-1.png
    ────────────────────────────────────────────────────────────────────────────────────────────────

    attachment #2: video (video/webm) ──────────────────────────────────────────────────────────────
    ..\..\test-results\admin-admin-crud-Admin---U-09274-ent-deletion-of-admin-users-firefox\video.webm
    ────────────────────────────────────────────────────────────────────────────────────────────────

    Error Context: ..\..\test-results\admin-admin-crud-Admin---U-09274-ent-deletion-of-admin-users-firefox\error-context.md
]]>
</failure>
<system-out>
<![CDATA[
[[ATTACHMENT|test-results\admin-admin-crud-Admin---U-09274-ent-deletion-of-admin-users-firefox\test-failed-1.png]]

[[ATTACHMENT|test-results\admin-admin-crud-Admin---U-09274-ent-deletion-of-admin-users-firefox\video.webm]]

[[ATTACHMENT|test-results\admin-admin-crud-Admin---U-09274-ent-deletion-of-admin-users-firefox\error-context.md]]
]]>
</system-out>
</testcase>
<testcase name="Admin - User Management CRUD › User Deletion › should handle bulk user operations" classname="admin\admin-crud.spec.ts" time="4.788">
<failure message="admin-crud.spec.ts:295:9 should handle bulk user operations" type="FAILURE">
<![CDATA[  [firefox] › admin\admin-crud.spec.ts:295:9 › Admin - User Management CRUD › User Deletion › should handle bulk user operations 

    TypeError: Cannot read properties of undefined (reading 'users')

      11 |     // Login as admin
      12 |     await page.goto('/login');
    > 13 |     await page.fill('input[name="username"], input[type="email"]', testData.users.admin.email);
         |                                                                             ^
      14 |     await page.fill('input[name="password"], input[type="password"]', testData.users.admin.password);
      15 |     await page.click('button[type="submit"], button:has-text("Login")');
      16 |     await page.waitForLoadState('networkidle');
        at E:\test-project-app\tests\playwright\admin\admin-crud.spec.ts:13:77

    attachment #1: screenshot (image/png) ──────────────────────────────────────────────────────────
    ..\..\test-results\admin-admin-crud-Admin---U-e3e86-handle-bulk-user-operations-firefox\test-failed-1.png
    ────────────────────────────────────────────────────────────────────────────────────────────────

    attachment #2: video (video/webm) ──────────────────────────────────────────────────────────────
    ..\..\test-results\admin-admin-crud-Admin---U-e3e86-handle-bulk-user-operations-firefox\video.webm
    ────────────────────────────────────────────────────────────────────────────────────────────────

    Error Context: ..\..\test-results\admin-admin-crud-Admin---U-e3e86-handle-bulk-user-operations-firefox\error-context.md
]]>
</failure>
<system-out>
<![CDATA[
[[ATTACHMENT|test-results\admin-admin-crud-Admin---U-e3e86-handle-bulk-user-operations-firefox\test-failed-1.png]]

[[ATTACHMENT|test-results\admin-admin-crud-Admin---U-e3e86-handle-bulk-user-operations-firefox\video.webm]]

[[ATTACHMENT|test-results\admin-admin-crud-Admin---U-e3e86-handle-bulk-user-operations-firefox\error-context.md]]
]]>
</system-out>
</testcase>
<testcase name="Admin - User Management CRUD › Google Emails Management › should add Google email successfully" classname="admin\admin-crud.spec.ts" time="4.696">
<failure message="admin-crud.spec.ts:306:9 should add Google email successfully" type="FAILURE">
<![CDATA[  [firefox] › admin\admin-crud.spec.ts:306:9 › Admin - User Management CRUD › Google Emails Management › should add Google email successfully 

    TypeError: Cannot read properties of undefined (reading 'users')

      11 |     // Login as admin
      12 |     await page.goto('/login');
    > 13 |     await page.fill('input[name="username"], input[type="email"]', testData.users.admin.email);
         |                                                                             ^
      14 |     await page.fill('input[name="password"], input[type="password"]', testData.users.admin.password);
      15 |     await page.click('button[type="submit"], button:has-text("Login")');
      16 |     await page.waitForLoadState('networkidle');
        at E:\test-project-app\tests\playwright\admin\admin-crud.spec.ts:13:77

    attachment #1: screenshot (image/png) ──────────────────────────────────────────────────────────
    ..\..\test-results\admin-admin-crud-Admin---U-159e1-d-Google-email-successfully-firefox\test-failed-1.png
    ────────────────────────────────────────────────────────────────────────────────────────────────

    attachment #2: video (video/webm) ──────────────────────────────────────────────────────────────
    ..\..\test-results\admin-admin-crud-Admin---U-159e1-d-Google-email-successfully-firefox\video.webm
    ────────────────────────────────────────────────────────────────────────────────────────────────

    Error Context: ..\..\test-results\admin-admin-crud-Admin---U-159e1-d-Google-email-successfully-firefox\error-context.md
]]>
</failure>
<system-out>
<![CDATA[
[[ATTACHMENT|test-results\admin-admin-crud-Admin---U-159e1-d-Google-email-successfully-firefox\test-failed-1.png]]

[[ATTACHMENT|test-results\admin-admin-crud-Admin---U-159e1-d-Google-email-successfully-firefox\video.webm]]

[[ATTACHMENT|test-results\admin-admin-crud-Admin---U-159e1-d-Google-email-successfully-firefox\error-context.md]]
]]>
</system-out>
</testcase>
<testcase name="Admin - User Management CRUD › Google Emails Management › should validate email format for Google emails" classname="admin\admin-crud.spec.ts" time="4.581">
<failure message="admin-crud.spec.ts:317:9 should validate email format for Google emails" type="FAILURE">
<![CDATA[  [firefox] › admin\admin-crud.spec.ts:317:9 › Admin - User Management CRUD › Google Emails Management › should validate email format for Google emails 

    TypeError: Cannot read properties of undefined (reading 'users')

      11 |     // Login as admin
      12 |     await page.goto('/login');
    > 13 |     await page.fill('input[name="username"], input[type="email"]', testData.users.admin.email);
         |                                                                             ^
      14 |     await page.fill('input[name="password"], input[type="password"]', testData.users.admin.password);
      15 |     await page.click('button[type="submit"], button:has-text("Login")');
      16 |     await page.waitForLoadState('networkidle');
        at E:\test-project-app\tests\playwright\admin\admin-crud.spec.ts:13:77

    attachment #1: screenshot (image/png) ──────────────────────────────────────────────────────────
    ..\..\test-results\admin-admin-crud-Admin---U-449f3-il-format-for-Google-emails-firefox\test-failed-1.png
    ────────────────────────────────────────────────────────────────────────────────────────────────

    attachment #2: video (video/webm) ──────────────────────────────────────────────────────────────
    ..\..\test-results\admin-admin-crud-Admin---U-449f3-il-format-for-Google-emails-firefox\video.webm
    ────────────────────────────────────────────────────────────────────────────────────────────────

    Error Context: ..\..\test-results\admin-admin-crud-Admin---U-449f3-il-format-for-Google-emails-firefox\error-context.md
]]>
</failure>
<system-out>
<![CDATA[
[[ATTACHMENT|test-results\admin-admin-crud-Admin---U-449f3-il-format-for-Google-emails-firefox\test-failed-1.png]]

[[ATTACHMENT|test-results\admin-admin-crud-Admin---U-449f3-il-format-for-Google-emails-firefox\video.webm]]

[[ATTACHMENT|test-results\admin-admin-crud-Admin---U-449f3-il-format-for-Google-emails-firefox\error-context.md]]
]]>
</system-out>
</testcase>
<testcase name="Admin - User Management CRUD › Google Emails Management › should prevent duplicate Google emails" classname="admin\admin-crud.spec.ts" time="4.252">
<failure message="admin-crud.spec.ts:326:9 should prevent duplicate Google emails" type="FAILURE">
<![CDATA[  [firefox] › admin\admin-crud.spec.ts:326:9 › Admin - User Management CRUD › Google Emails Management › should prevent duplicate Google emails 

    TypeError: Cannot read properties of undefined (reading 'users')

      11 |     // Login as admin
      12 |     await page.goto('/login');
    > 13 |     await page.fill('input[name="username"], input[type="email"]', testData.users.admin.email);
         |                                                                             ^
      14 |     await page.fill('input[name="password"], input[type="password"]', testData.users.admin.password);
      15 |     await page.click('button[type="submit"], button:has-text("Login")');
      16 |     await page.waitForLoadState('networkidle');
        at E:\test-project-app\tests\playwright\admin\admin-crud.spec.ts:13:77

    attachment #1: screenshot (image/png) ──────────────────────────────────────────────────────────
    ..\..\test-results\admin-admin-crud-Admin---U-df1e4-ent-duplicate-Google-emails-firefox\test-failed-1.png
    ────────────────────────────────────────────────────────────────────────────────────────────────

    attachment #2: video (video/webm) ──────────────────────────────────────────────────────────────
    ..\..\test-results\admin-admin-crud-Admin---U-df1e4-ent-duplicate-Google-emails-firefox\video.webm
    ────────────────────────────────────────────────────────────────────────────────────────────────

    Error Context: ..\..\test-results\admin-admin-crud-Admin---U-df1e4-ent-duplicate-Google-emails-firefox\error-context.md
]]>
</failure>
<system-out>
<![CDATA[
[[ATTACHMENT|test-results\admin-admin-crud-Admin---U-df1e4-ent-duplicate-Google-emails-firefox\test-failed-1.png]]

[[ATTACHMENT|test-results\admin-admin-crud-Admin---U-df1e4-ent-duplicate-Google-emails-firefox\video.webm]]

[[ATTACHMENT|test-results\admin-admin-crud-Admin---U-df1e4-ent-duplicate-Google-emails-firefox\error-context.md]]
]]>
</system-out>
</testcase>
<testcase name="Admin - User Management CRUD › Google Emails Management › should delete Google email successfully" classname="admin\admin-crud.spec.ts" time="3.787">
<failure message="admin-crud.spec.ts:340:9 should delete Google email successfully" type="FAILURE">
<![CDATA[  [firefox] › admin\admin-crud.spec.ts:340:9 › Admin - User Management CRUD › Google Emails Management › should delete Google email successfully 

    TypeError: Cannot read properties of undefined (reading 'users')

      11 |     // Login as admin
      12 |     await page.goto('/login');
    > 13 |     await page.fill('input[name="username"], input[type="email"]', testData.users.admin.email);
         |                                                                             ^
      14 |     await page.fill('input[name="password"], input[type="password"]', testData.users.admin.password);
      15 |     await page.click('button[type="submit"], button:has-text("Login")');
      16 |     await page.waitForLoadState('networkidle');
        at E:\test-project-app\tests\playwright\admin\admin-crud.spec.ts:13:77

    attachment #1: screenshot (image/png) ──────────────────────────────────────────────────────────
    ..\..\test-results\admin-admin-crud-Admin---U-e221e-e-Google-email-successfully-firefox\test-failed-1.png
    ────────────────────────────────────────────────────────────────────────────────────────────────

    attachment #2: video (video/webm) ──────────────────────────────────────────────────────────────
    ..\..\test-results\admin-admin-crud-Admin---U-e221e-e-Google-email-successfully-firefox\video.webm
    ────────────────────────────────────────────────────────────────────────────────────────────────

    Error Context: ..\..\test-results\admin-admin-crud-Admin---U-e221e-e-Google-email-successfully-firefox\error-context.md
]]>
</failure>
<system-out>
<![CDATA[
[[ATTACHMENT|test-results\admin-admin-crud-Admin---U-e221e-e-Google-email-successfully-firefox\test-failed-1.png]]

[[ATTACHMENT|test-results\admin-admin-crud-Admin---U-e221e-e-Google-email-successfully-firefox\video.webm]]

[[ATTACHMENT|test-results\admin-admin-crud-Admin---U-e221e-e-Google-email-successfully-firefox\error-context.md]]
]]>
</system-out>
</testcase>
<testcase name="Admin - User Management CRUD › Admin Dashboard › should display admin dashboard correctly" classname="admin\admin-crud.spec.ts" time="4.852">
<failure message="admin-crud.spec.ts:360:9 should display admin dashboard correctly" type="FAILURE">
<![CDATA[  [firefox] › admin\admin-crud.spec.ts:360:9 › Admin - User Management CRUD › Admin Dashboard › should display admin dashboard correctly 

    TypeError: Cannot read properties of undefined (reading 'users')

      11 |     // Login as admin
      12 |     await page.goto('/login');
    > 13 |     await page.fill('input[name="username"], input[type="email"]', testData.users.admin.email);
         |                                                                             ^
      14 |     await page.fill('input[name="password"], input[type="password"]', testData.users.admin.password);
      15 |     await page.click('button[type="submit"], button:has-text("Login")');
      16 |     await page.waitForLoadState('networkidle');
        at E:\test-project-app\tests\playwright\admin\admin-crud.spec.ts:13:77

    attachment #1: screenshot (image/png) ──────────────────────────────────────────────────────────
    ..\..\test-results\admin-admin-crud-Admin---U-2ac0a-y-admin-dashboard-correctly-firefox\test-failed-1.png
    ────────────────────────────────────────────────────────────────────────────────────────────────

    attachment #2: video (video/webm) ──────────────────────────────────────────────────────────────
    ..\..\test-results\admin-admin-crud-Admin---U-2ac0a-y-admin-dashboard-correctly-firefox\video.webm
    ────────────────────────────────────────────────────────────────────────────────────────────────

    Error Context: ..\..\test-results\admin-admin-crud-Admin---U-2ac0a-y-admin-dashboard-correctly-firefox\error-context.md
]]>
</failure>
<system-out>
<![CDATA[
[[ATTACHMENT|test-results\admin-admin-crud-Admin---U-2ac0a-y-admin-dashboard-correctly-firefox\test-failed-1.png]]

[[ATTACHMENT|test-results\admin-admin-crud-Admin---U-2ac0a-y-admin-dashboard-correctly-firefox\video.webm]]

[[ATTACHMENT|test-results\admin-admin-crud-Admin---U-2ac0a-y-admin-dashboard-correctly-firefox\error-context.md]]
]]>
</system-out>
</testcase>
<testcase name="Admin - User Management CRUD › Admin Dashboard › should navigate between admin tabs" classname="admin\admin-crud.spec.ts" time="5.36">
<failure message="admin-crud.spec.ts:367:9 should navigate between admin tabs" type="FAILURE">
<![CDATA[  [firefox] › admin\admin-crud.spec.ts:367:9 › Admin - User Management CRUD › Admin Dashboard › should navigate between admin tabs 

    TypeError: Cannot read properties of undefined (reading 'users')

      11 |     // Login as admin
      12 |     await page.goto('/login');
    > 13 |     await page.fill('input[name="username"], input[type="email"]', testData.users.admin.email);
         |                                                                             ^
      14 |     await page.fill('input[name="password"], input[type="password"]', testData.users.admin.password);
      15 |     await page.click('button[type="submit"], button:has-text("Login")');
      16 |     await page.waitForLoadState('networkidle');
        at E:\test-project-app\tests\playwright\admin\admin-crud.spec.ts:13:77

    attachment #1: screenshot (image/png) ──────────────────────────────────────────────────────────
    ..\..\test-results\admin-admin-crud-Admin---U-09657-navigate-between-admin-tabs-firefox\test-failed-1.png
    ────────────────────────────────────────────────────────────────────────────────────────────────

    attachment #2: video (video/webm) ──────────────────────────────────────────────────────────────
    ..\..\test-results\admin-admin-crud-Admin---U-09657-navigate-between-admin-tabs-firefox\video.webm
    ────────────────────────────────────────────────────────────────────────────────────────────────

    Error Context: ..\..\test-results\admin-admin-crud-Admin---U-09657-navigate-between-admin-tabs-firefox\error-context.md
]]>
</failure>
<system-out>
<![CDATA[
[[ATTACHMENT|test-results\admin-admin-crud-Admin---U-09657-navigate-between-admin-tabs-firefox\test-failed-1.png]]

[[ATTACHMENT|test-results\admin-admin-crud-Admin---U-09657-navigate-between-admin-tabs-firefox\video.webm]]

[[ATTACHMENT|test-results\admin-admin-crud-Admin---U-09657-navigate-between-admin-tabs-firefox\error-context.md]]
]]>
</system-out>
</testcase>
<testcase name="Admin - User Management CRUD › Admin Dashboard › should show real-time statistics updates" classname="admin\admin-crud.spec.ts" time="5.062">
<failure message="admin-crud.spec.ts:378:9 should show real-time statistics updates" type="FAILURE">
<![CDATA[  [firefox] › admin\admin-crud.spec.ts:378:9 › Admin - User Management CRUD › Admin Dashboard › should show real-time statistics updates 

    TypeError: Cannot read properties of undefined (reading 'users')

      11 |     // Login as admin
      12 |     await page.goto('/login');
    > 13 |     await page.fill('input[name="username"], input[type="email"]', testData.users.admin.email);
         |                                                                             ^
      14 |     await page.fill('input[name="password"], input[type="password"]', testData.users.admin.password);
      15 |     await page.click('button[type="submit"], button:has-text("Login")');
      16 |     await page.waitForLoadState('networkidle');
        at E:\test-project-app\tests\playwright\admin\admin-crud.spec.ts:13:77

    attachment #1: screenshot (image/png) ──────────────────────────────────────────────────────────
    ..\..\test-results\admin-admin-crud-Admin---U-ca2e0-eal-time-statistics-updates-firefox\test-failed-1.png
    ────────────────────────────────────────────────────────────────────────────────────────────────

    attachment #2: video (video/webm) ──────────────────────────────────────────────────────────────
    ..\..\test-results\admin-admin-crud-Admin---U-ca2e0-eal-time-statistics-updates-firefox\video.webm
    ────────────────────────────────────────────────────────────────────────────────────────────────

    Error Context: ..\..\test-results\admin-admin-crud-Admin---U-ca2e0-eal-time-statistics-updates-firefox\error-context.md
]]>
</failure>
<system-out>
<![CDATA[
[[ATTACHMENT|test-results\admin-admin-crud-Admin---U-ca2e0-eal-time-statistics-updates-firefox\test-failed-1.png]]

[[ATTACHMENT|test-results\admin-admin-crud-Admin---U-ca2e0-eal-time-statistics-updates-firefox\video.webm]]

[[ATTACHMENT|test-results\admin-admin-crud-Admin---U-ca2e0-eal-time-statistics-updates-firefox\error-context.md]]
]]>
</system-out>
</testcase>
</testsuite>
<testsuite name="admin\event-create.spec.ts" timestamp="2026-02-20T03:52:25.301Z" hostname="firefox" tests="1" failures="0" skipped="0" time="8.395" errors="0">
<testcase name="Admin: Event creation › creates event and shows it in the Events list" classname="admin\event-create.spec.ts" time="8.395">
</testcase>
</testsuite>
<testsuite name="admin\event-toggle-publish.spec.ts" timestamp="2026-02-20T03:52:25.301Z" hostname="firefox" tests="1" failures="1" skipped="0" time="30.473" errors="0">
<testcase name="Admin: Toggle event publish status › toggles publish and updates Published column immediately" classname="admin\event-toggle-publish.spec.ts" time="30.473">
<failure message="event-toggle-publish.spec.ts:10:7 toggles publish and updates Published column immediately" type="FAILURE">
<![CDATA[  [firefox] › admin\event-toggle-publish.spec.ts:10:7 › Admin: Toggle event publish status › toggles publish and updates Published column immediately › Verify initial Published=false and toggle ON 

    Test timeout of 30000ms exceeded.

    Error: page.waitForResponse: Test timeout of 30000ms exceeded.

      120 |
      121 |       // Click toggle publish
    > 122 |       const waited = page.waitForResponse((res) => res.url().includes('/api/events/101/toggle-publish') && res.request().method() === 'PATCH');
          |                           ^
      123 |       await publishAction.click();
      124 |       await waited;
      125 |
        at E:\test-project-app\tests\playwright\admin\event-toggle-publish.spec.ts:122:27
        at E:\test-project-app\tests\playwright\admin\event-toggle-publish.spec.ts:111:5

    attachment #1: screenshot (image/png) ──────────────────────────────────────────────────────────
    ..\..\test-results\admin-event-toggle-publish-a401c-ublished-column-immediately-firefox\test-failed-1.png
    ────────────────────────────────────────────────────────────────────────────────────────────────

    attachment #2: video (video/webm) ──────────────────────────────────────────────────────────────
    ..\..\test-results\admin-event-toggle-publish-a401c-ublished-column-immediately-firefox\video.webm
    ────────────────────────────────────────────────────────────────────────────────────────────────

    Error Context: ..\..\test-results\admin-event-toggle-publish-a401c-ublished-column-immediately-firefox\error-context.md
]]>
</failure>
<system-out>
<![CDATA[
[[ATTACHMENT|test-results\admin-event-toggle-publish-a401c-ublished-column-immediately-firefox\test-failed-1.png]]

[[ATTACHMENT|test-results\admin-event-toggle-publish-a401c-ublished-column-immediately-firefox\video.webm]]

[[ATTACHMENT|test-results\admin-event-toggle-publish-a401c-ublished-column-immediately-firefox\error-context.md]]
]]>
</system-out>
</testcase>
</testsuite>
<testsuite name="api\api-validation.spec.ts" timestamp="2026-02-20T03:52:25.301Z" hostname="firefox" tests="33" failures="29" skipped="0" time="1.533" errors="0">
<testcase name="API Validation › Authentication API › should login successfully with valid credentials" classname="api\api-validation.spec.ts" time="0.035">
<failure message="api-validation.spec.ts:12:9 should login successfully with valid credentials" type="FAILURE">
<![CDATA[  [firefox] › api\api-validation.spec.ts:12:9 › API Validation › Authentication API › should login successfully with valid credentials 

    TypeError: Cannot read properties of undefined (reading 'users')

      12 |     test('should login successfully with valid credentials', async ({ request }, { testData }) => {
      13 |       const response = await apiHelpers.login({
    > 14 |         username: testData.users.admin.email,
         |                            ^
      15 |         password: testData.users.admin.password
      16 |       });
      17 |
        at E:\test-project-app\tests\playwright\api\api-validation.spec.ts:14:28
]]>
</failure>
</testcase>
<testcase name="API Validation › Authentication API › should return 401 for invalid credentials" classname="api\api-validation.spec.ts" time="0.403">
<failure message="api-validation.spec.ts:23:9 should return 401 for invalid credentials" type="FAILURE">
<![CDATA[  [firefox] › api\api-validation.spec.ts:23:9 › API Validation › Authentication API › should return 401 for invalid credentials 

    TypeError: Cannot read properties of undefined (reading 'status')

      28 |         });
      29 |       } catch (error: any) {
    > 30 |         expect(error.response.status).toBe(401);
         |                               ^
      31 |       }
      32 |     });
      33 |
        at E:\test-project-app\tests\playwright\api\api-validation.spec.ts:30:31
]]>
</failure>
</testcase>
<testcase name="API Validation › Authentication API › should return 400 for missing credentials" classname="api\api-validation.spec.ts" time="0.086">
<failure message="api-validation.spec.ts:34:9 should return 400 for missing credentials" type="FAILURE">
<![CDATA[  [firefox] › api\api-validation.spec.ts:34:9 › API Validation › Authentication API › should return 400 for missing credentials 

    TypeError: Cannot read properties of undefined (reading 'status')

      39 |         });
      40 |       } catch (error: any) {
    > 41 |         expect(error.response.status).toBe(400);
         |                               ^
      42 |       }
      43 |     });
      44 |
        at E:\test-project-app\tests\playwright\api\api-validation.spec.ts:41:31
]]>
</failure>
</testcase>
<testcase name="API Validation › Authentication API › should refresh token successfully" classname="api\api-validation.spec.ts" time="0.033">
<failure message="api-validation.spec.ts:45:9 should refresh token successfully" type="FAILURE">
<![CDATA[  [firefox] › api\api-validation.spec.ts:45:9 › API Validation › Authentication API › should refresh token successfully 

    TypeError: Cannot read properties of undefined (reading 'users')

      45 |     test('should refresh token successfully', async ({ request }, { testData }) => {
      46 |       const loginResponse = await apiHelpers.login({
    > 47 |         username: testData.users.admin.email,
         |                            ^
      48 |         password: testData.users.admin.password
      49 |       });
      50 |
        at E:\test-project-app\tests\playwright\api\api-validation.spec.ts:47:28
]]>
</failure>
</testcase>
<testcase name="API Validation › Authentication API › should logout successfully" classname="api\api-validation.spec.ts" time="0.034">
<failure message="api-validation.spec.ts:56:9 should logout successfully" type="FAILURE">
<![CDATA[  [firefox] › api\api-validation.spec.ts:56:9 › API Validation › Authentication API › should logout successfully 

    TypeError: Cannot read properties of undefined (reading 'users')

      56 |     test('should logout successfully', async ({ request }, { testData }) => {
      57 |       await apiHelpers.login({
    > 58 |         username: testData.users.admin.email,
         |                            ^
      59 |         password: testData.users.admin.password
      60 |       });
      61 |
        at E:\test-project-app\tests\playwright\api\api-validation.spec.ts:58:28
]]>
</failure>
</testcase>
<testcase name="API Validation › Authentication API › should return 401 for requests without authentication" classname="api\api-validation.spec.ts" time="0.087">
<failure message="api-validation.spec.ts:66:9 should return 401 for requests without authentication" type="FAILURE">
<![CDATA[  [firefox] › api\api-validation.spec.ts:66:9 › API Validation › Authentication API › should return 401 for requests without authentication 

    TypeError: Cannot read properties of undefined (reading 'status')

      68 |         await apiHelpers.getUsers();
      69 |       } catch (error: any) {
    > 70 |         expect(error.response.status).toBe(401);
         |                               ^
      71 |       }
      72 |     });
      73 |   });
        at E:\test-project-app\tests\playwright\api\api-validation.spec.ts:70:31
]]>
</failure>
</testcase>
<testcase name="API Validation › Users API › should get users list" classname="api\api-validation.spec.ts" time="0.039">
<failure message="api-validation.spec.ts:83:9 should get users list" type="FAILURE">
<![CDATA[  [firefox] › api\api-validation.spec.ts:83:9 › API Validation › Users API › should get users list ─

    TypeError: Cannot read properties of undefined (reading 'users')

      76 |     test.beforeEach(async ({ request }, { testData }) => {
      77 |       await apiHelpers.login({
    > 78 |         username: testData.users.admin.email,
         |                            ^
      79 |         password: testData.users.admin.password
      80 |       });
      81 |     });
        at E:\test-project-app\tests\playwright\api\api-validation.spec.ts:78:28
]]>
</failure>
</testcase>
<testcase name="API Validation › Users API › should create user successfully" classname="api\api-validation.spec.ts" time="0.038">
<failure message="api-validation.spec.ts:89:9 should create user successfully" type="FAILURE">
<![CDATA[  [firefox] › api\api-validation.spec.ts:89:9 › API Validation › Users API › should create user successfully 

    TypeError: Cannot read properties of undefined (reading 'users')

      76 |     test.beforeEach(async ({ request }, { testData }) => {
      77 |       await apiHelpers.login({
    > 78 |         username: testData.users.admin.email,
         |                            ^
      79 |         password: testData.users.admin.password
      80 |       });
      81 |     });
        at E:\test-project-app\tests\playwright\api\api-validation.spec.ts:78:28
]]>
</failure>
</testcase>
<testcase name="API Validation › Users API › should return 400 for invalid user data" classname="api\api-validation.spec.ts" time="0.032">
<failure message="api-validation.spec.ts:105:9 should return 400 for invalid user data" type="FAILURE">
<![CDATA[  [firefox] › api\api-validation.spec.ts:105:9 › API Validation › Users API › should return 400 for invalid user data 

    TypeError: Cannot read properties of undefined (reading 'users')

      76 |     test.beforeEach(async ({ request }, { testData }) => {
      77 |       await apiHelpers.login({
    > 78 |         username: testData.users.admin.email,
         |                            ^
      79 |         password: testData.users.admin.password
      80 |       });
      81 |     });
        at E:\test-project-app\tests\playwright\api\api-validation.spec.ts:78:28
]]>
</failure>
</testcase>
<testcase name="API Validation › Users API › should return 400 for duplicate username" classname="api\api-validation.spec.ts" time="0.009">
<failure message="api-validation.spec.ts:120:9 should return 400 for duplicate username" type="FAILURE">
<![CDATA[  [firefox] › api\api-validation.spec.ts:120:9 › API Validation › Users API › should return 400 for duplicate username 

    TypeError: Cannot read properties of undefined (reading 'users')

      76 |     test.beforeEach(async ({ request }, { testData }) => {
      77 |       await apiHelpers.login({
    > 78 |         username: testData.users.admin.email,
         |                            ^
      79 |         password: testData.users.admin.password
      80 |       });
      81 |     });
        at E:\test-project-app\tests\playwright\api\api-validation.spec.ts:78:28
]]>
</failure>
</testcase>
<testcase name="API Validation › Users API › should get user by ID" classname="api\api-validation.spec.ts" time="0.026">
<failure message="api-validation.spec.ts:142:9 should get user by ID" type="FAILURE">
<![CDATA[  [firefox] › api\api-validation.spec.ts:142:9 › API Validation › Users API › should get user by ID 

    TypeError: Cannot read properties of undefined (reading 'users')

      76 |     test.beforeEach(async ({ request }, { testData }) => {
      77 |       await apiHelpers.login({
    > 78 |         username: testData.users.admin.email,
         |                            ^
      79 |         password: testData.users.admin.password
      80 |       });
      81 |     });
        at E:\test-project-app\tests\playwright\api\api-validation.spec.ts:78:28
]]>
</failure>
</testcase>
<testcase name="API Validation › Users API › should update user successfully" classname="api\api-validation.spec.ts" time="0.03">
<failure message="api-validation.spec.ts:160:9 should update user successfully" type="FAILURE">
<![CDATA[  [firefox] › api\api-validation.spec.ts:160:9 › API Validation › Users API › should update user successfully 

    TypeError: Cannot read properties of undefined (reading 'users')

      76 |     test.beforeEach(async ({ request }, { testData }) => {
      77 |       await apiHelpers.login({
    > 78 |         username: testData.users.admin.email,
         |                            ^
      79 |         password: testData.users.admin.password
      80 |       });
      81 |     });
        at E:\test-project-app\tests\playwright\api\api-validation.spec.ts:78:28
]]>
</failure>
</testcase>
<testcase name="API Validation › Users API › should delete user successfully" classname="api\api-validation.spec.ts" time="0.028">
<failure message="api-validation.spec.ts:182:9 should delete user successfully" type="FAILURE">
<![CDATA[  [firefox] › api\api-validation.spec.ts:182:9 › API Validation › Users API › should delete user successfully 

    TypeError: Cannot read properties of undefined (reading 'users')

      76 |     test.beforeEach(async ({ request }, { testData }) => {
      77 |       await apiHelpers.login({
    > 78 |         username: testData.users.admin.email,
         |                            ^
      79 |         password: testData.users.admin.password
      80 |       });
      81 |     });
        at E:\test-project-app\tests\playwright\api\api-validation.spec.ts:78:28
]]>
</failure>
</testcase>
<testcase name="API Validation › Users API › should return 404 for non-existent user" classname="api\api-validation.spec.ts" time="0.029">
<failure message="api-validation.spec.ts:199:9 should return 404 for non-existent user" type="FAILURE">
<![CDATA[  [firefox] › api\api-validation.spec.ts:199:9 › API Validation › Users API › should return 404 for non-existent user 

    TypeError: Cannot read properties of undefined (reading 'users')

      76 |     test.beforeEach(async ({ request }, { testData }) => {
      77 |       await apiHelpers.login({
    > 78 |         username: testData.users.admin.email,
         |                            ^
      79 |         password: testData.users.admin.password
      80 |       });
      81 |     });
        at E:\test-project-app\tests\playwright\api\api-validation.spec.ts:78:28
]]>
</failure>
</testcase>
<testcase name="API Validation › Events API › should get events list" classname="api\api-validation.spec.ts" time="0.016">
<failure message="api-validation.spec.ts:216:9 should get events list" type="FAILURE">
<![CDATA[  [firefox] › api\api-validation.spec.ts:216:9 › API Validation › Events API › should get events list 

    TypeError: Cannot read properties of undefined (reading 'users')

      209 |     test.beforeEach(async ({ request }, { testData }) => {
      210 |       await apiHelpers.login({
    > 211 |         username: testData.users.admin.email,
          |                            ^
      212 |         password: testData.users.admin.password
      213 |       });
      214 |     });
        at E:\test-project-app\tests\playwright\api\api-validation.spec.ts:211:28
]]>
</failure>
</testcase>
<testcase name="API Validation › Events API › should create event successfully" classname="api\api-validation.spec.ts" time="0.018">
<failure message="api-validation.spec.ts:222:9 should create event successfully" type="FAILURE">
<![CDATA[  [firefox] › api\api-validation.spec.ts:222:9 › API Validation › Events API › should create event successfully 

    TypeError: Cannot read properties of undefined (reading 'users')

      209 |     test.beforeEach(async ({ request }, { testData }) => {
      210 |       await apiHelpers.login({
    > 211 |         username: testData.users.admin.email,
          |                            ^
      212 |         password: testData.users.admin.password
      213 |       });
      214 |     });
        at E:\test-project-app\tests\playwright\api\api-validation.spec.ts:211:28
]]>
</failure>
</testcase>
<testcase name="API Validation › Events API › should return 400 for invalid event data" classname="api\api-validation.spec.ts" time="0.024">
<failure message="api-validation.spec.ts:239:9 should return 400 for invalid event data" type="FAILURE">
<![CDATA[  [firefox] › api\api-validation.spec.ts:239:9 › API Validation › Events API › should return 400 for invalid event data 

    TypeError: Cannot read properties of undefined (reading 'users')

      209 |     test.beforeEach(async ({ request }, { testData }) => {
      210 |       await apiHelpers.login({
    > 211 |         username: testData.users.admin.email,
          |                            ^
      212 |         password: testData.users.admin.password
      213 |       });
      214 |     });
        at E:\test-project-app\tests\playwright\api\api-validation.spec.ts:211:28
]]>
</failure>
</testcase>
<testcase name="API Validation › Events API › should get event by ID" classname="api\api-validation.spec.ts" time="0.02">
<failure message="api-validation.spec.ts:256:9 should get event by ID" type="FAILURE">
<![CDATA[  [firefox] › api\api-validation.spec.ts:256:9 › API Validation › Events API › should get event by ID 

    TypeError: Cannot read properties of undefined (reading 'users')

      209 |     test.beforeEach(async ({ request }, { testData }) => {
      210 |       await apiHelpers.login({
    > 211 |         username: testData.users.admin.email,
          |                            ^
      212 |         password: testData.users.admin.password
      213 |       });
      214 |     });
        at E:\test-project-app\tests\playwright\api\api-validation.spec.ts:211:28
]]>
</failure>
</testcase>
<testcase name="API Validation › Events API › should update event successfully" classname="api\api-validation.spec.ts" time="0.024">
<failure message="api-validation.spec.ts:276:9 should update event successfully" type="FAILURE">
<![CDATA[  [firefox] › api\api-validation.spec.ts:276:9 › API Validation › Events API › should update event successfully 

    TypeError: Cannot read properties of undefined (reading 'users')

      209 |     test.beforeEach(async ({ request }, { testData }) => {
      210 |       await apiHelpers.login({
    > 211 |         username: testData.users.admin.email,
          |                            ^
      212 |         password: testData.users.admin.password
      213 |       });
      214 |     });
        at E:\test-project-app\tests\playwright\api\api-validation.spec.ts:211:28
]]>
</failure>
</testcase>
<testcase name="API Validation › Events API › should delete event successfully" classname="api\api-validation.spec.ts" time="0.019">
<failure message="api-validation.spec.ts:300:9 should delete event successfully" type="FAILURE">
<![CDATA[  [firefox] › api\api-validation.spec.ts:300:9 › API Validation › Events API › should delete event successfully 

    TypeError: Cannot read properties of undefined (reading 'users')

      209 |     test.beforeEach(async ({ request }, { testData }) => {
      210 |       await apiHelpers.login({
    > 211 |         username: testData.users.admin.email,
          |                            ^
      212 |         password: testData.users.admin.password
      213 |       });
      214 |     });
        at E:\test-project-app\tests\playwright\api\api-validation.spec.ts:211:28
]]>
</failure>
</testcase>
<testcase name="API Validation › Events API › should register for event successfully" classname="api\api-validation.spec.ts" time="0.02">
<failure message="api-validation.spec.ts:319:9 should register for event successfully" type="FAILURE">
<![CDATA[  [firefox] › api\api-validation.spec.ts:319:9 › API Validation › Events API › should register for event successfully 

    TypeError: Cannot read properties of undefined (reading 'users')

      209 |     test.beforeEach(async ({ request }, { testData }) => {
      210 |       await apiHelpers.login({
    > 211 |         username: testData.users.admin.email,
          |                            ^
      212 |         password: testData.users.admin.password
      213 |       });
      214 |     });
        at E:\test-project-app\tests\playwright\api\api-validation.spec.ts:211:28
]]>
</failure>
</testcase>
<testcase name="API Validation › Events API › should return 400 for duplicate registration" classname="api\api-validation.spec.ts" time="0.019">
<failure message="api-validation.spec.ts:346:9 should return 400 for duplicate registration" type="FAILURE">
<![CDATA[  [firefox] › api\api-validation.spec.ts:346:9 › API Validation › Events API › should return 400 for duplicate registration 

    TypeError: Cannot read properties of undefined (reading 'users')

      209 |     test.beforeEach(async ({ request }, { testData }) => {
      210 |       await apiHelpers.login({
    > 211 |         username: testData.users.admin.email,
          |                            ^
      212 |         password: testData.users.admin.password
      213 |       });
      214 |     });
        at E:\test-project-app\tests\playwright\api\api-validation.spec.ts:211:28
]]>
</failure>
</testcase>
<testcase name="API Validation › Scores API › should submit score successfully" classname="api\api-validation.spec.ts" time="0.021">
<failure message="api-validation.spec.ts:381:9 should submit score successfully" type="FAILURE">
<![CDATA[  [firefox] › api\api-validation.spec.ts:381:9 › API Validation › Scores API › should submit score successfully 

    TypeError: Cannot read properties of undefined (reading 'users')

      374 |     test.beforeEach(async ({ request }, { testData }) => {
      375 |       await apiHelpers.login({
    > 376 |         username: testData.users.judge.email,
          |                            ^
      377 |         password: testData.users.judge.password
      378 |       });
      379 |     });
        at E:\test-project-app\tests\playwright\api\api-validation.spec.ts:376:28
]]>
</failure>
</testcase>
<testcase name="API Validation › Scores API › should return 400 for invalid score data" classname="api\api-validation.spec.ts" time="0.029">
<failure message="api-validation.spec.ts:431:9 should return 400 for invalid score data" type="FAILURE">
<![CDATA[  [firefox] › api\api-validation.spec.ts:431:9 › API Validation › Scores API › should return 400 for invalid score data 

    TypeError: Cannot read properties of undefined (reading 'users')

      374 |     test.beforeEach(async ({ request }, { testData }) => {
      375 |       await apiHelpers.login({
    > 376 |         username: testData.users.judge.email,
          |                            ^
      377 |         password: testData.users.judge.password
      378 |       });
      379 |     });
        at E:\test-project-app\tests\playwright\api\api-validation.spec.ts:376:28
]]>
</failure>
</testcase>
<testcase name="API Validation › Scores API › should get scores for event" classname="api\api-validation.spec.ts" time="0.02">
<failure message="api-validation.spec.ts:444:9 should get scores for event" type="FAILURE">
<![CDATA[  [firefox] › api\api-validation.spec.ts:444:9 › API Validation › Scores API › should get scores for event 

    TypeError: Cannot read properties of undefined (reading 'users')

      374 |     test.beforeEach(async ({ request }, { testData }) => {
      375 |       await apiHelpers.login({
    > 376 |         username: testData.users.judge.email,
          |                            ^
      377 |         password: testData.users.judge.password
      378 |       });
      379 |     });
        at E:\test-project-app\tests\playwright\api\api-validation.spec.ts:376:28
]]>
</failure>
</testcase>
<testcase name="API Validation › Scores API › should get all scores" classname="api\api-validation.spec.ts" time="0.022">
<failure message="api-validation.spec.ts:450:9 should get all scores" type="FAILURE">
<![CDATA[  [firefox] › api\api-validation.spec.ts:450:9 › API Validation › Scores API › should get all scores 

    TypeError: Cannot read properties of undefined (reading 'users')

      374 |     test.beforeEach(async ({ request }, { testData }) => {
      375 |       await apiHelpers.login({
    > 376 |         username: testData.users.judge.email,
          |                            ^
      377 |         password: testData.users.judge.password
      378 |       });
      379 |     });
        at E:\test-project-app\tests\playwright\api\api-validation.spec.ts:376:28
]]>
</failure>
</testcase>
<testcase name="API Validation › API Error Handling › should handle 404 errors gracefully" classname="api\api-validation.spec.ts" time="0.055">
<failure message="api-validation.spec.ts:458:9 should handle 404 errors gracefully" type="FAILURE">
<![CDATA[  [firefox] › api\api-validation.spec.ts:458:9 › API Validation › API Error Handling › should handle 404 errors gracefully 

    TypeError: Cannot read properties of undefined (reading 'status')

      460 |         await apiHelpers.getUserById(99999);
      461 |       } catch (error: any) {
    > 462 |         expect(error.response.status).toBe(404);
          |                               ^
      463 |         expect(error.response.data).toHaveProperty('detail');
      464 |       }
      465 |     });
        at E:\test-project-app\tests\playwright\api\api-validation.spec.ts:462:31
]]>
</failure>
</testcase>
<testcase name="API Validation › API Error Handling › should handle 500 errors gracefully" classname="api\api-validation.spec.ts" time="0.064">
</testcase>
<testcase name="API Validation › API Error Handling › should handle network timeouts" classname="api\api-validation.spec.ts" time="0.063">
</testcase>
<testcase name="API Validation › API Error Handling › should handle malformed JSON responses" classname="api\api-validation.spec.ts" time="0.069">
</testcase>
<testcase name="API Validation › API Performance › should respond within acceptable time limits" classname="api\api-validation.spec.ts" time="0.074">
</testcase>
<testcase name="API Validation › API Performance › should handle concurrent requests" classname="api\api-validation.spec.ts" time="0.037">
<failure message="api-validation.spec.ts:508:9 should handle concurrent requests" type="FAILURE">
<![CDATA[  [firefox] › api\api-validation.spec.ts:508:9 › API Validation › API Performance › should handle concurrent requests 

    TypeError: Cannot read properties of undefined (reading 'users')

      508 |     test('should handle concurrent requests', async ({ request }, { testData }) => {
      509 |       await apiHelpers.login({
    > 510 |         username: testData.users.admin.email,
          |                            ^
      511 |         password: testData.users.admin.password
      512 |       });
      513 |
        at E:\test-project-app\tests\playwright\api\api-validation.spec.ts:510:28
]]>
</failure>
</testcase>
<testcase name="API Validation › API Performance › should handle large data sets" classname="api\api-validation.spec.ts" time="0.01">
<failure message="api-validation.spec.ts:523:9 should handle large data sets" type="FAILURE">
<![CDATA[  [firefox] › api\api-validation.spec.ts:523:9 › API Validation › API Performance › should handle large data sets 

    TypeError: Cannot read properties of undefined (reading 'users')

      523 |     test('should handle large data sets', async ({ request }, { testData }) => {
      524 |       await apiHelpers.login({
    > 525 |         username: testData.users.admin.email,
          |                            ^
      526 |         password: testData.users.admin.password
      527 |       });
      528 |
        at E:\test-project-app\tests\playwright\api\api-validation.spec.ts:525:28
]]>
</failure>
</testcase>
</testsuite>
<testsuite name="auth\login-invalid.spec.ts" timestamp="2026-02-20T03:52:25.301Z" hostname="firefox" tests="1" failures="0" skipped="0" time="4.722" errors="0">
<testcase name="Auth: Invalid email/password (negative) › shows error and stays on /login without tokens" classname="auth\login-invalid.spec.ts" time="4.722">
</testcase>
</testsuite>
<testsuite name="auth\login-success.spec.ts" timestamp="2026-02-20T03:52:25.301Z" hostname="firefox" tests="1" failures="0" skipped="0" time="6.246" errors="0">
<testcase name="Auth: Email/password login (mock) › redirects to /admin and stores JWT tokens" classname="auth\login-success.spec.ts" time="6.246">
</testcase>
</testsuite>
<testsuite name="auth\login.spec.ts" timestamp="2026-02-20T03:52:25.301Z" hostname="firefox" tests="26" failures="21" skipped="0" time="226.023" errors="0">
<testcase name="Authentication - Login › should display login form correctly" classname="auth\login.spec.ts" time="10.525">
<failure message="login.spec.ts:9:7 should display login form correctly" type="FAILURE">
<![CDATA[  [firefox] › auth\login.spec.ts:9:7 › Authentication - Login › should display login form correctly 

    Error: expect(locator).toBeDisabled() failed

    Locator:  locator('button[type="submit"], button:has-text("Login"), button:has-text("Sign In")')
    Expected: disabled
    Received: enabled
    Timeout:  5000ms

    Call log:
      - Expect "toBeDisabled" with timeout 5000ms
      - waiting for locator('button[type="submit"], button:has-text("Login"), button:has-text("Sign In")')
        8 × locator resolved to <button type="submit" class="w-full bg-gradient-to-r from-amber-600 to-orange-600 hover:from-amber-700 hover:to-orange-700 text-white font-bold py-4 px-6 rounded-xl transition-all duration-200 transform hover:scale-[1.02] focus:outline-none focus:ring-4 focus:ring-amber-300 shadow-lg hover:shadow-xl">Login</button>
          - unexpected value "enabled"


       at pages\LoginPage.ts:121

      119 |
      120 |   async expectLoginButtonToBeDisabled(): Promise<void> {
    > 121 |     await expect(this.loginButton).toBeDisabled();
          |                                    ^
      122 |   }
      123 |
      124 |   async expectLoginButtonToBeEnabled(): Promise<void> {
        at LoginPage.expectLoginButtonToBeDisabled (E:\test-project-app\tests\playwright\pages\LoginPage.ts:121:36)
        at E:\test-project-app\tests\playwright\auth\login.spec.ts:13:21

    attachment #1: screenshot (image/png) ──────────────────────────────────────────────────────────
    ..\..\test-results\auth-login-Authentication--9b9e7-isplay-login-form-correctly-firefox\test-failed-1.png
    ────────────────────────────────────────────────────────────────────────────────────────────────

    attachment #2: video (video/webm) ──────────────────────────────────────────────────────────────
    ..\..\test-results\auth-login-Authentication--9b9e7-isplay-login-form-correctly-firefox\video.webm
    ────────────────────────────────────────────────────────────────────────────────────────────────

    Error Context: ..\..\test-results\auth-login-Authentication--9b9e7-isplay-login-form-correctly-firefox\error-context.md
]]>
</failure>
<system-out>
<![CDATA[
[[ATTACHMENT|test-results\auth-login-Authentication--9b9e7-isplay-login-form-correctly-firefox\test-failed-1.png]]

[[ATTACHMENT|test-results\auth-login-Authentication--9b9e7-isplay-login-form-correctly-firefox\video.webm]]

[[ATTACHMENT|test-results\auth-login-Authentication--9b9e7-isplay-login-form-correctly-firefox\error-context.md]]
]]>
</system-out>
</testcase>
<testcase name="Authentication - Login › should show Google login option" classname="auth\login.spec.ts" time="10.546">
<failure message="login.spec.ts:16:7 should show Google login option" type="FAILURE">
<![CDATA[  [firefox] › auth\login.spec.ts:16:7 › Authentication - Login › should show Google login option ───

    Error: expect(locator).toBeVisible() failed

    Locator: locator('button:has-text("Google"), button:has-text("Sign in with Google")')
    Expected: visible
    Timeout: 5000ms
    Error: element(s) not found

    Call log:
      - Expect "toBeVisible" with timeout 5000ms
      - waiting for locator('button:has-text("Google"), button:has-text("Sign in with Google")')


       at pages\BasePage.ts:102

      100 |
      101 |   async expectElementToBeVisible(selector: string): Promise<void> {
    > 102 |     await expect(this.page.locator(selector)).toBeVisible();
          |                                               ^
      103 |   }
      104 |
      105 |   async expectElementToBeHidden(selector: string): Promise<void> {
        at LoginPage.expectElementToBeVisible (E:\test-project-app\tests\playwright\pages\BasePage.ts:102:47)
        at LoginPage.expectGoogleLoginToBeVisible (E:\test-project-app\tests\playwright\pages\LoginPage.ts:93:16)
        at E:\test-project-app\tests\playwright\auth\login.spec.ts:17:21

    attachment #1: screenshot (image/png) ──────────────────────────────────────────────────────────
    ..\..\test-results\auth-login-Authentication--b284f-ld-show-Google-login-option-firefox\test-failed-1.png
    ────────────────────────────────────────────────────────────────────────────────────────────────

    attachment #2: video (video/webm) ──────────────────────────────────────────────────────────────
    ..\..\test-results\auth-login-Authentication--b284f-ld-show-Google-login-option-firefox\video.webm
    ────────────────────────────────────────────────────────────────────────────────────────────────

    Error Context: ..\..\test-results\auth-login-Authentication--b284f-ld-show-Google-login-option-firefox\error-context.md
]]>
</failure>
<system-out>
<![CDATA[
[[ATTACHMENT|test-results\auth-login-Authentication--b284f-ld-show-Google-login-option-firefox\test-failed-1.png]]

[[ATTACHMENT|test-results\auth-login-Authentication--b284f-ld-show-Google-login-option-firefox\video.webm]]

[[ATTACHMENT|test-results\auth-login-Authentication--b284f-ld-show-Google-login-option-firefox\error-context.md]]
]]>
</system-out>
</testcase>
<testcase name="Authentication - Login › should enable login button when form is filled" classname="auth\login.spec.ts" time="5.582">
</testcase>
<testcase name="Authentication - Login › should show error for invalid credentials" classname="auth\login.spec.ts" time="9.315">
<failure message="login.spec.ts:26:7 should show error for invalid credentials" type="FAILURE">
<![CDATA[  [firefox] › auth\login.spec.ts:26:7 › Authentication - Login › should show error for invalid credentials 

    Error: expect(locator).toContainText(expected) failed

    Locator: locator('.error, .alert-error, [data-testid="error-message"]')
    Expected substring: "Invalid credentials"
    Timeout: 5000ms
    Error: element(s) not found

    Call log:
      - Expect "toContainText" with timeout 5000ms
      - waiting for locator('.error, .alert-error, [data-testid="error-message"]')


       at pages\BasePage.ts:110

      108 |
      109 |   async expectElementToContainText(selector: string, text: string): Promise<void> {
    > 110 |     await expect(this.page.locator(selector)).toContainText(text);
          |                                               ^
      111 |   }
      112 |
      113 |   async expectElementToHaveValue(selector: string, value: string): Promise<void> {
        at LoginPage.expectElementToContainText (E:\test-project-app\tests\playwright\pages\BasePage.ts:110:47)
        at LoginPage.expectErrorMessageToContain (E:\test-project-app\tests\playwright\pages\LoginPage.ts:97:16)
        at E:\test-project-app\tests\playwright\auth\login.spec.ts:28:21

    attachment #1: screenshot (image/png) ──────────────────────────────────────────────────────────
    ..\..\test-results\auth-login-Authentication--1024f-ror-for-invalid-credentials-firefox\test-failed-1.png
    ────────────────────────────────────────────────────────────────────────────────────────────────

    attachment #2: video (video/webm) ──────────────────────────────────────────────────────────────
    ..\..\test-results\auth-login-Authentication--1024f-ror-for-invalid-credentials-firefox\video.webm
    ────────────────────────────────────────────────────────────────────────────────────────────────

    Error Context: ..\..\test-results\auth-login-Authentication--1024f-ror-for-invalid-credentials-firefox\error-context.md
]]>
</failure>
<system-out>
<![CDATA[
[[ATTACHMENT|test-results\auth-login-Authentication--1024f-ror-for-invalid-credentials-firefox\test-failed-1.png]]

[[ATTACHMENT|test-results\auth-login-Authentication--1024f-ror-for-invalid-credentials-firefox\video.webm]]

[[ATTACHMENT|test-results\auth-login-Authentication--1024f-ror-for-invalid-credentials-firefox\error-context.md]]
]]>
</system-out>
</testcase>
<testcase name="Authentication - Login › should show error for empty username" classname="auth\login.spec.ts" time="3.674">
</testcase>
<testcase name="Authentication - Login › should show error for empty password" classname="auth\login.spec.ts" time="2.963">
</testcase>
<testcase name="Authentication - Login › should navigate to register page" classname="auth\login.spec.ts" time="30.304">
<failure message="login.spec.ts:43:7 should navigate to register page" type="FAILURE">
<![CDATA[  [firefox] › auth\login.spec.ts:43:7 › Authentication - Login › should navigate to register page ──

    Test timeout of 30000ms exceeded.

    Error: locator.click: Test timeout of 30000ms exceeded.
    Call log:
      - waiting for locator('a:has-text("Register"), a:has-text("Sign Up")')


       at pages\LoginPage.ts:70

      68 |
      69 |   async clickRegister(): Promise<void> {
    > 70 |     await this.registerLink.click();
         |                             ^
      71 |     await this.waitForPageLoad();
      72 |   }
      73 |
        at LoginPage.clickRegister (E:\test-project-app\tests\playwright\pages\LoginPage.ts:70:29)
        at E:\test-project-app\tests\playwright\auth\login.spec.ts:44:21

    attachment #1: screenshot (image/png) ──────────────────────────────────────────────────────────
    ..\..\test-results\auth-login-Authentication--710a1-d-navigate-to-register-page-firefox\test-failed-1.png
    ────────────────────────────────────────────────────────────────────────────────────────────────

    attachment #2: video (video/webm) ──────────────────────────────────────────────────────────────
    ..\..\test-results\auth-login-Authentication--710a1-d-navigate-to-register-page-firefox\video.webm
    ────────────────────────────────────────────────────────────────────────────────────────────────

    Error Context: ..\..\test-results\auth-login-Authentication--710a1-d-navigate-to-register-page-firefox\error-context.md
]]>
</failure>
<system-out>
<![CDATA[
[[ATTACHMENT|test-results\auth-login-Authentication--710a1-d-navigate-to-register-page-firefox\test-failed-1.png]]

[[ATTACHMENT|test-results\auth-login-Authentication--710a1-d-navigate-to-register-page-firefox\video.webm]]

[[ATTACHMENT|test-results\auth-login-Authentication--710a1-d-navigate-to-register-page-firefox\error-context.md]]
]]>
</system-out>
</testcase>
<testcase name="Authentication - Login › should navigate to forgot password page" classname="auth\login.spec.ts" time="30.192">
<failure message="login.spec.ts:48:7 should navigate to forgot password page" type="FAILURE">
<![CDATA[  [firefox] › auth\login.spec.ts:48:7 › Authentication - Login › should navigate to forgot password page 

    Test timeout of 30000ms exceeded.

    Error: locator.click: Test timeout of 30000ms exceeded.
    Call log:
      - waiting for locator('a:has-text("Forgot Password"), a:has-text("Reset Password")')


       at pages\LoginPage.ts:75

      73 |
      74 |   async clickForgotPassword(): Promise<void> {
    > 75 |     await this.forgotPasswordLink.click();
         |                                   ^
      76 |     await this.waitForPageLoad();
      77 |   }
      78 |
        at LoginPage.clickForgotPassword (E:\test-project-app\tests\playwright\pages\LoginPage.ts:75:35)
        at E:\test-project-app\tests\playwright\auth\login.spec.ts:49:21

    attachment #1: screenshot (image/png) ──────────────────────────────────────────────────────────
    ..\..\test-results\auth-login-Authentication--71939-ate-to-forgot-password-page-firefox\test-failed-1.png
    ────────────────────────────────────────────────────────────────────────────────────────────────

    attachment #2: video (video/webm) ──────────────────────────────────────────────────────────────
    ..\..\test-results\auth-login-Authentication--71939-ate-to-forgot-password-page-firefox\video.webm
    ────────────────────────────────────────────────────────────────────────────────────────────────

    Error Context: ..\..\test-results\auth-login-Authentication--71939-ate-to-forgot-password-page-firefox\error-context.md
]]>
</failure>
<system-out>
<![CDATA[
[[ATTACHMENT|test-results\auth-login-Authentication--71939-ate-to-forgot-password-page-firefox\test-failed-1.png]]

[[ATTACHMENT|test-results\auth-login-Authentication--71939-ate-to-forgot-password-page-firefox\video.webm]]

[[ATTACHMENT|test-results\auth-login-Authentication--71939-ate-to-forgot-password-page-firefox\error-context.md]]
]]>
</system-out>
</testcase>
<testcase name="Authentication - Login › should support language switching" classname="auth\login.spec.ts" time="2.605">
</testcase>
<testcase name="Authentication - Login › should clear form when clear button is clicked" classname="auth\login.spec.ts" time="5.388">
</testcase>
<testcase name="Authentication - Successful Login › should login successfully with valid admin credentials" classname="auth\login.spec.ts" time="0.399">
<failure message="login.spec.ts:70:7 should login successfully with valid admin credentials" type="FAILURE">
<![CDATA[  [firefox] › auth\login.spec.ts:70:7 › Authentication - Successful Login › should login successfully with valid admin credentials 

    TypeError: Cannot read properties of undefined (reading 'users')

      69 | test.describe('Authentication - Successful Login', () => {
      70 |   test('should login successfully with valid admin credentials', async ({ loginPage, dashboardPage }, { testData }) => {
    > 71 |     await loginPage.loginWithUser(testData.users.admin);
         |                                            ^
      72 |     await dashboardPage.expectToBeOnDashboard();
      73 |     await dashboardPage.expectAdminSectionToBeVisible();
      74 |   });
        at E:\test-project-app\tests\playwright\auth\login.spec.ts:71:44

    attachment #1: screenshot (image/png) ──────────────────────────────────────────────────────────
    ..\..\test-results\auth-login-Authentication--fa957-ith-valid-admin-credentials-firefox\test-failed-1.png
    ────────────────────────────────────────────────────────────────────────────────────────────────

    attachment #2: video (video/webm) ──────────────────────────────────────────────────────────────
    ..\..\test-results\auth-login-Authentication--fa957-ith-valid-admin-credentials-firefox\video.webm
    ────────────────────────────────────────────────────────────────────────────────────────────────
]]>
</failure>
<system-out>
<![CDATA[
[[ATTACHMENT|test-results\auth-login-Authentication--fa957-ith-valid-admin-credentials-firefox\test-failed-1.png]]

[[ATTACHMENT|test-results\auth-login-Authentication--fa957-ith-valid-admin-credentials-firefox\video.webm]]
]]>
</system-out>
</testcase>
<testcase name="Authentication - Successful Login › should login successfully with valid judge credentials" classname="auth\login.spec.ts" time="0.375">
<failure message="login.spec.ts:76:7 should login successfully with valid judge credentials" type="FAILURE">
<![CDATA[  [firefox] › auth\login.spec.ts:76:7 › Authentication - Successful Login › should login successfully with valid judge credentials 

    TypeError: Cannot read properties of undefined (reading 'users')

      75 |
      76 |   test('should login successfully with valid judge credentials', async ({ loginPage, dashboardPage }, { testData }) => {
    > 77 |     await loginPage.loginWithUser(testData.users.judge);
         |                                            ^
      78 |     await dashboardPage.expectToBeOnDashboard();
      79 |     await dashboardPage.expectJudgeSectionToBeVisible();
      80 |   });
        at E:\test-project-app\tests\playwright\auth\login.spec.ts:77:44

    attachment #1: screenshot (image/png) ──────────────────────────────────────────────────────────
    ..\..\test-results\auth-login-Authentication--30d34-ith-valid-judge-credentials-firefox\test-failed-1.png
    ────────────────────────────────────────────────────────────────────────────────────────────────

    attachment #2: video (video/webm) ──────────────────────────────────────────────────────────────
    ..\..\test-results\auth-login-Authentication--30d34-ith-valid-judge-credentials-firefox\video.webm
    ────────────────────────────────────────────────────────────────────────────────────────────────
]]>
</failure>
<system-out>
<![CDATA[
[[ATTACHMENT|test-results\auth-login-Authentication--30d34-ith-valid-judge-credentials-firefox\test-failed-1.png]]

[[ATTACHMENT|test-results\auth-login-Authentication--30d34-ith-valid-judge-credentials-firefox\video.webm]]
]]>
</system-out>
</testcase>
<testcase name="Authentication - Successful Login › should login successfully with valid student credentials" classname="auth\login.spec.ts" time="2.623">
<failure message="login.spec.ts:82:7 should login successfully with valid student credentials" type="FAILURE">
<![CDATA[  [firefox] › auth\login.spec.ts:82:7 › Authentication - Successful Login › should login successfully with valid student credentials 

    TypeError: Cannot read properties of undefined (reading 'users')

      81 |
      82 |   test('should login successfully with valid student credentials', async ({ loginPage, dashboardPage }, { testData }) => {
    > 83 |     await loginPage.loginWithUser(testData.users.student);
         |                                            ^
      84 |     await dashboardPage.expectToBeOnDashboard();
      85 |     await dashboardPage.expectStudentSectionToBeVisible();
      86 |   });
        at E:\test-project-app\tests\playwright\auth\login.spec.ts:83:44

    attachment #1: screenshot (image/png) ──────────────────────────────────────────────────────────
    ..\..\test-results\auth-login-Authentication--6a89c-h-valid-student-credentials-firefox\test-failed-1.png
    ────────────────────────────────────────────────────────────────────────────────────────────────

    attachment #2: video (video/webm) ──────────────────────────────────────────────────────────────
    ..\..\test-results\auth-login-Authentication--6a89c-h-valid-student-credentials-firefox\video.webm
    ────────────────────────────────────────────────────────────────────────────────────────────────
]]>
</failure>
<system-out>
<![CDATA[
[[ATTACHMENT|test-results\auth-login-Authentication--6a89c-h-valid-student-credentials-firefox\test-failed-1.png]]

[[ATTACHMENT|test-results\auth-login-Authentication--6a89c-h-valid-student-credentials-firefox\video.webm]]
]]>
</system-out>
</testcase>
<testcase name="Authentication - Successful Login › should login successfully with valid volunteer credentials" classname="auth\login.spec.ts" time="2.33">
<failure message="login.spec.ts:88:7 should login successfully with valid volunteer credentials" type="FAILURE">
<![CDATA[  [firefox] › auth\login.spec.ts:88:7 › Authentication - Successful Login › should login successfully with valid volunteer credentials 

    TypeError: Cannot read properties of undefined (reading 'users')

      87 |
      88 |   test('should login successfully with valid volunteer credentials', async ({ loginPage, dashboardPage }, { testData }) => {
    > 89 |     await loginPage.loginWithUser(testData.users.volunteer);
         |                                            ^
      90 |     await dashboardPage.expectToBeOnDashboard();
      91 |     await dashboardPage.expectVolunteerSectionToBeVisible();
      92 |   });
        at E:\test-project-app\tests\playwright\auth\login.spec.ts:89:44

    attachment #1: screenshot (image/png) ──────────────────────────────────────────────────────────
    ..\..\test-results\auth-login-Authentication--cad24-valid-volunteer-credentials-firefox\test-failed-1.png
    ────────────────────────────────────────────────────────────────────────────────────────────────

    attachment #2: video (video/webm) ──────────────────────────────────────────────────────────────
    ..\..\test-results\auth-login-Authentication--cad24-valid-volunteer-credentials-firefox\video.webm
    ────────────────────────────────────────────────────────────────────────────────────────────────
]]>
</failure>
<system-out>
<![CDATA[
[[ATTACHMENT|test-results\auth-login-Authentication--cad24-valid-volunteer-credentials-firefox\test-failed-1.png]]

[[ATTACHMENT|test-results\auth-login-Authentication--cad24-valid-volunteer-credentials-firefox\video.webm]]
]]>
</system-out>
</testcase>
<testcase name="Authentication - Successful Login › should redirect to appropriate dashboard based on role" classname="auth\login.spec.ts" time="1.774">
<failure message="login.spec.ts:94:7 should redirect to appropriate dashboard based on role" type="FAILURE">
<![CDATA[  [firefox] › auth\login.spec.ts:94:7 › Authentication - Successful Login › should redirect to appropriate dashboard based on role 

    TypeError: Cannot read properties of undefined (reading 'users')

      93 |
      94 |   test('should redirect to appropriate dashboard based on role', async ({ loginPage, dashboardPage }, { testData }) => {
    > 95 |     await loginPage.loginWithUser(testData.users.admin);
         |                                            ^
      96 |     await dashboardPage.expectUrlToContain('/admin');
      97 |     
      98 |     await loginPage.navigateToLogin();
        at E:\test-project-app\tests\playwright\auth\login.spec.ts:95:44

    attachment #1: screenshot (image/png) ──────────────────────────────────────────────────────────
    ..\..\test-results\auth-login-Authentication--4bb87-ate-dashboard-based-on-role-firefox\test-failed-1.png
    ────────────────────────────────────────────────────────────────────────────────────────────────

    attachment #2: video (video/webm) ──────────────────────────────────────────────────────────────
    ..\..\test-results\auth-login-Authentication--4bb87-ate-dashboard-based-on-role-firefox\video.webm
    ────────────────────────────────────────────────────────────────────────────────────────────────
]]>
</failure>
<system-out>
<![CDATA[
[[ATTACHMENT|test-results\auth-login-Authentication--4bb87-ate-dashboard-based-on-role-firefox\test-failed-1.png]]

[[ATTACHMENT|test-results\auth-login-Authentication--4bb87-ate-dashboard-based-on-role-firefox\video.webm]]
]]>
</system-out>
</testcase>
<testcase name="Authentication - Successful Login › should display welcome message with user name" classname="auth\login.spec.ts" time="0.571">
<failure message="login.spec.ts:103:7 should display welcome message with user name" type="FAILURE">
<![CDATA[  [firefox] › auth\login.spec.ts:103:7 › Authentication - Successful Login › should display welcome message with user name 

    TypeError: Cannot read properties of undefined (reading 'users')

      102 |
      103 |   test('should display welcome message with user name', async ({ loginPage, dashboardPage }, { testData }) => {
    > 104 |     await loginPage.loginWithUser(testData.users.student);
          |                                            ^
      105 |     await dashboardPage.expectWelcomeMessageToContain(testData.users.student.firstName);
      106 |   });
      107 |
        at E:\test-project-app\tests\playwright\auth\login.spec.ts:104:44

    attachment #1: screenshot (image/png) ──────────────────────────────────────────────────────────
    ..\..\test-results\auth-login-Authentication--4a6a3-come-message-with-user-name-firefox\test-failed-1.png
    ────────────────────────────────────────────────────────────────────────────────────────────────

    attachment #2: video (video/webm) ──────────────────────────────────────────────────────────────
    ..\..\test-results\auth-login-Authentication--4a6a3-come-message-with-user-name-firefox\video.webm
    ────────────────────────────────────────────────────────────────────────────────────────────────
]]>
</failure>
<system-out>
<![CDATA[
[[ATTACHMENT|test-results\auth-login-Authentication--4a6a3-come-message-with-user-name-firefox\test-failed-1.png]]

[[ATTACHMENT|test-results\auth-login-Authentication--4a6a3-come-message-with-user-name-firefox\video.webm]]
]]>
</system-out>
</testcase>
<testcase name="Authentication - Successful Login › should show user menu after login" classname="auth\login.spec.ts" time="1.986">
<failure message="login.spec.ts:108:7 should show user menu after login" type="FAILURE">
<![CDATA[  [firefox] › auth\login.spec.ts:108:7 › Authentication - Successful Login › should show user menu after login 

    TypeError: Cannot read properties of undefined (reading 'users')

      107 |
      108 |   test('should show user menu after login', async ({ loginPage, dashboardPage }, { testData }) => {
    > 109 |     await loginPage.loginWithUser(testData.users.student);
          |                                            ^
      110 |     await dashboardPage.expectUserMenuToBeVisible();
      111 |     await dashboardPage.expectLogoutButtonToBeVisible();
      112 |   });
        at E:\test-project-app\tests\playwright\auth\login.spec.ts:109:44

    attachment #1: screenshot (image/png) ──────────────────────────────────────────────────────────
    ..\..\test-results\auth-login-Authentication--2bfd2--show-user-menu-after-login-firefox\test-failed-1.png
    ────────────────────────────────────────────────────────────────────────────────────────────────

    attachment #2: video (video/webm) ──────────────────────────────────────────────────────────────
    ..\..\test-results\auth-login-Authentication--2bfd2--show-user-menu-after-login-firefox\video.webm
    ────────────────────────────────────────────────────────────────────────────────────────────────
]]>
</failure>
<system-out>
<![CDATA[
[[ATTACHMENT|test-results\auth-login-Authentication--2bfd2--show-user-menu-after-login-firefox\test-failed-1.png]]

[[ATTACHMENT|test-results\auth-login-Authentication--2bfd2--show-user-menu-after-login-firefox\video.webm]]
]]>
</system-out>
</testcase>
<testcase name="Authentication - Google Login › should display Google login button" classname="auth\login.spec.ts" time="6.637">
<failure message="login.spec.ts:116:7 should display Google login button" type="FAILURE">
<![CDATA[  [firefox] › auth\login.spec.ts:116:7 › Authentication - Google Login › should display Google login button 

    Error: expect(locator).toBeVisible() failed

    Locator: locator('button:has-text("Google"), button:has-text("Sign in with Google")')
    Expected: visible
    Timeout: 5000ms
    Error: element(s) not found

    Call log:
      - Expect "toBeVisible" with timeout 5000ms
      - waiting for locator('button:has-text("Google"), button:has-text("Sign in with Google")')


       at pages\BasePage.ts:102

      100 |
      101 |   async expectElementToBeVisible(selector: string): Promise<void> {
    > 102 |     await expect(this.page.locator(selector)).toBeVisible();
          |                                               ^
      103 |   }
      104 |
      105 |   async expectElementToBeHidden(selector: string): Promise<void> {
        at LoginPage.expectElementToBeVisible (E:\test-project-app\tests\playwright\pages\BasePage.ts:102:47)
        at LoginPage.expectGoogleLoginToBeVisible (E:\test-project-app\tests\playwright\pages\LoginPage.ts:93:16)
        at E:\test-project-app\tests\playwright\auth\login.spec.ts:117:21

    attachment #1: screenshot (image/png) ──────────────────────────────────────────────────────────
    ..\..\test-results\auth-login-Authentication--b839e-display-Google-login-button-firefox\test-failed-1.png
    ────────────────────────────────────────────────────────────────────────────────────────────────

    attachment #2: video (video/webm) ──────────────────────────────────────────────────────────────
    ..\..\test-results\auth-login-Authentication--b839e-display-Google-login-button-firefox\video.webm
    ────────────────────────────────────────────────────────────────────────────────────────────────
]]>
</failure>
<system-out>
<![CDATA[
[[ATTACHMENT|test-results\auth-login-Authentication--b839e-display-Google-login-button-firefox\test-failed-1.png]]

[[ATTACHMENT|test-results\auth-login-Authentication--b839e-display-Google-login-button-firefox\video.webm]]
]]>
</system-out>
</testcase>
<testcase name="Authentication - Google Login › should handle Google login click" classname="auth\login.spec.ts" time="30.102">
<failure message="login.spec.ts:120:7 should handle Google login click" type="FAILURE">
<![CDATA[  [firefox] › auth\login.spec.ts:120:7 › Authentication - Google Login › should handle Google login click 

    Test timeout of 30000ms exceeded.

    Error: locator.click: Test timeout of 30000ms exceeded.
    Call log:
      - waiting for locator('button:has-text("Google"), button:has-text("Sign in with Google")')


       at pages\LoginPage.ts:65

      63 |
      64 |   async clickGoogleLogin(): Promise<void> {
    > 65 |     await this.googleLoginButton.click();
         |                                  ^
      66 |     await this.waitForPageLoad();
      67 |   }
      68 |
        at LoginPage.clickGoogleLogin (E:\test-project-app\tests\playwright\pages\LoginPage.ts:65:34)
        at E:\test-project-app\tests\playwright\auth\login.spec.ts:121:21

    attachment #1: screenshot (image/png) ──────────────────────────────────────────────────────────
    ..\..\test-results\auth-login-Authentication--365fe-d-handle-Google-login-click-firefox\test-failed-1.png
    ────────────────────────────────────────────────────────────────────────────────────────────────

    attachment #2: video (video/webm) ──────────────────────────────────────────────────────────────
    ..\..\test-results\auth-login-Authentication--365fe-d-handle-Google-login-click-firefox\video.webm
    ────────────────────────────────────────────────────────────────────────────────────────────────
]]>
</failure>
<system-out>
<![CDATA[
[[ATTACHMENT|test-results\auth-login-Authentication--365fe-d-handle-Google-login-click-firefox\test-failed-1.png]]

[[ATTACHMENT|test-results\auth-login-Authentication--365fe-d-handle-Google-login-click-firefox\video.webm]]
]]>
</system-out>
</testcase>
<testcase name="Authentication - Google Login › should show appropriate error for unauthorized Google email" classname="auth\login.spec.ts" time="30.125">
<failure message="login.spec.ts:127:7 should show appropriate error for unauthorized Google email" type="FAILURE">
<![CDATA[  [firefox] › auth\login.spec.ts:127:7 › Authentication - Google Login › should show appropriate error for unauthorized Google email 

    Test timeout of 30000ms exceeded.

    Error: locator.click: Test timeout of 30000ms exceeded.
    Call log:
      - waiting for locator('button:has-text("Google"), button:has-text("Sign in with Google")')


       at pages\LoginPage.ts:65

      63 |
      64 |   async clickGoogleLogin(): Promise<void> {
    > 65 |     await this.googleLoginButton.click();
         |                                  ^
      66 |     await this.waitForPageLoad();
      67 |   }
      68 |
        at LoginPage.clickGoogleLogin (E:\test-project-app\tests\playwright\pages\LoginPage.ts:65:34)
        at E:\test-project-app\tests\playwright\auth\login.spec.ts:130:21

    attachment #1: screenshot (image/png) ──────────────────────────────────────────────────────────
    ..\..\test-results\auth-login-Authentication--d9b69-r-unauthorized-Google-email-firefox\test-failed-1.png
    ────────────────────────────────────────────────────────────────────────────────────────────────

    attachment #2: video (video/webm) ──────────────────────────────────────────────────────────────
    ..\..\test-results\auth-login-Authentication--d9b69-r-unauthorized-Google-email-firefox\video.webm
    ────────────────────────────────────────────────────────────────────────────────────────────────
]]>
</failure>
<system-out>
<![CDATA[
[[ATTACHMENT|test-results\auth-login-Authentication--d9b69-r-unauthorized-Google-email-firefox\test-failed-1.png]]

[[ATTACHMENT|test-results\auth-login-Authentication--d9b69-r-unauthorized-Google-email-firefox\video.webm]]
]]>
</system-out>
</testcase>
<testcase name="Authentication - Form Validation › should validate email format" classname="auth\login.spec.ts" time="6.641">
<failure message="login.spec.ts:137:7 should validate email format" type="FAILURE">
<![CDATA[  [firefox] › auth\login.spec.ts:137:7 › Authentication - Form Validation › should validate email format 

    TimeoutError: locator.waitFor: Timeout 5000ms exceeded.
    Call log:
      - waiting for locator('input[name="username"], input[type="email"]') to be visible


       at pages\BasePage.ts:46

      44 |   async waitForElement(selector: string, timeout: number = 5000): Promise<Locator> {
      45 |     const element = this.page.locator(selector);
    > 46 |     await element.waitFor({ state: 'visible', timeout });
         |                   ^
      47 |     return element;
      48 |   }
      49 |
        at LoginPage.waitForElement (E:\test-project-app\tests\playwright\pages\BasePage.ts:46:19)
        at LoginPage.fillInput (E:\test-project-app\tests\playwright\pages\BasePage.ts:56:32)
        at E:\test-project-app\tests\playwright\auth\login.spec.ts:138:21

    attachment #1: screenshot (image/png) ──────────────────────────────────────────────────────────
    ..\..\test-results\auth-login-Authentication--6ce0b-hould-validate-email-format-firefox\test-failed-1.png
    ────────────────────────────────────────────────────────────────────────────────────────────────

    attachment #2: video (video/webm) ──────────────────────────────────────────────────────────────
    ..\..\test-results\auth-login-Authentication--6ce0b-hould-validate-email-format-firefox\video.webm
    ────────────────────────────────────────────────────────────────────────────────────────────────
]]>
</failure>
<system-out>
<![CDATA[
[[ATTACHMENT|test-results\auth-login-Authentication--6ce0b-hould-validate-email-format-firefox\test-failed-1.png]]

[[ATTACHMENT|test-results\auth-login-Authentication--6ce0b-hould-validate-email-format-firefox\video.webm]]
]]>
</system-out>
</testcase>
<testcase name="Authentication - Form Validation › should show password strength indicator" classname="auth\login.spec.ts" time="6.096">
<failure message="login.spec.ts:144:7 should show password strength indicator" type="FAILURE">
<![CDATA[  [firefox] › auth\login.spec.ts:144:7 › Authentication - Form Validation › should show password strength indicator 

    TimeoutError: locator.waitFor: Timeout 5000ms exceeded.
    Call log:
      - waiting for locator('input[name="password"], input[type="password"]') to be visible


       at pages\BasePage.ts:46

      44 |   async waitForElement(selector: string, timeout: number = 5000): Promise<Locator> {
      45 |     const element = this.page.locator(selector);
    > 46 |     await element.waitFor({ state: 'visible', timeout });
         |                   ^
      47 |     return element;
      48 |   }
      49 |
        at LoginPage.waitForElement (E:\test-project-app\tests\playwright\pages\BasePage.ts:46:19)
        at LoginPage.fillInput (E:\test-project-app\tests\playwright\pages\BasePage.ts:56:32)
        at E:\test-project-app\tests\playwright\auth\login.spec.ts:145:21

    attachment #1: screenshot (image/png) ──────────────────────────────────────────────────────────
    ..\..\test-results\auth-login-Authentication--ce8c8-password-strength-indicator-firefox\test-failed-1.png
    ────────────────────────────────────────────────────────────────────────────────────────────────

    attachment #2: video (video/webm) ──────────────────────────────────────────────────────────────
    ..\..\test-results\auth-login-Authentication--ce8c8-password-strength-indicator-firefox\video.webm
    ────────────────────────────────────────────────────────────────────────────────────────────────
]]>
</failure>
<system-out>
<![CDATA[
[[ATTACHMENT|test-results\auth-login-Authentication--ce8c8-password-strength-indicator-firefox\test-failed-1.png]]

[[ATTACHMENT|test-results\auth-login-Authentication--ce8c8-password-strength-indicator-firefox\video.webm]]
]]>
</system-out>
</testcase>
<testcase name="Authentication - Form Validation › should prevent XSS attacks in form fields" classname="auth\login.spec.ts" time="6.189">
<failure message="login.spec.ts:150:7 should prevent XSS attacks in form fields" type="FAILURE">
<![CDATA[  [firefox] › auth\login.spec.ts:150:7 › Authentication - Form Validation › should prevent XSS attacks in form fields 

    TimeoutError: locator.waitFor: Timeout 5000ms exceeded.
    Call log:
      - waiting for locator('input[name="username"], input[type="email"]') to be visible


       at pages\BasePage.ts:46

      44 |   async waitForElement(selector: string, timeout: number = 5000): Promise<Locator> {
      45 |     const element = this.page.locator(selector);
    > 46 |     await element.waitFor({ state: 'visible', timeout });
         |                   ^
      47 |     return element;
      48 |   }
      49 |
        at LoginPage.waitForElement (E:\test-project-app\tests\playwright\pages\BasePage.ts:46:19)
        at LoginPage.fillInput (E:\test-project-app\tests\playwright\pages\BasePage.ts:56:32)
        at E:\test-project-app\tests\playwright\auth\login.spec.ts:152:21

    attachment #1: screenshot (image/png) ──────────────────────────────────────────────────────────
    ..\..\test-results\auth-login-Authentication--19a7a--XSS-attacks-in-form-fields-firefox\test-failed-1.png
    ────────────────────────────────────────────────────────────────────────────────────────────────

    attachment #2: video (video/webm) ──────────────────────────────────────────────────────────────
    ..\..\test-results\auth-login-Authentication--19a7a--XSS-attacks-in-form-fields-firefox\video.webm
    ────────────────────────────────────────────────────────────────────────────────────────────────
]]>
</failure>
<system-out>
<![CDATA[
[[ATTACHMENT|test-results\auth-login-Authentication--19a7a--XSS-attacks-in-form-fields-firefox\test-failed-1.png]]

[[ATTACHMENT|test-results\auth-login-Authentication--19a7a--XSS-attacks-in-form-fields-firefox\video.webm]]
]]>
</system-out>
</testcase>
<testcase name="Authentication - Security › should not expose sensitive information in error messages" classname="auth\login.spec.ts" time="6.249">
<failure message="login.spec.ts:161:7 should not expose sensitive information in error messages" type="FAILURE">
<![CDATA[  [firefox] › auth\login.spec.ts:161:7 › Authentication - Security › should not expose sensitive information in error messages 

    TimeoutError: locator.waitFor: Timeout 5000ms exceeded.
    Call log:
      - waiting for locator('input[name="username"], input[type="email"]') to be visible


       at pages\BasePage.ts:46

      44 |   async waitForElement(selector: string, timeout: number = 5000): Promise<Locator> {
      45 |     const element = this.page.locator(selector);
    > 46 |     await element.waitFor({ state: 'visible', timeout });
         |                   ^
      47 |     return element;
      48 |   }
      49 |
        at LoginPage.waitForElement (E:\test-project-app\tests\playwright\pages\BasePage.ts:46:19)
        at LoginPage.fillInput (E:\test-project-app\tests\playwright\pages\BasePage.ts:56:32)
        at LoginPage.login (E:\test-project-app\tests\playwright\pages\LoginPage.ts:54:16)
        at E:\test-project-app\tests\playwright\auth\login.spec.ts:162:21

    attachment #1: screenshot (image/png) ──────────────────────────────────────────────────────────
    ..\..\test-results\auth-login-Authentication--495ae-formation-in-error-messages-firefox\test-failed-1.png
    ────────────────────────────────────────────────────────────────────────────────────────────────

    attachment #2: video (video/webm) ──────────────────────────────────────────────────────────────
    ..\..\test-results\auth-login-Authentication--495ae-formation-in-error-messages-firefox\video.webm
    ────────────────────────────────────────────────────────────────────────────────────────────────
]]>
</failure>
<system-out>
<![CDATA[
[[ATTACHMENT|test-results\auth-login-Authentication--495ae-formation-in-error-messages-firefox\test-failed-1.png]]

[[ATTACHMENT|test-results\auth-login-Authentication--495ae-formation-in-error-messages-firefox\video.webm]]
]]>
</system-out>
</testcase>
<testcase name="Authentication - Security › should implement rate limiting for failed attempts" classname="auth\login.spec.ts" time="6.343">
<failure message="login.spec.ts:168:7 should implement rate limiting for failed attempts" type="FAILURE">
<![CDATA[  [firefox] › auth\login.spec.ts:168:7 › Authentication - Security › should implement rate limiting for failed attempts 

    TimeoutError: locator.waitFor: Timeout 5000ms exceeded.
    Call log:
      - waiting for locator('input[name="username"], input[type="email"]') to be visible


       at pages\BasePage.ts:46

      44 |   async waitForElement(selector: string, timeout: number = 5000): Promise<Locator> {
      45 |     const element = this.page.locator(selector);
    > 46 |     await element.waitFor({ state: 'visible', timeout });
         |                   ^
      47 |     return element;
      48 |   }
      49 |
        at LoginPage.waitForElement (E:\test-project-app\tests\playwright\pages\BasePage.ts:46:19)
        at LoginPage.fillInput (E:\test-project-app\tests\playwright\pages\BasePage.ts:56:32)
        at LoginPage.login (E:\test-project-app\tests\playwright\pages\LoginPage.ts:54:16)
        at E:\test-project-app\tests\playwright\auth\login.spec.ts:171:23

    attachment #1: screenshot (image/png) ──────────────────────────────────────────────────────────
    ..\..\test-results\auth-login-Authentication--d270a-imiting-for-failed-attempts-firefox\test-failed-1.png
    ────────────────────────────────────────────────────────────────────────────────────────────────

    attachment #2: video (video/webm) ──────────────────────────────────────────────────────────────
    ..\..\test-results\auth-login-Authentication--d270a-imiting-for-failed-attempts-firefox\video.webm
    ────────────────────────────────────────────────────────────────────────────────────────────────
]]>
</failure>
<system-out>
<![CDATA[
[[ATTACHMENT|test-results\auth-login-Authentication--d270a-imiting-for-failed-attempts-firefox\test-failed-1.png]]

[[ATTACHMENT|test-results\auth-login-Authentication--d270a-imiting-for-failed-attempts-firefox\video.webm]]
]]>
</system-out>
</testcase>
<testcase name="Authentication - Security › should clear sensitive data on page unload" classname="auth\login.spec.ts" time="6.489">
<failure message="login.spec.ts:179:7 should clear sensitive data on page unload" type="FAILURE">
<![CDATA[  [firefox] › auth\login.spec.ts:179:7 › Authentication - Security › should clear sensitive data on page unload 

    TimeoutError: locator.waitFor: Timeout 5000ms exceeded.
    Call log:
      - waiting for locator('input[name="username"], input[type="email"]') to be visible


       at pages\BasePage.ts:46

      44 |   async waitForElement(selector: string, timeout: number = 5000): Promise<Locator> {
      45 |     const element = this.page.locator(selector);
    > 46 |     await element.waitFor({ state: 'visible', timeout });
         |                   ^
      47 |     return element;
      48 |   }
      49 |
        at LoginPage.waitForElement (E:\test-project-app\tests\playwright\pages\BasePage.ts:46:19)
        at LoginPage.fillInput (E:\test-project-app\tests\playwright\pages\BasePage.ts:56:32)
        at E:\test-project-app\tests\playwright\auth\login.spec.ts:180:21

    attachment #1: screenshot (image/png) ──────────────────────────────────────────────────────────
    ..\..\test-results\auth-login-Authentication--cf2ef-nsitive-data-on-page-unload-firefox\test-failed-1.png
    ────────────────────────────────────────────────────────────────────────────────────────────────

    attachment #2: video (video/webm) ──────────────────────────────────────────────────────────────
    ..\..\test-results\auth-login-Authentication--cf2ef-nsitive-data-on-page-unload-firefox\video.webm
    ────────────────────────────────────────────────────────────────────────────────────────────────
]]>
</failure>
<system-out>
<![CDATA[
[[ATTACHMENT|test-results\auth-login-Authentication--cf2ef-nsitive-data-on-page-unload-firefox\test-failed-1.png]]

[[ATTACHMENT|test-results\auth-login-Authentication--cf2ef-nsitive-data-on-page-unload-firefox\video.webm]]
]]>
</system-out>
</testcase>
</testsuite>
<testsuite name="auth\logout.spec.ts" timestamp="2026-02-20T03:52:25.301Z" hostname="firefox" tests="16" failures="16" skipped="0" time="81.962" errors="0">
<testcase name="Authentication - Logout › should logout successfully from user menu" classname="auth\logout.spec.ts" time="4.761">
<failure message="logout.spec.ts:12:7 should logout successfully from user menu" type="FAILURE">
<![CDATA[  [firefox] › auth\logout.spec.ts:12:7 › Authentication - Logout › should logout successfully from user menu 

    TypeError: Cannot read properties of undefined (reading 'users')

       6 |     // Login before each test
       7 |     await loginPage.navigateToLogin();
    >  8 |     await loginPage.loginWithUser(testData.users.student);
         |                                            ^
       9 |     await dashboardPage.waitForDashboardLoad();
      10 |   });
      11 |
        at E:\test-project-app\tests\playwright\auth\logout.spec.ts:8:44

    attachment #1: screenshot (image/png) ──────────────────────────────────────────────────────────
    ..\..\test-results\auth-logout-Authentication-8e31a-successfully-from-user-menu-firefox\test-failed-1.png
    ────────────────────────────────────────────────────────────────────────────────────────────────

    attachment #2: video (video/webm) ──────────────────────────────────────────────────────────────
    ..\..\test-results\auth-logout-Authentication-8e31a-successfully-from-user-menu-firefox\video.webm
    ────────────────────────────────────────────────────────────────────────────────────────────────

    Error Context: ..\..\test-results\auth-logout-Authentication-8e31a-successfully-from-user-menu-firefox\error-context.md
]]>
</failure>
<system-out>
<![CDATA[
[[ATTACHMENT|test-results\auth-logout-Authentication-8e31a-successfully-from-user-menu-firefox\test-failed-1.png]]

[[ATTACHMENT|test-results\auth-logout-Authentication-8e31a-successfully-from-user-menu-firefox\video.webm]]

[[ATTACHMENT|test-results\auth-logout-Authentication-8e31a-successfully-from-user-menu-firefox\error-context.md]]
]]>
</system-out>
</testcase>
<testcase name="Authentication - Logout › should logout successfully from logout button" classname="auth\logout.spec.ts" time="5.392">
<failure message="logout.spec.ts:17:7 should logout successfully from logout button" type="FAILURE">
<![CDATA[  [firefox] › auth\logout.spec.ts:17:7 › Authentication - Logout › should logout successfully from logout button 

    TypeError: Cannot read properties of undefined (reading 'users')

       6 |     // Login before each test
       7 |     await loginPage.navigateToLogin();
    >  8 |     await loginPage.loginWithUser(testData.users.student);
         |                                            ^
       9 |     await dashboardPage.waitForDashboardLoad();
      10 |   });
      11 |
        at E:\test-project-app\tests\playwright\auth\logout.spec.ts:8:44

    attachment #1: screenshot (image/png) ──────────────────────────────────────────────────────────
    ..\..\test-results\auth-logout-Authentication-84d2e-essfully-from-logout-button-firefox\test-failed-1.png
    ────────────────────────────────────────────────────────────────────────────────────────────────

    attachment #2: video (video/webm) ──────────────────────────────────────────────────────────────
    ..\..\test-results\auth-logout-Authentication-84d2e-essfully-from-logout-button-firefox\video.webm
    ────────────────────────────────────────────────────────────────────────────────────────────────

    Error Context: ..\..\test-results\auth-logout-Authentication-84d2e-essfully-from-logout-button-firefox\error-context.md
]]>
</failure>
<system-out>
<![CDATA[
[[ATTACHMENT|test-results\auth-logout-Authentication-84d2e-essfully-from-logout-button-firefox\test-failed-1.png]]

[[ATTACHMENT|test-results\auth-logout-Authentication-84d2e-essfully-from-logout-button-firefox\video.webm]]

[[ATTACHMENT|test-results\auth-logout-Authentication-84d2e-essfully-from-logout-button-firefox\error-context.md]]
]]>
</system-out>
</testcase>
<testcase name="Authentication - Logout › should clear session data after logout" classname="auth\logout.spec.ts" time="6.751">
<failure message="logout.spec.ts:23:7 should clear session data after logout" type="FAILURE">
<![CDATA[  [firefox] › auth\logout.spec.ts:23:7 › Authentication - Logout › should clear session data after logout 

    TypeError: Cannot read properties of undefined (reading 'users')

       6 |     // Login before each test
       7 |     await loginPage.navigateToLogin();
    >  8 |     await loginPage.loginWithUser(testData.users.student);
         |                                            ^
       9 |     await dashboardPage.waitForDashboardLoad();
      10 |   });
      11 |
        at E:\test-project-app\tests\playwright\auth\logout.spec.ts:8:44

    attachment #1: screenshot (image/png) ──────────────────────────────────────────────────────────
    ..\..\test-results\auth-logout-Authentication-dab19-r-session-data-after-logout-firefox\test-failed-1.png
    ────────────────────────────────────────────────────────────────────────────────────────────────

    attachment #2: video (video/webm) ──────────────────────────────────────────────────────────────
    ..\..\test-results\auth-logout-Authentication-dab19-r-session-data-after-logout-firefox\video.webm
    ────────────────────────────────────────────────────────────────────────────────────────────────

    Error Context: ..\..\test-results\auth-logout-Authentication-dab19-r-session-data-after-logout-firefox\error-context.md
]]>
</failure>
<system-out>
<![CDATA[
[[ATTACHMENT|test-results\auth-logout-Authentication-dab19-r-session-data-after-logout-firefox\test-failed-1.png]]

[[ATTACHMENT|test-results\auth-logout-Authentication-dab19-r-session-data-after-logout-firefox\video.webm]]

[[ATTACHMENT|test-results\auth-logout-Authentication-dab19-r-session-data-after-logout-firefox\error-context.md]]
]]>
</system-out>
</testcase>
<testcase name="Authentication - Logout › should redirect to login page when accessing protected routes after logout" classname="auth\logout.spec.ts" time="5.697">
<failure message="logout.spec.ts:29:7 should redirect to login page when accessing protected routes after logout" type="FAILURE">
<![CDATA[  [firefox] › auth\logout.spec.ts:29:7 › Authentication - Logout › should redirect to login page when accessing protected routes after logout 

    TypeError: Cannot read properties of undefined (reading 'users')

       6 |     // Login before each test
       7 |     await loginPage.navigateToLogin();
    >  8 |     await loginPage.loginWithUser(testData.users.student);
         |                                            ^
       9 |     await dashboardPage.waitForDashboardLoad();
      10 |   });
      11 |
        at E:\test-project-app\tests\playwright\auth\logout.spec.ts:8:44

    attachment #1: screenshot (image/png) ──────────────────────────────────────────────────────────
    ..\..\test-results\auth-logout-Authentication-9525d-otected-routes-after-logout-firefox\test-failed-1.png
    ────────────────────────────────────────────────────────────────────────────────────────────────

    attachment #2: video (video/webm) ──────────────────────────────────────────────────────────────
    ..\..\test-results\auth-logout-Authentication-9525d-otected-routes-after-logout-firefox\video.webm
    ────────────────────────────────────────────────────────────────────────────────────────────────

    Error Context: ..\..\test-results\auth-logout-Authentication-9525d-otected-routes-after-logout-firefox\error-context.md
]]>
</failure>
<system-out>
<![CDATA[
[[ATTACHMENT|test-results\auth-logout-Authentication-9525d-otected-routes-after-logout-firefox\test-failed-1.png]]

[[ATTACHMENT|test-results\auth-logout-Authentication-9525d-otected-routes-after-logout-firefox\video.webm]]

[[ATTACHMENT|test-results\auth-logout-Authentication-9525d-otected-routes-after-logout-firefox\error-context.md]]
]]>
</system-out>
</testcase>
<testcase name="Authentication - Logout › should show logout confirmation dialog" classname="auth\logout.spec.ts" time="4.886">
<failure message="logout.spec.ts:43:7 should show logout confirmation dialog" type="FAILURE">
<![CDATA[  [firefox] › auth\logout.spec.ts:43:7 › Authentication - Logout › should show logout confirmation dialog 

    TypeError: Cannot read properties of undefined (reading 'users')

       6 |     // Login before each test
       7 |     await loginPage.navigateToLogin();
    >  8 |     await loginPage.loginWithUser(testData.users.student);
         |                                            ^
       9 |     await dashboardPage.waitForDashboardLoad();
      10 |   });
      11 |
        at E:\test-project-app\tests\playwright\auth\logout.spec.ts:8:44

    attachment #1: screenshot (image/png) ──────────────────────────────────────────────────────────
    ..\..\test-results\auth-logout-Authentication-63b03--logout-confirmation-dialog-firefox\test-failed-1.png
    ────────────────────────────────────────────────────────────────────────────────────────────────

    attachment #2: video (video/webm) ──────────────────────────────────────────────────────────────
    ..\..\test-results\auth-logout-Authentication-63b03--logout-confirmation-dialog-firefox\video.webm
    ────────────────────────────────────────────────────────────────────────────────────────────────

    Error Context: ..\..\test-results\auth-logout-Authentication-63b03--logout-confirmation-dialog-firefox\error-context.md
]]>
</failure>
<system-out>
<![CDATA[
[[ATTACHMENT|test-results\auth-logout-Authentication-63b03--logout-confirmation-dialog-firefox\test-failed-1.png]]

[[ATTACHMENT|test-results\auth-logout-Authentication-63b03--logout-confirmation-dialog-firefox\video.webm]]

[[ATTACHMENT|test-results\auth-logout-Authentication-63b03--logout-confirmation-dialog-firefox\error-context.md]]
]]>
</system-out>
</testcase>
<testcase name="Authentication - Logout › should cancel logout when confirmation is dismissed" classname="auth\logout.spec.ts" time="4.794">
<failure message="logout.spec.ts:52:7 should cancel logout when confirmation is dismissed" type="FAILURE">
<![CDATA[  [firefox] › auth\logout.spec.ts:52:7 › Authentication - Logout › should cancel logout when confirmation is dismissed 

    TypeError: Cannot read properties of undefined (reading 'users')

       6 |     // Login before each test
       7 |     await loginPage.navigateToLogin();
    >  8 |     await loginPage.loginWithUser(testData.users.student);
         |                                            ^
       9 |     await dashboardPage.waitForDashboardLoad();
      10 |   });
      11 |
        at E:\test-project-app\tests\playwright\auth\logout.spec.ts:8:44

    attachment #1: screenshot (image/png) ──────────────────────────────────────────────────────────
    ..\..\test-results\auth-logout-Authentication-b7146-n-confirmation-is-dismissed-firefox\test-failed-1.png
    ────────────────────────────────────────────────────────────────────────────────────────────────

    attachment #2: video (video/webm) ──────────────────────────────────────────────────────────────
    ..\..\test-results\auth-logout-Authentication-b7146-n-confirmation-is-dismissed-firefox\video.webm
    ────────────────────────────────────────────────────────────────────────────────────────────────

    Error Context: ..\..\test-results\auth-logout-Authentication-b7146-n-confirmation-is-dismissed-firefox\error-context.md
]]>
</failure>
<system-out>
<![CDATA[
[[ATTACHMENT|test-results\auth-logout-Authentication-b7146-n-confirmation-is-dismissed-firefox\test-failed-1.png]]

[[ATTACHMENT|test-results\auth-logout-Authentication-b7146-n-confirmation-is-dismissed-firefox\video.webm]]

[[ATTACHMENT|test-results\auth-logout-Authentication-b7146-n-confirmation-is-dismissed-firefox\error-context.md]]
]]>
</system-out>
</testcase>
<testcase name="Authentication - Logout › should logout from multiple tabs" classname="auth\logout.spec.ts" time="4.509">
<failure message="logout.spec.ts:63:7 should logout from multiple tabs" type="FAILURE">
<![CDATA[  [firefox] › auth\logout.spec.ts:63:7 › Authentication - Logout › should logout from multiple tabs 

    TypeError: Cannot read properties of undefined (reading 'users')

       6 |     // Login before each test
       7 |     await loginPage.navigateToLogin();
    >  8 |     await loginPage.loginWithUser(testData.users.student);
         |                                            ^
       9 |     await dashboardPage.waitForDashboardLoad();
      10 |   });
      11 |
        at E:\test-project-app\tests\playwright\auth\logout.spec.ts:8:44

    attachment #1: screenshot (image/png) ──────────────────────────────────────────────────────────
    ..\..\test-results\auth-logout-Authentication-e142e-d-logout-from-multiple-tabs-firefox\test-failed-1.png
    ────────────────────────────────────────────────────────────────────────────────────────────────

    attachment #2: video (video/webm) ──────────────────────────────────────────────────────────────
    ..\..\test-results\auth-logout-Authentication-e142e-d-logout-from-multiple-tabs-firefox\video.webm
    ────────────────────────────────────────────────────────────────────────────────────────────────

    Error Context: ..\..\test-results\auth-logout-Authentication-e142e-d-logout-from-multiple-tabs-firefox\error-context.md
]]>
</failure>
<system-out>
<![CDATA[
[[ATTACHMENT|test-results\auth-logout-Authentication-e142e-d-logout-from-multiple-tabs-firefox\test-failed-1.png]]

[[ATTACHMENT|test-results\auth-logout-Authentication-e142e-d-logout-from-multiple-tabs-firefox\video.webm]]

[[ATTACHMENT|test-results\auth-logout-Authentication-e142e-d-logout-from-multiple-tabs-firefox\error-context.md]]
]]>
</system-out>
</testcase>
<testcase name="Authentication - Logout › should handle logout with pending requests" classname="auth\logout.spec.ts" time="4.502">
<failure message="logout.spec.ts:78:7 should handle logout with pending requests" type="FAILURE">
<![CDATA[  [firefox] › auth\logout.spec.ts:78:7 › Authentication - Logout › should handle logout with pending requests 

    TypeError: Cannot read properties of undefined (reading 'users')

       6 |     // Login before each test
       7 |     await loginPage.navigateToLogin();
    >  8 |     await loginPage.loginWithUser(testData.users.student);
         |                                            ^
       9 |     await dashboardPage.waitForDashboardLoad();
      10 |   });
      11 |
        at E:\test-project-app\tests\playwright\auth\logout.spec.ts:8:44

    attachment #1: screenshot (image/png) ──────────────────────────────────────────────────────────
    ..\..\test-results\auth-logout-Authentication-fa2b0-ogout-with-pending-requests-firefox\test-failed-1.png
    ────────────────────────────────────────────────────────────────────────────────────────────────

    attachment #2: video (video/webm) ──────────────────────────────────────────────────────────────
    ..\..\test-results\auth-logout-Authentication-fa2b0-ogout-with-pending-requests-firefox\video.webm
    ────────────────────────────────────────────────────────────────────────────────────────────────

    Error Context: ..\..\test-results\auth-logout-Authentication-fa2b0-ogout-with-pending-requests-firefox\error-context.md
]]>
</failure>
<system-out>
<![CDATA[
[[ATTACHMENT|test-results\auth-logout-Authentication-fa2b0-ogout-with-pending-requests-firefox\test-failed-1.png]]

[[ATTACHMENT|test-results\auth-logout-Authentication-fa2b0-ogout-with-pending-requests-firefox\video.webm]]

[[ATTACHMENT|test-results\auth-logout-Authentication-fa2b0-ogout-with-pending-requests-firefox\error-context.md]]
]]>
</system-out>
</testcase>
<testcase name="Authentication - Logout › should clear local storage on logout" classname="auth\logout.spec.ts" time="5.119">
<failure message="logout.spec.ts:89:7 should clear local storage on logout" type="FAILURE">
<![CDATA[  [firefox] › auth\logout.spec.ts:89:7 › Authentication - Logout › should clear local storage on logout 

    TypeError: Cannot read properties of undefined (reading 'users')

       6 |     // Login before each test
       7 |     await loginPage.navigateToLogin();
    >  8 |     await loginPage.loginWithUser(testData.users.student);
         |                                            ^
       9 |     await dashboardPage.waitForDashboardLoad();
      10 |   });
      11 |
        at E:\test-project-app\tests\playwright\auth\logout.spec.ts:8:44

    attachment #1: screenshot (image/png) ──────────────────────────────────────────────────────────
    ..\..\test-results\auth-logout-Authentication-d48fc-ear-local-storage-on-logout-firefox\test-failed-1.png
    ────────────────────────────────────────────────────────────────────────────────────────────────

    attachment #2: video (video/webm) ──────────────────────────────────────────────────────────────
    ..\..\test-results\auth-logout-Authentication-d48fc-ear-local-storage-on-logout-firefox\video.webm
    ────────────────────────────────────────────────────────────────────────────────────────────────

    Error Context: ..\..\test-results\auth-logout-Authentication-d48fc-ear-local-storage-on-logout-firefox\error-context.md
]]>
</failure>
<system-out>
<![CDATA[
[[ATTACHMENT|test-results\auth-logout-Authentication-d48fc-ear-local-storage-on-logout-firefox\test-failed-1.png]]

[[ATTACHMENT|test-results\auth-logout-Authentication-d48fc-ear-local-storage-on-logout-firefox\video.webm]]

[[ATTACHMENT|test-results\auth-logout-Authentication-d48fc-ear-local-storage-on-logout-firefox\error-context.md]]
]]>
</system-out>
</testcase>
<testcase name="Authentication - Logout › should clear session storage on logout" classname="auth\logout.spec.ts" time="4.991">
<failure message="logout.spec.ts:106:7 should clear session storage on logout" type="FAILURE">
<![CDATA[  [firefox] › auth\logout.spec.ts:106:7 › Authentication - Logout › should clear session storage on logout 

    TypeError: Cannot read properties of undefined (reading 'users')

       6 |     // Login before each test
       7 |     await loginPage.navigateToLogin();
    >  8 |     await loginPage.loginWithUser(testData.users.student);
         |                                            ^
       9 |     await dashboardPage.waitForDashboardLoad();
      10 |   });
      11 |
        at E:\test-project-app\tests\playwright\auth\logout.spec.ts:8:44

    attachment #1: screenshot (image/png) ──────────────────────────────────────────────────────────
    ..\..\test-results\auth-logout-Authentication-49f87-r-session-storage-on-logout-firefox\test-failed-1.png
    ────────────────────────────────────────────────────────────────────────────────────────────────

    attachment #2: video (video/webm) ──────────────────────────────────────────────────────────────
    ..\..\test-results\auth-logout-Authentication-49f87-r-session-storage-on-logout-firefox\video.webm
    ────────────────────────────────────────────────────────────────────────────────────────────────

    Error Context: ..\..\test-results\auth-logout-Authentication-49f87-r-session-storage-on-logout-firefox\error-context.md
]]>
</failure>
<system-out>
<![CDATA[
[[ATTACHMENT|test-results\auth-logout-Authentication-49f87-r-session-storage-on-logout-firefox\test-failed-1.png]]

[[ATTACHMENT|test-results\auth-logout-Authentication-49f87-r-session-storage-on-logout-firefox\video.webm]]

[[ATTACHMENT|test-results\auth-logout-Authentication-49f87-r-session-storage-on-logout-firefox\error-context.md]]
]]>
</system-out>
</testcase>
<testcase name="Authentication - Logout › should handle logout with unsaved changes" classname="auth\logout.spec.ts" time="5.378">
<failure message="logout.spec.ts:123:7 should handle logout with unsaved changes" type="FAILURE">
<![CDATA[  [firefox] › auth\logout.spec.ts:123:7 › Authentication - Logout › should handle logout with unsaved changes 

    TypeError: Cannot read properties of undefined (reading 'users')

       6 |     // Login before each test
       7 |     await loginPage.navigateToLogin();
    >  8 |     await loginPage.loginWithUser(testData.users.student);
         |                                            ^
       9 |     await dashboardPage.waitForDashboardLoad();
      10 |   });
      11 |
        at E:\test-project-app\tests\playwright\auth\logout.spec.ts:8:44

    attachment #1: screenshot (image/png) ──────────────────────────────────────────────────────────
    ..\..\test-results\auth-logout-Authentication-bb173-logout-with-unsaved-changes-firefox\test-failed-1.png
    ────────────────────────────────────────────────────────────────────────────────────────────────

    attachment #2: video (video/webm) ──────────────────────────────────────────────────────────────
    ..\..\test-results\auth-logout-Authentication-bb173-logout-with-unsaved-changes-firefox\video.webm
    ────────────────────────────────────────────────────────────────────────────────────────────────

    Error Context: ..\..\test-results\auth-logout-Authentication-bb173-logout-with-unsaved-changes-firefox\error-context.md
]]>
</failure>
<system-out>
<![CDATA[
[[ATTACHMENT|test-results\auth-logout-Authentication-bb173-logout-with-unsaved-changes-firefox\test-failed-1.png]]

[[ATTACHMENT|test-results\auth-logout-Authentication-bb173-logout-with-unsaved-changes-firefox\video.webm]]

[[ATTACHMENT|test-results\auth-logout-Authentication-bb173-logout-with-unsaved-changes-firefox\error-context.md]]
]]>
</system-out>
</testcase>
<testcase name="Authentication - Logout › should logout automatically on session timeout" classname="auth\logout.spec.ts" time="4.876">
<failure message="logout.spec.ts:135:7 should logout automatically on session timeout" type="FAILURE">
<![CDATA[  [firefox] › auth\logout.spec.ts:135:7 › Authentication - Logout › should logout automatically on session timeout 

    TypeError: Cannot read properties of undefined (reading 'users')

       6 |     // Login before each test
       7 |     await loginPage.navigateToLogin();
    >  8 |     await loginPage.loginWithUser(testData.users.student);
         |                                            ^
       9 |     await dashboardPage.waitForDashboardLoad();
      10 |   });
      11 |
        at E:\test-project-app\tests\playwright\auth\logout.spec.ts:8:44

    attachment #1: screenshot (image/png) ──────────────────────────────────────────────────────────
    ..\..\test-results\auth-logout-Authentication-1bb7f-atically-on-session-timeout-firefox\test-failed-1.png
    ────────────────────────────────────────────────────────────────────────────────────────────────

    attachment #2: video (video/webm) ──────────────────────────────────────────────────────────────
    ..\..\test-results\auth-logout-Authentication-1bb7f-atically-on-session-timeout-firefox\video.webm
    ────────────────────────────────────────────────────────────────────────────────────────────────

    Error Context: ..\..\test-results\auth-logout-Authentication-1bb7f-atically-on-session-timeout-firefox\error-context.md
]]>
</failure>
<system-out>
<![CDATA[
[[ATTACHMENT|test-results\auth-logout-Authentication-1bb7f-atically-on-session-timeout-firefox\test-failed-1.png]]

[[ATTACHMENT|test-results\auth-logout-Authentication-1bb7f-atically-on-session-timeout-firefox\video.webm]]

[[ATTACHMENT|test-results\auth-logout-Authentication-1bb7f-atically-on-session-timeout-firefox\error-context.md]]
]]>
</system-out>
</testcase>
<testcase name="Authentication - Logout › should show appropriate message after logout" classname="auth\logout.spec.ts" time="4.847">
<failure message="logout.spec.ts:151:7 should show appropriate message after logout" type="FAILURE">
<![CDATA[  [firefox] › auth\logout.spec.ts:151:7 › Authentication - Logout › should show appropriate message after logout 

    TypeError: Cannot read properties of undefined (reading 'users')

       6 |     // Login before each test
       7 |     await loginPage.navigateToLogin();
    >  8 |     await loginPage.loginWithUser(testData.users.student);
         |                                            ^
       9 |     await dashboardPage.waitForDashboardLoad();
      10 |   });
      11 |
        at E:\test-project-app\tests\playwright\auth\logout.spec.ts:8:44

    attachment #1: screenshot (image/png) ──────────────────────────────────────────────────────────
    ..\..\test-results\auth-logout-Authentication-e03f8-priate-message-after-logout-firefox\test-failed-1.png
    ────────────────────────────────────────────────────────────────────────────────────────────────

    attachment #2: video (video/webm) ──────────────────────────────────────────────────────────────
    ..\..\test-results\auth-logout-Authentication-e03f8-priate-message-after-logout-firefox\video.webm
    ────────────────────────────────────────────────────────────────────────────────────────────────

    Error Context: ..\..\test-results\auth-logout-Authentication-e03f8-priate-message-after-logout-firefox\error-context.md
]]>
</failure>
<system-out>
<![CDATA[
[[ATTACHMENT|test-results\auth-logout-Authentication-e03f8-priate-message-after-logout-firefox\test-failed-1.png]]

[[ATTACHMENT|test-results\auth-logout-Authentication-e03f8-priate-message-after-logout-firefox\video.webm]]

[[ATTACHMENT|test-results\auth-logout-Authentication-e03f8-priate-message-after-logout-firefox\error-context.md]]
]]>
</system-out>
</testcase>
<testcase name="Authentication - Logout › should handle logout with active WebSocket connections" classname="auth\logout.spec.ts" time="5.028">
<failure message="logout.spec.ts:156:7 should handle logout with active WebSocket connections" type="FAILURE">
<![CDATA[  [firefox] › auth\logout.spec.ts:156:7 › Authentication - Logout › should handle logout with active WebSocket connections 

    TypeError: Cannot read properties of undefined (reading 'users')

       6 |     // Login before each test
       7 |     await loginPage.navigateToLogin();
    >  8 |     await loginPage.loginWithUser(testData.users.student);
         |                                            ^
       9 |     await dashboardPage.waitForDashboardLoad();
      10 |   });
      11 |
        at E:\test-project-app\tests\playwright\auth\logout.spec.ts:8:44

    attachment #1: screenshot (image/png) ──────────────────────────────────────────────────────────
    ..\..\test-results\auth-logout-Authentication-1821c-ctive-WebSocket-connections-firefox\test-failed-1.png
    ────────────────────────────────────────────────────────────────────────────────────────────────

    attachment #2: video (video/webm) ──────────────────────────────────────────────────────────────
    ..\..\test-results\auth-logout-Authentication-1821c-ctive-WebSocket-connections-firefox\video.webm
    ────────────────────────────────────────────────────────────────────────────────────────────────

    Error Context: ..\..\test-results\auth-logout-Authentication-1821c-ctive-WebSocket-connections-firefox\error-context.md
]]>
</failure>
<system-out>
<![CDATA[
[[ATTACHMENT|test-results\auth-logout-Authentication-1821c-ctive-WebSocket-connections-firefox\test-failed-1.png]]

[[ATTACHMENT|test-results\auth-logout-Authentication-1821c-ctive-WebSocket-connections-firefox\video.webm]]

[[ATTACHMENT|test-results\auth-logout-Authentication-1821c-ctive-WebSocket-connections-firefox\error-context.md]]
]]>
</system-out>
</testcase>
<testcase name="Authentication - Logout › should handle logout with file uploads in progress" classname="auth\logout.spec.ts" time="5.168">
<failure message="logout.spec.ts:173:7 should handle logout with file uploads in progress" type="FAILURE">
<![CDATA[  [firefox] › auth\logout.spec.ts:173:7 › Authentication - Logout › should handle logout with file uploads in progress 

    TypeError: Cannot read properties of undefined (reading 'users')

       6 |     // Login before each test
       7 |     await loginPage.navigateToLogin();
    >  8 |     await loginPage.loginWithUser(testData.users.student);
         |                                            ^
       9 |     await dashboardPage.waitForDashboardLoad();
      10 |   });
      11 |
        at E:\test-project-app\tests\playwright\auth\logout.spec.ts:8:44

    attachment #1: screenshot (image/png) ──────────────────────────────────────────────────────────
    ..\..\test-results\auth-logout-Authentication-d885d-th-file-uploads-in-progress-firefox\test-failed-1.png
    ────────────────────────────────────────────────────────────────────────────────────────────────

    attachment #2: video (video/webm) ──────────────────────────────────────────────────────────────
    ..\..\test-results\auth-logout-Authentication-d885d-th-file-uploads-in-progress-firefox\video.webm
    ────────────────────────────────────────────────────────────────────────────────────────────────

    Error Context: ..\..\test-results\auth-logout-Authentication-d885d-th-file-uploads-in-progress-firefox\error-context.md
]]>
</failure>
<system-out>
<![CDATA[
[[ATTACHMENT|test-results\auth-logout-Authentication-d885d-th-file-uploads-in-progress-firefox\test-failed-1.png]]

[[ATTACHMENT|test-results\auth-logout-Authentication-d885d-th-file-uploads-in-progress-firefox\video.webm]]

[[ATTACHMENT|test-results\auth-logout-Authentication-d885d-th-file-uploads-in-progress-firefox\error-context.md]]
]]>
</system-out>
</testcase>
<testcase name="Authentication - Logout › should handle logout with notifications" classname="auth\logout.spec.ts" time="5.263">
<failure message="logout.spec.ts:185:7 should handle logout with notifications" type="FAILURE">
<![CDATA[  [firefox] › auth\logout.spec.ts:185:7 › Authentication - Logout › should handle logout with notifications 

    TypeError: Cannot read properties of undefined (reading 'users')

       6 |     // Login before each test
       7 |     await loginPage.navigateToLogin();
    >  8 |     await loginPage.loginWithUser(testData.users.student);
         |                                            ^
       9 |     await dashboardPage.waitForDashboardLoad();
      10 |   });
      11 |
        at E:\test-project-app\tests\playwright\auth\logout.spec.ts:8:44

    attachment #1: screenshot (image/png) ──────────────────────────────────────────────────────────
    ..\..\test-results\auth-logout-Authentication-b0f2c-e-logout-with-notifications-firefox\test-failed-1.png
    ────────────────────────────────────────────────────────────────────────────────────────────────

    attachment #2: video (video/webm) ──────────────────────────────────────────────────────────────
    ..\..\test-results\auth-logout-Authentication-b0f2c-e-logout-with-notifications-firefox\video.webm
    ────────────────────────────────────────────────────────────────────────────────────────────────

    Error Context: ..\..\test-results\auth-logout-Authentication-b0f2c-e-logout-with-notifications-firefox\error-context.md
]]>
</failure>
<system-out>
<![CDATA[
[[ATTACHMENT|test-results\auth-logout-Authentication-b0f2c-e-logout-with-notifications-firefox\test-failed-1.png]]

[[ATTACHMENT|test-results\auth-logout-Authentication-b0f2c-e-logout-with-notifications-firefox\video.webm]]

[[ATTACHMENT|test-results\auth-logout-Authentication-b0f2c-e-logout-with-notifications-firefox\error-context.md]]
]]>
</system-out>
</testcase>
</testsuite>
<testsuite name="events\events-crud.spec.ts" timestamp="2026-02-20T03:52:25.301Z" hostname="firefox" tests="22" failures="22" skipped="0" time="95.264" errors="0">
<testcase name="Events - CRUD Operations › Event Creation › should create a new event successfully" classname="events\events-crud.spec.ts" time="4.11">
<failure message="events-crud.spec.ts:20:9 should create a new event successfully" type="FAILURE">
<![CDATA[  [firefox] › events\events-crud.spec.ts:20:9 › Events - CRUD Operations › Event Creation › should create a new event successfully 

    TypeError: Cannot read properties of undefined (reading 'users')

      11 |     // Login as admin to perform CRUD operations
      12 |     await page.goto('/login');
    > 13 |     await page.fill('input[name="username"], input[type="email"]', testData.users.admin.email);
         |                                                                             ^
      14 |     await page.fill('input[name="password"], input[type="password"]', testData.users.admin.password);
      15 |     await page.click('button[type="submit"], button:has-text("Login")');
      16 |     await page.waitForLoadState('networkidle');
        at E:\test-project-app\tests\playwright\events\events-crud.spec.ts:13:77

    attachment #1: screenshot (image/png) ──────────────────────────────────────────────────────────
    ..\..\test-results\events-events-crud-Events--b50a0-te-a-new-event-successfully-firefox\test-failed-1.png
    ────────────────────────────────────────────────────────────────────────────────────────────────

    attachment #2: video (video/webm) ──────────────────────────────────────────────────────────────
    ..\..\test-results\events-events-crud-Events--b50a0-te-a-new-event-successfully-firefox\video.webm
    ────────────────────────────────────────────────────────────────────────────────────────────────

    Error Context: ..\..\test-results\events-events-crud-Events--b50a0-te-a-new-event-successfully-firefox\error-context.md
]]>
</failure>
<system-out>
<![CDATA[
[[ATTACHMENT|test-results\events-events-crud-Events--b50a0-te-a-new-event-successfully-firefox\test-failed-1.png]]

[[ATTACHMENT|test-results\events-events-crud-Events--b50a0-te-a-new-event-successfully-firefox\video.webm]]

[[ATTACHMENT|test-results\events-events-crud-Events--b50a0-te-a-new-event-successfully-firefox\error-context.md]]
]]>
</system-out>
</testcase>
<testcase name="Events - CRUD Operations › Event Creation › should validate required fields in event form" classname="events\events-crud.spec.ts" time="3.845">
<failure message="events-crud.spec.ts:32:9 should validate required fields in event form" type="FAILURE">
<![CDATA[  [firefox] › events\events-crud.spec.ts:32:9 › Events - CRUD Operations › Event Creation › should validate required fields in event form 

    TypeError: Cannot read properties of undefined (reading 'users')

      11 |     // Login as admin to perform CRUD operations
      12 |     await page.goto('/login');
    > 13 |     await page.fill('input[name="username"], input[type="email"]', testData.users.admin.email);
         |                                                                             ^
      14 |     await page.fill('input[name="password"], input[type="password"]', testData.users.admin.password);
      15 |     await page.click('button[type="submit"], button:has-text("Login")');
      16 |     await page.waitForLoadState('networkidle');
        at E:\test-project-app\tests\playwright\events\events-crud.spec.ts:13:77

    attachment #1: screenshot (image/png) ──────────────────────────────────────────────────────────
    ..\..\test-results\events-events-crud-Events--8fcf1-quired-fields-in-event-form-firefox\test-failed-1.png
    ────────────────────────────────────────────────────────────────────────────────────────────────

    attachment #2: video (video/webm) ──────────────────────────────────────────────────────────────
    ..\..\test-results\events-events-crud-Events--8fcf1-quired-fields-in-event-form-firefox\video.webm
    ────────────────────────────────────────────────────────────────────────────────────────────────

    Error Context: ..\..\test-results\events-events-crud-Events--8fcf1-quired-fields-in-event-form-firefox\error-context.md
]]>
</failure>
<system-out>
<![CDATA[
[[ATTACHMENT|test-results\events-events-crud-Events--8fcf1-quired-fields-in-event-form-firefox\test-failed-1.png]]

[[ATTACHMENT|test-results\events-events-crud-Events--8fcf1-quired-fields-in-event-form-firefox\video.webm]]

[[ATTACHMENT|test-results\events-events-crud-Events--8fcf1-quired-fields-in-event-form-firefox\error-context.md]]
]]>
</system-out>
</testcase>
<testcase name="Events - CRUD Operations › Event Creation › should show error for duplicate event name" classname="events\events-crud.spec.ts" time="3.546">
<failure message="events-crud.spec.ts:43:9 should show error for duplicate event name" type="FAILURE">
<![CDATA[  [firefox] › events\events-crud.spec.ts:43:9 › Events - CRUD Operations › Event Creation › should show error for duplicate event name 

    TypeError: Cannot read properties of undefined (reading 'users')

      11 |     // Login as admin to perform CRUD operations
      12 |     await page.goto('/login');
    > 13 |     await page.fill('input[name="username"], input[type="email"]', testData.users.admin.email);
         |                                                                             ^
      14 |     await page.fill('input[name="password"], input[type="password"]', testData.users.admin.password);
      15 |     await page.click('button[type="submit"], button:has-text("Login")');
      16 |     await page.waitForLoadState('networkidle');
        at E:\test-project-app\tests\playwright\events\events-crud.spec.ts:13:77

    attachment #1: screenshot (image/png) ──────────────────────────────────────────────────────────
    ..\..\test-results\events-events-crud-Events--98946-or-for-duplicate-event-name-firefox\test-failed-1.png
    ────────────────────────────────────────────────────────────────────────────────────────────────

    attachment #2: video (video/webm) ──────────────────────────────────────────────────────────────
    ..\..\test-results\events-events-crud-Events--98946-or-for-duplicate-event-name-firefox\video.webm
    ────────────────────────────────────────────────────────────────────────────────────────────────

    Error Context: ..\..\test-results\events-events-crud-Events--98946-or-for-duplicate-event-name-firefox\error-context.md
]]>
</failure>
<system-out>
<![CDATA[
[[ATTACHMENT|test-results\events-events-crud-Events--98946-or-for-duplicate-event-name-firefox\test-failed-1.png]]

[[ATTACHMENT|test-results\events-events-crud-Events--98946-or-for-duplicate-event-name-firefox\video.webm]]

[[ATTACHMENT|test-results\events-events-crud-Events--98946-or-for-duplicate-event-name-firefox\error-context.md]]
]]>
</system-out>
</testcase>
<testcase name="Events - CRUD Operations › Event Creation › should validate date and time constraints" classname="events\events-crud.spec.ts" time="5.282">
<failure message="events-crud.spec.ts:59:9 should validate date and time constraints" type="FAILURE">
<![CDATA[  [firefox] › events\events-crud.spec.ts:59:9 › Events - CRUD Operations › Event Creation › should validate date and time constraints 

    TypeError: Cannot read properties of undefined (reading 'users')

      11 |     // Login as admin to perform CRUD operations
      12 |     await page.goto('/login');
    > 13 |     await page.fill('input[name="username"], input[type="email"]', testData.users.admin.email);
         |                                                                             ^
      14 |     await page.fill('input[name="password"], input[type="password"]', testData.users.admin.password);
      15 |     await page.click('button[type="submit"], button:has-text("Login")');
      16 |     await page.waitForLoadState('networkidle');
        at E:\test-project-app\tests\playwright\events\events-crud.spec.ts:13:77

    attachment #1: screenshot (image/png) ──────────────────────────────────────────────────────────
    ..\..\test-results\events-events-crud-Events--9ca43-e-date-and-time-constraints-firefox\test-failed-1.png
    ────────────────────────────────────────────────────────────────────────────────────────────────

    attachment #2: video (video/webm) ──────────────────────────────────────────────────────────────
    ..\..\test-results\events-events-crud-Events--9ca43-e-date-and-time-constraints-firefox\video.webm
    ────────────────────────────────────────────────────────────────────────────────────────────────

    Error Context: ..\..\test-results\events-events-crud-Events--9ca43-e-date-and-time-constraints-firefox\error-context.md
]]>
</failure>
<system-out>
<![CDATA[
[[ATTACHMENT|test-results\events-events-crud-Events--9ca43-e-date-and-time-constraints-firefox\test-failed-1.png]]

[[ATTACHMENT|test-results\events-events-crud-Events--9ca43-e-date-and-time-constraints-firefox\video.webm]]

[[ATTACHMENT|test-results\events-events-crud-Events--9ca43-e-date-and-time-constraints-firefox\error-context.md]]
]]>
</system-out>
</testcase>
<testcase name="Events - CRUD Operations › Event Creation › should validate max participants constraint" classname="events\events-crud.spec.ts" time="4.246">
<failure message="events-crud.spec.ts:74:9 should validate max participants constraint" type="FAILURE">
<![CDATA[  [firefox] › events\events-crud.spec.ts:74:9 › Events - CRUD Operations › Event Creation › should validate max participants constraint 

    TypeError: Cannot read properties of undefined (reading 'users')

      11 |     // Login as admin to perform CRUD operations
      12 |     await page.goto('/login');
    > 13 |     await page.fill('input[name="username"], input[type="email"]', testData.users.admin.email);
         |                                                                             ^
      14 |     await page.fill('input[name="password"], input[type="password"]', testData.users.admin.password);
      15 |     await page.click('button[type="submit"], button:has-text("Login")');
      16 |     await page.waitForLoadState('networkidle');
        at E:\test-project-app\tests\playwright\events\events-crud.spec.ts:13:77

    attachment #1: screenshot (image/png) ──────────────────────────────────────────────────────────
    ..\..\test-results\events-events-crud-Events--a854d-max-participants-constraint-firefox\test-failed-1.png
    ────────────────────────────────────────────────────────────────────────────────────────────────

    attachment #2: video (video/webm) ──────────────────────────────────────────────────────────────
    ..\..\test-results\events-events-crud-Events--a854d-max-participants-constraint-firefox\video.webm
    ────────────────────────────────────────────────────────────────────────────────────────────────

    Error Context: ..\..\test-results\events-events-crud-Events--a854d-max-participants-constraint-firefox\error-context.md
]]>
</failure>
<system-out>
<![CDATA[
[[ATTACHMENT|test-results\events-events-crud-Events--a854d-max-participants-constraint-firefox\test-failed-1.png]]

[[ATTACHMENT|test-results\events-events-crud-Events--a854d-max-participants-constraint-firefox\video.webm]]

[[ATTACHMENT|test-results\events-events-crud-Events--a854d-max-participants-constraint-firefox\error-context.md]]
]]>
</system-out>
</testcase>
<testcase name="Events - CRUD Operations › Event Reading › should display events list correctly" classname="events\events-crud.spec.ts" time="5.204">
<failure message="events-crud.spec.ts:90:9 should display events list correctly" type="FAILURE">
<![CDATA[  [firefox] › events\events-crud.spec.ts:90:9 › Events - CRUD Operations › Event Reading › should display events list correctly 

    TypeError: Cannot read properties of undefined (reading 'users')

      11 |     // Login as admin to perform CRUD operations
      12 |     await page.goto('/login');
    > 13 |     await page.fill('input[name="username"], input[type="email"]', testData.users.admin.email);
         |                                                                             ^
      14 |     await page.fill('input[name="password"], input[type="password"]', testData.users.admin.password);
      15 |     await page.click('button[type="submit"], button:has-text("Login")');
      16 |     await page.waitForLoadState('networkidle');
        at E:\test-project-app\tests\playwright\events\events-crud.spec.ts:13:77

    attachment #1: screenshot (image/png) ──────────────────────────────────────────────────────────
    ..\..\test-results\events-events-crud-Events--06697-splay-events-list-correctly-firefox\test-failed-1.png
    ────────────────────────────────────────────────────────────────────────────────────────────────

    attachment #2: video (video/webm) ──────────────────────────────────────────────────────────────
    ..\..\test-results\events-events-crud-Events--06697-splay-events-list-correctly-firefox\video.webm
    ────────────────────────────────────────────────────────────────────────────────────────────────

    Error Context: ..\..\test-results\events-events-crud-Events--06697-splay-events-list-correctly-firefox\error-context.md
]]>
</failure>
<system-out>
<![CDATA[
[[ATTACHMENT|test-results\events-events-crud-Events--06697-splay-events-list-correctly-firefox\test-failed-1.png]]

[[ATTACHMENT|test-results\events-events-crud-Events--06697-splay-events-list-correctly-firefox\video.webm]]

[[ATTACHMENT|test-results\events-events-crud-Events--06697-splay-events-list-correctly-firefox\error-context.md]]
]]>
</system-out>
</testcase>
<testcase name="Events - CRUD Operations › Event Reading › should show event details correctly" classname="events\events-crud.spec.ts" time="4.264">
<failure message="events-crud.spec.ts:102:9 should show event details correctly" type="FAILURE">
<![CDATA[  [firefox] › events\events-crud.spec.ts:102:9 › Events - CRUD Operations › Event Reading › should show event details correctly 

    TypeError: Cannot read properties of undefined (reading 'users')

      11 |     // Login as admin to perform CRUD operations
      12 |     await page.goto('/login');
    > 13 |     await page.fill('input[name="username"], input[type="email"]', testData.users.admin.email);
         |                                                                             ^
      14 |     await page.fill('input[name="password"], input[type="password"]', testData.users.admin.password);
      15 |     await page.click('button[type="submit"], button:has-text("Login")');
      16 |     await page.waitForLoadState('networkidle');
        at E:\test-project-app\tests\playwright\events\events-crud.spec.ts:13:77

    attachment #1: screenshot (image/png) ──────────────────────────────────────────────────────────
    ..\..\test-results\events-events-crud-Events--8acfd-how-event-details-correctly-firefox\test-failed-1.png
    ────────────────────────────────────────────────────────────────────────────────────────────────

    attachment #2: video (video/webm) ──────────────────────────────────────────────────────────────
    ..\..\test-results\events-events-crud-Events--8acfd-how-event-details-correctly-firefox\video.webm
    ────────────────────────────────────────────────────────────────────────────────────────────────

    Error Context: ..\..\test-results\events-events-crud-Events--8acfd-how-event-details-correctly-firefox\error-context.md
]]>
</failure>
<system-out>
<![CDATA[
[[ATTACHMENT|test-results\events-events-crud-Events--8acfd-how-event-details-correctly-firefox\test-failed-1.png]]

[[ATTACHMENT|test-results\events-events-crud-Events--8acfd-how-event-details-correctly-firefox\video.webm]]

[[ATTACHMENT|test-results\events-events-crud-Events--8acfd-how-event-details-correctly-firefox\error-context.md]]
]]>
</system-out>
</testcase>
<testcase name="Events - CRUD Operations › Event Reading › should support event search functionality" classname="events\events-crud.spec.ts" time="4.009">
<failure message="events-crud.spec.ts:113:9 should support event search functionality" type="FAILURE">
<![CDATA[  [firefox] › events\events-crud.spec.ts:113:9 › Events - CRUD Operations › Event Reading › should support event search functionality 

    TypeError: Cannot read properties of undefined (reading 'users')

      11 |     // Login as admin to perform CRUD operations
      12 |     await page.goto('/login');
    > 13 |     await page.fill('input[name="username"], input[type="email"]', testData.users.admin.email);
         |                                                                             ^
      14 |     await page.fill('input[name="password"], input[type="password"]', testData.users.admin.password);
      15 |     await page.click('button[type="submit"], button:has-text("Login")');
      16 |     await page.waitForLoadState('networkidle');
        at E:\test-project-app\tests\playwright\events\events-crud.spec.ts:13:77

    attachment #1: screenshot (image/png) ──────────────────────────────────────────────────────────
    ..\..\test-results\events-events-crud-Events--84363--event-search-functionality-firefox\test-failed-1.png
    ────────────────────────────────────────────────────────────────────────────────────────────────

    attachment #2: video (video/webm) ──────────────────────────────────────────────────────────────
    ..\..\test-results\events-events-crud-Events--84363--event-search-functionality-firefox\video.webm
    ────────────────────────────────────────────────────────────────────────────────────────────────

    Error Context: ..\..\test-results\events-events-crud-Events--84363--event-search-functionality-firefox\error-context.md
]]>
</failure>
<system-out>
<![CDATA[
[[ATTACHMENT|test-results\events-events-crud-Events--84363--event-search-functionality-firefox\test-failed-1.png]]

[[ATTACHMENT|test-results\events-events-crud-Events--84363--event-search-functionality-firefox\video.webm]]

[[ATTACHMENT|test-results\events-events-crud-Events--84363--event-search-functionality-firefox\error-context.md]]
]]>
</system-out>
</testcase>
<testcase name="Events - CRUD Operations › Event Reading › should support category filtering" classname="events\events-crud.spec.ts" time="3.475">
<failure message="events-crud.spec.ts:120:9 should support category filtering" type="FAILURE">
<![CDATA[  [firefox] › events\events-crud.spec.ts:120:9 › Events - CRUD Operations › Event Reading › should support category filtering 

    TypeError: Cannot read properties of undefined (reading 'users')

      11 |     // Login as admin to perform CRUD operations
      12 |     await page.goto('/login');
    > 13 |     await page.fill('input[name="username"], input[type="email"]', testData.users.admin.email);
         |                                                                             ^
      14 |     await page.fill('input[name="password"], input[type="password"]', testData.users.admin.password);
      15 |     await page.click('button[type="submit"], button:has-text("Login")');
      16 |     await page.waitForLoadState('networkidle');
        at E:\test-project-app\tests\playwright\events\events-crud.spec.ts:13:77

    attachment #1: screenshot (image/png) ──────────────────────────────────────────────────────────
    ..\..\test-results\events-events-crud-Events--7a120--support-category-filtering-firefox\test-failed-1.png
    ────────────────────────────────────────────────────────────────────────────────────────────────

    attachment #2: video (video/webm) ──────────────────────────────────────────────────────────────
    ..\..\test-results\events-events-crud-Events--7a120--support-category-filtering-firefox\video.webm
    ────────────────────────────────────────────────────────────────────────────────────────────────

    Error Context: ..\..\test-results\events-events-crud-Events--7a120--support-category-filtering-firefox\error-context.md
]]>
</failure>
<system-out>
<![CDATA[
[[ATTACHMENT|test-results\events-events-crud-Events--7a120--support-category-filtering-firefox\test-failed-1.png]]

[[ATTACHMENT|test-results\events-events-crud-Events--7a120--support-category-filtering-firefox\video.webm]]

[[ATTACHMENT|test-results\events-events-crud-Events--7a120--support-category-filtering-firefox\error-context.md]]
]]>
</system-out>
</testcase>
<testcase name="Events - CRUD Operations › Event Reading › should support date filtering" classname="events\events-crud.spec.ts" time="3.65">
<failure message="events-crud.spec.ts:127:9 should support date filtering" type="FAILURE">
<![CDATA[  [firefox] › events\events-crud.spec.ts:127:9 › Events - CRUD Operations › Event Reading › should support date filtering 

    TypeError: Cannot read properties of undefined (reading 'users')

      11 |     // Login as admin to perform CRUD operations
      12 |     await page.goto('/login');
    > 13 |     await page.fill('input[name="username"], input[type="email"]', testData.users.admin.email);
         |                                                                             ^
      14 |     await page.fill('input[name="password"], input[type="password"]', testData.users.admin.password);
      15 |     await page.click('button[type="submit"], button:has-text("Login")');
      16 |     await page.waitForLoadState('networkidle');
        at E:\test-project-app\tests\playwright\events\events-crud.spec.ts:13:77

    attachment #1: screenshot (image/png) ──────────────────────────────────────────────────────────
    ..\..\test-results\events-events-crud-Events--66785-ould-support-date-filtering-firefox\test-failed-1.png
    ────────────────────────────────────────────────────────────────────────────────────────────────

    attachment #2: video (video/webm) ──────────────────────────────────────────────────────────────
    ..\..\test-results\events-events-crud-Events--66785-ould-support-date-filtering-firefox\video.webm
    ────────────────────────────────────────────────────────────────────────────────────────────────

    Error Context: ..\..\test-results\events-events-crud-Events--66785-ould-support-date-filtering-firefox\error-context.md
]]>
</failure>
<system-out>
<![CDATA[
[[ATTACHMENT|test-results\events-events-crud-Events--66785-ould-support-date-filtering-firefox\test-failed-1.png]]

[[ATTACHMENT|test-results\events-events-crud-Events--66785-ould-support-date-filtering-firefox\video.webm]]

[[ATTACHMENT|test-results\events-events-crud-Events--66785-ould-support-date-filtering-firefox\error-context.md]]
]]>
</system-out>
</testcase>
<testcase name="Events - CRUD Operations › Event Reading › should support pagination" classname="events\events-crud.spec.ts" time="4.722">
<failure message="events-crud.spec.ts:134:9 should support pagination" type="FAILURE">
<![CDATA[  [firefox] › events\events-crud.spec.ts:134:9 › Events - CRUD Operations › Event Reading › should support pagination 

    TypeError: Cannot read properties of undefined (reading 'users')

      11 |     // Login as admin to perform CRUD operations
      12 |     await page.goto('/login');
    > 13 |     await page.fill('input[name="username"], input[type="email"]', testData.users.admin.email);
         |                                                                             ^
      14 |     await page.fill('input[name="password"], input[type="password"]', testData.users.admin.password);
      15 |     await page.click('button[type="submit"], button:has-text("Login")');
      16 |     await page.waitForLoadState('networkidle');
        at E:\test-project-app\tests\playwright\events\events-crud.spec.ts:13:77

    attachment #1: screenshot (image/png) ──────────────────────────────────────────────────────────
    ..\..\test-results\events-events-crud-Events--73d64-g-should-support-pagination-firefox\test-failed-1.png
    ────────────────────────────────────────────────────────────────────────────────────────────────

    attachment #2: video (video/webm) ──────────────────────────────────────────────────────────────
    ..\..\test-results\events-events-crud-Events--73d64-g-should-support-pagination-firefox\video.webm
    ────────────────────────────────────────────────────────────────────────────────────────────────

    Error Context: ..\..\test-results\events-events-crud-Events--73d64-g-should-support-pagination-firefox\error-context.md
]]>
</failure>
<system-out>
<![CDATA[
[[ATTACHMENT|test-results\events-events-crud-Events--73d64-g-should-support-pagination-firefox\test-failed-1.png]]

[[ATTACHMENT|test-results\events-events-crud-Events--73d64-g-should-support-pagination-firefox\video.webm]]

[[ATTACHMENT|test-results\events-events-crud-Events--73d64-g-should-support-pagination-firefox\error-context.md]]
]]>
</system-out>
</testcase>
<testcase name="Events - CRUD Operations › Event Updates › should update event successfully" classname="events\events-crud.spec.ts" time="4.228">
<failure message="events-crud.spec.ts:160:9 should update event successfully" type="FAILURE">
<![CDATA[  [firefox] › events\events-crud.spec.ts:160:9 › Events - CRUD Operations › Event Updates › should update event successfully 

    TypeError: Cannot read properties of undefined (reading 'users')

      11 |     // Login as admin to perform CRUD operations
      12 |     await page.goto('/login');
    > 13 |     await page.fill('input[name="username"], input[type="email"]', testData.users.admin.email);
         |                                                                             ^
      14 |     await page.fill('input[name="password"], input[type="password"]', testData.users.admin.password);
      15 |     await page.click('button[type="submit"], button:has-text("Login")');
      16 |     await page.waitForLoadState('networkidle');
        at E:\test-project-app\tests\playwright\events\events-crud.spec.ts:13:77

    attachment #1: screenshot (image/png) ──────────────────────────────────────────────────────────
    ..\..\test-results\events-events-crud-Events--a3d3f-d-update-event-successfully-firefox\test-failed-1.png
    ────────────────────────────────────────────────────────────────────────────────────────────────

    attachment #2: video (video/webm) ──────────────────────────────────────────────────────────────
    ..\..\test-results\events-events-crud-Events--a3d3f-d-update-event-successfully-firefox\video.webm
    ────────────────────────────────────────────────────────────────────────────────────────────────

    Error Context: ..\..\test-results\events-events-crud-Events--a3d3f-d-update-event-successfully-firefox\error-context.md
]]>
</failure>
<system-out>
<![CDATA[
[[ATTACHMENT|test-results\events-events-crud-Events--a3d3f-d-update-event-successfully-firefox\test-failed-1.png]]

[[ATTACHMENT|test-results\events-events-crud-Events--a3d3f-d-update-event-successfully-firefox\video.webm]]

[[ATTACHMENT|test-results\events-events-crud-Events--a3d3f-d-update-event-successfully-firefox\error-context.md]]
]]>
</system-out>
</testcase>
<testcase name="Events - CRUD Operations › Event Updates › should validate updated event data" classname="events\events-crud.spec.ts" time="4.511">
<failure message="events-crud.spec.ts:176:9 should validate updated event data" type="FAILURE">
<![CDATA[  [firefox] › events\events-crud.spec.ts:176:9 › Events - CRUD Operations › Event Updates › should validate updated event data 

    TypeError: Cannot read properties of undefined (reading 'users')

      11 |     // Login as admin to perform CRUD operations
      12 |     await page.goto('/login');
    > 13 |     await page.fill('input[name="username"], input[type="email"]', testData.users.admin.email);
         |                                                                             ^
      14 |     await page.fill('input[name="password"], input[type="password"]', testData.users.admin.password);
      15 |     await page.click('button[type="submit"], button:has-text("Login")');
      16 |     await page.waitForLoadState('networkidle');
        at E:\test-project-app\tests\playwright\events\events-crud.spec.ts:13:77

    attachment #1: screenshot (image/png) ──────────────────────────────────────────────────────────
    ..\..\test-results\events-events-crud-Events--a88fa-validate-updated-event-data-firefox\test-failed-1.png
    ────────────────────────────────────────────────────────────────────────────────────────────────

    attachment #2: video (video/webm) ──────────────────────────────────────────────────────────────
    ..\..\test-results\events-events-crud-Events--a88fa-validate-updated-event-data-firefox\video.webm
    ────────────────────────────────────────────────────────────────────────────────────────────────

    Error Context: ..\..\test-results\events-events-crud-Events--a88fa-validate-updated-event-data-firefox\error-context.md
]]>
</failure>
<system-out>
<![CDATA[
[[ATTACHMENT|test-results\events-events-crud-Events--a88fa-validate-updated-event-data-firefox\test-failed-1.png]]

[[ATTACHMENT|test-results\events-events-crud-Events--a88fa-validate-updated-event-data-firefox\video.webm]]

[[ATTACHMENT|test-results\events-events-crud-Events--a88fa-validate-updated-event-data-firefox\error-context.md]]
]]>
</system-out>
</testcase>
<testcase name="Events - CRUD Operations › Event Updates › should preserve unchanged fields during update" classname="events\events-crud.spec.ts" time="4.403">
<failure message="events-crud.spec.ts:191:9 should preserve unchanged fields during update" type="FAILURE">
<![CDATA[  [firefox] › events\events-crud.spec.ts:191:9 › Events - CRUD Operations › Event Updates › should preserve unchanged fields during update 

    TypeError: Cannot read properties of undefined (reading 'users')

      11 |     // Login as admin to perform CRUD operations
      12 |     await page.goto('/login');
    > 13 |     await page.fill('input[name="username"], input[type="email"]', testData.users.admin.email);
         |                                                                             ^
      14 |     await page.fill('input[name="password"], input[type="password"]', testData.users.admin.password);
      15 |     await page.click('button[type="submit"], button:has-text("Login")');
      16 |     await page.waitForLoadState('networkidle');
        at E:\test-project-app\tests\playwright\events\events-crud.spec.ts:13:77

    attachment #1: screenshot (image/png) ──────────────────────────────────────────────────────────
    ..\..\test-results\events-events-crud-Events--82c97-hanged-fields-during-update-firefox\test-failed-1.png
    ────────────────────────────────────────────────────────────────────────────────────────────────

    attachment #2: video (video/webm) ──────────────────────────────────────────────────────────────
    ..\..\test-results\events-events-crud-Events--82c97-hanged-fields-during-update-firefox\video.webm
    ────────────────────────────────────────────────────────────────────────────────────────────────

    Error Context: ..\..\test-results\events-events-crud-Events--82c97-hanged-fields-during-update-firefox\error-context.md
]]>
</failure>
<system-out>
<![CDATA[
[[ATTACHMENT|test-results\events-events-crud-Events--82c97-hanged-fields-during-update-firefox\test-failed-1.png]]

[[ATTACHMENT|test-results\events-events-crud-Events--82c97-hanged-fields-during-update-firefox\video.webm]]

[[ATTACHMENT|test-results\events-events-crud-Events--82c97-hanged-fields-during-update-firefox\error-context.md]]
]]>
</system-out>
</testcase>
<testcase name="Events - CRUD Operations › Event Updates › should handle concurrent updates" classname="events\events-crud.spec.ts" time="4.008">
<failure message="events-crud.spec.ts:207:9 should handle concurrent updates" type="FAILURE">
<![CDATA[  [firefox] › events\events-crud.spec.ts:207:9 › Events - CRUD Operations › Event Updates › should handle concurrent updates 

    TypeError: Cannot read properties of undefined (reading 'users')

      11 |     // Login as admin to perform CRUD operations
      12 |     await page.goto('/login');
    > 13 |     await page.fill('input[name="username"], input[type="email"]', testData.users.admin.email);
         |                                                                             ^
      14 |     await page.fill('input[name="password"], input[type="password"]', testData.users.admin.password);
      15 |     await page.click('button[type="submit"], button:has-text("Login")');
      16 |     await page.waitForLoadState('networkidle');
        at E:\test-project-app\tests\playwright\events\events-crud.spec.ts:13:77

    attachment #1: screenshot (image/png) ──────────────────────────────────────────────────────────
    ..\..\test-results\events-events-crud-Events--88727-d-handle-concurrent-updates-firefox\test-failed-1.png
    ────────────────────────────────────────────────────────────────────────────────────────────────

    attachment #2: video (video/webm) ──────────────────────────────────────────────────────────────
    ..\..\test-results\events-events-crud-Events--88727-d-handle-concurrent-updates-firefox\video.webm
    ────────────────────────────────────────────────────────────────────────────────────────────────

    Error Context: ..\..\test-results\events-events-crud-Events--88727-d-handle-concurrent-updates-firefox\error-context.md
]]>
</failure>
<system-out>
<![CDATA[
[[ATTACHMENT|test-results\events-events-crud-Events--88727-d-handle-concurrent-updates-firefox\test-failed-1.png]]

[[ATTACHMENT|test-results\events-events-crud-Events--88727-d-handle-concurrent-updates-firefox\video.webm]]

[[ATTACHMENT|test-results\events-events-crud-Events--88727-d-handle-concurrent-updates-firefox\error-context.md]]
]]>
</system-out>
</testcase>
<testcase name="Events - CRUD Operations › Event Deletion › should delete event successfully" classname="events\events-crud.spec.ts" time="4.843">
<failure message="events-crud.spec.ts:235:9 should delete event successfully" type="FAILURE">
<![CDATA[  [firefox] › events\events-crud.spec.ts:235:9 › Events - CRUD Operations › Event Deletion › should delete event successfully 

    TypeError: Cannot read properties of undefined (reading 'users')

      11 |     // Login as admin to perform CRUD operations
      12 |     await page.goto('/login');
    > 13 |     await page.fill('input[name="username"], input[type="email"]', testData.users.admin.email);
         |                                                                             ^
      14 |     await page.fill('input[name="password"], input[type="password"]', testData.users.admin.password);
      15 |     await page.click('button[type="submit"], button:has-text("Login")');
      16 |     await page.waitForLoadState('networkidle');
        at E:\test-project-app\tests\playwright\events\events-crud.spec.ts:13:77

    attachment #1: screenshot (image/png) ──────────────────────────────────────────────────────────
    ..\..\test-results\events-events-crud-Events--8659f-d-delete-event-successfully-firefox\test-failed-1.png
    ────────────────────────────────────────────────────────────────────────────────────────────────

    attachment #2: video (video/webm) ──────────────────────────────────────────────────────────────
    ..\..\test-results\events-events-crud-Events--8659f-d-delete-event-successfully-firefox\video.webm
    ────────────────────────────────────────────────────────────────────────────────────────────────

    Error Context: ..\..\test-results\events-events-crud-Events--8659f-d-delete-event-successfully-firefox\error-context.md
]]>
</failure>
<system-out>
<![CDATA[
[[ATTACHMENT|test-results\events-events-crud-Events--8659f-d-delete-event-successfully-firefox\test-failed-1.png]]

[[ATTACHMENT|test-results\events-events-crud-Events--8659f-d-delete-event-successfully-firefox\video.webm]]

[[ATTACHMENT|test-results\events-events-crud-Events--8659f-d-delete-event-successfully-firefox\error-context.md]]
]]>
</system-out>
</testcase>
<testcase name="Events - CRUD Operations › Event Deletion › should cancel deletion when confirmation is dismissed" classname="events\events-crud.spec.ts" time="3.791">
<failure message="events-crud.spec.ts:252:9 should cancel deletion when confirmation is dismissed" type="FAILURE">
<![CDATA[  [firefox] › events\events-crud.spec.ts:252:9 › Events - CRUD Operations › Event Deletion › should cancel deletion when confirmation is dismissed 

    TypeError: Cannot read properties of undefined (reading 'users')

      11 |     // Login as admin to perform CRUD operations
      12 |     await page.goto('/login');
    > 13 |     await page.fill('input[name="username"], input[type="email"]', testData.users.admin.email);
         |                                                                             ^
      14 |     await page.fill('input[name="password"], input[type="password"]', testData.users.admin.password);
      15 |     await page.click('button[type="submit"], button:has-text("Login")');
      16 |     await page.waitForLoadState('networkidle');
        at E:\test-project-app\tests\playwright\events\events-crud.spec.ts:13:77

    attachment #1: screenshot (image/png) ──────────────────────────────────────────────────────────
    ..\..\test-results\events-events-crud-Events--1befe-n-confirmation-is-dismissed-firefox\test-failed-1.png
    ────────────────────────────────────────────────────────────────────────────────────────────────

    attachment #2: video (video/webm) ──────────────────────────────────────────────────────────────
    ..\..\test-results\events-events-crud-Events--1befe-n-confirmation-is-dismissed-firefox\video.webm
    ────────────────────────────────────────────────────────────────────────────────────────────────

    Error Context: ..\..\test-results\events-events-crud-Events--1befe-n-confirmation-is-dismissed-firefox\error-context.md
]]>
</failure>
<system-out>
<![CDATA[
[[ATTACHMENT|test-results\events-events-crud-Events--1befe-n-confirmation-is-dismissed-firefox\test-failed-1.png]]

[[ATTACHMENT|test-results\events-events-crud-Events--1befe-n-confirmation-is-dismissed-firefox\video.webm]]

[[ATTACHMENT|test-results\events-events-crud-Events--1befe-n-confirmation-is-dismissed-firefox\error-context.md]]
]]>
</system-out>
</testcase>
<testcase name="Events - CRUD Operations › Event Deletion › should prevent deletion of event with participants" classname="events\events-crud.spec.ts" time="4.584">
<failure message="events-crud.spec.ts:269:9 should prevent deletion of event with participants" type="FAILURE">
<![CDATA[  [firefox] › events\events-crud.spec.ts:269:9 › Events - CRUD Operations › Event Deletion › should prevent deletion of event with participants 

    TypeError: Cannot read properties of undefined (reading 'users')

      11 |     // Login as admin to perform CRUD operations
      12 |     await page.goto('/login');
    > 13 |     await page.fill('input[name="username"], input[type="email"]', testData.users.admin.email);
         |                                                                             ^
      14 |     await page.fill('input[name="password"], input[type="password"]', testData.users.admin.password);
      15 |     await page.click('button[type="submit"], button:has-text("Login")');
      16 |     await page.waitForLoadState('networkidle');
        at E:\test-project-app\tests\playwright\events\events-crud.spec.ts:13:77

    attachment #1: screenshot (image/png) ──────────────────────────────────────────────────────────
    ..\..\test-results\events-events-crud-Events--f50ed--of-event-with-participants-firefox\test-failed-1.png
    ────────────────────────────────────────────────────────────────────────────────────────────────

    attachment #2: video (video/webm) ──────────────────────────────────────────────────────────────
    ..\..\test-results\events-events-crud-Events--f50ed--of-event-with-participants-firefox\video.webm
    ────────────────────────────────────────────────────────────────────────────────────────────────

    Error Context: ..\..\test-results\events-events-crud-Events--f50ed--of-event-with-participants-firefox\error-context.md
]]>
</failure>
<system-out>
<![CDATA[
[[ATTACHMENT|test-results\events-events-crud-Events--f50ed--of-event-with-participants-firefox\test-failed-1.png]]

[[ATTACHMENT|test-results\events-events-crud-Events--f50ed--of-event-with-participants-firefox\video.webm]]

[[ATTACHMENT|test-results\events-events-crud-Events--f50ed--of-event-with-participants-firefox\error-context.md]]
]]>
</system-out>
</testcase>
<testcase name="Events - CRUD Operations › Event Deletion › should handle bulk deletion" classname="events\events-crud.spec.ts" time="4.806">
<failure message="events-crud.spec.ts:287:9 should handle bulk deletion" type="FAILURE">
<![CDATA[  [firefox] › events\events-crud.spec.ts:287:9 › Events - CRUD Operations › Event Deletion › should handle bulk deletion 

    TypeError: Cannot read properties of undefined (reading 'users')

      11 |     // Login as admin to perform CRUD operations
      12 |     await page.goto('/login');
    > 13 |     await page.fill('input[name="username"], input[type="email"]', testData.users.admin.email);
         |                                                                             ^
      14 |     await page.fill('input[name="password"], input[type="password"]', testData.users.admin.password);
      15 |     await page.click('button[type="submit"], button:has-text("Login")');
      16 |     await page.waitForLoadState('networkidle');
        at E:\test-project-app\tests\playwright\events\events-crud.spec.ts:13:77

    attachment #1: screenshot (image/png) ──────────────────────────────────────────────────────────
    ..\..\test-results\events-events-crud-Events--b50a4-should-handle-bulk-deletion-firefox\test-failed-1.png
    ────────────────────────────────────────────────────────────────────────────────────────────────

    attachment #2: video (video/webm) ──────────────────────────────────────────────────────────────
    ..\..\test-results\events-events-crud-Events--b50a4-should-handle-bulk-deletion-firefox\video.webm
    ────────────────────────────────────────────────────────────────────────────────────────────────

    Error Context: ..\..\test-results\events-events-crud-Events--b50a4-should-handle-bulk-deletion-firefox\error-context.md
]]>
</failure>
<system-out>
<![CDATA[
[[ATTACHMENT|test-results\events-events-crud-Events--b50a4-should-handle-bulk-deletion-firefox\test-failed-1.png]]

[[ATTACHMENT|test-results\events-events-crud-Events--b50a4-should-handle-bulk-deletion-firefox\video.webm]]

[[ATTACHMENT|test-results\events-events-crud-Events--b50a4-should-handle-bulk-deletion-firefox\error-context.md]]
]]>
</system-out>
</testcase>
<testcase name="Events - CRUD Operations › Event Registration › should register for event successfully" classname="events\events-crud.spec.ts" time="4.458">
<failure message="events-crud.spec.ts:318:9 should register for event successfully" type="FAILURE">
<![CDATA[  [firefox] › events\events-crud.spec.ts:318:9 › Events - CRUD Operations › Event Registration › should register for event successfully 

    TypeError: Cannot read properties of undefined (reading 'users')

      11 |     // Login as admin to perform CRUD operations
      12 |     await page.goto('/login');
    > 13 |     await page.fill('input[name="username"], input[type="email"]', testData.users.admin.email);
         |                                                                             ^
      14 |     await page.fill('input[name="password"], input[type="password"]', testData.users.admin.password);
      15 |     await page.click('button[type="submit"], button:has-text("Login")');
      16 |     await page.waitForLoadState('networkidle');
        at E:\test-project-app\tests\playwright\events\events-crud.spec.ts:13:77

    attachment #1: screenshot (image/png) ──────────────────────────────────────────────────────────
    ..\..\test-results\events-events-crud-Events--bff1b-ster-for-event-successfully-firefox\test-failed-1.png
    ────────────────────────────────────────────────────────────────────────────────────────────────

    attachment #2: video (video/webm) ──────────────────────────────────────────────────────────────
    ..\..\test-results\events-events-crud-Events--bff1b-ster-for-event-successfully-firefox\video.webm
    ────────────────────────────────────────────────────────────────────────────────────────────────

    Error Context: ..\..\test-results\events-events-crud-Events--bff1b-ster-for-event-successfully-firefox\error-context.md
]]>
</failure>
<system-out>
<![CDATA[
[[ATTACHMENT|test-results\events-events-crud-Events--bff1b-ster-for-event-successfully-firefox\test-failed-1.png]]

[[ATTACHMENT|test-results\events-events-crud-Events--bff1b-ster-for-event-successfully-firefox\video.webm]]

[[ATTACHMENT|test-results\events-events-crud-Events--bff1b-ster-for-event-successfully-firefox\error-context.md]]
]]>
</system-out>
</testcase>
<testcase name="Events - CRUD Operations › Event Registration › should prevent duplicate registration" classname="events\events-crud.spec.ts" time="3.933">
<failure message="events-crud.spec.ts:333:9 should prevent duplicate registration" type="FAILURE">
<![CDATA[  [firefox] › events\events-crud.spec.ts:333:9 › Events - CRUD Operations › Event Registration › should prevent duplicate registration 

    TypeError: Cannot read properties of undefined (reading 'users')

      11 |     // Login as admin to perform CRUD operations
      12 |     await page.goto('/login');
    > 13 |     await page.fill('input[name="username"], input[type="email"]', testData.users.admin.email);
         |                                                                             ^
      14 |     await page.fill('input[name="password"], input[type="password"]', testData.users.admin.password);
      15 |     await page.click('button[type="submit"], button:has-text("Login")');
      16 |     await page.waitForLoadState('networkidle');
        at E:\test-project-app\tests\playwright\events\events-crud.spec.ts:13:77

    attachment #1: screenshot (image/png) ──────────────────────────────────────────────────────────
    ..\..\test-results\events-events-crud-Events--d8015-vent-duplicate-registration-firefox\test-failed-1.png
    ────────────────────────────────────────────────────────────────────────────────────────────────

    attachment #2: video (video/webm) ──────────────────────────────────────────────────────────────
    ..\..\test-results\events-events-crud-Events--d8015-vent-duplicate-registration-firefox\video.webm
    ────────────────────────────────────────────────────────────────────────────────────────────────

    Error Context: ..\..\test-results\events-events-crud-Events--d8015-vent-duplicate-registration-firefox\error-context.md
]]>
</failure>
<system-out>
<![CDATA[
[[ATTACHMENT|test-results\events-events-crud-Events--d8015-vent-duplicate-registration-firefox\test-failed-1.png]]

[[ATTACHMENT|test-results\events-events-crud-Events--d8015-vent-duplicate-registration-firefox\video.webm]]

[[ATTACHMENT|test-results\events-events-crud-Events--d8015-vent-duplicate-registration-firefox\error-context.md]]
]]>
</system-out>
</testcase>
<testcase name="Events - CRUD Operations › Event Registration › should handle registration when event is full" classname="events\events-crud.spec.ts" time="5.346">
<failure message="events-crud.spec.ts:349:9 should handle registration when event is full" type="FAILURE">
<![CDATA[  [firefox] › events\events-crud.spec.ts:349:9 › Events - CRUD Operations › Event Registration › should handle registration when event is full 

    TypeError: Cannot read properties of undefined (reading 'users')

      11 |     // Login as admin to perform CRUD operations
      12 |     await page.goto('/login');
    > 13 |     await page.fill('input[name="username"], input[type="email"]', testData.users.admin.email);
         |                                                                             ^
      14 |     await page.fill('input[name="password"], input[type="password"]', testData.users.admin.password);
      15 |     await page.click('button[type="submit"], button:has-text("Login")');
      16 |     await page.waitForLoadState('networkidle');
        at E:\test-project-app\tests\playwright\events\events-crud.spec.ts:13:77

    attachment #1: screenshot (image/png) ──────────────────────────────────────────────────────────
    ..\..\test-results\events-events-crud-Events--45ea3-stration-when-event-is-full-firefox\test-failed-1.png
    ────────────────────────────────────────────────────────────────────────────────────────────────

    attachment #2: video (video/webm) ──────────────────────────────────────────────────────────────
    ..\..\test-results\events-events-crud-Events--45ea3-stration-when-event-is-full-firefox\video.webm
    ────────────────────────────────────────────────────────────────────────────────────────────────

    Error Context: ..\..\test-results\events-events-crud-Events--45ea3-stration-when-event-is-full-firefox\error-context.md
]]>
</failure>
<system-out>
<![CDATA[
[[ATTACHMENT|test-results\events-events-crud-Events--45ea3-stration-when-event-is-full-firefox\test-failed-1.png]]

[[ATTACHMENT|test-results\events-events-crud-Events--45ea3-stration-when-event-is-full-firefox\video.webm]]

[[ATTACHMENT|test-results\events-events-crud-Events--45ea3-stration-when-event-is-full-firefox\error-context.md]]
]]>
</system-out>
</testcase>
</testsuite>
<testsuite name="results\live-results.spec.ts" timestamp="2026-02-20T03:52:25.301Z" hostname="firefox" tests="1" failures="0" skipped="0" time="5.888" errors="0">
<testcase name="Live Results Page › should display the Live Results page with correct content" classname="results\live-results.spec.ts" time="5.888">
</testcase>
</testsuite>
<testsuite name="simple\setup-test.spec.ts" timestamp="2026-02-20T03:52:25.301Z" hostname="firefox" tests="3" failures="0" skipped="0" time="9.371" errors="0">
<testcase name="Setup Verification › should connect to frontend server" classname="simple\setup-test.spec.ts" time="3.541">
</testcase>
<testcase name="Setup Verification › should connect to backend API" classname="simple\setup-test.spec.ts" time="0.078">
</testcase>
<testcase name="Setup Verification › should display login page" classname="simple\setup-test.spec.ts" time="5.752">
</testcase>
</testsuite>
<testsuite name="smoke\smoke-tests.spec.ts" timestamp="2026-02-20T03:52:25.301Z" hostname="firefox" tests="11" failures="11" skipped="0" time="121.746" errors="0">
<testcase name="Smoke Tests - Critical User Flows › should complete full user registration and login flow" classname="smoke\smoke-tests.spec.ts" time="30.157">
<failure message="smoke-tests.spec.ts:5:7 should complete full user registration and login flow" type="FAILURE">
<![CDATA[  [firefox] › smoke\smoke-tests.spec.ts:5:7 › Smoke Tests - Critical User Flows › should complete full user registration and login flow 

    Test timeout of 30000ms exceeded.

    Error: page.fill: Test timeout of 30000ms exceeded.
    Call log:
      - waiting for locator('input[name="username"]')


       8 |     
       9 |     // Fill registration form
    > 10 |     await page.fill('input[name="username"]', 'smoke_test_user');
         |                ^
      11 |     await page.fill('input[name="email"]', 'smoketest@example.com');
      12 |     await page.fill('input[name="password"]', 'SmokeTestPass123!');
      13 |     await page.fill('input[name="first_name"]', 'Smoke');
        at E:\test-project-app\tests\playwright\smoke\smoke-tests.spec.ts:10:16

    attachment #1: screenshot (image/png) ──────────────────────────────────────────────────────────
    ..\..\test-results\smoke-smoke-tests-Smoke-Te-0312b-registration-and-login-flow-firefox\test-failed-1.png
    ────────────────────────────────────────────────────────────────────────────────────────────────

    attachment #2: video (video/webm) ──────────────────────────────────────────────────────────────
    ..\..\test-results\smoke-smoke-tests-Smoke-Te-0312b-registration-and-login-flow-firefox\video.webm
    ────────────────────────────────────────────────────────────────────────────────────────────────

    Error Context: ..\..\test-results\smoke-smoke-tests-Smoke-Te-0312b-registration-and-login-flow-firefox\error-context.md
]]>
</failure>
<system-out>
<![CDATA[
[[ATTACHMENT|test-results\smoke-smoke-tests-Smoke-Te-0312b-registration-and-login-flow-firefox\test-failed-1.png]]

[[ATTACHMENT|test-results\smoke-smoke-tests-Smoke-Te-0312b-registration-and-login-flow-firefox\video.webm]]

[[ATTACHMENT|test-results\smoke-smoke-tests-Smoke-Te-0312b-registration-and-login-flow-firefox\error-context.md]]
]]>
</system-out>
</testcase>
<testcase name="Smoke Tests - Critical User Flows › should complete admin login and user management flow" classname="smoke\smoke-tests.spec.ts" time="2.342">
<failure message="smoke-tests.spec.ts:36:7 should complete admin login and user management flow" type="FAILURE">
<![CDATA[  [firefox] › smoke\smoke-tests.spec.ts:36:7 › Smoke Tests - Critical User Flows › should complete admin login and user management flow 

    TypeError: Cannot read properties of undefined (reading 'users')

      37 |     // Login as admin
      38 |     await page.goto('/login');
    > 39 |     await page.fill('input[type="email"]', testData.users.admin.email);
         |                                                     ^
      40 |     await page.fill('input[type="password"]', testData.users.admin.password);
      41 |     await page.click('button[type="submit"]');
      42 |     
        at E:\test-project-app\tests\playwright\smoke\smoke-tests.spec.ts:39:53

    attachment #1: screenshot (image/png) ──────────────────────────────────────────────────────────
    ..\..\test-results\smoke-smoke-tests-Smoke-Te-464c1-in-and-user-management-flow-firefox\test-failed-1.png
    ────────────────────────────────────────────────────────────────────────────────────────────────

    attachment #2: video (video/webm) ──────────────────────────────────────────────────────────────
    ..\..\test-results\smoke-smoke-tests-Smoke-Te-464c1-in-and-user-management-flow-firefox\video.webm
    ────────────────────────────────────────────────────────────────────────────────────────────────

    Error Context: ..\..\test-results\smoke-smoke-tests-Smoke-Te-464c1-in-and-user-management-flow-firefox\error-context.md
]]>
</failure>
<system-out>
<![CDATA[
[[ATTACHMENT|test-results\smoke-smoke-tests-Smoke-Te-464c1-in-and-user-management-flow-firefox\test-failed-1.png]]

[[ATTACHMENT|test-results\smoke-smoke-tests-Smoke-Te-464c1-in-and-user-management-flow-firefox\video.webm]]

[[ATTACHMENT|test-results\smoke-smoke-tests-Smoke-Te-464c1-in-and-user-management-flow-firefox\error-context.md]]
]]>
</system-out>
</testcase>
<testcase name="Smoke Tests - Critical User Flows › should complete event creation and registration flow" classname="smoke\smoke-tests.spec.ts" time="3.325">
<failure message="smoke-tests.spec.ts:66:7 should complete event creation and registration flow" type="FAILURE">
<![CDATA[  [firefox] › smoke\smoke-tests.spec.ts:66:7 › Smoke Tests - Critical User Flows › should complete event creation and registration flow 

    TypeError: Cannot read properties of undefined (reading 'users')

      67 |     // Login as admin
      68 |     await page.goto('/login');
    > 69 |     await page.fill('input[type="email"]', testData.users.admin.email);
         |                                                     ^
      70 |     await page.fill('input[type="password"]', testData.users.admin.password);
      71 |     await page.click('button[type="submit"]');
      72 |     
        at E:\test-project-app\tests\playwright\smoke\smoke-tests.spec.ts:69:53

    attachment #1: screenshot (image/png) ──────────────────────────────────────────────────────────
    ..\..\test-results\smoke-smoke-tests-Smoke-Te-1f5b9-ation-and-registration-flow-firefox\test-failed-1.png
    ────────────────────────────────────────────────────────────────────────────────────────────────

    attachment #2: video (video/webm) ──────────────────────────────────────────────────────────────
    ..\..\test-results\smoke-smoke-tests-Smoke-Te-1f5b9-ation-and-registration-flow-firefox\video.webm
    ────────────────────────────────────────────────────────────────────────────────────────────────

    Error Context: ..\..\test-results\smoke-smoke-tests-Smoke-Te-1f5b9-ation-and-registration-flow-firefox\error-context.md
]]>
</failure>
<system-out>
<![CDATA[
[[ATTACHMENT|test-results\smoke-smoke-tests-Smoke-Te-1f5b9-ation-and-registration-flow-firefox\test-failed-1.png]]

[[ATTACHMENT|test-results\smoke-smoke-tests-Smoke-Te-1f5b9-ation-and-registration-flow-firefox\video.webm]]

[[ATTACHMENT|test-results\smoke-smoke-tests-Smoke-Te-1f5b9-ation-and-registration-flow-firefox\error-context.md]]
]]>
</system-out>
</testcase>
<testcase name="Smoke Tests - Critical User Flows › should complete scoring flow" classname="smoke\smoke-tests.spec.ts" time="2.102">
<failure message="smoke-tests.spec.ts:111:7 should complete scoring flow" type="FAILURE">
<![CDATA[  [firefox] › smoke\smoke-tests.spec.ts:111:7 › Smoke Tests - Critical User Flows › should complete scoring flow 

    TypeError: Cannot read properties of undefined (reading 'users')

      112 |     // Login as judge
      113 |     await page.goto('/login');
    > 114 |     await page.fill('input[type="email"]', testData.users.judge.email);
          |                                                     ^
      115 |     await page.fill('input[type="password"]', testData.users.judge.password);
      116 |     await page.click('button[type="submit"]');
      117 |     
        at E:\test-project-app\tests\playwright\smoke\smoke-tests.spec.ts:114:53

    attachment #1: screenshot (image/png) ──────────────────────────────────────────────────────────
    ..\..\test-results\smoke-smoke-tests-Smoke-Te-3089d-hould-complete-scoring-flow-firefox\test-failed-1.png
    ────────────────────────────────────────────────────────────────────────────────────────────────

    attachment #2: video (video/webm) ──────────────────────────────────────────────────────────────
    ..\..\test-results\smoke-smoke-tests-Smoke-Te-3089d-hould-complete-scoring-flow-firefox\video.webm
    ────────────────────────────────────────────────────────────────────────────────────────────────

    Error Context: ..\..\test-results\smoke-smoke-tests-Smoke-Te-3089d-hould-complete-scoring-flow-firefox\error-context.md
]]>
</failure>
<system-out>
<![CDATA[
[[ATTACHMENT|test-results\smoke-smoke-tests-Smoke-Te-3089d-hould-complete-scoring-flow-firefox\test-failed-1.png]]

[[ATTACHMENT|test-results\smoke-smoke-tests-Smoke-Te-3089d-hould-complete-scoring-flow-firefox\video.webm]]

[[ATTACHMENT|test-results\smoke-smoke-tests-Smoke-Te-3089d-hould-complete-scoring-flow-firefox\error-context.md]]
]]>
</system-out>
</testcase>
<testcase name="Smoke Tests - Critical User Flows › should complete volunteer verification flow" classname="smoke\smoke-tests.spec.ts" time="4.053">
<failure message="smoke-tests.spec.ts:138:7 should complete volunteer verification flow" type="FAILURE">
<![CDATA[  [firefox] › smoke\smoke-tests.spec.ts:138:7 › Smoke Tests - Critical User Flows › should complete volunteer verification flow 

    TypeError: Cannot read properties of undefined (reading 'users')

      139 |     // Login as volunteer
      140 |     await page.goto('/login');
    > 141 |     await page.fill('input[type="email"]', testData.users.volunteer.email);
          |                                                     ^
      142 |     await page.fill('input[type="password"]', testData.users.volunteer.password);
      143 |     await page.click('button[type="submit"]');
      144 |     
        at E:\test-project-app\tests\playwright\smoke\smoke-tests.spec.ts:141:53

    attachment #1: screenshot (image/png) ──────────────────────────────────────────────────────────
    ..\..\test-results\smoke-smoke-tests-Smoke-Te-7b25a-volunteer-verification-flow-firefox\test-failed-1.png
    ────────────────────────────────────────────────────────────────────────────────────────────────

    attachment #2: video (video/webm) ──────────────────────────────────────────────────────────────
    ..\..\test-results\smoke-smoke-tests-Smoke-Te-7b25a-volunteer-verification-flow-firefox\video.webm
    ────────────────────────────────────────────────────────────────────────────────────────────────

    Error Context: ..\..\test-results\smoke-smoke-tests-Smoke-Te-7b25a-volunteer-verification-flow-firefox\error-context.md
]]>
</failure>
<system-out>
<![CDATA[
[[ATTACHMENT|test-results\smoke-smoke-tests-Smoke-Te-7b25a-volunteer-verification-flow-firefox\test-failed-1.png]]

[[ATTACHMENT|test-results\smoke-smoke-tests-Smoke-Te-7b25a-volunteer-verification-flow-firefox\video.webm]]

[[ATTACHMENT|test-results\smoke-smoke-tests-Smoke-Te-7b25a-volunteer-verification-flow-firefox\error-context.md]]
]]>
</system-out>
</testcase>
<testcase name="Smoke Tests - Critical User Flows › should complete results viewing flow" classname="smoke\smoke-tests.spec.ts" time="9.214">
<failure message="smoke-tests.spec.ts:163:7 should complete results viewing flow" type="FAILURE">
<![CDATA[  [firefox] › smoke\smoke-tests.spec.ts:163:7 › Smoke Tests - Critical User Flows › should complete results viewing flow 

    Error: expect(locator).toBeVisible() failed

    Locator: locator('.results-page, [data-testid="results-page"]')
    Expected: visible
    Timeout: 5000ms
    Error: element(s) not found

    Call log:
      - Expect "toBeVisible" with timeout 5000ms
      - waiting for locator('.results-page, [data-testid="results-page"]')


      164 |     // Navigate to results page
      165 |     await page.goto('/results');
    > 166 |     await expect(page.locator('.results-page, [data-testid="results-page"]')).toBeVisible();
          |                                                                               ^
      167 |     
      168 |     // Check if results are displayed
      169 |     const results = page.locator('.result-item, [data-testid="result-item"]');
        at E:\test-project-app\tests\playwright\smoke\smoke-tests.spec.ts:166:79

    attachment #1: screenshot (image/png) ──────────────────────────────────────────────────────────
    ..\..\test-results\smoke-smoke-tests-Smoke-Te-f48f2-mplete-results-viewing-flow-firefox\test-failed-1.png
    ────────────────────────────────────────────────────────────────────────────────────────────────

    attachment #2: video (video/webm) ──────────────────────────────────────────────────────────────
    ..\..\test-results\smoke-smoke-tests-Smoke-Te-f48f2-mplete-results-viewing-flow-firefox\video.webm
    ────────────────────────────────────────────────────────────────────────────────────────────────

    Error Context: ..\..\test-results\smoke-smoke-tests-Smoke-Te-f48f2-mplete-results-viewing-flow-firefox\error-context.md
]]>
</failure>
<system-out>
<![CDATA[
[[ATTACHMENT|test-results\smoke-smoke-tests-Smoke-Te-f48f2-mplete-results-viewing-flow-firefox\test-failed-1.png]]

[[ATTACHMENT|test-results\smoke-smoke-tests-Smoke-Te-f48f2-mplete-results-viewing-flow-firefox\video.webm]]

[[ATTACHMENT|test-results\smoke-smoke-tests-Smoke-Te-f48f2-mplete-results-viewing-flow-firefox\error-context.md]]
]]>
</system-out>
</testcase>
<testcase name="Smoke Tests - Critical User Flows › should handle error scenarios gracefully" classname="smoke\smoke-tests.spec.ts" time="30.284">
<failure message="smoke-tests.spec.ts:184:7 should handle error scenarios gracefully" type="FAILURE">
<![CDATA[  [firefox] › smoke\smoke-tests.spec.ts:184:7 › Smoke Tests - Critical User Flows › should handle error scenarios gracefully 

    Test timeout of 30000ms exceeded.

    Error: page.fill: Test timeout of 30000ms exceeded.
    Call log:
      - waiting for locator('input[type="email"]')


      185 |     // Test invalid login
      186 |     await page.goto('/login');
    > 187 |     await page.fill('input[type="email"]', 'invalid@example.com');
          |                ^
      188 |     await page.fill('input[type="password"]', 'wrongpassword');
      189 |     await page.click('button[type="submit"]');
      190 |     
        at E:\test-project-app\tests\playwright\smoke\smoke-tests.spec.ts:187:16

    attachment #1: screenshot (image/png) ──────────────────────────────────────────────────────────
    ..\..\test-results\smoke-smoke-tests-Smoke-Te-866ca--error-scenarios-gracefully-firefox\test-failed-1.png
    ────────────────────────────────────────────────────────────────────────────────────────────────

    attachment #2: video (video/webm) ──────────────────────────────────────────────────────────────
    ..\..\test-results\smoke-smoke-tests-Smoke-Te-866ca--error-scenarios-gracefully-firefox\video.webm
    ────────────────────────────────────────────────────────────────────────────────────────────────

    Error Context: ..\..\test-results\smoke-smoke-tests-Smoke-Te-866ca--error-scenarios-gracefully-firefox\error-context.md
]]>
</failure>
<system-out>
<![CDATA[
[[ATTACHMENT|test-results\smoke-smoke-tests-Smoke-Te-866ca--error-scenarios-gracefully-firefox\test-failed-1.png]]

[[ATTACHMENT|test-results\smoke-smoke-tests-Smoke-Te-866ca--error-scenarios-gracefully-firefox\video.webm]]

[[ATTACHMENT|test-results\smoke-smoke-tests-Smoke-Te-866ca--error-scenarios-gracefully-firefox\error-context.md]]
]]>
</system-out>
</testcase>
<testcase name="Smoke Tests - Critical User Flows › should maintain session across page refreshes" classname="smoke\smoke-tests.spec.ts" time="3.592">
<failure message="smoke-tests.spec.ts:205:7 should maintain session across page refreshes" type="FAILURE">
<![CDATA[  [firefox] › smoke\smoke-tests.spec.ts:205:7 › Smoke Tests - Critical User Flows › should maintain session across page refreshes 

    TypeError: Cannot read properties of undefined (reading 'users')

      206 |     // Login
      207 |     await page.goto('/login');
    > 208 |     await page.fill('input[type="email"]', testData.users.student.email);
          |                                                     ^
      209 |     await page.fill('input[type="password"]', testData.users.student.password);
      210 |     await page.click('button[type="submit"]');
      211 |     
        at E:\test-project-app\tests\playwright\smoke\smoke-tests.spec.ts:208:53

    attachment #1: screenshot (image/png) ──────────────────────────────────────────────────────────
    ..\..\test-results\smoke-smoke-tests-Smoke-Te-973c5-ssion-across-page-refreshes-firefox\test-failed-1.png
    ────────────────────────────────────────────────────────────────────────────────────────────────

    attachment #2: video (video/webm) ──────────────────────────────────────────────────────────────
    ..\..\test-results\smoke-smoke-tests-Smoke-Te-973c5-ssion-across-page-refreshes-firefox\video.webm
    ────────────────────────────────────────────────────────────────────────────────────────────────

    Error Context: ..\..\test-results\smoke-smoke-tests-Smoke-Te-973c5-ssion-across-page-refreshes-firefox\error-context.md
]]>
</failure>
<system-out>
<![CDATA[
[[ATTACHMENT|test-results\smoke-smoke-tests-Smoke-Te-973c5-ssion-across-page-refreshes-firefox\test-failed-1.png]]

[[ATTACHMENT|test-results\smoke-smoke-tests-Smoke-Te-973c5-ssion-across-page-refreshes-firefox\video.webm]]

[[ATTACHMENT|test-results\smoke-smoke-tests-Smoke-Te-973c5-ssion-across-page-refreshes-firefox\error-context.md]]
]]>
</system-out>
</testcase>
<testcase name="Smoke Tests - Critical User Flows › should handle multiple browser tabs" classname="smoke\smoke-tests.spec.ts" time="3.303">
<failure message="smoke-tests.spec.ts:223:7 should handle multiple browser tabs" type="FAILURE">
<![CDATA[  [firefox] › smoke\smoke-tests.spec.ts:223:7 › Smoke Tests - Critical User Flows › should handle multiple browser tabs 

    TypeError: Cannot read properties of undefined (reading 'users')

      224 |     // Login in first tab
      225 |     await page.goto('/login');
    > 226 |     await page.fill('input[type="email"]', testData.users.student.email);
          |                                                     ^
      227 |     await page.fill('input[type="password"]', testData.users.student.password);
      228 |     await page.click('button[type="submit"]');
      229 |     
        at E:\test-project-app\tests\playwright\smoke\smoke-tests.spec.ts:226:53

    attachment #1: screenshot (image/png) ──────────────────────────────────────────────────────────
    ..\..\test-results\smoke-smoke-tests-Smoke-Te-b42de-andle-multiple-browser-tabs-firefox\test-failed-1.png
    ────────────────────────────────────────────────────────────────────────────────────────────────

    attachment #2: video (video/webm) ──────────────────────────────────────────────────────────────
    ..\..\test-results\smoke-smoke-tests-Smoke-Te-b42de-andle-multiple-browser-tabs-firefox\video.webm
    ────────────────────────────────────────────────────────────────────────────────────────────────

    Error Context: ..\..\test-results\smoke-smoke-tests-Smoke-Te-b42de-andle-multiple-browser-tabs-firefox\error-context.md
]]>
</failure>
<system-out>
<![CDATA[
[[ATTACHMENT|test-results\smoke-smoke-tests-Smoke-Te-b42de-andle-multiple-browser-tabs-firefox\test-failed-1.png]]

[[ATTACHMENT|test-results\smoke-smoke-tests-Smoke-Te-b42de-andle-multiple-browser-tabs-firefox\video.webm]]

[[ATTACHMENT|test-results\smoke-smoke-tests-Smoke-Te-b42de-andle-multiple-browser-tabs-firefox\error-context.md]]
]]>
</system-out>
</testcase>
<testcase name="Smoke Tests - Critical User Flows › should handle form validation errors" classname="smoke\smoke-tests.spec.ts" time="30.137">
<failure message="smoke-tests.spec.ts:249:7 should handle form validation errors" type="FAILURE">
<![CDATA[  [firefox] › smoke\smoke-tests.spec.ts:249:7 › Smoke Tests - Critical User Flows › should handle form validation errors 

    Test timeout of 30000ms exceeded.

    Error: page.click: Test timeout of 30000ms exceeded.
    Call log:
      - waiting for locator('button[type="submit"]')


      252 |     
      253 |     // Submit form without required fields
    > 254 |     await page.click('button[type="submit"]');
          |                ^
      255 |     
      256 |     // Should show validation errors
      257 |     await expect(page.locator('.error, .alert-error')).toBeVisible();
        at E:\test-project-app\tests\playwright\smoke\smoke-tests.spec.ts:254:16

    attachment #1: screenshot (image/png) ──────────────────────────────────────────────────────────
    ..\..\test-results\smoke-smoke-tests-Smoke-Te-70545-ndle-form-validation-errors-firefox\test-failed-1.png
    ────────────────────────────────────────────────────────────────────────────────────────────────

    attachment #2: video (video/webm) ──────────────────────────────────────────────────────────────
    ..\..\test-results\smoke-smoke-tests-Smoke-Te-70545-ndle-form-validation-errors-firefox\video.webm
    ────────────────────────────────────────────────────────────────────────────────────────────────

    Error Context: ..\..\test-results\smoke-smoke-tests-Smoke-Te-70545-ndle-form-validation-errors-firefox\error-context.md
]]>
</failure>
<system-out>
<![CDATA[
[[ATTACHMENT|test-results\smoke-smoke-tests-Smoke-Te-70545-ndle-form-validation-errors-firefox\test-failed-1.png]]

[[ATTACHMENT|test-results\smoke-smoke-tests-Smoke-Te-70545-ndle-form-validation-errors-firefox\video.webm]]

[[ATTACHMENT|test-results\smoke-smoke-tests-Smoke-Te-70545-ndle-form-validation-errors-firefox\error-context.md]]
]]>
</system-out>
</testcase>
<testcase name="Smoke Tests - Critical User Flows › should handle concurrent user actions" classname="smoke\smoke-tests.spec.ts" time="3.237">
<failure message="smoke-tests.spec.ts:267:7 should handle concurrent user actions" type="FAILURE">
<![CDATA[  [firefox] › smoke\smoke-tests.spec.ts:267:7 › Smoke Tests - Critical User Flows › should handle concurrent user actions 

    TypeError: Cannot read properties of undefined (reading 'users')

      268 |     // Login as admin
      269 |     await page.goto('/login');
    > 270 |     await page.fill('input[type="email"]', testData.users.admin.email);
          |                                                     ^
      271 |     await page.fill('input[type="password"]', testData.users.admin.password);
      272 |     await page.click('button[type="submit"]');
      273 |     
        at E:\test-project-app\tests\playwright\smoke\smoke-tests.spec.ts:270:53

    attachment #1: screenshot (image/png) ──────────────────────────────────────────────────────────
    ..\..\test-results\smoke-smoke-tests-Smoke-Te-1208d-dle-concurrent-user-actions-firefox\test-failed-1.png
    ────────────────────────────────────────────────────────────────────────────────────────────────

    attachment #2: video (video/webm) ──────────────────────────────────────────────────────────────
    ..\..\test-results\smoke-smoke-tests-Smoke-Te-1208d-dle-concurrent-user-actions-firefox\video.webm
    ────────────────────────────────────────────────────────────────────────────────────────────────

    Error Context: ..\..\test-results\smoke-smoke-tests-Smoke-Te-1208d-dle-concurrent-user-actions-firefox\error-context.md
]]>
</failure>
<system-out>
<![CDATA[
[[ATTACHMENT|test-results\smoke-smoke-tests-Smoke-Te-1208d-dle-concurrent-user-actions-firefox\test-failed-1.png]]

[[ATTACHMENT|test-results\smoke-smoke-tests-Smoke-Te-1208d-dle-concurrent-user-actions-firefox\video.webm]]

[[ATTACHMENT|test-results\smoke-smoke-tests-Smoke-Te-1208d-dle-concurrent-user-actions-firefox\error-context.md]]
]]>
</system-out>
</testcase>
</testsuite>
<testsuite name="ui\ui-checks.spec.ts" timestamp="2026-02-20T03:52:25.301Z" hostname="firefox" tests="30" failures="8" skipped="0" time="259.48" errors="0">
<testcase name="UI Checks - Responsive Design › should display correctly on desktop" classname="ui\ui-checks.spec.ts" time="8.249">
<failure message="ui-checks.spec.ts:6:7 should display correctly on desktop" type="FAILURE">
<![CDATA[  [firefox] › ui\ui-checks.spec.ts:6:7 › UI Checks - Responsive Design › should display correctly on desktop 

    Error: expect(locator).toBeVisible() failed

    Locator: locator('footer')
    Expected: visible
    Timeout: 5000ms
    Error: element(s) not found

    Call log:
      - Expect "toBeVisible" with timeout 5000ms
      - waiting for locator('footer')


      10 |     await expect(page.locator('header')).toBeVisible();
      11 |     await expect(page.locator('main')).toBeVisible();
    > 12 |     await expect(page.locator('footer')).toBeVisible();
         |                                          ^
      13 |   });
      14 |
      15 |   test('should display correctly on tablet', async ({ page }, { testData }) => {
        at E:\test-project-app\tests\playwright\ui\ui-checks.spec.ts:12:42

    attachment #1: screenshot (image/png) ──────────────────────────────────────────────────────────
    ..\..\test-results\ui-ui-checks-UI-Checks---R-827a4-isplay-correctly-on-desktop-firefox\test-failed-1.png
    ────────────────────────────────────────────────────────────────────────────────────────────────

    attachment #2: video (video/webm) ──────────────────────────────────────────────────────────────
    ..\..\test-results\ui-ui-checks-UI-Checks---R-827a4-isplay-correctly-on-desktop-firefox\video.webm
    ────────────────────────────────────────────────────────────────────────────────────────────────

    Error Context: ..\..\test-results\ui-ui-checks-UI-Checks---R-827a4-isplay-correctly-on-desktop-firefox\error-context.md
]]>
</failure>
<system-out>
<![CDATA[
[[ATTACHMENT|test-results\ui-ui-checks-UI-Checks---R-827a4-isplay-correctly-on-desktop-firefox\test-failed-1.png]]

[[ATTACHMENT|test-results\ui-ui-checks-UI-Checks---R-827a4-isplay-correctly-on-desktop-firefox\video.webm]]

[[ATTACHMENT|test-results\ui-ui-checks-UI-Checks---R-827a4-isplay-correctly-on-desktop-firefox\error-context.md]]
]]>
</system-out>
</testcase>
<testcase name="UI Checks - Responsive Design › should display correctly on tablet" classname="ui\ui-checks.spec.ts" time="3.573">
</testcase>
<testcase name="UI Checks - Responsive Design › should display correctly on mobile" classname="ui\ui-checks.spec.ts" time="3.355">
</testcase>
<testcase name="UI Checks - Responsive Design › should handle orientation changes" classname="ui\ui-checks.spec.ts" time="1.621">
</testcase>
<testcase name="UI Checks - Accessibility › should have proper heading hierarchy" classname="ui\ui-checks.spec.ts" time="3.883">
</testcase>
<testcase name="UI Checks - Accessibility › should have proper alt text for images" classname="ui\ui-checks.spec.ts" time="1.451">
</testcase>
<testcase name="UI Checks - Accessibility › should have proper form labels" classname="ui\ui-checks.spec.ts" time="2.368">
</testcase>
<testcase name="UI Checks - Accessibility › should support keyboard navigation" classname="ui\ui-checks.spec.ts" time="1.833">
</testcase>
<testcase name="UI Checks - Accessibility › should have proper color contrast" classname="ui\ui-checks.spec.ts" time="4.566">
</testcase>
<testcase name="UI Checks - Accessibility › should have proper focus indicators" classname="ui\ui-checks.spec.ts" time="2.102">
</testcase>
<testcase name="UI Checks - Performance › should load within acceptable time" classname="ui\ui-checks.spec.ts" time="1.989">
</testcase>
<testcase name="UI Checks - Performance › should have optimized images" classname="ui\ui-checks.spec.ts" time="1.745">
</testcase>
<testcase name="UI Checks - Performance › should have minimal layout shift" classname="ui\ui-checks.spec.ts" time="1.753">
</testcase>
<testcase name="UI Checks - Performance › should have efficient CSS" classname="ui\ui-checks.spec.ts" time="2.184">
</testcase>
<testcase name="UI Checks - Cross-Browser Compatibility › should work in Chrome" classname="ui\ui-checks.spec.ts" time="2.671">
</testcase>
<testcase name="UI Checks - Cross-Browser Compatibility › should work in Firefox" classname="ui\ui-checks.spec.ts" time="2.563">
</testcase>
<testcase name="UI Checks - Cross-Browser Compatibility › should work in Safari" classname="ui\ui-checks.spec.ts" time="3.799">
</testcase>
<testcase name="UI Checks - Cross-Browser Compatibility › should handle different user agents" classname="ui\ui-checks.spec.ts" time="3.091">
</testcase>
<testcase name="UI Checks - Form Validation › should show validation errors for required fields" classname="ui\ui-checks.spec.ts" time="2.898">
</testcase>
<testcase name="UI Checks - Form Validation › should show validation errors for invalid email" classname="ui\ui-checks.spec.ts" time="30.251">
<failure message="ui-checks.spec.ts:260:7 should show validation errors for invalid email" type="FAILURE">
<![CDATA[  [firefox] › ui\ui-checks.spec.ts:260:7 › UI Checks - Form Validation › should show validation errors for invalid email 

    Test timeout of 30000ms exceeded.

    Error: page.fill: Test timeout of 30000ms exceeded.
    Call log:
      - waiting for locator('input[type="email"]')


      261 |     await page.goto('/login');
      262 |     
    > 263 |     await page.fill('input[type="email"]', 'invalid-email');
          |                ^
      264 |     await page.click('button[type="submit"]');
      265 |     
      266 |     const emailField = page.locator('input[type="email"]');
        at E:\test-project-app\tests\playwright\ui\ui-checks.spec.ts:263:16

    attachment #1: screenshot (image/png) ──────────────────────────────────────────────────────────
    ..\..\test-results\ui-ui-checks-UI-Checks---F-c21a8-on-errors-for-invalid-email-firefox\test-failed-1.png
    ────────────────────────────────────────────────────────────────────────────────────────────────

    attachment #2: video (video/webm) ──────────────────────────────────────────────────────────────
    ..\..\test-results\ui-ui-checks-UI-Checks---F-c21a8-on-errors-for-invalid-email-firefox\video.webm
    ────────────────────────────────────────────────────────────────────────────────────────────────

    Error Context: ..\..\test-results\ui-ui-checks-UI-Checks---F-c21a8-on-errors-for-invalid-email-firefox\error-context.md
]]>
</failure>
<system-out>
<![CDATA[
[[ATTACHMENT|test-results\ui-ui-checks-UI-Checks---F-c21a8-on-errors-for-invalid-email-firefox\test-failed-1.png]]

[[ATTACHMENT|test-results\ui-ui-checks-UI-Checks---F-c21a8-on-errors-for-invalid-email-firefox\video.webm]]

[[ATTACHMENT|test-results\ui-ui-checks-UI-Checks---F-c21a8-on-errors-for-invalid-email-firefox\error-context.md]]
]]>
</system-out>
</testcase>
<testcase name="UI Checks - Form Validation › should show validation errors for password requirements" classname="ui\ui-checks.spec.ts" time="30.124">
<failure message="ui-checks.spec.ts:271:7 should show validation errors for password requirements" type="FAILURE">
<![CDATA[  [firefox] › ui\ui-checks.spec.ts:271:7 › UI Checks - Form Validation › should show validation errors for password requirements 

    Test timeout of 30000ms exceeded.

    Error: page.fill: Test timeout of 30000ms exceeded.
    Call log:
      - waiting for locator('input[type="password"]')


      272 |     await page.goto('/register');
      273 |     
    > 274 |     await page.fill('input[type="password"]', 'weak');
          |                ^
      275 |     await page.click('button[type="submit"]');
      276 |     
      277 |     const passwordField = page.locator('input[type="password"]');
        at E:\test-project-app\tests\playwright\ui\ui-checks.spec.ts:274:16

    attachment #1: screenshot (image/png) ──────────────────────────────────────────────────────────
    ..\..\test-results\ui-ui-checks-UI-Checks---F-c6e1f-s-for-password-requirements-firefox\test-failed-1.png
    ────────────────────────────────────────────────────────────────────────────────────────────────

    attachment #2: video (video/webm) ──────────────────────────────────────────────────────────────
    ..\..\test-results\ui-ui-checks-UI-Checks---F-c6e1f-s-for-password-requirements-firefox\video.webm
    ────────────────────────────────────────────────────────────────────────────────────────────────

    Error Context: ..\..\test-results\ui-ui-checks-UI-Checks---F-c6e1f-s-for-password-requirements-firefox\error-context.md
]]>
</failure>
<system-out>
<![CDATA[
[[ATTACHMENT|test-results\ui-ui-checks-UI-Checks---F-c6e1f-s-for-password-requirements-firefox\test-failed-1.png]]

[[ATTACHMENT|test-results\ui-ui-checks-UI-Checks---F-c6e1f-s-for-password-requirements-firefox\video.webm]]

[[ATTACHMENT|test-results\ui-ui-checks-UI-Checks---F-c6e1f-s-for-password-requirements-firefox\error-context.md]]
]]>
</system-out>
</testcase>
<testcase name="UI Checks - Form Validation › should clear validation errors when field is corrected" classname="ui\ui-checks.spec.ts" time="30.266">
<failure message="ui-checks.spec.ts:282:7 should clear validation errors when field is corrected" type="FAILURE">
<![CDATA[  [firefox] › ui\ui-checks.spec.ts:282:7 › UI Checks - Form Validation › should clear validation errors when field is corrected 

    Test timeout of 30000ms exceeded.

    Error: page.fill: Test timeout of 30000ms exceeded.
    Call log:
      - waiting for locator('input[type="email"]')


      284 |     
      285 |     // Fill invalid email
    > 286 |     await page.fill('input[type="email"]', 'invalid-email');
          |                ^
      287 |     await page.click('button[type="submit"]');
      288 |     
      289 |     // Correct the email
        at E:\test-project-app\tests\playwright\ui\ui-checks.spec.ts:286:16

    attachment #1: screenshot (image/png) ──────────────────────────────────────────────────────────
    ..\..\test-results\ui-ui-checks-UI-Checks---F-88c56-ors-when-field-is-corrected-firefox\test-failed-1.png
    ────────────────────────────────────────────────────────────────────────────────────────────────

    attachment #2: video (video/webm) ──────────────────────────────────────────────────────────────
    ..\..\test-results\ui-ui-checks-UI-Checks---F-88c56-ors-when-field-is-corrected-firefox\video.webm
    ────────────────────────────────────────────────────────────────────────────────────────────────

    Error Context: ..\..\test-results\ui-ui-checks-UI-Checks---F-88c56-ors-when-field-is-corrected-firefox\error-context.md
]]>
</failure>
<system-out>
<![CDATA[
[[ATTACHMENT|test-results\ui-ui-checks-UI-Checks---F-88c56-ors-when-field-is-corrected-firefox\test-failed-1.png]]

[[ATTACHMENT|test-results\ui-ui-checks-UI-Checks---F-88c56-ors-when-field-is-corrected-firefox\video.webm]]

[[ATTACHMENT|test-results\ui-ui-checks-UI-Checks---F-88c56-ors-when-field-is-corrected-firefox\error-context.md]]
]]>
</system-out>
</testcase>
<testcase name="UI Checks - Error Handling › should display error messages for network errors" classname="ui\ui-checks.spec.ts" time="30.29">
<failure message="ui-checks.spec.ts:299:7 should display error messages for network errors" type="FAILURE">
<![CDATA[  [firefox] › ui\ui-checks.spec.ts:299:7 › UI Checks - Error Handling › should display error messages for network errors 

    Test timeout of 30000ms exceeded.

    Error: page.fill: Test timeout of 30000ms exceeded.
    Call log:
      - waiting for locator('input[type="email"]')


      302 |     
      303 |     await page.goto('/login');
    > 304 |     await page.fill('input[type="email"]', 'test@example.com');
          |                ^
      305 |     await page.fill('input[type="password"]', 'password123');
      306 |     await page.click('button[type="submit"]');
      307 |     
        at E:\test-project-app\tests\playwright\ui\ui-checks.spec.ts:304:16

    attachment #1: screenshot (image/png) ──────────────────────────────────────────────────────────
    ..\..\test-results\ui-ui-checks-UI-Checks---E-cd654-messages-for-network-errors-firefox\test-failed-1.png
    ────────────────────────────────────────────────────────────────────────────────────────────────

    attachment #2: video (video/webm) ──────────────────────────────────────────────────────────────
    ..\..\test-results\ui-ui-checks-UI-Checks---E-cd654-messages-for-network-errors-firefox\video.webm
    ────────────────────────────────────────────────────────────────────────────────────────────────

    Error Context: ..\..\test-results\ui-ui-checks-UI-Checks---E-cd654-messages-for-network-errors-firefox\error-context.md
]]>
</failure>
<system-out>
<![CDATA[
[[ATTACHMENT|test-results\ui-ui-checks-UI-Checks---E-cd654-messages-for-network-errors-firefox\test-failed-1.png]]

[[ATTACHMENT|test-results\ui-ui-checks-UI-Checks---E-cd654-messages-for-network-errors-firefox\video.webm]]

[[ATTACHMENT|test-results\ui-ui-checks-UI-Checks---E-cd654-messages-for-network-errors-firefox\error-context.md]]
]]>
</system-out>
</testcase>
<testcase name="UI Checks - Error Handling › should display loading states" classname="ui\ui-checks.spec.ts" time="30.317">
<failure message="ui-checks.spec.ts:312:7 should display loading states" type="FAILURE">
<![CDATA[  [firefox] › ui\ui-checks.spec.ts:312:7 › UI Checks - Error Handling › should display loading states 

    Test timeout of 30000ms exceeded.

    Error: page.fill: Test timeout of 30000ms exceeded.
    Call log:
      - waiting for locator('input[type="email"]')


      319 |     });
      320 |     
    > 321 |     await page.fill('input[type="email"]', 'test@example.com');
          |                ^
      322 |     await page.fill('input[type="password"]', 'password123');
      323 |     await page.click('button[type="submit"]');
      324 |     
        at E:\test-project-app\tests\playwright\ui\ui-checks.spec.ts:321:16

    attachment #1: screenshot (image/png) ──────────────────────────────────────────────────────────
    ..\..\test-results\ui-ui-checks-UI-Checks---E-6a2e0-ould-display-loading-states-firefox\test-failed-1.png
    ────────────────────────────────────────────────────────────────────────────────────────────────

    attachment #2: video (video/webm) ──────────────────────────────────────────────────────────────
    ..\..\test-results\ui-ui-checks-UI-Checks---E-6a2e0-ould-display-loading-states-firefox\video.webm
    ────────────────────────────────────────────────────────────────────────────────────────────────

    Error Context: ..\..\test-results\ui-ui-checks-UI-Checks---E-6a2e0-ould-display-loading-states-firefox\error-context.md
]]>
</failure>
<system-out>
<![CDATA[
[[ATTACHMENT|test-results\ui-ui-checks-UI-Checks---E-6a2e0-ould-display-loading-states-firefox\test-failed-1.png]]

[[ATTACHMENT|test-results\ui-ui-checks-UI-Checks---E-6a2e0-ould-display-loading-states-firefox\video.webm]]

[[ATTACHMENT|test-results\ui-ui-checks-UI-Checks---E-6a2e0-ould-display-loading-states-firefox\error-context.md]]
]]>
</system-out>
</testcase>
<testcase name="UI Checks - Error Handling › should handle 404 errors gracefully" classname="ui\ui-checks.spec.ts" time="3.119">
</testcase>
<testcase name="UI Checks - Error Handling › should handle 500 errors gracefully" classname="ui\ui-checks.spec.ts" time="30.375">
<failure message="ui-checks.spec.ts:336:7 should handle 500 errors gracefully" type="FAILURE">
<![CDATA[  [firefox] › ui\ui-checks.spec.ts:336:7 › UI Checks - Error Handling › should handle 500 errors gracefully 

    Test timeout of 30000ms exceeded.

    Error: page.fill: Test timeout of 30000ms exceeded.
    Call log:
      - waiting for locator('input[type="email"]')


      343 |     
      344 |     await page.goto('/login');
    > 345 |     await page.fill('input[type="email"]', 'test@example.com');
          |                ^
      346 |     await page.fill('input[type="password"]', 'password123');
      347 |     await page.click('button[type="submit"]');
      348 |     
        at E:\test-project-app\tests\playwright\ui\ui-checks.spec.ts:345:16

    attachment #1: screenshot (image/png) ──────────────────────────────────────────────────────────
    ..\..\test-results\ui-ui-checks-UI-Checks---E-9bde4-andle-500-errors-gracefully-firefox\test-failed-1.png
    ────────────────────────────────────────────────────────────────────────────────────────────────

    attachment #2: video (video/webm) ──────────────────────────────────────────────────────────────
    ..\..\test-results\ui-ui-checks-UI-Checks---E-9bde4-andle-500-errors-gracefully-firefox\video.webm
    ────────────────────────────────────────────────────────────────────────────────────────────────

    Error Context: ..\..\test-results\ui-ui-checks-UI-Checks---E-9bde4-andle-500-errors-gracefully-firefox\error-context.md
]]>
</failure>
<system-out>
<![CDATA[
[[ATTACHMENT|test-results\ui-ui-checks-UI-Checks---E-9bde4-andle-500-errors-gracefully-firefox\test-failed-1.png]]

[[ATTACHMENT|test-results\ui-ui-checks-UI-Checks---E-9bde4-andle-500-errors-gracefully-firefox\video.webm]]

[[ATTACHMENT|test-results\ui-ui-checks-UI-Checks---E-9bde4-andle-500-errors-gracefully-firefox\error-context.md]]
]]>
</system-out>
</testcase>
<testcase name="UI Checks - User Experience › should have intuitive navigation" classname="ui\ui-checks.spec.ts" time="4.583">
</testcase>
<testcase name="UI Checks - User Experience › should have clear call-to-action buttons" classname="ui\ui-checks.spec.ts" time="5.083">
<failure message="ui-checks.spec.ts:371:7 should have clear call-to-action buttons" type="FAILURE">
<![CDATA[  [firefox] › ui\ui-checks.spec.ts:371:7 › UI Checks - User Experience › should have clear call-to-action buttons 

    Error: expect(received).toBeTruthy()

    Received: ""

      378 |       const button = buttons.nth(i);
      379 |       const text = await button.textContent();
    > 380 |       expect(text).toBeTruthy();
          |                    ^
      381 |     }
      382 |   });
      383 |
        at E:\test-project-app\tests\playwright\ui\ui-checks.spec.ts:380:20

    attachment #1: screenshot (image/png) ──────────────────────────────────────────────────────────
    ..\..\test-results\ui-ui-checks-UI-Checks---U-c5429-lear-call-to-action-buttons-firefox\test-failed-1.png
    ────────────────────────────────────────────────────────────────────────────────────────────────

    attachment #2: video (video/webm) ──────────────────────────────────────────────────────────────
    ..\..\test-results\ui-ui-checks-UI-Checks---U-c5429-lear-call-to-action-buttons-firefox\video.webm
    ────────────────────────────────────────────────────────────────────────────────────────────────

    Error Context: ..\..\test-results\ui-ui-checks-UI-Checks---U-c5429-lear-call-to-action-buttons-firefox\error-context.md
]]>
</failure>
<system-out>
<![CDATA[
[[ATTACHMENT|test-results\ui-ui-checks-UI-Checks---U-c5429-lear-call-to-action-buttons-firefox\test-failed-1.png]]

[[ATTACHMENT|test-results\ui-ui-checks-UI-Checks---U-c5429-lear-call-to-action-buttons-firefox\video.webm]]

[[ATTACHMENT|test-results\ui-ui-checks-UI-Checks---U-c5429-lear-call-to-action-buttons-firefox\error-context.md]]
]]>
</system-out>
</testcase>
<testcase name="UI Checks - User Experience › should have consistent styling" classname="ui\ui-checks.spec.ts" time="5.082">
</testcase>
<testcase name="UI Checks - User Experience › should have proper spacing and layout" classname="ui\ui-checks.spec.ts" time="4.296">
</testcase>
</testsuite>
<testsuite name="admin\admin-crud.spec.ts" timestamp="2026-02-20T03:52:25.301Z" hostname="webkit" tests="28" failures="28" skipped="0" time="72.823" errors="0">
<testcase name="Admin - User Management CRUD › User Creation › should create a new user successfully" classname="admin\admin-crud.spec.ts" time="4.33">
<failure message="admin-crud.spec.ts:23:9 should create a new user successfully" type="FAILURE">
<![CDATA[  [webkit] › admin\admin-crud.spec.ts:23:9 › Admin - User Management CRUD › User Creation › should create a new user successfully 

    TypeError: Cannot read properties of undefined (reading 'users')

      11 |     // Login as admin
      12 |     await page.goto('/login');
    > 13 |     await page.fill('input[name="username"], input[type="email"]', testData.users.admin.email);
         |                                                                             ^
      14 |     await page.fill('input[name="password"], input[type="password"]', testData.users.admin.password);
      15 |     await page.click('button[type="submit"], button:has-text("Login")');
      16 |     await page.waitForLoadState('networkidle');
        at E:\test-project-app\tests\playwright\admin\admin-crud.spec.ts:13:77

    attachment #1: screenshot (image/png) ──────────────────────────────────────────────────────────
    ..\..\test-results\admin-admin-crud-Admin---U-5092f-ate-a-new-user-successfully-webkit\test-failed-1.png
    ────────────────────────────────────────────────────────────────────────────────────────────────

    attachment #2: video (video/webm) ──────────────────────────────────────────────────────────────
    ..\..\test-results\admin-admin-crud-Admin---U-5092f-ate-a-new-user-successfully-webkit\video.webm
    ────────────────────────────────────────────────────────────────────────────────────────────────

    Error Context: ..\..\test-results\admin-admin-crud-Admin---U-5092f-ate-a-new-user-successfully-webkit\error-context.md
]]>
</failure>
<system-out>
<![CDATA[
[[ATTACHMENT|test-results\admin-admin-crud-Admin---U-5092f-ate-a-new-user-successfully-webkit\test-failed-1.png]]

[[ATTACHMENT|test-results\admin-admin-crud-Admin---U-5092f-ate-a-new-user-successfully-webkit\video.webm]]

[[ATTACHMENT|test-results\admin-admin-crud-Admin---U-5092f-ate-a-new-user-successfully-webkit\error-context.md]]
]]>
</system-out>
</testcase>
<testcase name="Admin - User Management CRUD › User Creation › should create user with different roles" classname="admin\admin-crud.spec.ts" time="4.38">
<failure message="admin-crud.spec.ts:44:9 should create user with different roles" type="FAILURE">
<![CDATA[  [webkit] › admin\admin-crud.spec.ts:44:9 › Admin - User Management CRUD › User Creation › should create user with different roles 

    TypeError: Cannot read properties of undefined (reading 'users')

      11 |     // Login as admin
      12 |     await page.goto('/login');
    > 13 |     await page.fill('input[name="username"], input[type="email"]', testData.users.admin.email);
         |                                                                             ^
      14 |     await page.fill('input[name="password"], input[type="password"]', testData.users.admin.password);
      15 |     await page.click('button[type="submit"], button:has-text("Login")');
      16 |     await page.waitForLoadState('networkidle');
        at E:\test-project-app\tests\playwright\admin\admin-crud.spec.ts:13:77

    attachment #1: screenshot (image/png) ──────────────────────────────────────────────────────────
    ..\..\test-results\admin-admin-crud-Admin---U-415b9-e-user-with-different-roles-webkit\test-failed-1.png
    ────────────────────────────────────────────────────────────────────────────────────────────────

    attachment #2: video (video/webm) ──────────────────────────────────────────────────────────────
    ..\..\test-results\admin-admin-crud-Admin---U-415b9-e-user-with-different-roles-webkit\video.webm
    ────────────────────────────────────────────────────────────────────────────────────────────────

    Error Context: ..\..\test-results\admin-admin-crud-Admin---U-415b9-e-user-with-different-roles-webkit\error-context.md
]]>
</failure>
<system-out>
<![CDATA[
[[ATTACHMENT|test-results\admin-admin-crud-Admin---U-415b9-e-user-with-different-roles-webkit\test-failed-1.png]]

[[ATTACHMENT|test-results\admin-admin-crud-Admin---U-415b9-e-user-with-different-roles-webkit\video.webm]]

[[ATTACHMENT|test-results\admin-admin-crud-Admin---U-415b9-e-user-with-different-roles-webkit\error-context.md]]
]]>
</system-out>
</testcase>
<testcase name="Admin - User Management CRUD › User Creation › should validate required fields in user form" classname="admin\admin-crud.spec.ts" time="3.599">
<failure message="admin-crud.spec.ts:66:9 should validate required fields in user form" type="FAILURE">
<![CDATA[  [webkit] › admin\admin-crud.spec.ts:66:9 › Admin - User Management CRUD › User Creation › should validate required fields in user form 

    TypeError: Cannot read properties of undefined (reading 'users')

      11 |     // Login as admin
      12 |     await page.goto('/login');
    > 13 |     await page.fill('input[name="username"], input[type="email"]', testData.users.admin.email);
         |                                                                             ^
      14 |     await page.fill('input[name="password"], input[type="password"]', testData.users.admin.password);
      15 |     await page.click('button[type="submit"], button:has-text("Login")');
      16 |     await page.waitForLoadState('networkidle');
        at E:\test-project-app\tests\playwright\admin\admin-crud.spec.ts:13:77

    attachment #1: screenshot (image/png) ──────────────────────────────────────────────────────────
    ..\..\test-results\admin-admin-crud-Admin---U-9c6ae-equired-fields-in-user-form-webkit\test-failed-1.png
    ────────────────────────────────────────────────────────────────────────────────────────────────

    attachment #2: video (video/webm) ──────────────────────────────────────────────────────────────
    ..\..\test-results\admin-admin-crud-Admin---U-9c6ae-equired-fields-in-user-form-webkit\video.webm
    ────────────────────────────────────────────────────────────────────────────────────────────────

    Error Context: ..\..\test-results\admin-admin-crud-Admin---U-9c6ae-equired-fields-in-user-form-webkit\error-context.md
]]>
</failure>
<system-out>
<![CDATA[
[[ATTACHMENT|test-results\admin-admin-crud-Admin---U-9c6ae-equired-fields-in-user-form-webkit\test-failed-1.png]]

[[ATTACHMENT|test-results\admin-admin-crud-Admin---U-9c6ae-equired-fields-in-user-form-webkit\video.webm]]

[[ATTACHMENT|test-results\admin-admin-crud-Admin---U-9c6ae-equired-fields-in-user-form-webkit\error-context.md]]
]]>
</system-out>
</testcase>
<testcase name="Admin - User Management CRUD › User Creation › should show error for duplicate username" classname="admin\admin-crud.spec.ts" time="4.202">
<failure message="admin-crud.spec.ts:76:9 should show error for duplicate username" type="FAILURE">
<![CDATA[  [webkit] › admin\admin-crud.spec.ts:76:9 › Admin - User Management CRUD › User Creation › should show error for duplicate username 

    TypeError: Cannot read properties of undefined (reading 'users')

      11 |     // Login as admin
      12 |     await page.goto('/login');
    > 13 |     await page.fill('input[name="username"], input[type="email"]', testData.users.admin.email);
         |                                                                             ^
      14 |     await page.fill('input[name="password"], input[type="password"]', testData.users.admin.password);
      15 |     await page.click('button[type="submit"], button:has-text("Login")');
      16 |     await page.waitForLoadState('networkidle');
        at E:\test-project-app\tests\playwright\admin\admin-crud.spec.ts:13:77

    attachment #1: screenshot (image/png) ──────────────────────────────────────────────────────────
    ..\..\test-results\admin-admin-crud-Admin---U-fbaf2-rror-for-duplicate-username-webkit\test-failed-1.png
    ────────────────────────────────────────────────────────────────────────────────────────────────

    attachment #2: video (video/webm) ──────────────────────────────────────────────────────────────
    ..\..\test-results\admin-admin-crud-Admin---U-fbaf2-rror-for-duplicate-username-webkit\video.webm
    ────────────────────────────────────────────────────────────────────────────────────────────────

    Error Context: ..\..\test-results\admin-admin-crud-Admin---U-fbaf2-rror-for-duplicate-username-webkit\error-context.md
]]>
</failure>
<system-out>
<![CDATA[
[[ATTACHMENT|test-results\admin-admin-crud-Admin---U-fbaf2-rror-for-duplicate-username-webkit\test-failed-1.png]]

[[ATTACHMENT|test-results\admin-admin-crud-Admin---U-fbaf2-rror-for-duplicate-username-webkit\video.webm]]

[[ATTACHMENT|test-results\admin-admin-crud-Admin---U-fbaf2-rror-for-duplicate-username-webkit\error-context.md]]
]]>
</system-out>
</testcase>
<testcase name="Admin - User Management CRUD › User Creation › should show error for duplicate email" classname="admin\admin-crud.spec.ts" time="3.588">
<failure message="admin-crud.spec.ts:105:9 should show error for duplicate email" type="FAILURE">
<![CDATA[  [webkit] › admin\admin-crud.spec.ts:105:9 › Admin - User Management CRUD › User Creation › should show error for duplicate email 

    TypeError: Cannot read properties of undefined (reading 'users')

      11 |     // Login as admin
      12 |     await page.goto('/login');
    > 13 |     await page.fill('input[name="username"], input[type="email"]', testData.users.admin.email);
         |                                                                             ^
      14 |     await page.fill('input[name="password"], input[type="password"]', testData.users.admin.password);
      15 |     await page.click('button[type="submit"], button:has-text("Login")');
      16 |     await page.waitForLoadState('networkidle');
        at E:\test-project-app\tests\playwright\admin\admin-crud.spec.ts:13:77

    attachment #1: screenshot (image/png) ──────────────────────────────────────────────────────────
    ..\..\test-results\admin-admin-crud-Admin---U-ec8f3-w-error-for-duplicate-email-webkit\test-failed-1.png
    ────────────────────────────────────────────────────────────────────────────────────────────────

    attachment #2: video (video/webm) ──────────────────────────────────────────────────────────────
    ..\..\test-results\admin-admin-crud-Admin---U-ec8f3-w-error-for-duplicate-email-webkit\video.webm
    ────────────────────────────────────────────────────────────────────────────────────────────────

    Error Context: ..\..\test-results\admin-admin-crud-Admin---U-ec8f3-w-error-for-duplicate-email-webkit\error-context.md
]]>
</failure>
<system-out>
<![CDATA[
[[ATTACHMENT|test-results\admin-admin-crud-Admin---U-ec8f3-w-error-for-duplicate-email-webkit\test-failed-1.png]]

[[ATTACHMENT|test-results\admin-admin-crud-Admin---U-ec8f3-w-error-for-duplicate-email-webkit\video.webm]]

[[ATTACHMENT|test-results\admin-admin-crud-Admin---U-ec8f3-w-error-for-duplicate-email-webkit\error-context.md]]
]]>
</system-out>
</testcase>
<testcase name="Admin - User Management CRUD › User Creation › should validate email format" classname="admin\admin-crud.spec.ts" time="2.64">
<failure message="admin-crud.spec.ts:134:9 should validate email format" type="FAILURE">
<![CDATA[  [webkit] › admin\admin-crud.spec.ts:134:9 › Admin - User Management CRUD › User Creation › should validate email format 

    TypeError: Cannot read properties of undefined (reading 'users')

      11 |     // Login as admin
      12 |     await page.goto('/login');
    > 13 |     await page.fill('input[name="username"], input[type="email"]', testData.users.admin.email);
         |                                                                             ^
      14 |     await page.fill('input[name="password"], input[type="password"]', testData.users.admin.password);
      15 |     await page.click('button[type="submit"], button:has-text("Login")');
      16 |     await page.waitForLoadState('networkidle');
        at E:\test-project-app\tests\playwright\admin\admin-crud.spec.ts:13:77

    attachment #1: screenshot (image/png) ──────────────────────────────────────────────────────────
    ..\..\test-results\admin-admin-crud-Admin---U-b61bd-hould-validate-email-format-webkit\test-failed-1.png
    ────────────────────────────────────────────────────────────────────────────────────────────────

    attachment #2: video (video/webm) ──────────────────────────────────────────────────────────────
    ..\..\test-results\admin-admin-crud-Admin---U-b61bd-hould-validate-email-format-webkit\video.webm
    ────────────────────────────────────────────────────────────────────────────────────────────────

    Error Context: ..\..\test-results\admin-admin-crud-Admin---U-b61bd-hould-validate-email-format-webkit\error-context.md
]]>
</failure>
<system-out>
<![CDATA[
[[ATTACHMENT|test-results\admin-admin-crud-Admin---U-b61bd-hould-validate-email-format-webkit\test-failed-1.png]]

[[ATTACHMENT|test-results\admin-admin-crud-Admin---U-b61bd-hould-validate-email-format-webkit\video.webm]]

[[ATTACHMENT|test-results\admin-admin-crud-Admin---U-b61bd-hould-validate-email-format-webkit\error-context.md]]
]]>
</system-out>
</testcase>
<testcase name="Admin - User Management CRUD › User Creation › should validate password strength" classname="admin\admin-crud.spec.ts" time="2.456">
<failure message="admin-crud.spec.ts:150:9 should validate password strength" type="FAILURE">
<![CDATA[  [webkit] › admin\admin-crud.spec.ts:150:9 › Admin - User Management CRUD › User Creation › should validate password strength 

    TypeError: Cannot read properties of undefined (reading 'users')

      11 |     // Login as admin
      12 |     await page.goto('/login');
    > 13 |     await page.fill('input[name="username"], input[type="email"]', testData.users.admin.email);
         |                                                                             ^
      14 |     await page.fill('input[name="password"], input[type="password"]', testData.users.admin.password);
      15 |     await page.click('button[type="submit"], button:has-text("Login")');
      16 |     await page.waitForLoadState('networkidle');
        at E:\test-project-app\tests\playwright\admin\admin-crud.spec.ts:13:77

    attachment #1: screenshot (image/png) ──────────────────────────────────────────────────────────
    ..\..\test-results\admin-admin-crud-Admin---U-05e4e--validate-password-strength-webkit\test-failed-1.png
    ────────────────────────────────────────────────────────────────────────────────────────────────

    attachment #2: video (video/webm) ──────────────────────────────────────────────────────────────
    ..\..\test-results\admin-admin-crud-Admin---U-05e4e--validate-password-strength-webkit\video.webm
    ────────────────────────────────────────────────────────────────────────────────────────────────

    Error Context: ..\..\test-results\admin-admin-crud-Admin---U-05e4e--validate-password-strength-webkit\error-context.md
]]>
</failure>
<system-out>
<![CDATA[
[[ATTACHMENT|test-results\admin-admin-crud-Admin---U-05e4e--validate-password-strength-webkit\test-failed-1.png]]

[[ATTACHMENT|test-results\admin-admin-crud-Admin---U-05e4e--validate-password-strength-webkit\video.webm]]

[[ATTACHMENT|test-results\admin-admin-crud-Admin---U-05e4e--validate-password-strength-webkit\error-context.md]]
]]>
</system-out>
</testcase>
<testcase name="Admin - User Management CRUD › User Reading › should display users list correctly" classname="admin\admin-crud.spec.ts" time="2.514">
<failure message="admin-crud.spec.ts:168:9 should display users list correctly" type="FAILURE">
<![CDATA[  [webkit] › admin\admin-crud.spec.ts:168:9 › Admin - User Management CRUD › User Reading › should display users list correctly 

    TypeError: Cannot read properties of undefined (reading 'users')

      11 |     // Login as admin
      12 |     await page.goto('/login');
    > 13 |     await page.fill('input[name="username"], input[type="email"]', testData.users.admin.email);
         |                                                                             ^
      14 |     await page.fill('input[name="password"], input[type="password"]', testData.users.admin.password);
      15 |     await page.click('button[type="submit"], button:has-text("Login")');
      16 |     await page.waitForLoadState('networkidle');
        at E:\test-project-app\tests\playwright\admin\admin-crud.spec.ts:13:77

    attachment #1: screenshot (image/png) ──────────────────────────────────────────────────────────
    ..\..\test-results\admin-admin-crud-Admin---U-fbd22-isplay-users-list-correctly-webkit\test-failed-1.png
    ────────────────────────────────────────────────────────────────────────────────────────────────

    attachment #2: video (video/webm) ──────────────────────────────────────────────────────────────
    ..\..\test-results\admin-admin-crud-Admin---U-fbd22-isplay-users-list-correctly-webkit\video.webm
    ────────────────────────────────────────────────────────────────────────────────────────────────

    Error Context: ..\..\test-results\admin-admin-crud-Admin---U-fbd22-isplay-users-list-correctly-webkit\error-context.md
]]>
</failure>
<system-out>
<![CDATA[
[[ATTACHMENT|test-results\admin-admin-crud-Admin---U-fbd22-isplay-users-list-correctly-webkit\test-failed-1.png]]

[[ATTACHMENT|test-results\admin-admin-crud-Admin---U-fbd22-isplay-users-list-correctly-webkit\video.webm]]

[[ATTACHMENT|test-results\admin-admin-crud-Admin---U-fbd22-isplay-users-list-correctly-webkit\error-context.md]]
]]>
</system-out>
</testcase>
<testcase name="Admin - User Management CRUD › User Reading › should show user details correctly" classname="admin\admin-crud.spec.ts" time="2.575">
<failure message="admin-crud.spec.ts:173:9 should show user details correctly" type="FAILURE">
<![CDATA[  [webkit] › admin\admin-crud.spec.ts:173:9 › Admin - User Management CRUD › User Reading › should show user details correctly 

    TypeError: Cannot read properties of undefined (reading 'users')

      11 |     // Login as admin
      12 |     await page.goto('/login');
    > 13 |     await page.fill('input[name="username"], input[type="email"]', testData.users.admin.email);
         |                                                                             ^
      14 |     await page.fill('input[name="password"], input[type="password"]', testData.users.admin.password);
      15 |     await page.click('button[type="submit"], button:has-text("Login")');
      16 |     await page.waitForLoadState('networkidle');
        at E:\test-project-app\tests\playwright\admin\admin-crud.spec.ts:13:77

    attachment #1: screenshot (image/png) ──────────────────────────────────────────────────────────
    ..\..\test-results\admin-admin-crud-Admin---U-7f87a-show-user-details-correctly-webkit\test-failed-1.png
    ────────────────────────────────────────────────────────────────────────────────────────────────

    attachment #2: video (video/webm) ──────────────────────────────────────────────────────────────
    ..\..\test-results\admin-admin-crud-Admin---U-7f87a-show-user-details-correctly-webkit\video.webm
    ────────────────────────────────────────────────────────────────────────────────────────────────

    Error Context: ..\..\test-results\admin-admin-crud-Admin---U-7f87a-show-user-details-correctly-webkit\error-context.md
]]>
</failure>
<system-out>
<![CDATA[
[[ATTACHMENT|test-results\admin-admin-crud-Admin---U-7f87a-show-user-details-correctly-webkit\test-failed-1.png]]

[[ATTACHMENT|test-results\admin-admin-crud-Admin---U-7f87a-show-user-details-correctly-webkit\video.webm]]

[[ATTACHMENT|test-results\admin-admin-crud-Admin---U-7f87a-show-user-details-correctly-webkit\error-context.md]]
]]>
</system-out>
</testcase>
<testcase name="Admin - User Management CRUD › User Reading › should support user search functionality" classname="admin\admin-crud.spec.ts" time="2.431">
<failure message="admin-crud.spec.ts:178:9 should support user search functionality" type="FAILURE">
<![CDATA[  [webkit] › admin\admin-crud.spec.ts:178:9 › Admin - User Management CRUD › User Reading › should support user search functionality 

    TypeError: Cannot read properties of undefined (reading 'users')

      11 |     // Login as admin
      12 |     await page.goto('/login');
    > 13 |     await page.fill('input[name="username"], input[type="email"]', testData.users.admin.email);
         |                                                                             ^
      14 |     await page.fill('input[name="password"], input[type="password"]', testData.users.admin.password);
      15 |     await page.click('button[type="submit"], button:has-text("Login")');
      16 |     await page.waitForLoadState('networkidle');
        at E:\test-project-app\tests\playwright\admin\admin-crud.spec.ts:13:77

    attachment #1: screenshot (image/png) ──────────────────────────────────────────────────────────
    ..\..\test-results\admin-admin-crud-Admin---U-df9a4-t-user-search-functionality-webkit\test-failed-1.png
    ────────────────────────────────────────────────────────────────────────────────────────────────

    attachment #2: video (video/webm) ──────────────────────────────────────────────────────────────
    ..\..\test-results\admin-admin-crud-Admin---U-df9a4-t-user-search-functionality-webkit\video.webm
    ────────────────────────────────────────────────────────────────────────────────────────────────

    Error Context: ..\..\test-results\admin-admin-crud-Admin---U-df9a4-t-user-search-functionality-webkit\error-context.md
]]>
</failure>
<system-out>
<![CDATA[
[[ATTACHMENT|test-results\admin-admin-crud-Admin---U-df9a4-t-user-search-functionality-webkit\test-failed-1.png]]

[[ATTACHMENT|test-results\admin-admin-crud-Admin---U-df9a4-t-user-search-functionality-webkit\video.webm]]

[[ATTACHMENT|test-results\admin-admin-crud-Admin---U-df9a4-t-user-search-functionality-webkit\error-context.md]]
]]>
</system-out>
</testcase>
<testcase name="Admin - User Management CRUD › User Reading › should support role filtering" classname="admin\admin-crud.spec.ts" time="2.23">
<failure message="admin-crud.spec.ts:183:9 should support role filtering" type="FAILURE">
<![CDATA[  [webkit] › admin\admin-crud.spec.ts:183:9 › Admin - User Management CRUD › User Reading › should support role filtering 

    TypeError: Cannot read properties of undefined (reading 'users')

      11 |     // Login as admin
      12 |     await page.goto('/login');
    > 13 |     await page.fill('input[name="username"], input[type="email"]', testData.users.admin.email);
         |                                                                             ^
      14 |     await page.fill('input[name="password"], input[type="password"]', testData.users.admin.password);
      15 |     await page.click('button[type="submit"], button:has-text("Login")');
      16 |     await page.waitForLoadState('networkidle');
        at E:\test-project-app\tests\playwright\admin\admin-crud.spec.ts:13:77

    attachment #1: screenshot (image/png) ──────────────────────────────────────────────────────────
    ..\..\test-results\admin-admin-crud-Admin---U-32929-ould-support-role-filtering-webkit\test-failed-1.png
    ────────────────────────────────────────────────────────────────────────────────────────────────

    attachment #2: video (video/webm) ──────────────────────────────────────────────────────────────
    ..\..\test-results\admin-admin-crud-Admin---U-32929-ould-support-role-filtering-webkit\video.webm
    ────────────────────────────────────────────────────────────────────────────────────────────────

    Error Context: ..\..\test-results\admin-admin-crud-Admin---U-32929-ould-support-role-filtering-webkit\error-context.md
]]>
</failure>
<system-out>
<![CDATA[
[[ATTACHMENT|test-results\admin-admin-crud-Admin---U-32929-ould-support-role-filtering-webkit\test-failed-1.png]]

[[ATTACHMENT|test-results\admin-admin-crud-Admin---U-32929-ould-support-role-filtering-webkit\video.webm]]

[[ATTACHMENT|test-results\admin-admin-crud-Admin---U-32929-ould-support-role-filtering-webkit\error-context.md]]
]]>
</system-out>
</testcase>
<testcase name="Admin - User Management CRUD › User Reading › should show user statistics" classname="admin\admin-crud.spec.ts" time="2.48">
<failure message="admin-crud.spec.ts:188:9 should show user statistics" type="FAILURE">
<![CDATA[  [webkit] › admin\admin-crud.spec.ts:188:9 › Admin - User Management CRUD › User Reading › should show user statistics 

    TypeError: Cannot read properties of undefined (reading 'users')

      11 |     // Login as admin
      12 |     await page.goto('/login');
    > 13 |     await page.fill('input[name="username"], input[type="email"]', testData.users.admin.email);
         |                                                                             ^
      14 |     await page.fill('input[name="password"], input[type="password"]', testData.users.admin.password);
      15 |     await page.click('button[type="submit"], button:has-text("Login")');
      16 |     await page.waitForLoadState('networkidle');
        at E:\test-project-app\tests\playwright\admin\admin-crud.spec.ts:13:77

    attachment #1: screenshot (image/png) ──────────────────────────────────────────────────────────
    ..\..\test-results\admin-admin-crud-Admin---U-b7ebc-should-show-user-statistics-webkit\test-failed-1.png
    ────────────────────────────────────────────────────────────────────────────────────────────────

    attachment #2: video (video/webm) ──────────────────────────────────────────────────────────────
    ..\..\test-results\admin-admin-crud-Admin---U-b7ebc-should-show-user-statistics-webkit\video.webm
    ────────────────────────────────────────────────────────────────────────────────────────────────

    Error Context: ..\..\test-results\admin-admin-crud-Admin---U-b7ebc-should-show-user-statistics-webkit\error-context.md
]]>
</failure>
<system-out>
<![CDATA[
[[ATTACHMENT|test-results\admin-admin-crud-Admin---U-b7ebc-should-show-user-statistics-webkit\test-failed-1.png]]

[[ATTACHMENT|test-results\admin-admin-crud-Admin---U-b7ebc-should-show-user-statistics-webkit\video.webm]]

[[ATTACHMENT|test-results\admin-admin-crud-Admin---U-b7ebc-should-show-user-statistics-webkit\error-context.md]]
]]>
</system-out>
</testcase>
<testcase name="Admin - User Management CRUD › User Updates › should update user successfully" classname="admin\admin-crud.spec.ts" time="2.249">
<failure message="admin-crud.spec.ts:195:9 should update user successfully" type="FAILURE">
<![CDATA[  [webkit] › admin\admin-crud.spec.ts:195:9 › Admin - User Management CRUD › User Updates › should update user successfully 

    TypeError: Cannot read properties of undefined (reading 'users')

      11 |     // Login as admin
      12 |     await page.goto('/login');
    > 13 |     await page.fill('input[name="username"], input[type="email"]', testData.users.admin.email);
         |                                                                             ^
      14 |     await page.fill('input[name="password"], input[type="password"]', testData.users.admin.password);
      15 |     await page.click('button[type="submit"], button:has-text("Login")');
      16 |     await page.waitForLoadState('networkidle');
        at E:\test-project-app\tests\playwright\admin\admin-crud.spec.ts:13:77

    attachment #1: screenshot (image/png) ──────────────────────────────────────────────────────────
    ..\..\test-results\admin-admin-crud-Admin---U-f89e4-ld-update-user-successfully-webkit\test-failed-1.png
    ────────────────────────────────────────────────────────────────────────────────────────────────

    attachment #2: video (video/webm) ──────────────────────────────────────────────────────────────
    ..\..\test-results\admin-admin-crud-Admin---U-f89e4-ld-update-user-successfully-webkit\video.webm
    ────────────────────────────────────────────────────────────────────────────────────────────────

    Error Context: ..\..\test-results\admin-admin-crud-Admin---U-f89e4-ld-update-user-successfully-webkit\error-context.md
]]>
</failure>
<system-out>
<![CDATA[
[[ATTACHMENT|test-results\admin-admin-crud-Admin---U-f89e4-ld-update-user-successfully-webkit\test-failed-1.png]]

[[ATTACHMENT|test-results\admin-admin-crud-Admin---U-f89e4-ld-update-user-successfully-webkit\video.webm]]

[[ATTACHMENT|test-results\admin-admin-crud-Admin---U-f89e4-ld-update-user-successfully-webkit\error-context.md]]
]]>
</system-out>
</testcase>
<testcase name="Admin - User Management CRUD › User Updates › should update user role" classname="admin\admin-crud.spec.ts" time="2.358">
<failure message="admin-crud.spec.ts:204:9 should update user role" type="FAILURE">
<![CDATA[  [webkit] › admin\admin-crud.spec.ts:204:9 › Admin - User Management CRUD › User Updates › should update user role 

    TypeError: Cannot read properties of undefined (reading 'users')

      11 |     // Login as admin
      12 |     await page.goto('/login');
    > 13 |     await page.fill('input[name="username"], input[type="email"]', testData.users.admin.email);
         |                                                                             ^
      14 |     await page.fill('input[name="password"], input[type="password"]', testData.users.admin.password);
      15 |     await page.click('button[type="submit"], button:has-text("Login")');
      16 |     await page.waitForLoadState('networkidle');
        at E:\test-project-app\tests\playwright\admin\admin-crud.spec.ts:13:77

    attachment #1: screenshot (image/png) ──────────────────────────────────────────────────────────
    ..\..\test-results\admin-admin-crud-Admin---U-c9157-tes-should-update-user-role-webkit\test-failed-1.png
    ────────────────────────────────────────────────────────────────────────────────────────────────

    attachment #2: video (video/webm) ──────────────────────────────────────────────────────────────
    ..\..\test-results\admin-admin-crud-Admin---U-c9157-tes-should-update-user-role-webkit\video.webm
    ────────────────────────────────────────────────────────────────────────────────────────────────

    Error Context: ..\..\test-results\admin-admin-crud-Admin---U-c9157-tes-should-update-user-role-webkit\error-context.md
]]>
</failure>
<system-out>
<![CDATA[
[[ATTACHMENT|test-results\admin-admin-crud-Admin---U-c9157-tes-should-update-user-role-webkit\test-failed-1.png]]

[[ATTACHMENT|test-results\admin-admin-crud-Admin---U-c9157-tes-should-update-user-role-webkit\video.webm]]

[[ATTACHMENT|test-results\admin-admin-crud-Admin---U-c9157-tes-should-update-user-role-webkit\error-context.md]]
]]>
</system-out>
</testcase>
<testcase name="Admin - User Management CRUD › User Updates › should update user permissions" classname="admin\admin-crud.spec.ts" time="2.242">
<failure message="admin-crud.spec.ts:212:9 should update user permissions" type="FAILURE">
<![CDATA[  [webkit] › admin\admin-crud.spec.ts:212:9 › Admin - User Management CRUD › User Updates › should update user permissions 

    TypeError: Cannot read properties of undefined (reading 'users')

      11 |     // Login as admin
      12 |     await page.goto('/login');
    > 13 |     await page.fill('input[name="username"], input[type="email"]', testData.users.admin.email);
         |                                                                             ^
      14 |     await page.fill('input[name="password"], input[type="password"]', testData.users.admin.password);
      15 |     await page.click('button[type="submit"], button:has-text("Login")');
      16 |     await page.waitForLoadState('networkidle');
        at E:\test-project-app\tests\playwright\admin\admin-crud.spec.ts:13:77

    attachment #1: screenshot (image/png) ──────────────────────────────────────────────────────────
    ..\..\test-results\admin-admin-crud-Admin---U-86e51-uld-update-user-permissions-webkit\test-failed-1.png
    ────────────────────────────────────────────────────────────────────────────────────────────────

    attachment #2: video (video/webm) ──────────────────────────────────────────────────────────────
    ..\..\test-results\admin-admin-crud-Admin---U-86e51-uld-update-user-permissions-webkit\video.webm
    ────────────────────────────────────────────────────────────────────────────────────────────────

    Error Context: ..\..\test-results\admin-admin-crud-Admin---U-86e51-uld-update-user-permissions-webkit\error-context.md
]]>
</failure>
<system-out>
<![CDATA[
[[ATTACHMENT|test-results\admin-admin-crud-Admin---U-86e51-uld-update-user-permissions-webkit\test-failed-1.png]]

[[ATTACHMENT|test-results\admin-admin-crud-Admin---U-86e51-uld-update-user-permissions-webkit\video.webm]]

[[ATTACHMENT|test-results\admin-admin-crud-Admin---U-86e51-uld-update-user-permissions-webkit\error-context.md]]
]]>
</system-out>
</testcase>
<testcase name="Admin - User Management CRUD › User Updates › should validate updated user data" classname="admin\admin-crud.spec.ts" time="2.214">
<failure message="admin-crud.spec.ts:220:9 should validate updated user data" type="FAILURE">
<![CDATA[  [webkit] › admin\admin-crud.spec.ts:220:9 › Admin - User Management CRUD › User Updates › should validate updated user data 

    TypeError: Cannot read properties of undefined (reading 'users')

      11 |     // Login as admin
      12 |     await page.goto('/login');
    > 13 |     await page.fill('input[name="username"], input[type="email"]', testData.users.admin.email);
         |                                                                             ^
      14 |     await page.fill('input[name="password"], input[type="password"]', testData.users.admin.password);
      15 |     await page.click('button[type="submit"], button:has-text("Login")');
      16 |     await page.waitForLoadState('networkidle');
        at E:\test-project-app\tests\playwright\admin\admin-crud.spec.ts:13:77

    attachment #1: screenshot (image/png) ──────────────────────────────────────────────────────────
    ..\..\test-results\admin-admin-crud-Admin---U-a3755--validate-updated-user-data-webkit\test-failed-1.png
    ────────────────────────────────────────────────────────────────────────────────────────────────

    attachment #2: video (video/webm) ──────────────────────────────────────────────────────────────
    ..\..\test-results\admin-admin-crud-Admin---U-a3755--validate-updated-user-data-webkit\video.webm
    ────────────────────────────────────────────────────────────────────────────────────────────────

    Error Context: ..\..\test-results\admin-admin-crud-Admin---U-a3755--validate-updated-user-data-webkit\error-context.md
]]>
</failure>
<system-out>
<![CDATA[
[[ATTACHMENT|test-results\admin-admin-crud-Admin---U-a3755--validate-updated-user-data-webkit\test-failed-1.png]]

[[ATTACHMENT|test-results\admin-admin-crud-Admin---U-a3755--validate-updated-user-data-webkit\video.webm]]

[[ATTACHMENT|test-results\admin-admin-crud-Admin---U-a3755--validate-updated-user-data-webkit\error-context.md]]
]]>
</system-out>
</testcase>
<testcase name="Admin - User Management CRUD › User Updates › should handle concurrent updates" classname="admin\admin-crud.spec.ts" time="2.364">
<failure message="admin-crud.spec.ts:230:9 should handle concurrent updates" type="FAILURE">
<![CDATA[  [webkit] › admin\admin-crud.spec.ts:230:9 › Admin - User Management CRUD › User Updates › should handle concurrent updates 

    TypeError: Cannot read properties of undefined (reading 'users')

      11 |     // Login as admin
      12 |     await page.goto('/login');
    > 13 |     await page.fill('input[name="username"], input[type="email"]', testData.users.admin.email);
         |                                                                             ^
      14 |     await page.fill('input[name="password"], input[type="password"]', testData.users.admin.password);
      15 |     await page.click('button[type="submit"], button:has-text("Login")');
      16 |     await page.waitForLoadState('networkidle');
        at E:\test-project-app\tests\playwright\admin\admin-crud.spec.ts:13:77

    attachment #1: screenshot (image/png) ──────────────────────────────────────────────────────────
    ..\..\test-results\admin-admin-crud-Admin---U-fa02e-d-handle-concurrent-updates-webkit\test-failed-1.png
    ────────────────────────────────────────────────────────────────────────────────────────────────

    attachment #2: video (video/webm) ──────────────────────────────────────────────────────────────
    ..\..\test-results\admin-admin-crud-Admin---U-fa02e-d-handle-concurrent-updates-webkit\video.webm
    ────────────────────────────────────────────────────────────────────────────────────────────────

    Error Context: ..\..\test-results\admin-admin-crud-Admin---U-fa02e-d-handle-concurrent-updates-webkit\error-context.md
]]>
</failure>
<system-out>
<![CDATA[
[[ATTACHMENT|test-results\admin-admin-crud-Admin---U-fa02e-d-handle-concurrent-updates-webkit\test-failed-1.png]]

[[ATTACHMENT|test-results\admin-admin-crud-Admin---U-fa02e-d-handle-concurrent-updates-webkit\video.webm]]

[[ATTACHMENT|test-results\admin-admin-crud-Admin---U-fa02e-d-handle-concurrent-updates-webkit\error-context.md]]
]]>
</system-out>
</testcase>
<testcase name="Admin - User Management CRUD › User Deletion › should delete user successfully" classname="admin\admin-crud.spec.ts" time="2.178">
<failure message="admin-crud.spec.ts:253:9 should delete user successfully" type="FAILURE">
<![CDATA[  [webkit] › admin\admin-crud.spec.ts:253:9 › Admin - User Management CRUD › User Deletion › should delete user successfully 

    TypeError: Cannot read properties of undefined (reading 'users')

      11 |     // Login as admin
      12 |     await page.goto('/login');
    > 13 |     await page.fill('input[name="username"], input[type="email"]', testData.users.admin.email);
         |                                                                             ^
      14 |     await page.fill('input[name="password"], input[type="password"]', testData.users.admin.password);
      15 |     await page.click('button[type="submit"], button:has-text("Login")');
      16 |     await page.waitForLoadState('networkidle');
        at E:\test-project-app\tests\playwright\admin\admin-crud.spec.ts:13:77

    attachment #1: screenshot (image/png) ──────────────────────────────────────────────────────────
    ..\..\test-results\admin-admin-crud-Admin---U-76625-ld-delete-user-successfully-webkit\test-failed-1.png
    ────────────────────────────────────────────────────────────────────────────────────────────────

    attachment #2: video (video/webm) ──────────────────────────────────────────────────────────────
    ..\..\test-results\admin-admin-crud-Admin---U-76625-ld-delete-user-successfully-webkit\video.webm
    ────────────────────────────────────────────────────────────────────────────────────────────────

    Error Context: ..\..\test-results\admin-admin-crud-Admin---U-76625-ld-delete-user-successfully-webkit\error-context.md
]]>
</failure>
<system-out>
<![CDATA[
[[ATTACHMENT|test-results\admin-admin-crud-Admin---U-76625-ld-delete-user-successfully-webkit\test-failed-1.png]]

[[ATTACHMENT|test-results\admin-admin-crud-Admin---U-76625-ld-delete-user-successfully-webkit\video.webm]]

[[ATTACHMENT|test-results\admin-admin-crud-Admin---U-76625-ld-delete-user-successfully-webkit\error-context.md]]
]]>
</system-out>
</testcase>
<testcase name="Admin - User Management CRUD › User Deletion › should cancel deletion when confirmation is dismissed" classname="admin\admin-crud.spec.ts" time="2.101">
<failure message="admin-crud.spec.ts:277:9 should cancel deletion when confirmation is dismissed" type="FAILURE">
<![CDATA[  [webkit] › admin\admin-crud.spec.ts:277:9 › Admin - User Management CRUD › User Deletion › should cancel deletion when confirmation is dismissed 

    TypeError: Cannot read properties of undefined (reading 'users')

      11 |     // Login as admin
      12 |     await page.goto('/login');
    > 13 |     await page.fill('input[name="username"], input[type="email"]', testData.users.admin.email);
         |                                                                             ^
      14 |     await page.fill('input[name="password"], input[type="password"]', testData.users.admin.password);
      15 |     await page.click('button[type="submit"], button:has-text("Login")');
      16 |     await page.waitForLoadState('networkidle');
        at E:\test-project-app\tests\playwright\admin\admin-crud.spec.ts:13:77

    attachment #1: screenshot (image/png) ──────────────────────────────────────────────────────────
    ..\..\test-results\admin-admin-crud-Admin---U-b10bf-n-confirmation-is-dismissed-webkit\test-failed-1.png
    ────────────────────────────────────────────────────────────────────────────────────────────────

    attachment #2: video (video/webm) ──────────────────────────────────────────────────────────────
    ..\..\test-results\admin-admin-crud-Admin---U-b10bf-n-confirmation-is-dismissed-webkit\video.webm
    ────────────────────────────────────────────────────────────────────────────────────────────────

    Error Context: ..\..\test-results\admin-admin-crud-Admin---U-b10bf-n-confirmation-is-dismissed-webkit\error-context.md
]]>
</failure>
<system-out>
<![CDATA[
[[ATTACHMENT|test-results\admin-admin-crud-Admin---U-b10bf-n-confirmation-is-dismissed-webkit\test-failed-1.png]]

[[ATTACHMENT|test-results\admin-admin-crud-Admin---U-b10bf-n-confirmation-is-dismissed-webkit\video.webm]]

[[ATTACHMENT|test-results\admin-admin-crud-Admin---U-b10bf-n-confirmation-is-dismissed-webkit\error-context.md]]
]]>
</system-out>
</testcase>
<testcase name="Admin - User Management CRUD › User Deletion › should prevent deletion of admin users" classname="admin\admin-crud.spec.ts" time="2.182">
<failure message="admin-crud.spec.ts:289:9 should prevent deletion of admin users" type="FAILURE">
<![CDATA[  [webkit] › admin\admin-crud.spec.ts:289:9 › Admin - User Management CRUD › User Deletion › should prevent deletion of admin users 

    TypeError: Cannot read properties of undefined (reading 'users')

      11 |     // Login as admin
      12 |     await page.goto('/login');
    > 13 |     await page.fill('input[name="username"], input[type="email"]', testData.users.admin.email);
         |                                                                             ^
      14 |     await page.fill('input[name="password"], input[type="password"]', testData.users.admin.password);
      15 |     await page.click('button[type="submit"], button:has-text("Login")');
      16 |     await page.waitForLoadState('networkidle');
        at E:\test-project-app\tests\playwright\admin\admin-crud.spec.ts:13:77

    attachment #1: screenshot (image/png) ──────────────────────────────────────────────────────────
    ..\..\test-results\admin-admin-crud-Admin---U-09274-ent-deletion-of-admin-users-webkit\test-failed-1.png
    ────────────────────────────────────────────────────────────────────────────────────────────────

    attachment #2: video (video/webm) ──────────────────────────────────────────────────────────────
    ..\..\test-results\admin-admin-crud-Admin---U-09274-ent-deletion-of-admin-users-webkit\video.webm
    ────────────────────────────────────────────────────────────────────────────────────────────────

    Error Context: ..\..\test-results\admin-admin-crud-Admin---U-09274-ent-deletion-of-admin-users-webkit\error-context.md
]]>
</failure>
<system-out>
<![CDATA[
[[ATTACHMENT|test-results\admin-admin-crud-Admin---U-09274-ent-deletion-of-admin-users-webkit\test-failed-1.png]]

[[ATTACHMENT|test-results\admin-admin-crud-Admin---U-09274-ent-deletion-of-admin-users-webkit\video.webm]]

[[ATTACHMENT|test-results\admin-admin-crud-Admin---U-09274-ent-deletion-of-admin-users-webkit\error-context.md]]
]]>
</system-out>
</testcase>
<testcase name="Admin - User Management CRUD › User Deletion › should handle bulk user operations" classname="admin\admin-crud.spec.ts" time="2.122">
<failure message="admin-crud.spec.ts:295:9 should handle bulk user operations" type="FAILURE">
<![CDATA[  [webkit] › admin\admin-crud.spec.ts:295:9 › Admin - User Management CRUD › User Deletion › should handle bulk user operations 

    TypeError: Cannot read properties of undefined (reading 'users')

      11 |     // Login as admin
      12 |     await page.goto('/login');
    > 13 |     await page.fill('input[name="username"], input[type="email"]', testData.users.admin.email);
         |                                                                             ^
      14 |     await page.fill('input[name="password"], input[type="password"]', testData.users.admin.password);
      15 |     await page.click('button[type="submit"], button:has-text("Login")');
      16 |     await page.waitForLoadState('networkidle');
        at E:\test-project-app\tests\playwright\admin\admin-crud.spec.ts:13:77

    attachment #1: screenshot (image/png) ──────────────────────────────────────────────────────────
    ..\..\test-results\admin-admin-crud-Admin---U-e3e86-handle-bulk-user-operations-webkit\test-failed-1.png
    ────────────────────────────────────────────────────────────────────────────────────────────────

    attachment #2: video (video/webm) ──────────────────────────────────────────────────────────────
    ..\..\test-results\admin-admin-crud-Admin---U-e3e86-handle-bulk-user-operations-webkit\video.webm
    ────────────────────────────────────────────────────────────────────────────────────────────────

    Error Context: ..\..\test-results\admin-admin-crud-Admin---U-e3e86-handle-bulk-user-operations-webkit\error-context.md
]]>
</failure>
<system-out>
<![CDATA[
[[ATTACHMENT|test-results\admin-admin-crud-Admin---U-e3e86-handle-bulk-user-operations-webkit\test-failed-1.png]]

[[ATTACHMENT|test-results\admin-admin-crud-Admin---U-e3e86-handle-bulk-user-operations-webkit\video.webm]]

[[ATTACHMENT|test-results\admin-admin-crud-Admin---U-e3e86-handle-bulk-user-operations-webkit\error-context.md]]
]]>
</system-out>
</testcase>
<testcase name="Admin - User Management CRUD › Google Emails Management › should add Google email successfully" classname="admin\admin-crud.spec.ts" time="2.283">
<failure message="admin-crud.spec.ts:306:9 should add Google email successfully" type="FAILURE">
<![CDATA[  [webkit] › admin\admin-crud.spec.ts:306:9 › Admin - User Management CRUD › Google Emails Management › should add Google email successfully 

    TypeError: Cannot read properties of undefined (reading 'users')

      11 |     // Login as admin
      12 |     await page.goto('/login');
    > 13 |     await page.fill('input[name="username"], input[type="email"]', testData.users.admin.email);
         |                                                                             ^
      14 |     await page.fill('input[name="password"], input[type="password"]', testData.users.admin.password);
      15 |     await page.click('button[type="submit"], button:has-text("Login")');
      16 |     await page.waitForLoadState('networkidle');
        at E:\test-project-app\tests\playwright\admin\admin-crud.spec.ts:13:77

    attachment #1: screenshot (image/png) ──────────────────────────────────────────────────────────
    ..\..\test-results\admin-admin-crud-Admin---U-159e1-d-Google-email-successfully-webkit\test-failed-1.png
    ────────────────────────────────────────────────────────────────────────────────────────────────

    attachment #2: video (video/webm) ──────────────────────────────────────────────────────────────
    ..\..\test-results\admin-admin-crud-Admin---U-159e1-d-Google-email-successfully-webkit\video.webm
    ────────────────────────────────────────────────────────────────────────────────────────────────

    Error Context: ..\..\test-results\admin-admin-crud-Admin---U-159e1-d-Google-email-successfully-webkit\error-context.md
]]>
</failure>
<system-out>
<![CDATA[
[[ATTACHMENT|test-results\admin-admin-crud-Admin---U-159e1-d-Google-email-successfully-webkit\test-failed-1.png]]

[[ATTACHMENT|test-results\admin-admin-crud-Admin---U-159e1-d-Google-email-successfully-webkit\video.webm]]

[[ATTACHMENT|test-results\admin-admin-crud-Admin---U-159e1-d-Google-email-successfully-webkit\error-context.md]]
]]>
</system-out>
</testcase>
<testcase name="Admin - User Management CRUD › Google Emails Management › should validate email format for Google emails" classname="admin\admin-crud.spec.ts" time="2.143">
<failure message="admin-crud.spec.ts:317:9 should validate email format for Google emails" type="FAILURE">
<![CDATA[  [webkit] › admin\admin-crud.spec.ts:317:9 › Admin - User Management CRUD › Google Emails Management › should validate email format for Google emails 

    TypeError: Cannot read properties of undefined (reading 'users')

      11 |     // Login as admin
      12 |     await page.goto('/login');
    > 13 |     await page.fill('input[name="username"], input[type="email"]', testData.users.admin.email);
         |                                                                             ^
      14 |     await page.fill('input[name="password"], input[type="password"]', testData.users.admin.password);
      15 |     await page.click('button[type="submit"], button:has-text("Login")');
      16 |     await page.waitForLoadState('networkidle');
        at E:\test-project-app\tests\playwright\admin\admin-crud.spec.ts:13:77

    attachment #1: screenshot (image/png) ──────────────────────────────────────────────────────────
    ..\..\test-results\admin-admin-crud-Admin---U-449f3-il-format-for-Google-emails-webkit\test-failed-1.png
    ────────────────────────────────────────────────────────────────────────────────────────────────

    attachment #2: video (video/webm) ──────────────────────────────────────────────────────────────
    ..\..\test-results\admin-admin-crud-Admin---U-449f3-il-format-for-Google-emails-webkit\video.webm
    ────────────────────────────────────────────────────────────────────────────────────────────────

    Error Context: ..\..\test-results\admin-admin-crud-Admin---U-449f3-il-format-for-Google-emails-webkit\error-context.md
]]>
</failure>
<system-out>
<![CDATA[
[[ATTACHMENT|test-results\admin-admin-crud-Admin---U-449f3-il-format-for-Google-emails-webkit\test-failed-1.png]]

[[ATTACHMENT|test-results\admin-admin-crud-Admin---U-449f3-il-format-for-Google-emails-webkit\video.webm]]

[[ATTACHMENT|test-results\admin-admin-crud-Admin---U-449f3-il-format-for-Google-emails-webkit\error-context.md]]
]]>
</system-out>
</testcase>
<testcase name="Admin - User Management CRUD › Google Emails Management › should prevent duplicate Google emails" classname="admin\admin-crud.spec.ts" time="2.123">
<failure message="admin-crud.spec.ts:326:9 should prevent duplicate Google emails" type="FAILURE">
<![CDATA[  [webkit] › admin\admin-crud.spec.ts:326:9 › Admin - User Management CRUD › Google Emails Management › should prevent duplicate Google emails 

    TypeError: Cannot read properties of undefined (reading 'users')

      11 |     // Login as admin
      12 |     await page.goto('/login');
    > 13 |     await page.fill('input[name="username"], input[type="email"]', testData.users.admin.email);
         |                                                                             ^
      14 |     await page.fill('input[name="password"], input[type="password"]', testData.users.admin.password);
      15 |     await page.click('button[type="submit"], button:has-text("Login")');
      16 |     await page.waitForLoadState('networkidle');
        at E:\test-project-app\tests\playwright\admin\admin-crud.spec.ts:13:77

    attachment #1: screenshot (image/png) ──────────────────────────────────────────────────────────
    ..\..\test-results\admin-admin-crud-Admin---U-df1e4-ent-duplicate-Google-emails-webkit\test-failed-1.png
    ────────────────────────────────────────────────────────────────────────────────────────────────

    attachment #2: video (video/webm) ──────────────────────────────────────────────────────────────
    ..\..\test-results\admin-admin-crud-Admin---U-df1e4-ent-duplicate-Google-emails-webkit\video.webm
    ────────────────────────────────────────────────────────────────────────────────────────────────

    Error Context: ..\..\test-results\admin-admin-crud-Admin---U-df1e4-ent-duplicate-Google-emails-webkit\error-context.md
]]>
</failure>
<system-out>
<![CDATA[
[[ATTACHMENT|test-results\admin-admin-crud-Admin---U-df1e4-ent-duplicate-Google-emails-webkit\test-failed-1.png]]

[[ATTACHMENT|test-results\admin-admin-crud-Admin---U-df1e4-ent-duplicate-Google-emails-webkit\video.webm]]

[[ATTACHMENT|test-results\admin-admin-crud-Admin---U-df1e4-ent-duplicate-Google-emails-webkit\error-context.md]]
]]>
</system-out>
</testcase>
<testcase name="Admin - User Management CRUD › Google Emails Management › should delete Google email successfully" classname="admin\admin-crud.spec.ts" time="2.103">
<failure message="admin-crud.spec.ts:340:9 should delete Google email successfully" type="FAILURE">
<![CDATA[  [webkit] › admin\admin-crud.spec.ts:340:9 › Admin - User Management CRUD › Google Emails Management › should delete Google email successfully 

    TypeError: Cannot read properties of undefined (reading 'users')

      11 |     // Login as admin
      12 |     await page.goto('/login');
    > 13 |     await page.fill('input[name="username"], input[type="email"]', testData.users.admin.email);
         |                                                                             ^
      14 |     await page.fill('input[name="password"], input[type="password"]', testData.users.admin.password);
      15 |     await page.click('button[type="submit"], button:has-text("Login")');
      16 |     await page.waitForLoadState('networkidle');
        at E:\test-project-app\tests\playwright\admin\admin-crud.spec.ts:13:77

    attachment #1: screenshot (image/png) ──────────────────────────────────────────────────────────
    ..\..\test-results\admin-admin-crud-Admin---U-e221e-e-Google-email-successfully-webkit\test-failed-1.png
    ────────────────────────────────────────────────────────────────────────────────────────────────

    attachment #2: video (video/webm) ──────────────────────────────────────────────────────────────
    ..\..\test-results\admin-admin-crud-Admin---U-e221e-e-Google-email-successfully-webkit\video.webm
    ────────────────────────────────────────────────────────────────────────────────────────────────

    Error Context: ..\..\test-results\admin-admin-crud-Admin---U-e221e-e-Google-email-successfully-webkit\error-context.md
]]>
</failure>
<system-out>
<![CDATA[
[[ATTACHMENT|test-results\admin-admin-crud-Admin---U-e221e-e-Google-email-successfully-webkit\test-failed-1.png]]

[[ATTACHMENT|test-results\admin-admin-crud-Admin---U-e221e-e-Google-email-successfully-webkit\video.webm]]

[[ATTACHMENT|test-results\admin-admin-crud-Admin---U-e221e-e-Google-email-successfully-webkit\error-context.md]]
]]>
</system-out>
</testcase>
<testcase name="Admin - User Management CRUD › Admin Dashboard › should display admin dashboard correctly" classname="admin\admin-crud.spec.ts" time="2.108">
<failure message="admin-crud.spec.ts:360:9 should display admin dashboard correctly" type="FAILURE">
<![CDATA[  [webkit] › admin\admin-crud.spec.ts:360:9 › Admin - User Management CRUD › Admin Dashboard › should display admin dashboard correctly 

    TypeError: Cannot read properties of undefined (reading 'users')

      11 |     // Login as admin
      12 |     await page.goto('/login');
    > 13 |     await page.fill('input[name="username"], input[type="email"]', testData.users.admin.email);
         |                                                                             ^
      14 |     await page.fill('input[name="password"], input[type="password"]', testData.users.admin.password);
      15 |     await page.click('button[type="submit"], button:has-text("Login")');
      16 |     await page.waitForLoadState('networkidle');
        at E:\test-project-app\tests\playwright\admin\admin-crud.spec.ts:13:77

    attachment #1: screenshot (image/png) ──────────────────────────────────────────────────────────
    ..\..\test-results\admin-admin-crud-Admin---U-2ac0a-y-admin-dashboard-correctly-webkit\test-failed-1.png
    ────────────────────────────────────────────────────────────────────────────────────────────────

    attachment #2: video (video/webm) ──────────────────────────────────────────────────────────────
    ..\..\test-results\admin-admin-crud-Admin---U-2ac0a-y-admin-dashboard-correctly-webkit\video.webm
    ────────────────────────────────────────────────────────────────────────────────────────────────

    Error Context: ..\..\test-results\admin-admin-crud-Admin---U-2ac0a-y-admin-dashboard-correctly-webkit\error-context.md
]]>
</failure>
<system-out>
<![CDATA[
[[ATTACHMENT|test-results\admin-admin-crud-Admin---U-2ac0a-y-admin-dashboard-correctly-webkit\test-failed-1.png]]

[[ATTACHMENT|test-results\admin-admin-crud-Admin---U-2ac0a-y-admin-dashboard-correctly-webkit\video.webm]]

[[ATTACHMENT|test-results\admin-admin-crud-Admin---U-2ac0a-y-admin-dashboard-correctly-webkit\error-context.md]]
]]>
</system-out>
</testcase>
<testcase name="Admin - User Management CRUD › Admin Dashboard › should navigate between admin tabs" classname="admin\admin-crud.spec.ts" time="2.315">
<failure message="admin-crud.spec.ts:367:9 should navigate between admin tabs" type="FAILURE">
<![CDATA[  [webkit] › admin\admin-crud.spec.ts:367:9 › Admin - User Management CRUD › Admin Dashboard › should navigate between admin tabs 

    TypeError: Cannot read properties of undefined (reading 'users')

      11 |     // Login as admin
      12 |     await page.goto('/login');
    > 13 |     await page.fill('input[name="username"], input[type="email"]', testData.users.admin.email);
         |                                                                             ^
      14 |     await page.fill('input[name="password"], input[type="password"]', testData.users.admin.password);
      15 |     await page.click('button[type="submit"], button:has-text("Login")');
      16 |     await page.waitForLoadState('networkidle');
        at E:\test-project-app\tests\playwright\admin\admin-crud.spec.ts:13:77

    attachment #1: screenshot (image/png) ──────────────────────────────────────────────────────────
    ..\..\test-results\admin-admin-crud-Admin---U-09657-navigate-between-admin-tabs-webkit\test-failed-1.png
    ────────────────────────────────────────────────────────────────────────────────────────────────

    attachment #2: video (video/webm) ──────────────────────────────────────────────────────────────
    ..\..\test-results\admin-admin-crud-Admin---U-09657-navigate-between-admin-tabs-webkit\video.webm
    ────────────────────────────────────────────────────────────────────────────────────────────────

    Error Context: ..\..\test-results\admin-admin-crud-Admin---U-09657-navigate-between-admin-tabs-webkit\error-context.md
]]>
</failure>
<system-out>
<![CDATA[
[[ATTACHMENT|test-results\admin-admin-crud-Admin---U-09657-navigate-between-admin-tabs-webkit\test-failed-1.png]]

[[ATTACHMENT|test-results\admin-admin-crud-Admin---U-09657-navigate-between-admin-tabs-webkit\video.webm]]

[[ATTACHMENT|test-results\admin-admin-crud-Admin---U-09657-navigate-between-admin-tabs-webkit\error-context.md]]
]]>
</system-out>
</testcase>
<testcase name="Admin - User Management CRUD › Admin Dashboard › should show real-time statistics updates" classname="admin\admin-crud.spec.ts" time="2.313">
<failure message="admin-crud.spec.ts:378:9 should show real-time statistics updates" type="FAILURE">
<![CDATA[  [webkit] › admin\admin-crud.spec.ts:378:9 › Admin - User Management CRUD › Admin Dashboard › should show real-time statistics updates 

    TypeError: Cannot read properties of undefined (reading 'users')

      11 |     // Login as admin
      12 |     await page.goto('/login');
    > 13 |     await page.fill('input[name="username"], input[type="email"]', testData.users.admin.email);
         |                                                                             ^
      14 |     await page.fill('input[name="password"], input[type="password"]', testData.users.admin.password);
      15 |     await page.click('button[type="submit"], button:has-text("Login")');
      16 |     await page.waitForLoadState('networkidle');
        at E:\test-project-app\tests\playwright\admin\admin-crud.spec.ts:13:77

    attachment #1: screenshot (image/png) ──────────────────────────────────────────────────────────
    ..\..\test-results\admin-admin-crud-Admin---U-ca2e0-eal-time-statistics-updates-webkit\test-failed-1.png
    ────────────────────────────────────────────────────────────────────────────────────────────────

    attachment #2: video (video/webm) ──────────────────────────────────────────────────────────────
    ..\..\test-results\admin-admin-crud-Admin---U-ca2e0-eal-time-statistics-updates-webkit\video.webm
    ────────────────────────────────────────────────────────────────────────────────────────────────

    Error Context: ..\..\test-results\admin-admin-crud-Admin---U-ca2e0-eal-time-statistics-updates-webkit\error-context.md
]]>
</failure>
<system-out>
<![CDATA[
[[ATTACHMENT|test-results\admin-admin-crud-Admin---U-ca2e0-eal-time-statistics-updates-webkit\test-failed-1.png]]

[[ATTACHMENT|test-results\admin-admin-crud-Admin---U-ca2e0-eal-time-statistics-updates-webkit\video.webm]]

[[ATTACHMENT|test-results\admin-admin-crud-Admin---U-ca2e0-eal-time-statistics-updates-webkit\error-context.md]]
]]>
</system-out>
</testcase>
</testsuite>
<testsuite name="admin\event-create.spec.ts" timestamp="2026-02-20T03:52:25.301Z" hostname="webkit" tests="1" failures="0" skipped="0" time="8.097" errors="0">
<testcase name="Admin: Event creation › creates event and shows it in the Events list" classname="admin\event-create.spec.ts" time="8.097">
</testcase>
</testsuite>
<testsuite name="admin\event-toggle-publish.spec.ts" timestamp="2026-02-20T03:52:25.301Z" hostname="webkit" tests="1" failures="1" skipped="0" time="31.118" errors="0">
<testcase name="Admin: Toggle event publish status › toggles publish and updates Published column immediately" classname="admin\event-toggle-publish.spec.ts" time="31.118">
<failure message="event-toggle-publish.spec.ts:10:7 toggles publish and updates Published column immediately" type="FAILURE">
<![CDATA[  [webkit] › admin\event-toggle-publish.spec.ts:10:7 › Admin: Toggle event publish status › toggles publish and updates Published column immediately › Verify initial Published=false and toggle ON 

    Test timeout of 30000ms exceeded.

    Error: page.waitForResponse: Test timeout of 30000ms exceeded.

      120 |
      121 |       // Click toggle publish
    > 122 |       const waited = page.waitForResponse((res) => res.url().includes('/api/events/101/toggle-publish') && res.request().method() === 'PATCH');
          |                           ^
      123 |       await publishAction.click();
      124 |       await waited;
      125 |
        at E:\test-project-app\tests\playwright\admin\event-toggle-publish.spec.ts:122:27
        at E:\test-project-app\tests\playwright\admin\event-toggle-publish.spec.ts:111:5

    attachment #1: screenshot (image/png) ──────────────────────────────────────────────────────────
    ..\..\test-results\admin-event-toggle-publish-a401c-ublished-column-immediately-webkit\test-failed-1.png
    ────────────────────────────────────────────────────────────────────────────────────────────────

    attachment #2: video (video/webm) ──────────────────────────────────────────────────────────────
    ..\..\test-results\admin-event-toggle-publish-a401c-ublished-column-immediately-webkit\video.webm
    ────────────────────────────────────────────────────────────────────────────────────────────────

    Error Context: ..\..\test-results\admin-event-toggle-publish-a401c-ublished-column-immediately-webkit\error-context.md
]]>
</failure>
<system-out>
<![CDATA[
[[ATTACHMENT|test-results\admin-event-toggle-publish-a401c-ublished-column-immediately-webkit\test-failed-1.png]]

[[ATTACHMENT|test-results\admin-event-toggle-publish-a401c-ublished-column-immediately-webkit\video.webm]]

[[ATTACHMENT|test-results\admin-event-toggle-publish-a401c-ublished-column-immediately-webkit\error-context.md]]
]]>
</system-out>
</testcase>
</testsuite>
<testsuite name="api\api-validation.spec.ts" timestamp="2026-02-20T03:52:25.301Z" hostname="webkit" tests="33" failures="29" skipped="0" time="1.537" errors="0">
<testcase name="API Validation › Authentication API › should login successfully with valid credentials" classname="api\api-validation.spec.ts" time="0.055">
<failure message="api-validation.spec.ts:12:9 should login successfully with valid credentials" type="FAILURE">
<![CDATA[  [webkit] › api\api-validation.spec.ts:12:9 › API Validation › Authentication API › should login successfully with valid credentials 

    TypeError: Cannot read properties of undefined (reading 'users')

      12 |     test('should login successfully with valid credentials', async ({ request }, { testData }) => {
      13 |       const response = await apiHelpers.login({
    > 14 |         username: testData.users.admin.email,
         |                            ^
      15 |         password: testData.users.admin.password
      16 |       });
      17 |
        at E:\test-project-app\tests\playwright\api\api-validation.spec.ts:14:28
]]>
</failure>
</testcase>
<testcase name="API Validation › Authentication API › should return 401 for invalid credentials" classname="api\api-validation.spec.ts" time="0.323">
<failure message="api-validation.spec.ts:23:9 should return 401 for invalid credentials" type="FAILURE">
<![CDATA[  [webkit] › api\api-validation.spec.ts:23:9 › API Validation › Authentication API › should return 401 for invalid credentials 

    TypeError: Cannot read properties of undefined (reading 'status')

      28 |         });
      29 |       } catch (error: any) {
    > 30 |         expect(error.response.status).toBe(401);
         |                               ^
      31 |       }
      32 |     });
      33 |
        at E:\test-project-app\tests\playwright\api\api-validation.spec.ts:30:31
]]>
</failure>
</testcase>
<testcase name="API Validation › Authentication API › should return 400 for missing credentials" classname="api\api-validation.spec.ts" time="0.077">
<failure message="api-validation.spec.ts:34:9 should return 400 for missing credentials" type="FAILURE">
<![CDATA[  [webkit] › api\api-validation.spec.ts:34:9 › API Validation › Authentication API › should return 400 for missing credentials 

    TypeError: Cannot read properties of undefined (reading 'status')

      39 |         });
      40 |       } catch (error: any) {
    > 41 |         expect(error.response.status).toBe(400);
         |                               ^
      42 |       }
      43 |     });
      44 |
        at E:\test-project-app\tests\playwright\api\api-validation.spec.ts:41:31
]]>
</failure>
</testcase>
<testcase name="API Validation › Authentication API › should refresh token successfully" classname="api\api-validation.spec.ts" time="0.029">
<failure message="api-validation.spec.ts:45:9 should refresh token successfully" type="FAILURE">
<![CDATA[  [webkit] › api\api-validation.spec.ts:45:9 › API Validation › Authentication API › should refresh token successfully 

    TypeError: Cannot read properties of undefined (reading 'users')

      45 |     test('should refresh token successfully', async ({ request }, { testData }) => {
      46 |       const loginResponse = await apiHelpers.login({
    > 47 |         username: testData.users.admin.email,
         |                            ^
      48 |         password: testData.users.admin.password
      49 |       });
      50 |
        at E:\test-project-app\tests\playwright\api\api-validation.spec.ts:47:28
]]>
</failure>
</testcase>
<testcase name="API Validation › Authentication API › should logout successfully" classname="api\api-validation.spec.ts" time="0.018">
<failure message="api-validation.spec.ts:56:9 should logout successfully" type="FAILURE">
<![CDATA[  [webkit] › api\api-validation.spec.ts:56:9 › API Validation › Authentication API › should logout successfully 

    TypeError: Cannot read properties of undefined (reading 'users')

      56 |     test('should logout successfully', async ({ request }, { testData }) => {
      57 |       await apiHelpers.login({
    > 58 |         username: testData.users.admin.email,
         |                            ^
      59 |         password: testData.users.admin.password
      60 |       });
      61 |
        at E:\test-project-app\tests\playwright\api\api-validation.spec.ts:58:28
]]>
</failure>
</testcase>
<testcase name="API Validation › Authentication API › should return 401 for requests without authentication" classname="api\api-validation.spec.ts" time="0.069">
<failure message="api-validation.spec.ts:66:9 should return 401 for requests without authentication" type="FAILURE">
<![CDATA[  [webkit] › api\api-validation.spec.ts:66:9 › API Validation › Authentication API › should return 401 for requests without authentication 

    TypeError: Cannot read properties of undefined (reading 'status')

      68 |         await apiHelpers.getUsers();
      69 |       } catch (error: any) {
    > 70 |         expect(error.response.status).toBe(401);
         |                               ^
      71 |       }
      72 |     });
      73 |   });
        at E:\test-project-app\tests\playwright\api\api-validation.spec.ts:70:31
]]>
</failure>
</testcase>
<testcase name="API Validation › Users API › should get users list" classname="api\api-validation.spec.ts" time="0.028">
<failure message="api-validation.spec.ts:83:9 should get users list" type="FAILURE">
<![CDATA[  [webkit] › api\api-validation.spec.ts:83:9 › API Validation › Users API › should get users list ──

    TypeError: Cannot read properties of undefined (reading 'users')

      76 |     test.beforeEach(async ({ request }, { testData }) => {
      77 |       await apiHelpers.login({
    > 78 |         username: testData.users.admin.email,
         |                            ^
      79 |         password: testData.users.admin.password
      80 |       });
      81 |     });
        at E:\test-project-app\tests\playwright\api\api-validation.spec.ts:78:28
]]>
</failure>
</testcase>
<testcase name="API Validation › Users API › should create user successfully" classname="api\api-validation.spec.ts" time="0.024">
<failure message="api-validation.spec.ts:89:9 should create user successfully" type="FAILURE">
<![CDATA[  [webkit] › api\api-validation.spec.ts:89:9 › API Validation › Users API › should create user successfully 

    TypeError: Cannot read properties of undefined (reading 'users')

      76 |     test.beforeEach(async ({ request }, { testData }) => {
      77 |       await apiHelpers.login({
    > 78 |         username: testData.users.admin.email,
         |                            ^
      79 |         password: testData.users.admin.password
      80 |       });
      81 |     });
        at E:\test-project-app\tests\playwright\api\api-validation.spec.ts:78:28
]]>
</failure>
</testcase>
<testcase name="API Validation › Users API › should return 400 for invalid user data" classname="api\api-validation.spec.ts" time="0.028">
<failure message="api-validation.spec.ts:105:9 should return 400 for invalid user data" type="FAILURE">
<![CDATA[  [webkit] › api\api-validation.spec.ts:105:9 › API Validation › Users API › should return 400 for invalid user data 

    TypeError: Cannot read properties of undefined (reading 'users')

      76 |     test.beforeEach(async ({ request }, { testData }) => {
      77 |       await apiHelpers.login({
    > 78 |         username: testData.users.admin.email,
         |                            ^
      79 |         password: testData.users.admin.password
      80 |       });
      81 |     });
        at E:\test-project-app\tests\playwright\api\api-validation.spec.ts:78:28
]]>
</failure>
</testcase>
<testcase name="API Validation › Users API › should return 400 for duplicate username" classname="api\api-validation.spec.ts" time="0.029">
<failure message="api-validation.spec.ts:120:9 should return 400 for duplicate username" type="FAILURE">
<![CDATA[  [webkit] › api\api-validation.spec.ts:120:9 › API Validation › Users API › should return 400 for duplicate username 

    TypeError: Cannot read properties of undefined (reading 'users')

      76 |     test.beforeEach(async ({ request }, { testData }) => {
      77 |       await apiHelpers.login({
    > 78 |         username: testData.users.admin.email,
         |                            ^
      79 |         password: testData.users.admin.password
      80 |       });
      81 |     });
        at E:\test-project-app\tests\playwright\api\api-validation.spec.ts:78:28
]]>
</failure>
</testcase>
<testcase name="API Validation › Users API › should get user by ID" classname="api\api-validation.spec.ts" time="0.029">
<failure message="api-validation.spec.ts:142:9 should get user by ID" type="FAILURE">
<![CDATA[  [webkit] › api\api-validation.spec.ts:142:9 › API Validation › Users API › should get user by ID ─

    TypeError: Cannot read properties of undefined (reading 'users')

      76 |     test.beforeEach(async ({ request }, { testData }) => {
      77 |       await apiHelpers.login({
    > 78 |         username: testData.users.admin.email,
         |                            ^
      79 |         password: testData.users.admin.password
      80 |       });
      81 |     });
        at E:\test-project-app\tests\playwright\api\api-validation.spec.ts:78:28
]]>
</failure>
</testcase>
<testcase name="API Validation › Users API › should update user successfully" classname="api\api-validation.spec.ts" time="0.032">
<failure message="api-validation.spec.ts:160:9 should update user successfully" type="FAILURE">
<![CDATA[  [webkit] › api\api-validation.spec.ts:160:9 › API Validation › Users API › should update user successfully 

    TypeError: Cannot read properties of undefined (reading 'users')

      76 |     test.beforeEach(async ({ request }, { testData }) => {
      77 |       await apiHelpers.login({
    > 78 |         username: testData.users.admin.email,
         |                            ^
      79 |         password: testData.users.admin.password
      80 |       });
      81 |     });
        at E:\test-project-app\tests\playwright\api\api-validation.spec.ts:78:28
]]>
</failure>
</testcase>
<testcase name="API Validation › Users API › should delete user successfully" classname="api\api-validation.spec.ts" time="0.06">
<failure message="api-validation.spec.ts:182:9 should delete user successfully" type="FAILURE">
<![CDATA[  [webkit] › api\api-validation.spec.ts:182:9 › API Validation › Users API › should delete user successfully 

    TypeError: Cannot read properties of undefined (reading 'users')

      76 |     test.beforeEach(async ({ request }, { testData }) => {
      77 |       await apiHelpers.login({
    > 78 |         username: testData.users.admin.email,
         |                            ^
      79 |         password: testData.users.admin.password
      80 |       });
      81 |     });
        at E:\test-project-app\tests\playwright\api\api-validation.spec.ts:78:28
]]>
</failure>
</testcase>
<testcase name="API Validation › Users API › should return 404 for non-existent user" classname="api\api-validation.spec.ts" time="0.04">
<failure message="api-validation.spec.ts:199:9 should return 404 for non-existent user" type="FAILURE">
<![CDATA[  [webkit] › api\api-validation.spec.ts:199:9 › API Validation › Users API › should return 404 for non-existent user 

    TypeError: Cannot read properties of undefined (reading 'users')

      76 |     test.beforeEach(async ({ request }, { testData }) => {
      77 |       await apiHelpers.login({
    > 78 |         username: testData.users.admin.email,
         |                            ^
      79 |         password: testData.users.admin.password
      80 |       });
      81 |     });
        at E:\test-project-app\tests\playwright\api\api-validation.spec.ts:78:28
]]>
</failure>
</testcase>
<testcase name="API Validation › Events API › should get events list" classname="api\api-validation.spec.ts" time="0.028">
<failure message="api-validation.spec.ts:216:9 should get events list" type="FAILURE">
<![CDATA[  [webkit] › api\api-validation.spec.ts:216:9 › API Validation › Events API › should get events list 

    TypeError: Cannot read properties of undefined (reading 'users')

      209 |     test.beforeEach(async ({ request }, { testData }) => {
      210 |       await apiHelpers.login({
    > 211 |         username: testData.users.admin.email,
          |                            ^
      212 |         password: testData.users.admin.password
      213 |       });
      214 |     });
        at E:\test-project-app\tests\playwright\api\api-validation.spec.ts:211:28
]]>
</failure>
</testcase>
<testcase name="API Validation › Events API › should create event successfully" classname="api\api-validation.spec.ts" time="0.026">
<failure message="api-validation.spec.ts:222:9 should create event successfully" type="FAILURE">
<![CDATA[  [webkit] › api\api-validation.spec.ts:222:9 › API Validation › Events API › should create event successfully 

    TypeError: Cannot read properties of undefined (reading 'users')

      209 |     test.beforeEach(async ({ request }, { testData }) => {
      210 |       await apiHelpers.login({
    > 211 |         username: testData.users.admin.email,
          |                            ^
      212 |         password: testData.users.admin.password
      213 |       });
      214 |     });
        at E:\test-project-app\tests\playwright\api\api-validation.spec.ts:211:28
]]>
</failure>
</testcase>
<testcase name="API Validation › Events API › should return 400 for invalid event data" classname="api\api-validation.spec.ts" time="0.007">
<failure message="api-validation.spec.ts:239:9 should return 400 for invalid event data" type="FAILURE">
<![CDATA[  [webkit] › api\api-validation.spec.ts:239:9 › API Validation › Events API › should return 400 for invalid event data 

    TypeError: Cannot read properties of undefined (reading 'users')

      209 |     test.beforeEach(async ({ request }, { testData }) => {
      210 |       await apiHelpers.login({
    > 211 |         username: testData.users.admin.email,
          |                            ^
      212 |         password: testData.users.admin.password
      213 |       });
      214 |     });
        at E:\test-project-app\tests\playwright\api\api-validation.spec.ts:211:28
]]>
</failure>
</testcase>
<testcase name="API Validation › Events API › should get event by ID" classname="api\api-validation.spec.ts" time="0.024">
<failure message="api-validation.spec.ts:256:9 should get event by ID" type="FAILURE">
<![CDATA[  [webkit] › api\api-validation.spec.ts:256:9 › API Validation › Events API › should get event by ID 

    TypeError: Cannot read properties of undefined (reading 'users')

      209 |     test.beforeEach(async ({ request }, { testData }) => {
      210 |       await apiHelpers.login({
    > 211 |         username: testData.users.admin.email,
          |                            ^
      212 |         password: testData.users.admin.password
      213 |       });
      214 |     });
        at E:\test-project-app\tests\playwright\api\api-validation.spec.ts:211:28
]]>
</failure>
</testcase>
<testcase name="API Validation › Events API › should update event successfully" classname="api\api-validation.spec.ts" time="0.021">
<failure message="api-validation.spec.ts:276:9 should update event successfully" type="FAILURE">
<![CDATA[  [webkit] › api\api-validation.spec.ts:276:9 › API Validation › Events API › should update event successfully 

    TypeError: Cannot read properties of undefined (reading 'users')

      209 |     test.beforeEach(async ({ request }, { testData }) => {
      210 |       await apiHelpers.login({
    > 211 |         username: testData.users.admin.email,
          |                            ^
      212 |         password: testData.users.admin.password
      213 |       });
      214 |     });
        at E:\test-project-app\tests\playwright\api\api-validation.spec.ts:211:28
]]>
</failure>
</testcase>
<testcase name="API Validation › Events API › should delete event successfully" classname="api\api-validation.spec.ts" time="0.027">
<failure message="api-validation.spec.ts:300:9 should delete event successfully" type="FAILURE">
<![CDATA[  [webkit] › api\api-validation.spec.ts:300:9 › API Validation › Events API › should delete event successfully 

    TypeError: Cannot read properties of undefined (reading 'users')

      209 |     test.beforeEach(async ({ request }, { testData }) => {
      210 |       await apiHelpers.login({
    > 211 |         username: testData.users.admin.email,
          |                            ^
      212 |         password: testData.users.admin.password
      213 |       });
      214 |     });
        at E:\test-project-app\tests\playwright\api\api-validation.spec.ts:211:28
]]>
</failure>
</testcase>
<testcase name="API Validation › Events API › should register for event successfully" classname="api\api-validation.spec.ts" time="0.029">
<failure message="api-validation.spec.ts:319:9 should register for event successfully" type="FAILURE">
<![CDATA[  [webkit] › api\api-validation.spec.ts:319:9 › API Validation › Events API › should register for event successfully 

    TypeError: Cannot read properties of undefined (reading 'users')

      209 |     test.beforeEach(async ({ request }, { testData }) => {
      210 |       await apiHelpers.login({
    > 211 |         username: testData.users.admin.email,
          |                            ^
      212 |         password: testData.users.admin.password
      213 |       });
      214 |     });
        at E:\test-project-app\tests\playwright\api\api-validation.spec.ts:211:28
]]>
</failure>
</testcase>
<testcase name="API Validation › Events API › should return 400 for duplicate registration" classname="api\api-validation.spec.ts" time="0.03">
<failure message="api-validation.spec.ts:346:9 should return 400 for duplicate registration" type="FAILURE">
<![CDATA[  [webkit] › api\api-validation.spec.ts:346:9 › API Validation › Events API › should return 400 for duplicate registration 

    TypeError: Cannot read properties of undefined (reading 'users')

      209 |     test.beforeEach(async ({ request }, { testData }) => {
      210 |       await apiHelpers.login({
    > 211 |         username: testData.users.admin.email,
          |                            ^
      212 |         password: testData.users.admin.password
      213 |       });
      214 |     });
        at E:\test-project-app\tests\playwright\api\api-validation.spec.ts:211:28
]]>
</failure>
</testcase>
<testcase name="API Validation › Scores API › should submit score successfully" classname="api\api-validation.spec.ts" time="0.023">
<failure message="api-validation.spec.ts:381:9 should submit score successfully" type="FAILURE">
<![CDATA[  [webkit] › api\api-validation.spec.ts:381:9 › API Validation › Scores API › should submit score successfully 

    TypeError: Cannot read properties of undefined (reading 'users')

      374 |     test.beforeEach(async ({ request }, { testData }) => {
      375 |       await apiHelpers.login({
    > 376 |         username: testData.users.judge.email,
          |                            ^
      377 |         password: testData.users.judge.password
      378 |       });
      379 |     });
        at E:\test-project-app\tests\playwright\api\api-validation.spec.ts:376:28
]]>
</failure>
</testcase>
<testcase name="API Validation › Scores API › should return 400 for invalid score data" classname="api\api-validation.spec.ts" time="0.023">
<failure message="api-validation.spec.ts:431:9 should return 400 for invalid score data" type="FAILURE">
<![CDATA[  [webkit] › api\api-validation.spec.ts:431:9 › API Validation › Scores API › should return 400 for invalid score data 

    TypeError: Cannot read properties of undefined (reading 'users')

      374 |     test.beforeEach(async ({ request }, { testData }) => {
      375 |       await apiHelpers.login({
    > 376 |         username: testData.users.judge.email,
          |                            ^
      377 |         password: testData.users.judge.password
      378 |       });
      379 |     });
        at E:\test-project-app\tests\playwright\api\api-validation.spec.ts:376:28
]]>
</failure>
</testcase>
<testcase name="API Validation › Scores API › should get scores for event" classname="api\api-validation.spec.ts" time="0.032">
<failure message="api-validation.spec.ts:444:9 should get scores for event" type="FAILURE">
<![CDATA[  [webkit] › api\api-validation.spec.ts:444:9 › API Validation › Scores API › should get scores for event 

    TypeError: Cannot read properties of undefined (reading 'users')

      374 |     test.beforeEach(async ({ request }, { testData }) => {
      375 |       await apiHelpers.login({
    > 376 |         username: testData.users.judge.email,
          |                            ^
      377 |         password: testData.users.judge.password
      378 |       });
      379 |     });
        at E:\test-project-app\tests\playwright\api\api-validation.spec.ts:376:28
]]>
</failure>
</testcase>
<testcase name="API Validation › Scores API › should get all scores" classname="api\api-validation.spec.ts" time="0.028">
<failure message="api-validation.spec.ts:450:9 should get all scores" type="FAILURE">
<![CDATA[  [webkit] › api\api-validation.spec.ts:450:9 › API Validation › Scores API › should get all scores 

    TypeError: Cannot read properties of undefined (reading 'users')

      374 |     test.beforeEach(async ({ request }, { testData }) => {
      375 |       await apiHelpers.login({
    > 376 |         username: testData.users.judge.email,
          |                            ^
      377 |         password: testData.users.judge.password
      378 |       });
      379 |     });
        at E:\test-project-app\tests\playwright\api\api-validation.spec.ts:376:28
]]>
</failure>
</testcase>
<testcase name="API Validation › API Error Handling › should handle 404 errors gracefully" classname="api\api-validation.spec.ts" time="0.076">
<failure message="api-validation.spec.ts:458:9 should handle 404 errors gracefully" type="FAILURE">
<![CDATA[  [webkit] › api\api-validation.spec.ts:458:9 › API Validation › API Error Handling › should handle 404 errors gracefully 

    TypeError: Cannot read properties of undefined (reading 'status')

      460 |         await apiHelpers.getUserById(99999);
      461 |       } catch (error: any) {
    > 462 |         expect(error.response.status).toBe(404);
          |                               ^
      463 |         expect(error.response.data).toHaveProperty('detail');
      464 |       }
      465 |     });
        at E:\test-project-app\tests\playwright\api\api-validation.spec.ts:462:31
]]>
</failure>
</testcase>
<testcase name="API Validation › API Error Handling › should handle 500 errors gracefully" classname="api\api-validation.spec.ts" time="0.068">
</testcase>
<testcase name="API Validation › API Error Handling › should handle network timeouts" classname="api\api-validation.spec.ts" time="0.067">
</testcase>
<testcase name="API Validation › API Error Handling › should handle malformed JSON responses" classname="api\api-validation.spec.ts" time="0.072">
</testcase>
<testcase name="API Validation › API Performance › should respond within acceptable time limits" classname="api\api-validation.spec.ts" time="0.078">
</testcase>
<testcase name="API Validation › API Performance › should handle concurrent requests" classname="api\api-validation.spec.ts" time="0.028">
<failure message="api-validation.spec.ts:508:9 should handle concurrent requests" type="FAILURE">
<![CDATA[  [webkit] › api\api-validation.spec.ts:508:9 › API Validation › API Performance › should handle concurrent requests 

    TypeError: Cannot read properties of undefined (reading 'users')

      508 |     test('should handle concurrent requests', async ({ request }, { testData }) => {
      509 |       await apiHelpers.login({
    > 510 |         username: testData.users.admin.email,
          |                            ^
      511 |         password: testData.users.admin.password
      512 |       });
      513 |
        at E:\test-project-app\tests\playwright\api\api-validation.spec.ts:510:28
]]>
</failure>
</testcase>
<testcase name="API Validation › API Performance › should handle large data sets" classname="api\api-validation.spec.ts" time="0.009">
<failure message="api-validation.spec.ts:523:9 should handle large data sets" type="FAILURE">
<![CDATA[  [webkit] › api\api-validation.spec.ts:523:9 › API Validation › API Performance › should handle large data sets 

    TypeError: Cannot read properties of undefined (reading 'users')

      523 |     test('should handle large data sets', async ({ request }, { testData }) => {
      524 |       await apiHelpers.login({
    > 525 |         username: testData.users.admin.email,
          |                            ^
      526 |         password: testData.users.admin.password
      527 |       });
      528 |
        at E:\test-project-app\tests\playwright\api\api-validation.spec.ts:525:28
]]>
</failure>
</testcase>
</testsuite>
<testsuite name="auth\login-invalid.spec.ts" timestamp="2026-02-20T03:52:25.301Z" hostname="webkit" tests="1" failures="0" skipped="0" time="3.313" errors="0">
<testcase name="Auth: Invalid email/password (negative) › shows error and stays on /login without tokens" classname="auth\login-invalid.spec.ts" time="3.313">
</testcase>
</testsuite>
<testsuite name="auth\login-success.spec.ts" timestamp="2026-02-20T03:52:25.301Z" hostname="webkit" tests="1" failures="0" skipped="0" time="3.183" errors="0">
<testcase name="Auth: Email/password login (mock) › redirects to /admin and stores JWT tokens" classname="auth\login-success.spec.ts" time="3.183">
</testcase>
</testsuite>
<testsuite name="auth\login.spec.ts" timestamp="2026-02-20T03:52:25.301Z" hostname="webkit" tests="26" failures="21" skipped="0" time="210.233" errors="0">
<testcase name="Authentication - Login › should display login form correctly" classname="auth\login.spec.ts" time="8.294">
<failure message="login.spec.ts:9:7 should display login form correctly" type="FAILURE">
<![CDATA[  [webkit] › auth\login.spec.ts:9:7 › Authentication - Login › should display login form correctly ─

    Error: expect(locator).toBeDisabled() failed

    Locator:  locator('button[type="submit"], button:has-text("Login"), button:has-text("Sign In")')
    Expected: disabled
    Received: enabled
    Timeout:  5000ms

    Call log:
      - Expect "toBeDisabled" with timeout 5000ms
      - waiting for locator('button[type="submit"], button:has-text("Login"), button:has-text("Sign In")')
        9 × locator resolved to <button type="submit" class="w-full bg-gradient-to-r from-amber-600 to-orange-600 hover:from-amber-700 hover:to-orange-700 text-white font-bold py-4 px-6 rounded-xl transition-all duration-200 transform hover:scale-[1.02] focus:outline-none focus:ring-4 focus:ring-amber-300 shadow-lg hover:shadow-xl">Login</button>
          - unexpected value "enabled"


       at pages\LoginPage.ts:121

      119 |
      120 |   async expectLoginButtonToBeDisabled(): Promise<void> {
    > 121 |     await expect(this.loginButton).toBeDisabled();
          |                                    ^
      122 |   }
      123 |
      124 |   async expectLoginButtonToBeEnabled(): Promise<void> {
        at LoginPage.expectLoginButtonToBeDisabled (E:\test-project-app\tests\playwright\pages\LoginPage.ts:121:36)
        at E:\test-project-app\tests\playwright\auth\login.spec.ts:13:21

    attachment #1: screenshot (image/png) ──────────────────────────────────────────────────────────
    ..\..\test-results\auth-login-Authentication--9b9e7-isplay-login-form-correctly-webkit\test-failed-1.png
    ────────────────────────────────────────────────────────────────────────────────────────────────

    attachment #2: video (video/webm) ──────────────────────────────────────────────────────────────
    ..\..\test-results\auth-login-Authentication--9b9e7-isplay-login-form-correctly-webkit\video.webm
    ────────────────────────────────────────────────────────────────────────────────────────────────

    Error Context: ..\..\test-results\auth-login-Authentication--9b9e7-isplay-login-form-correctly-webkit\error-context.md
]]>
</failure>
<system-out>
<![CDATA[
[[ATTACHMENT|test-results\auth-login-Authentication--9b9e7-isplay-login-form-correctly-webkit\test-failed-1.png]]

[[ATTACHMENT|test-results\auth-login-Authentication--9b9e7-isplay-login-form-correctly-webkit\video.webm]]

[[ATTACHMENT|test-results\auth-login-Authentication--9b9e7-isplay-login-form-correctly-webkit\error-context.md]]
]]>
</system-out>
</testcase>
<testcase name="Authentication - Login › should show Google login option" classname="auth\login.spec.ts" time="8.971">
<failure message="login.spec.ts:16:7 should show Google login option" type="FAILURE">
<![CDATA[  [webkit] › auth\login.spec.ts:16:7 › Authentication - Login › should show Google login option ────

    Error: expect(locator).toBeVisible() failed

    Locator: locator('button:has-text("Google"), button:has-text("Sign in with Google")')
    Expected: visible
    Timeout: 5000ms
    Error: element(s) not found

    Call log:
      - Expect "toBeVisible" with timeout 5000ms
      - waiting for locator('button:has-text("Google"), button:has-text("Sign in with Google")')


       at pages\BasePage.ts:102

      100 |
      101 |   async expectElementToBeVisible(selector: string): Promise<void> {
    > 102 |     await expect(this.page.locator(selector)).toBeVisible();
          |                                               ^
      103 |   }
      104 |
      105 |   async expectElementToBeHidden(selector: string): Promise<void> {
        at LoginPage.expectElementToBeVisible (E:\test-project-app\tests\playwright\pages\BasePage.ts:102:47)
        at LoginPage.expectGoogleLoginToBeVisible (E:\test-project-app\tests\playwright\pages\LoginPage.ts:93:16)
        at E:\test-project-app\tests\playwright\auth\login.spec.ts:17:21

    attachment #1: screenshot (image/png) ──────────────────────────────────────────────────────────
    ..\..\test-results\auth-login-Authentication--b284f-ld-show-Google-login-option-webkit\test-failed-1.png
    ────────────────────────────────────────────────────────────────────────────────────────────────

    attachment #2: video (video/webm) ──────────────────────────────────────────────────────────────
    ..\..\test-results\auth-login-Authentication--b284f-ld-show-Google-login-option-webkit\video.webm
    ────────────────────────────────────────────────────────────────────────────────────────────────

    Error Context: ..\..\test-results\auth-login-Authentication--b284f-ld-show-Google-login-option-webkit\error-context.md
]]>
</failure>
<system-out>
<![CDATA[
[[ATTACHMENT|test-results\auth-login-Authentication--b284f-ld-show-Google-login-option-webkit\test-failed-1.png]]

[[ATTACHMENT|test-results\auth-login-Authentication--b284f-ld-show-Google-login-option-webkit\video.webm]]

[[ATTACHMENT|test-results\auth-login-Authentication--b284f-ld-show-Google-login-option-webkit\error-context.md]]
]]>
</system-out>
</testcase>
<testcase name="Authentication - Login › should enable login button when form is filled" classname="auth\login.spec.ts" time="3.407">
</testcase>
<testcase name="Authentication - Login › should show error for invalid credentials" classname="auth\login.spec.ts" time="10.255">
<failure message="login.spec.ts:26:7 should show error for invalid credentials" type="FAILURE">
<![CDATA[  [webkit] › auth\login.spec.ts:26:7 › Authentication - Login › should show error for invalid credentials 

    Error: expect(locator).toContainText(expected) failed

    Locator: locator('.error, .alert-error, [data-testid="error-message"]')
    Expected substring: "Invalid credentials"
    Timeout: 5000ms
    Error: element(s) not found

    Call log:
      - Expect "toContainText" with timeout 5000ms
      - waiting for locator('.error, .alert-error, [data-testid="error-message"]')


       at pages\BasePage.ts:110

      108 |
      109 |   async expectElementToContainText(selector: string, text: string): Promise<void> {
    > 110 |     await expect(this.page.locator(selector)).toContainText(text);
          |                                               ^
      111 |   }
      112 |
      113 |   async expectElementToHaveValue(selector: string, value: string): Promise<void> {
        at LoginPage.expectElementToContainText (E:\test-project-app\tests\playwright\pages\BasePage.ts:110:47)
        at LoginPage.expectErrorMessageToContain (E:\test-project-app\tests\playwright\pages\LoginPage.ts:97:16)
        at E:\test-project-app\tests\playwright\auth\login.spec.ts:28:21

    attachment #1: screenshot (image/png) ──────────────────────────────────────────────────────────
    ..\..\test-results\auth-login-Authentication--1024f-ror-for-invalid-credentials-webkit\test-failed-1.png
    ────────────────────────────────────────────────────────────────────────────────────────────────

    attachment #2: video (video/webm) ──────────────────────────────────────────────────────────────
    ..\..\test-results\auth-login-Authentication--1024f-ror-for-invalid-credentials-webkit\video.webm
    ────────────────────────────────────────────────────────────────────────────────────────────────

    Error Context: ..\..\test-results\auth-login-Authentication--1024f-ror-for-invalid-credentials-webkit\error-context.md
]]>
</failure>
<system-out>
<![CDATA[
[[ATTACHMENT|test-results\auth-login-Authentication--1024f-ror-for-invalid-credentials-webkit\test-failed-1.png]]

[[ATTACHMENT|test-results\auth-login-Authentication--1024f-ror-for-invalid-credentials-webkit\video.webm]]

[[ATTACHMENT|test-results\auth-login-Authentication--1024f-ror-for-invalid-credentials-webkit\error-context.md]]
]]>
</system-out>
</testcase>
<testcase name="Authentication - Login › should show error for empty username" classname="auth\login.spec.ts" time="4.222">
</testcase>
<testcase name="Authentication - Login › should show error for empty password" classname="auth\login.spec.ts" time="4.251">
</testcase>
<testcase name="Authentication - Login › should navigate to register page" classname="auth\login.spec.ts" time="30.396">
<failure message="login.spec.ts:43:7 should navigate to register page" type="FAILURE">
<![CDATA[  [webkit] › auth\login.spec.ts:43:7 › Authentication - Login › should navigate to register page ───

    Test timeout of 30000ms exceeded.

    Error: locator.click: Test timeout of 30000ms exceeded.
    Call log:
      - waiting for locator('a:has-text("Register"), a:has-text("Sign Up")')


       at pages\LoginPage.ts:70

      68 |
      69 |   async clickRegister(): Promise<void> {
    > 70 |     await this.registerLink.click();
         |                             ^
      71 |     await this.waitForPageLoad();
      72 |   }
      73 |
        at LoginPage.clickRegister (E:\test-project-app\tests\playwright\pages\LoginPage.ts:70:29)
        at E:\test-project-app\tests\playwright\auth\login.spec.ts:44:21

    attachment #1: screenshot (image/png) ──────────────────────────────────────────────────────────
    ..\..\test-results\auth-login-Authentication--710a1-d-navigate-to-register-page-webkit\test-failed-1.png
    ────────────────────────────────────────────────────────────────────────────────────────────────

    attachment #2: video (video/webm) ──────────────────────────────────────────────────────────────
    ..\..\test-results\auth-login-Authentication--710a1-d-navigate-to-register-page-webkit\video.webm
    ────────────────────────────────────────────────────────────────────────────────────────────────

    Error Context: ..\..\test-results\auth-login-Authentication--710a1-d-navigate-to-register-page-webkit\error-context.md
]]>
</failure>
<system-out>
<![CDATA[
[[ATTACHMENT|test-results\auth-login-Authentication--710a1-d-navigate-to-register-page-webkit\test-failed-1.png]]

[[ATTACHMENT|test-results\auth-login-Authentication--710a1-d-navigate-to-register-page-webkit\video.webm]]

[[ATTACHMENT|test-results\auth-login-Authentication--710a1-d-navigate-to-register-page-webkit\error-context.md]]
]]>
</system-out>
</testcase>
<testcase name="Authentication - Login › should navigate to forgot password page" classname="auth\login.spec.ts" time="30.54">
<failure message="login.spec.ts:48:7 should navigate to forgot password page" type="FAILURE">
<![CDATA[  [webkit] › auth\login.spec.ts:48:7 › Authentication - Login › should navigate to forgot password page 

    Test timeout of 30000ms exceeded.

    Error: locator.click: Test timeout of 30000ms exceeded.
    Call log:
      - waiting for locator('a:has-text("Forgot Password"), a:has-text("Reset Password")')


       at pages\LoginPage.ts:75

      73 |
      74 |   async clickForgotPassword(): Promise<void> {
    > 75 |     await this.forgotPasswordLink.click();
         |                                   ^
      76 |     await this.waitForPageLoad();
      77 |   }
      78 |
        at LoginPage.clickForgotPassword (E:\test-project-app\tests\playwright\pages\LoginPage.ts:75:35)
        at E:\test-project-app\tests\playwright\auth\login.spec.ts:49:21

    attachment #1: screenshot (image/png) ──────────────────────────────────────────────────────────
    ..\..\test-results\auth-login-Authentication--71939-ate-to-forgot-password-page-webkit\test-failed-1.png
    ────────────────────────────────────────────────────────────────────────────────────────────────

    attachment #2: video (video/webm) ──────────────────────────────────────────────────────────────
    ..\..\test-results\auth-login-Authentication--71939-ate-to-forgot-password-page-webkit\video.webm
    ────────────────────────────────────────────────────────────────────────────────────────────────

    Error Context: ..\..\test-results\auth-login-Authentication--71939-ate-to-forgot-password-page-webkit\error-context.md
]]>
</failure>
<system-out>
<![CDATA[
[[ATTACHMENT|test-results\auth-login-Authentication--71939-ate-to-forgot-password-page-webkit\test-failed-1.png]]

[[ATTACHMENT|test-results\auth-login-Authentication--71939-ate-to-forgot-password-page-webkit\video.webm]]

[[ATTACHMENT|test-results\auth-login-Authentication--71939-ate-to-forgot-password-page-webkit\error-context.md]]
]]>
</system-out>
</testcase>
<testcase name="Authentication - Login › should support language switching" classname="auth\login.spec.ts" time="3.016">
</testcase>
<testcase name="Authentication - Login › should clear form when clear button is clicked" classname="auth\login.spec.ts" time="3.64">
</testcase>
<testcase name="Authentication - Successful Login › should login successfully with valid admin credentials" classname="auth\login.spec.ts" time="0.762">
<failure message="login.spec.ts:70:7 should login successfully with valid admin credentials" type="FAILURE">
<![CDATA[  [webkit] › auth\login.spec.ts:70:7 › Authentication - Successful Login › should login successfully with valid admin credentials 

    TypeError: Cannot read properties of undefined (reading 'users')

      69 | test.describe('Authentication - Successful Login', () => {
      70 |   test('should login successfully with valid admin credentials', async ({ loginPage, dashboardPage }, { testData }) => {
    > 71 |     await loginPage.loginWithUser(testData.users.admin);
         |                                            ^
      72 |     await dashboardPage.expectToBeOnDashboard();
      73 |     await dashboardPage.expectAdminSectionToBeVisible();
      74 |   });
        at E:\test-project-app\tests\playwright\auth\login.spec.ts:71:44

    attachment #1: screenshot (image/png) ──────────────────────────────────────────────────────────
    ..\..\test-results\auth-login-Authentication--fa957-ith-valid-admin-credentials-webkit\test-failed-1.png
    ────────────────────────────────────────────────────────────────────────────────────────────────

    attachment #2: video (video/webm) ──────────────────────────────────────────────────────────────
    ..\..\test-results\auth-login-Authentication--fa957-ith-valid-admin-credentials-webkit\video.webm
    ────────────────────────────────────────────────────────────────────────────────────────────────
]]>
</failure>
<system-out>
<![CDATA[
[[ATTACHMENT|test-results\auth-login-Authentication--fa957-ith-valid-admin-credentials-webkit\test-failed-1.png]]

[[ATTACHMENT|test-results\auth-login-Authentication--fa957-ith-valid-admin-credentials-webkit\video.webm]]
]]>
</system-out>
</testcase>
<testcase name="Authentication - Successful Login › should login successfully with valid judge credentials" classname="auth\login.spec.ts" time="0.468">
<failure message="login.spec.ts:76:7 should login successfully with valid judge credentials" type="FAILURE">
<![CDATA[  [webkit] › auth\login.spec.ts:76:7 › Authentication - Successful Login › should login successfully with valid judge credentials 

    TypeError: Cannot read properties of undefined (reading 'users')

      75 |
      76 |   test('should login successfully with valid judge credentials', async ({ loginPage, dashboardPage }, { testData }) => {
    > 77 |     await loginPage.loginWithUser(testData.users.judge);
         |                                            ^
      78 |     await dashboardPage.expectToBeOnDashboard();
      79 |     await dashboardPage.expectJudgeSectionToBeVisible();
      80 |   });
        at E:\test-project-app\tests\playwright\auth\login.spec.ts:77:44

    attachment #1: screenshot (image/png) ──────────────────────────────────────────────────────────
    ..\..\test-results\auth-login-Authentication--30d34-ith-valid-judge-credentials-webkit\test-failed-1.png
    ────────────────────────────────────────────────────────────────────────────────────────────────

    attachment #2: video (video/webm) ──────────────────────────────────────────────────────────────
    ..\..\test-results\auth-login-Authentication--30d34-ith-valid-judge-credentials-webkit\video.webm
    ────────────────────────────────────────────────────────────────────────────────────────────────
]]>
</failure>
<system-out>
<![CDATA[
[[ATTACHMENT|test-results\auth-login-Authentication--30d34-ith-valid-judge-credentials-webkit\test-failed-1.png]]

[[ATTACHMENT|test-results\auth-login-Authentication--30d34-ith-valid-judge-credentials-webkit\video.webm]]
]]>
</system-out>
</testcase>
<testcase name="Authentication - Successful Login › should login successfully with valid student credentials" classname="auth\login.spec.ts" time="0.568">
<failure message="login.spec.ts:82:7 should login successfully with valid student credentials" type="FAILURE">
<![CDATA[  [webkit] › auth\login.spec.ts:82:7 › Authentication - Successful Login › should login successfully with valid student credentials 

    TypeError: Cannot read properties of undefined (reading 'users')

      81 |
      82 |   test('should login successfully with valid student credentials', async ({ loginPage, dashboardPage }, { testData }) => {
    > 83 |     await loginPage.loginWithUser(testData.users.student);
         |                                            ^
      84 |     await dashboardPage.expectToBeOnDashboard();
      85 |     await dashboardPage.expectStudentSectionToBeVisible();
      86 |   });
        at E:\test-project-app\tests\playwright\auth\login.spec.ts:83:44

    attachment #1: screenshot (image/png) ──────────────────────────────────────────────────────────
    ..\..\test-results\auth-login-Authentication--6a89c-h-valid-student-credentials-webkit\test-failed-1.png
    ────────────────────────────────────────────────────────────────────────────────────────────────

    attachment #2: video (video/webm) ──────────────────────────────────────────────────────────────
    ..\..\test-results\auth-login-Authentication--6a89c-h-valid-student-credentials-webkit\video.webm
    ────────────────────────────────────────────────────────────────────────────────────────────────
]]>
</failure>
<system-out>
<![CDATA[
[[ATTACHMENT|test-results\auth-login-Authentication--6a89c-h-valid-student-credentials-webkit\test-failed-1.png]]

[[ATTACHMENT|test-results\auth-login-Authentication--6a89c-h-valid-student-credentials-webkit\video.webm]]
]]>
</system-out>
</testcase>
<testcase name="Authentication - Successful Login › should login successfully with valid volunteer credentials" classname="auth\login.spec.ts" time="0.722">
<failure message="login.spec.ts:88:7 should login successfully with valid volunteer credentials" type="FAILURE">
<![CDATA[  [webkit] › auth\login.spec.ts:88:7 › Authentication - Successful Login › should login successfully with valid volunteer credentials 

    TypeError: Cannot read properties of undefined (reading 'users')

      87 |
      88 |   test('should login successfully with valid volunteer credentials', async ({ loginPage, dashboardPage }, { testData }) => {
    > 89 |     await loginPage.loginWithUser(testData.users.volunteer);
         |                                            ^
      90 |     await dashboardPage.expectToBeOnDashboard();
      91 |     await dashboardPage.expectVolunteerSectionToBeVisible();
      92 |   });
        at E:\test-project-app\tests\playwright\auth\login.spec.ts:89:44

    attachment #1: screenshot (image/png) ──────────────────────────────────────────────────────────
    ..\..\test-results\auth-login-Authentication--cad24-valid-volunteer-credentials-webkit\test-failed-1.png
    ────────────────────────────────────────────────────────────────────────────────────────────────

    attachment #2: video (video/webm) ──────────────────────────────────────────────────────────────
    ..\..\test-results\auth-login-Authentication--cad24-valid-volunteer-credentials-webkit\video.webm
    ────────────────────────────────────────────────────────────────────────────────────────────────
]]>
</failure>
<system-out>
<![CDATA[
[[ATTACHMENT|test-results\auth-login-Authentication--cad24-valid-volunteer-credentials-webkit\test-failed-1.png]]

[[ATTACHMENT|test-results\auth-login-Authentication--cad24-valid-volunteer-credentials-webkit\video.webm]]
]]>
</system-out>
</testcase>
<testcase name="Authentication - Successful Login › should redirect to appropriate dashboard based on role" classname="auth\login.spec.ts" time="0.633">
<failure message="login.spec.ts:94:7 should redirect to appropriate dashboard based on role" type="FAILURE">
<![CDATA[  [webkit] › auth\login.spec.ts:94:7 › Authentication - Successful Login › should redirect to appropriate dashboard based on role 

    TypeError: Cannot read properties of undefined (reading 'users')

      93 |
      94 |   test('should redirect to appropriate dashboard based on role', async ({ loginPage, dashboardPage }, { testData }) => {
    > 95 |     await loginPage.loginWithUser(testData.users.admin);
         |                                            ^
      96 |     await dashboardPage.expectUrlToContain('/admin');
      97 |     
      98 |     await loginPage.navigateToLogin();
        at E:\test-project-app\tests\playwright\auth\login.spec.ts:95:44

    attachment #1: screenshot (image/png) ──────────────────────────────────────────────────────────
    ..\..\test-results\auth-login-Authentication--4bb87-ate-dashboard-based-on-role-webkit\test-failed-1.png
    ────────────────────────────────────────────────────────────────────────────────────────────────

    attachment #2: video (video/webm) ──────────────────────────────────────────────────────────────
    ..\..\test-results\auth-login-Authentication--4bb87-ate-dashboard-based-on-role-webkit\video.webm
    ────────────────────────────────────────────────────────────────────────────────────────────────
]]>
</failure>
<system-out>
<![CDATA[
[[ATTACHMENT|test-results\auth-login-Authentication--4bb87-ate-dashboard-based-on-role-webkit\test-failed-1.png]]

[[ATTACHMENT|test-results\auth-login-Authentication--4bb87-ate-dashboard-based-on-role-webkit\video.webm]]
]]>
</system-out>
</testcase>
<testcase name="Authentication - Successful Login › should display welcome message with user name" classname="auth\login.spec.ts" time="0.56">
<failure message="login.spec.ts:103:7 should display welcome message with user name" type="FAILURE">
<![CDATA[  [webkit] › auth\login.spec.ts:103:7 › Authentication - Successful Login › should display welcome message with user name 

    TypeError: Cannot read properties of undefined (reading 'users')

      102 |
      103 |   test('should display welcome message with user name', async ({ loginPage, dashboardPage }, { testData }) => {
    > 104 |     await loginPage.loginWithUser(testData.users.student);
          |                                            ^
      105 |     await dashboardPage.expectWelcomeMessageToContain(testData.users.student.firstName);
      106 |   });
      107 |
        at E:\test-project-app\tests\playwright\auth\login.spec.ts:104:44

    attachment #1: screenshot (image/png) ──────────────────────────────────────────────────────────
    ..\..\test-results\auth-login-Authentication--4a6a3-come-message-with-user-name-webkit\test-failed-1.png
    ────────────────────────────────────────────────────────────────────────────────────────────────

    attachment #2: video (video/webm) ──────────────────────────────────────────────────────────────
    ..\..\test-results\auth-login-Authentication--4a6a3-come-message-with-user-name-webkit\video.webm
    ────────────────────────────────────────────────────────────────────────────────────────────────
]]>
</failure>
<system-out>
<![CDATA[
[[ATTACHMENT|test-results\auth-login-Authentication--4a6a3-come-message-with-user-name-webkit\test-failed-1.png]]

[[ATTACHMENT|test-results\auth-login-Authentication--4a6a3-come-message-with-user-name-webkit\video.webm]]
]]>
</system-out>
</testcase>
<testcase name="Authentication - Successful Login › should show user menu after login" classname="auth\login.spec.ts" time="0.608">
<failure message="login.spec.ts:108:7 should show user menu after login" type="FAILURE">
<![CDATA[  [webkit] › auth\login.spec.ts:108:7 › Authentication - Successful Login › should show user menu after login 

    TypeError: Cannot read properties of undefined (reading 'users')

      107 |
      108 |   test('should show user menu after login', async ({ loginPage, dashboardPage }, { testData }) => {
    > 109 |     await loginPage.loginWithUser(testData.users.student);
          |                                            ^
      110 |     await dashboardPage.expectUserMenuToBeVisible();
      111 |     await dashboardPage.expectLogoutButtonToBeVisible();
      112 |   });
        at E:\test-project-app\tests\playwright\auth\login.spec.ts:109:44

    attachment #1: screenshot (image/png) ──────────────────────────────────────────────────────────
    ..\..\test-results\auth-login-Authentication--2bfd2--show-user-menu-after-login-webkit\test-failed-1.png
    ────────────────────────────────────────────────────────────────────────────────────────────────

    attachment #2: video (video/webm) ──────────────────────────────────────────────────────────────
    ..\..\test-results\auth-login-Authentication--2bfd2--show-user-menu-after-login-webkit\video.webm
    ────────────────────────────────────────────────────────────────────────────────────────────────
]]>
</failure>
<system-out>
<![CDATA[
[[ATTACHMENT|test-results\auth-login-Authentication--2bfd2--show-user-menu-after-login-webkit\test-failed-1.png]]

[[ATTACHMENT|test-results\auth-login-Authentication--2bfd2--show-user-menu-after-login-webkit\video.webm]]
]]>
</system-out>
</testcase>
<testcase name="Authentication - Google Login › should display Google login button" classname="auth\login.spec.ts" time="5.5">
<failure message="login.spec.ts:116:7 should display Google login button" type="FAILURE">
<![CDATA[  [webkit] › auth\login.spec.ts:116:7 › Authentication - Google Login › should display Google login button 

    Error: expect(locator).toBeVisible() failed

    Locator: locator('button:has-text("Google"), button:has-text("Sign in with Google")')
    Expected: visible
    Timeout: 5000ms
    Error: element(s) not found

    Call log:
      - Expect "toBeVisible" with timeout 5000ms
      - waiting for locator('button:has-text("Google"), button:has-text("Sign in with Google")')


       at pages\BasePage.ts:102

      100 |
      101 |   async expectElementToBeVisible(selector: string): Promise<void> {
    > 102 |     await expect(this.page.locator(selector)).toBeVisible();
          |                                               ^
      103 |   }
      104 |
      105 |   async expectElementToBeHidden(selector: string): Promise<void> {
        at LoginPage.expectElementToBeVisible (E:\test-project-app\tests\playwright\pages\BasePage.ts:102:47)
        at LoginPage.expectGoogleLoginToBeVisible (E:\test-project-app\tests\playwright\pages\LoginPage.ts:93:16)
        at E:\test-project-app\tests\playwright\auth\login.spec.ts:117:21

    attachment #1: screenshot (image/png) ──────────────────────────────────────────────────────────
    ..\..\test-results\auth-login-Authentication--b839e-display-Google-login-button-webkit\test-failed-1.png
    ────────────────────────────────────────────────────────────────────────────────────────────────

    attachment #2: video (video/webm) ──────────────────────────────────────────────────────────────
    ..\..\test-results\auth-login-Authentication--b839e-display-Google-login-button-webkit\video.webm
    ────────────────────────────────────────────────────────────────────────────────────────────────
]]>
</failure>
<system-out>
<![CDATA[
[[ATTACHMENT|test-results\auth-login-Authentication--b839e-display-Google-login-button-webkit\test-failed-1.png]]

[[ATTACHMENT|test-results\auth-login-Authentication--b839e-display-Google-login-button-webkit\video.webm]]
]]>
</system-out>
</testcase>
<testcase name="Authentication - Google Login › should handle Google login click" classname="auth\login.spec.ts" time="30.217">
<failure message="login.spec.ts:120:7 should handle Google login click" type="FAILURE">
<![CDATA[  [webkit] › auth\login.spec.ts:120:7 › Authentication - Google Login › should handle Google login click 

    Test timeout of 30000ms exceeded.

    Error: locator.click: Test timeout of 30000ms exceeded.
    Call log:
      - waiting for locator('button:has-text("Google"), button:has-text("Sign in with Google")')


       at pages\LoginPage.ts:65

      63 |
      64 |   async clickGoogleLogin(): Promise<void> {
    > 65 |     await this.googleLoginButton.click();
         |                                  ^
      66 |     await this.waitForPageLoad();
      67 |   }
      68 |
        at LoginPage.clickGoogleLogin (E:\test-project-app\tests\playwright\pages\LoginPage.ts:65:34)
        at E:\test-project-app\tests\playwright\auth\login.spec.ts:121:21

    attachment #1: screenshot (image/png) ──────────────────────────────────────────────────────────
    ..\..\test-results\auth-login-Authentication--365fe-d-handle-Google-login-click-webkit\test-failed-1.png
    ────────────────────────────────────────────────────────────────────────────────────────────────

    attachment #2: video (video/webm) ──────────────────────────────────────────────────────────────
    ..\..\test-results\auth-login-Authentication--365fe-d-handle-Google-login-click-webkit\video.webm
    ────────────────────────────────────────────────────────────────────────────────────────────────
]]>
</failure>
<system-out>
<![CDATA[
[[ATTACHMENT|test-results\auth-login-Authentication--365fe-d-handle-Google-login-click-webkit\test-failed-1.png]]

[[ATTACHMENT|test-results\auth-login-Authentication--365fe-d-handle-Google-login-click-webkit\video.webm]]
]]>
</system-out>
</testcase>
<testcase name="Authentication - Google Login › should show appropriate error for unauthorized Google email" classname="auth\login.spec.ts" time="30.23">
<failure message="login.spec.ts:127:7 should show appropriate error for unauthorized Google email" type="FAILURE">
<![CDATA[  [webkit] › auth\login.spec.ts:127:7 › Authentication - Google Login › should show appropriate error for unauthorized Google email 

    Test timeout of 30000ms exceeded.

    Error: locator.click: Test timeout of 30000ms exceeded.
    Call log:
      - waiting for locator('button:has-text("Google"), button:has-text("Sign in with Google")')


       at pages\LoginPage.ts:65

      63 |
      64 |   async clickGoogleLogin(): Promise<void> {
    > 65 |     await this.googleLoginButton.click();
         |                                  ^
      66 |     await this.waitForPageLoad();
      67 |   }
      68 |
        at LoginPage.clickGoogleLogin (E:\test-project-app\tests\playwright\pages\LoginPage.ts:65:34)
        at E:\test-project-app\tests\playwright\auth\login.spec.ts:130:21

    attachment #1: screenshot (image/png) ──────────────────────────────────────────────────────────
    ..\..\test-results\auth-login-Authentication--d9b69-r-unauthorized-Google-email-webkit\test-failed-1.png
    ────────────────────────────────────────────────────────────────────────────────────────────────

    attachment #2: video (video/webm) ──────────────────────────────────────────────────────────────
    ..\..\test-results\auth-login-Authentication--d9b69-r-unauthorized-Google-email-webkit\video.webm
    ────────────────────────────────────────────────────────────────────────────────────────────────
]]>
</failure>
<system-out>
<![CDATA[
[[ATTACHMENT|test-results\auth-login-Authentication--d9b69-r-unauthorized-Google-email-webkit\test-failed-1.png]]

[[ATTACHMENT|test-results\auth-login-Authentication--d9b69-r-unauthorized-Google-email-webkit\video.webm]]
]]>
</system-out>
</testcase>
<testcase name="Authentication - Form Validation › should validate email format" classname="auth\login.spec.ts" time="5.509">
<failure message="login.spec.ts:137:7 should validate email format" type="FAILURE">
<![CDATA[  [webkit] › auth\login.spec.ts:137:7 › Authentication - Form Validation › should validate email format 

    TimeoutError: locator.waitFor: Timeout 5000ms exceeded.
    Call log:
      - waiting for locator('input[name="username"], input[type="email"]') to be visible


       at pages\BasePage.ts:46

      44 |   async waitForElement(selector: string, timeout: number = 5000): Promise<Locator> {
      45 |     const element = this.page.locator(selector);
    > 46 |     await element.waitFor({ state: 'visible', timeout });
         |                   ^
      47 |     return element;
      48 |   }
      49 |
        at LoginPage.waitForElement (E:\test-project-app\tests\playwright\pages\BasePage.ts:46:19)
        at LoginPage.fillInput (E:\test-project-app\tests\playwright\pages\BasePage.ts:56:32)
        at E:\test-project-app\tests\playwright\auth\login.spec.ts:138:21

    attachment #1: screenshot (image/png) ──────────────────────────────────────────────────────────
    ..\..\test-results\auth-login-Authentication--6ce0b-hould-validate-email-format-webkit\test-failed-1.png
    ────────────────────────────────────────────────────────────────────────────────────────────────

    attachment #2: video (video/webm) ──────────────────────────────────────────────────────────────
    ..\..\test-results\auth-login-Authentication--6ce0b-hould-validate-email-format-webkit\video.webm
    ────────────────────────────────────────────────────────────────────────────────────────────────
]]>
</failure>
<system-out>
<![CDATA[
[[ATTACHMENT|test-results\auth-login-Authentication--6ce0b-hould-validate-email-format-webkit\test-failed-1.png]]

[[ATTACHMENT|test-results\auth-login-Authentication--6ce0b-hould-validate-email-format-webkit\video.webm]]
]]>
</system-out>
</testcase>
<testcase name="Authentication - Form Validation › should show password strength indicator" classname="auth\login.spec.ts" time="5.465">
<failure message="login.spec.ts:144:7 should show password strength indicator" type="FAILURE">
<![CDATA[  [webkit] › auth\login.spec.ts:144:7 › Authentication - Form Validation › should show password strength indicator 

    TimeoutError: locator.waitFor: Timeout 5000ms exceeded.
    Call log:
      - waiting for locator('input[name="password"], input[type="password"]') to be visible


       at pages\BasePage.ts:46

      44 |   async waitForElement(selector: string, timeout: number = 5000): Promise<Locator> {
      45 |     const element = this.page.locator(selector);
    > 46 |     await element.waitFor({ state: 'visible', timeout });
         |                   ^
      47 |     return element;
      48 |   }
      49 |
        at LoginPage.waitForElement (E:\test-project-app\tests\playwright\pages\BasePage.ts:46:19)
        at LoginPage.fillInput (E:\test-project-app\tests\playwright\pages\BasePage.ts:56:32)
        at E:\test-project-app\tests\playwright\auth\login.spec.ts:145:21

    attachment #1: screenshot (image/png) ──────────────────────────────────────────────────────────
    ..\..\test-results\auth-login-Authentication--ce8c8-password-strength-indicator-webkit\test-failed-1.png
    ────────────────────────────────────────────────────────────────────────────────────────────────

    attachment #2: video (video/webm) ──────────────────────────────────────────────────────────────
    ..\..\test-results\auth-login-Authentication--ce8c8-password-strength-indicator-webkit\video.webm
    ────────────────────────────────────────────────────────────────────────────────────────────────
]]>
</failure>
<system-out>
<![CDATA[
[[ATTACHMENT|test-results\auth-login-Authentication--ce8c8-password-strength-indicator-webkit\test-failed-1.png]]

[[ATTACHMENT|test-results\auth-login-Authentication--ce8c8-password-strength-indicator-webkit\video.webm]]
]]>
</system-out>
</testcase>
<testcase name="Authentication - Form Validation › should prevent XSS attacks in form fields" classname="auth\login.spec.ts" time="5.54">
<failure message="login.spec.ts:150:7 should prevent XSS attacks in form fields" type="FAILURE">
<![CDATA[  [webkit] › auth\login.spec.ts:150:7 › Authentication - Form Validation › should prevent XSS attacks in form fields 

    TimeoutError: locator.waitFor: Timeout 5000ms exceeded.
    Call log:
      - waiting for locator('input[name="username"], input[type="email"]') to be visible


       at pages\BasePage.ts:46

      44 |   async waitForElement(selector: string, timeout: number = 5000): Promise<Locator> {
      45 |     const element = this.page.locator(selector);
    > 46 |     await element.waitFor({ state: 'visible', timeout });
         |                   ^
      47 |     return element;
      48 |   }
      49 |
        at LoginPage.waitForElement (E:\test-project-app\tests\playwright\pages\BasePage.ts:46:19)
        at LoginPage.fillInput (E:\test-project-app\tests\playwright\pages\BasePage.ts:56:32)
        at E:\test-project-app\tests\playwright\auth\login.spec.ts:152:21

    attachment #1: screenshot (image/png) ──────────────────────────────────────────────────────────
    ..\..\test-results\auth-login-Authentication--19a7a--XSS-attacks-in-form-fields-webkit\test-failed-1.png
    ────────────────────────────────────────────────────────────────────────────────────────────────

    attachment #2: video (video/webm) ──────────────────────────────────────────────────────────────
    ..\..\test-results\auth-login-Authentication--19a7a--XSS-attacks-in-form-fields-webkit\video.webm
    ────────────────────────────────────────────────────────────────────────────────────────────────
]]>
</failure>
<system-out>
<![CDATA[
[[ATTACHMENT|test-results\auth-login-Authentication--19a7a--XSS-attacks-in-form-fields-webkit\test-failed-1.png]]

[[ATTACHMENT|test-results\auth-login-Authentication--19a7a--XSS-attacks-in-form-fields-webkit\video.webm]]
]]>
</system-out>
</testcase>
<testcase name="Authentication - Security › should not expose sensitive information in error messages" classname="auth\login.spec.ts" time="5.485">
<failure message="login.spec.ts:161:7 should not expose sensitive information in error messages" type="FAILURE">
<![CDATA[  [webkit] › auth\login.spec.ts:161:7 › Authentication - Security › should not expose sensitive information in error messages 

    TimeoutError: locator.waitFor: Timeout 5000ms exceeded.
    Call log:
      - waiting for locator('input[name="username"], input[type="email"]') to be visible


       at pages\BasePage.ts:46

      44 |   async waitForElement(selector: string, timeout: number = 5000): Promise<Locator> {
      45 |     const element = this.page.locator(selector);
    > 46 |     await element.waitFor({ state: 'visible', timeout });
         |                   ^
      47 |     return element;
      48 |   }
      49 |
        at LoginPage.waitForElement (E:\test-project-app\tests\playwright\pages\BasePage.ts:46:19)
        at LoginPage.fillInput (E:\test-project-app\tests\playwright\pages\BasePage.ts:56:32)
        at LoginPage.login (E:\test-project-app\tests\playwright\pages\LoginPage.ts:54:16)
        at E:\test-project-app\tests\playwright\auth\login.spec.ts:162:21

    attachment #1: screenshot (image/png) ──────────────────────────────────────────────────────────
    ..\..\test-results\auth-login-Authentication--495ae-formation-in-error-messages-webkit\test-failed-1.png
    ────────────────────────────────────────────────────────────────────────────────────────────────

    attachment #2: video (video/webm) ──────────────────────────────────────────────────────────────
    ..\..\test-results\auth-login-Authentication--495ae-formation-in-error-messages-webkit\video.webm
    ────────────────────────────────────────────────────────────────────────────────────────────────
]]>
</failure>
<system-out>
<![CDATA[
[[ATTACHMENT|test-results\auth-login-Authentication--495ae-formation-in-error-messages-webkit\test-failed-1.png]]

[[ATTACHMENT|test-results\auth-login-Authentication--495ae-formation-in-error-messages-webkit\video.webm]]
]]>
</system-out>
</testcase>
<testcase name="Authentication - Security › should implement rate limiting for failed attempts" classname="auth\login.spec.ts" time="5.459">
<failure message="login.spec.ts:168:7 should implement rate limiting for failed attempts" type="FAILURE">
<![CDATA[  [webkit] › auth\login.spec.ts:168:7 › Authentication - Security › should implement rate limiting for failed attempts 

    TimeoutError: locator.waitFor: Timeout 5000ms exceeded.
    Call log:
      - waiting for locator('input[name="username"], input[type="email"]') to be visible


       at pages\BasePage.ts:46

      44 |   async waitForElement(selector: string, timeout: number = 5000): Promise<Locator> {
      45 |     const element = this.page.locator(selector);
    > 46 |     await element.waitFor({ state: 'visible', timeout });
         |                   ^
      47 |     return element;
      48 |   }
      49 |
        at LoginPage.waitForElement (E:\test-project-app\tests\playwright\pages\BasePage.ts:46:19)
        at LoginPage.fillInput (E:\test-project-app\tests\playwright\pages\BasePage.ts:56:32)
        at LoginPage.login (E:\test-project-app\tests\playwright\pages\LoginPage.ts:54:16)
        at E:\test-project-app\tests\playwright\auth\login.spec.ts:171:23

    attachment #1: screenshot (image/png) ──────────────────────────────────────────────────────────
    ..\..\test-results\auth-login-Authentication--d270a-imiting-for-failed-attempts-webkit\test-failed-1.png
    ────────────────────────────────────────────────────────────────────────────────────────────────

    attachment #2: video (video/webm) ──────────────────────────────────────────────────────────────
    ..\..\test-results\auth-login-Authentication--d270a-imiting-for-failed-attempts-webkit\video.webm
    ────────────────────────────────────────────────────────────────────────────────────────────────
]]>
</failure>
<system-out>
<![CDATA[
[[ATTACHMENT|test-results\auth-login-Authentication--d270a-imiting-for-failed-attempts-webkit\test-failed-1.png]]

[[ATTACHMENT|test-results\auth-login-Authentication--d270a-imiting-for-failed-attempts-webkit\video.webm]]
]]>
</system-out>
</testcase>
<testcase name="Authentication - Security › should clear sensitive data on page unload" classname="auth\login.spec.ts" time="5.515">
<failure message="login.spec.ts:179:7 should clear sensitive data on page unload" type="FAILURE">
<![CDATA[  [webkit] › auth\login.spec.ts:179:7 › Authentication - Security › should clear sensitive data on page unload 

    TimeoutError: locator.waitFor: Timeout 5000ms exceeded.
    Call log:
      - waiting for locator('input[name="username"], input[type="email"]') to be visible


       at pages\BasePage.ts:46

      44 |   async waitForElement(selector: string, timeout: number = 5000): Promise<Locator> {
      45 |     const element = this.page.locator(selector);
    > 46 |     await element.waitFor({ state: 'visible', timeout });
         |                   ^
      47 |     return element;
      48 |   }
      49 |
        at LoginPage.waitForElement (E:\test-project-app\tests\playwright\pages\BasePage.ts:46:19)
        at LoginPage.fillInput (E:\test-project-app\tests\playwright\pages\BasePage.ts:56:32)
        at E:\test-project-app\tests\playwright\auth\login.spec.ts:180:21

    attachment #1: screenshot (image/png) ──────────────────────────────────────────────────────────
    ..\..\test-results\auth-login-Authentication--cf2ef-nsitive-data-on-page-unload-webkit\test-failed-1.png
    ────────────────────────────────────────────────────────────────────────────────────────────────

    attachment #2: video (video/webm) ──────────────────────────────────────────────────────────────
    ..\..\test-results\auth-login-Authentication--cf2ef-nsitive-data-on-page-unload-webkit\video.webm
    ────────────────────────────────────────────────────────────────────────────────────────────────
]]>
</failure>
<system-out>
<![CDATA[
[[ATTACHMENT|test-results\auth-login-Authentication--cf2ef-nsitive-data-on-page-unload-webkit\test-failed-1.png]]

[[ATTACHMENT|test-results\auth-login-Authentication--cf2ef-nsitive-data-on-page-unload-webkit\video.webm]]
]]>
</system-out>
</testcase>
</testsuite>
<testsuite name="auth\logout.spec.ts" timestamp="2026-02-20T03:52:25.301Z" hostname="webkit" tests="16" failures="16" skipped="0" time="51.739" errors="0">
<testcase name="Authentication - Logout › should logout successfully from user menu" classname="auth\logout.spec.ts" time="2.733">
<failure message="logout.spec.ts:12:7 should logout successfully from user menu" type="FAILURE">
<![CDATA[  [webkit] › auth\logout.spec.ts:12:7 › Authentication - Logout › should logout successfully from user menu 

    TypeError: Cannot read properties of undefined (reading 'users')

       6 |     // Login before each test
       7 |     await loginPage.navigateToLogin();
    >  8 |     await loginPage.loginWithUser(testData.users.student);
         |                                            ^
       9 |     await dashboardPage.waitForDashboardLoad();
      10 |   });
      11 |
        at E:\test-project-app\tests\playwright\auth\logout.spec.ts:8:44

    attachment #1: screenshot (image/png) ──────────────────────────────────────────────────────────
    ..\..\test-results\auth-logout-Authentication-8e31a-successfully-from-user-menu-webkit\test-failed-1.png
    ────────────────────────────────────────────────────────────────────────────────────────────────

    attachment #2: video (video/webm) ──────────────────────────────────────────────────────────────
    ..\..\test-results\auth-logout-Authentication-8e31a-successfully-from-user-menu-webkit\video.webm
    ────────────────────────────────────────────────────────────────────────────────────────────────

    Error Context: ..\..\test-results\auth-logout-Authentication-8e31a-successfully-from-user-menu-webkit\error-context.md
]]>
</failure>
<system-out>
<![CDATA[
[[ATTACHMENT|test-results\auth-logout-Authentication-8e31a-successfully-from-user-menu-webkit\test-failed-1.png]]

[[ATTACHMENT|test-results\auth-logout-Authentication-8e31a-successfully-from-user-menu-webkit\video.webm]]

[[ATTACHMENT|test-results\auth-logout-Authentication-8e31a-successfully-from-user-menu-webkit\error-context.md]]
]]>
</system-out>
</testcase>
<testcase name="Authentication - Logout › should logout successfully from logout button" classname="auth\logout.spec.ts" time="2.769">
<failure message="logout.spec.ts:17:7 should logout successfully from logout button" type="FAILURE">
<![CDATA[  [webkit] › auth\logout.spec.ts:17:7 › Authentication - Logout › should logout successfully from logout button 

    TypeError: Cannot read properties of undefined (reading 'users')

       6 |     // Login before each test
       7 |     await loginPage.navigateToLogin();
    >  8 |     await loginPage.loginWithUser(testData.users.student);
         |                                            ^
       9 |     await dashboardPage.waitForDashboardLoad();
      10 |   });
      11 |
        at E:\test-project-app\tests\playwright\auth\logout.spec.ts:8:44

    attachment #1: screenshot (image/png) ──────────────────────────────────────────────────────────
    ..\..\test-results\auth-logout-Authentication-84d2e-essfully-from-logout-button-webkit\test-failed-1.png
    ────────────────────────────────────────────────────────────────────────────────────────────────

    attachment #2: video (video/webm) ──────────────────────────────────────────────────────────────
    ..\..\test-results\auth-logout-Authentication-84d2e-essfully-from-logout-button-webkit\video.webm
    ────────────────────────────────────────────────────────────────────────────────────────────────

    Error Context: ..\..\test-results\auth-logout-Authentication-84d2e-essfully-from-logout-button-webkit\error-context.md
]]>
</failure>
<system-out>
<![CDATA[
[[ATTACHMENT|test-results\auth-logout-Authentication-84d2e-essfully-from-logout-button-webkit\test-failed-1.png]]

[[ATTACHMENT|test-results\auth-logout-Authentication-84d2e-essfully-from-logout-button-webkit\video.webm]]

[[ATTACHMENT|test-results\auth-logout-Authentication-84d2e-essfully-from-logout-button-webkit\error-context.md]]
]]>
</system-out>
</testcase>
<testcase name="Authentication - Logout › should clear session data after logout" classname="auth\logout.spec.ts" time="2.875">
<failure message="logout.spec.ts:23:7 should clear session data after logout" type="FAILURE">
<![CDATA[  [webkit] › auth\logout.spec.ts:23:7 › Authentication - Logout › should clear session data after logout 

    TypeError: Cannot read properties of undefined (reading 'users')

       6 |     // Login before each test
       7 |     await loginPage.navigateToLogin();
    >  8 |     await loginPage.loginWithUser(testData.users.student);
         |                                            ^
       9 |     await dashboardPage.waitForDashboardLoad();
      10 |   });
      11 |
        at E:\test-project-app\tests\playwright\auth\logout.spec.ts:8:44

    attachment #1: screenshot (image/png) ──────────────────────────────────────────────────────────
    ..\..\test-results\auth-logout-Authentication-dab19-r-session-data-after-logout-webkit\test-failed-1.png
    ────────────────────────────────────────────────────────────────────────────────────────────────

    attachment #2: video (video/webm) ──────────────────────────────────────────────────────────────
    ..\..\test-results\auth-logout-Authentication-dab19-r-session-data-after-logout-webkit\video.webm
    ────────────────────────────────────────────────────────────────────────────────────────────────

    Error Context: ..\..\test-results\auth-logout-Authentication-dab19-r-session-data-after-logout-webkit\error-context.md
]]>
</failure>
<system-out>
<![CDATA[
[[ATTACHMENT|test-results\auth-logout-Authentication-dab19-r-session-data-after-logout-webkit\test-failed-1.png]]

[[ATTACHMENT|test-results\auth-logout-Authentication-dab19-r-session-data-after-logout-webkit\video.webm]]

[[ATTACHMENT|test-results\auth-logout-Authentication-dab19-r-session-data-after-logout-webkit\error-context.md]]
]]>
</system-out>
</testcase>
<testcase name="Authentication - Logout › should redirect to login page when accessing protected routes after logout" classname="auth\logout.spec.ts" time="2.965">
<failure message="logout.spec.ts:29:7 should redirect to login page when accessing protected routes after logout" type="FAILURE">
<![CDATA[  [webkit] › auth\logout.spec.ts:29:7 › Authentication - Logout › should redirect to login page when accessing protected routes after logout 

    TypeError: Cannot read properties of undefined (reading 'users')

       6 |     // Login before each test
       7 |     await loginPage.navigateToLogin();
    >  8 |     await loginPage.loginWithUser(testData.users.student);
         |                                            ^
       9 |     await dashboardPage.waitForDashboardLoad();
      10 |   });
      11 |
        at E:\test-project-app\tests\playwright\auth\logout.spec.ts:8:44

    attachment #1: screenshot (image/png) ──────────────────────────────────────────────────────────
    ..\..\test-results\auth-logout-Authentication-9525d-otected-routes-after-logout-webkit\test-failed-1.png
    ────────────────────────────────────────────────────────────────────────────────────────────────

    attachment #2: video (video/webm) ──────────────────────────────────────────────────────────────
    ..\..\test-results\auth-logout-Authentication-9525d-otected-routes-after-logout-webkit\video.webm
    ────────────────────────────────────────────────────────────────────────────────────────────────

    Error Context: ..\..\test-results\auth-logout-Authentication-9525d-otected-routes-after-logout-webkit\error-context.md
]]>
</failure>
<system-out>
<![CDATA[
[[ATTACHMENT|test-results\auth-logout-Authentication-9525d-otected-routes-after-logout-webkit\test-failed-1.png]]

[[ATTACHMENT|test-results\auth-logout-Authentication-9525d-otected-routes-after-logout-webkit\video.webm]]

[[ATTACHMENT|test-results\auth-logout-Authentication-9525d-otected-routes-after-logout-webkit\error-context.md]]
]]>
</system-out>
</testcase>
<testcase name="Authentication - Logout › should show logout confirmation dialog" classname="auth\logout.spec.ts" time="3.018">
<failure message="logout.spec.ts:43:7 should show logout confirmation dialog" type="FAILURE">
<![CDATA[  [webkit] › auth\logout.spec.ts:43:7 › Authentication - Logout › should show logout confirmation dialog 

    TypeError: Cannot read properties of undefined (reading 'users')

       6 |     // Login before each test
       7 |     await loginPage.navigateToLogin();
    >  8 |     await loginPage.loginWithUser(testData.users.student);
         |                                            ^
       9 |     await dashboardPage.waitForDashboardLoad();
      10 |   });
      11 |
        at E:\test-project-app\tests\playwright\auth\logout.spec.ts:8:44

    attachment #1: screenshot (image/png) ──────────────────────────────────────────────────────────
    ..\..\test-results\auth-logout-Authentication-63b03--logout-confirmation-dialog-webkit\test-failed-1.png
    ────────────────────────────────────────────────────────────────────────────────────────────────

    attachment #2: video (video/webm) ──────────────────────────────────────────────────────────────
    ..\..\test-results\auth-logout-Authentication-63b03--logout-confirmation-dialog-webkit\video.webm
    ────────────────────────────────────────────────────────────────────────────────────────────────

    Error Context: ..\..\test-results\auth-logout-Authentication-63b03--logout-confirmation-dialog-webkit\error-context.md
]]>
</failure>
<system-out>
<![CDATA[
[[ATTACHMENT|test-results\auth-logout-Authentication-63b03--logout-confirmation-dialog-webkit\test-failed-1.png]]

[[ATTACHMENT|test-results\auth-logout-Authentication-63b03--logout-confirmation-dialog-webkit\video.webm]]

[[ATTACHMENT|test-results\auth-logout-Authentication-63b03--logout-confirmation-dialog-webkit\error-context.md]]
]]>
</system-out>
</testcase>
<testcase name="Authentication - Logout › should cancel logout when confirmation is dismissed" classname="auth\logout.spec.ts" time="2.81">
<failure message="logout.spec.ts:52:7 should cancel logout when confirmation is dismissed" type="FAILURE">
<![CDATA[  [webkit] › auth\logout.spec.ts:52:7 › Authentication - Logout › should cancel logout when confirmation is dismissed 

    TypeError: Cannot read properties of undefined (reading 'users')

       6 |     // Login before each test
       7 |     await loginPage.navigateToLogin();
    >  8 |     await loginPage.loginWithUser(testData.users.student);
         |                                            ^
       9 |     await dashboardPage.waitForDashboardLoad();
      10 |   });
      11 |
        at E:\test-project-app\tests\playwright\auth\logout.spec.ts:8:44

    attachment #1: screenshot (image/png) ──────────────────────────────────────────────────────────
    ..\..\test-results\auth-logout-Authentication-b7146-n-confirmation-is-dismissed-webkit\test-failed-1.png
    ────────────────────────────────────────────────────────────────────────────────────────────────

    attachment #2: video (video/webm) ──────────────────────────────────────────────────────────────
    ..\..\test-results\auth-logout-Authentication-b7146-n-confirmation-is-dismissed-webkit\video.webm
    ────────────────────────────────────────────────────────────────────────────────────────────────

    Error Context: ..\..\test-results\auth-logout-Authentication-b7146-n-confirmation-is-dismissed-webkit\error-context.md
]]>
</failure>
<system-out>
<![CDATA[
[[ATTACHMENT|test-results\auth-logout-Authentication-b7146-n-confirmation-is-dismissed-webkit\test-failed-1.png]]

[[ATTACHMENT|test-results\auth-logout-Authentication-b7146-n-confirmation-is-dismissed-webkit\video.webm]]

[[ATTACHMENT|test-results\auth-logout-Authentication-b7146-n-confirmation-is-dismissed-webkit\error-context.md]]
]]>
</system-out>
</testcase>
<testcase name="Authentication - Logout › should logout from multiple tabs" classname="auth\logout.spec.ts" time="3.278">
<failure message="logout.spec.ts:63:7 should logout from multiple tabs" type="FAILURE">
<![CDATA[  [webkit] › auth\logout.spec.ts:63:7 › Authentication - Logout › should logout from multiple tabs ─

    TypeError: Cannot read properties of undefined (reading 'users')

       6 |     // Login before each test
       7 |     await loginPage.navigateToLogin();
    >  8 |     await loginPage.loginWithUser(testData.users.student);
         |                                            ^
       9 |     await dashboardPage.waitForDashboardLoad();
      10 |   });
      11 |
        at E:\test-project-app\tests\playwright\auth\logout.spec.ts:8:44

    attachment #1: screenshot (image/png) ──────────────────────────────────────────────────────────
    ..\..\test-results\auth-logout-Authentication-e142e-d-logout-from-multiple-tabs-webkit\test-failed-1.png
    ────────────────────────────────────────────────────────────────────────────────────────────────

    attachment #2: video (video/webm) ──────────────────────────────────────────────────────────────
    ..\..\test-results\auth-logout-Authentication-e142e-d-logout-from-multiple-tabs-webkit\video.webm
    ────────────────────────────────────────────────────────────────────────────────────────────────

    Error Context: ..\..\test-results\auth-logout-Authentication-e142e-d-logout-from-multiple-tabs-webkit\error-context.md
]]>
</failure>
<system-out>
<![CDATA[
[[ATTACHMENT|test-results\auth-logout-Authentication-e142e-d-logout-from-multiple-tabs-webkit\test-failed-1.png]]

[[ATTACHMENT|test-results\auth-logout-Authentication-e142e-d-logout-from-multiple-tabs-webkit\video.webm]]

[[ATTACHMENT|test-results\auth-logout-Authentication-e142e-d-logout-from-multiple-tabs-webkit\error-context.md]]
]]>
</system-out>
</testcase>
<testcase name="Authentication - Logout › should handle logout with pending requests" classname="auth\logout.spec.ts" time="2.974">
<failure message="logout.spec.ts:78:7 should handle logout with pending requests" type="FAILURE">
<![CDATA[  [webkit] › auth\logout.spec.ts:78:7 › Authentication - Logout › should handle logout with pending requests 

    TypeError: Cannot read properties of undefined (reading 'users')

       6 |     // Login before each test
       7 |     await loginPage.navigateToLogin();
    >  8 |     await loginPage.loginWithUser(testData.users.student);
         |                                            ^
       9 |     await dashboardPage.waitForDashboardLoad();
      10 |   });
      11 |
        at E:\test-project-app\tests\playwright\auth\logout.spec.ts:8:44

    attachment #1: screenshot (image/png) ──────────────────────────────────────────────────────────
    ..\..\test-results\auth-logout-Authentication-fa2b0-ogout-with-pending-requests-webkit\test-failed-1.png
    ────────────────────────────────────────────────────────────────────────────────────────────────

    attachment #2: video (video/webm) ──────────────────────────────────────────────────────────────
    ..\..\test-results\auth-logout-Authentication-fa2b0-ogout-with-pending-requests-webkit\video.webm
    ────────────────────────────────────────────────────────────────────────────────────────────────

    Error Context: ..\..\test-results\auth-logout-Authentication-fa2b0-ogout-with-pending-requests-webkit\error-context.md
]]>
</failure>
<system-out>
<![CDATA[
[[ATTACHMENT|test-results\auth-logout-Authentication-fa2b0-ogout-with-pending-requests-webkit\test-failed-1.png]]

[[ATTACHMENT|test-results\auth-logout-Authentication-fa2b0-ogout-with-pending-requests-webkit\video.webm]]

[[ATTACHMENT|test-results\auth-logout-Authentication-fa2b0-ogout-with-pending-requests-webkit\error-context.md]]
]]>
</system-out>
</testcase>
<testcase name="Authentication - Logout › should clear local storage on logout" classname="auth\logout.spec.ts" time="3.129">
<failure message="logout.spec.ts:89:7 should clear local storage on logout" type="FAILURE">
<![CDATA[  [webkit] › auth\logout.spec.ts:89:7 › Authentication - Logout › should clear local storage on logout 

    TypeError: Cannot read properties of undefined (reading 'users')

       6 |     // Login before each test
       7 |     await loginPage.navigateToLogin();
    >  8 |     await loginPage.loginWithUser(testData.users.student);
         |                                            ^
       9 |     await dashboardPage.waitForDashboardLoad();
      10 |   });
      11 |
        at E:\test-project-app\tests\playwright\auth\logout.spec.ts:8:44

    attachment #1: screenshot (image/png) ──────────────────────────────────────────────────────────
    ..\..\test-results\auth-logout-Authentication-d48fc-ear-local-storage-on-logout-webkit\test-failed-1.png
    ────────────────────────────────────────────────────────────────────────────────────────────────

    attachment #2: video (video/webm) ──────────────────────────────────────────────────────────────
    ..\..\test-results\auth-logout-Authentication-d48fc-ear-local-storage-on-logout-webkit\video.webm
    ────────────────────────────────────────────────────────────────────────────────────────────────

    Error Context: ..\..\test-results\auth-logout-Authentication-d48fc-ear-local-storage-on-logout-webkit\error-context.md
]]>
</failure>
<system-out>
<![CDATA[
[[ATTACHMENT|test-results\auth-logout-Authentication-d48fc-ear-local-storage-on-logout-webkit\test-failed-1.png]]

[[ATTACHMENT|test-results\auth-logout-Authentication-d48fc-ear-local-storage-on-logout-webkit\video.webm]]

[[ATTACHMENT|test-results\auth-logout-Authentication-d48fc-ear-local-storage-on-logout-webkit\error-context.md]]
]]>
</system-out>
</testcase>
<testcase name="Authentication - Logout › should clear session storage on logout" classname="auth\logout.spec.ts" time="3.183">
<failure message="logout.spec.ts:106:7 should clear session storage on logout" type="FAILURE">
<![CDATA[  [webkit] › auth\logout.spec.ts:106:7 › Authentication - Logout › should clear session storage on logout 

    TypeError: Cannot read properties of undefined (reading 'users')

       6 |     // Login before each test
       7 |     await loginPage.navigateToLogin();
    >  8 |     await loginPage.loginWithUser(testData.users.student);
         |                                            ^
       9 |     await dashboardPage.waitForDashboardLoad();
      10 |   });
      11 |
        at E:\test-project-app\tests\playwright\auth\logout.spec.ts:8:44

    attachment #1: screenshot (image/png) ──────────────────────────────────────────────────────────
    ..\..\test-results\auth-logout-Authentication-49f87-r-session-storage-on-logout-webkit\test-failed-1.png
    ────────────────────────────────────────────────────────────────────────────────────────────────

    attachment #2: video (video/webm) ──────────────────────────────────────────────────────────────
    ..\..\test-results\auth-logout-Authentication-49f87-r-session-storage-on-logout-webkit\video.webm
    ────────────────────────────────────────────────────────────────────────────────────────────────

    Error Context: ..\..\test-results\auth-logout-Authentication-49f87-r-session-storage-on-logout-webkit\error-context.md
]]>
</failure>
<system-out>
<![CDATA[
[[ATTACHMENT|test-results\auth-logout-Authentication-49f87-r-session-storage-on-logout-webkit\test-failed-1.png]]

[[ATTACHMENT|test-results\auth-logout-Authentication-49f87-r-session-storage-on-logout-webkit\video.webm]]

[[ATTACHMENT|test-results\auth-logout-Authentication-49f87-r-session-storage-on-logout-webkit\error-context.md]]
]]>
</system-out>
</testcase>
<testcase name="Authentication - Logout › should handle logout with unsaved changes" classname="auth\logout.spec.ts" time="3.239">
<failure message="logout.spec.ts:123:7 should handle logout with unsaved changes" type="FAILURE">
<![CDATA[  [webkit] › auth\logout.spec.ts:123:7 › Authentication - Logout › should handle logout with unsaved changes 

    TypeError: Cannot read properties of undefined (reading 'users')

       6 |     // Login before each test
       7 |     await loginPage.navigateToLogin();
    >  8 |     await loginPage.loginWithUser(testData.users.student);
         |                                            ^
       9 |     await dashboardPage.waitForDashboardLoad();
      10 |   });
      11 |
        at E:\test-project-app\tests\playwright\auth\logout.spec.ts:8:44

    attachment #1: screenshot (image/png) ──────────────────────────────────────────────────────────
    ..\..\test-results\auth-logout-Authentication-bb173-logout-with-unsaved-changes-webkit\test-failed-1.png
    ────────────────────────────────────────────────────────────────────────────────────────────────

    attachment #2: video (video/webm) ──────────────────────────────────────────────────────────────
    ..\..\test-results\auth-logout-Authentication-bb173-logout-with-unsaved-changes-webkit\video.webm
    ────────────────────────────────────────────────────────────────────────────────────────────────

    Error Context: ..\..\test-results\auth-logout-Authentication-bb173-logout-with-unsaved-changes-webkit\error-context.md
]]>
</failure>
<system-out>
<![CDATA[
[[ATTACHMENT|test-results\auth-logout-Authentication-bb173-logout-with-unsaved-changes-webkit\test-failed-1.png]]

[[ATTACHMENT|test-results\auth-logout-Authentication-bb173-logout-with-unsaved-changes-webkit\video.webm]]

[[ATTACHMENT|test-results\auth-logout-Authentication-bb173-logout-with-unsaved-changes-webkit\error-context.md]]
]]>
</system-out>
</testcase>
<testcase name="Authentication - Logout › should logout automatically on session timeout" classname="auth\logout.spec.ts" time="3.222">
<failure message="logout.spec.ts:135:7 should logout automatically on session timeout" type="FAILURE">
<![CDATA[  [webkit] › auth\logout.spec.ts:135:7 › Authentication - Logout › should logout automatically on session timeout 

    TypeError: Cannot read properties of undefined (reading 'users')

       6 |     // Login before each test
       7 |     await loginPage.navigateToLogin();
    >  8 |     await loginPage.loginWithUser(testData.users.student);
         |                                            ^
       9 |     await dashboardPage.waitForDashboardLoad();
      10 |   });
      11 |
        at E:\test-project-app\tests\playwright\auth\logout.spec.ts:8:44

    attachment #1: screenshot (image/png) ──────────────────────────────────────────────────────────
    ..\..\test-results\auth-logout-Authentication-1bb7f-atically-on-session-timeout-webkit\test-failed-1.png
    ────────────────────────────────────────────────────────────────────────────────────────────────

    attachment #2: video (video/webm) ──────────────────────────────────────────────────────────────
    ..\..\test-results\auth-logout-Authentication-1bb7f-atically-on-session-timeout-webkit\video.webm
    ────────────────────────────────────────────────────────────────────────────────────────────────

    Error Context: ..\..\test-results\auth-logout-Authentication-1bb7f-atically-on-session-timeout-webkit\error-context.md
]]>
</failure>
<system-out>
<![CDATA[
[[ATTACHMENT|test-results\auth-logout-Authentication-1bb7f-atically-on-session-timeout-webkit\test-failed-1.png]]

[[ATTACHMENT|test-results\auth-logout-Authentication-1bb7f-atically-on-session-timeout-webkit\video.webm]]

[[ATTACHMENT|test-results\auth-logout-Authentication-1bb7f-atically-on-session-timeout-webkit\error-context.md]]
]]>
</system-out>
</testcase>
<testcase name="Authentication - Logout › should show appropriate message after logout" classname="auth\logout.spec.ts" time="3.236">
<failure message="logout.spec.ts:151:7 should show appropriate message after logout" type="FAILURE">
<![CDATA[  [webkit] › auth\logout.spec.ts:151:7 › Authentication - Logout › should show appropriate message after logout 

    TypeError: Cannot read properties of undefined (reading 'users')

       6 |     // Login before each test
       7 |     await loginPage.navigateToLogin();
    >  8 |     await loginPage.loginWithUser(testData.users.student);
         |                                            ^
       9 |     await dashboardPage.waitForDashboardLoad();
      10 |   });
      11 |
        at E:\test-project-app\tests\playwright\auth\logout.spec.ts:8:44

    attachment #1: screenshot (image/png) ──────────────────────────────────────────────────────────
    ..\..\test-results\auth-logout-Authentication-e03f8-priate-message-after-logout-webkit\test-failed-1.png
    ────────────────────────────────────────────────────────────────────────────────────────────────

    attachment #2: video (video/webm) ──────────────────────────────────────────────────────────────
    ..\..\test-results\auth-logout-Authentication-e03f8-priate-message-after-logout-webkit\video.webm
    ────────────────────────────────────────────────────────────────────────────────────────────────

    Error Context: ..\..\test-results\auth-logout-Authentication-e03f8-priate-message-after-logout-webkit\error-context.md
]]>
</failure>
<system-out>
<![CDATA[
[[ATTACHMENT|test-results\auth-logout-Authentication-e03f8-priate-message-after-logout-webkit\test-failed-1.png]]

[[ATTACHMENT|test-results\auth-logout-Authentication-e03f8-priate-message-after-logout-webkit\video.webm]]

[[ATTACHMENT|test-results\auth-logout-Authentication-e03f8-priate-message-after-logout-webkit\error-context.md]]
]]>
</system-out>
</testcase>
<testcase name="Authentication - Logout › should handle logout with active WebSocket connections" classname="auth\logout.spec.ts" time="3.151">
<failure message="logout.spec.ts:156:7 should handle logout with active WebSocket connections" type="FAILURE">
<![CDATA[  [webkit] › auth\logout.spec.ts:156:7 › Authentication - Logout › should handle logout with active WebSocket connections 

    TypeError: Cannot read properties of undefined (reading 'users')

       6 |     // Login before each test
       7 |     await loginPage.navigateToLogin();
    >  8 |     await loginPage.loginWithUser(testData.users.student);
         |                                            ^
       9 |     await dashboardPage.waitForDashboardLoad();
      10 |   });
      11 |
        at E:\test-project-app\tests\playwright\auth\logout.spec.ts:8:44

    attachment #1: screenshot (image/png) ──────────────────────────────────────────────────────────
    ..\..\test-results\auth-logout-Authentication-1821c-ctive-WebSocket-connections-webkit\test-failed-1.png
    ────────────────────────────────────────────────────────────────────────────────────────────────

    attachment #2: video (video/webm) ──────────────────────────────────────────────────────────────
    ..\..\test-results\auth-logout-Authentication-1821c-ctive-WebSocket-connections-webkit\video.webm
    ────────────────────────────────────────────────────────────────────────────────────────────────

    Error Context: ..\..\test-results\auth-logout-Authentication-1821c-ctive-WebSocket-connections-webkit\error-context.md
]]>
</failure>
<system-out>
<![CDATA[
[[ATTACHMENT|test-results\auth-logout-Authentication-1821c-ctive-WebSocket-connections-webkit\test-failed-1.png]]

[[ATTACHMENT|test-results\auth-logout-Authentication-1821c-ctive-WebSocket-connections-webkit\video.webm]]

[[ATTACHMENT|test-results\auth-logout-Authentication-1821c-ctive-WebSocket-connections-webkit\error-context.md]]
]]>
</system-out>
</testcase>
<testcase name="Authentication - Logout › should handle logout with file uploads in progress" classname="auth\logout.spec.ts" time="4.779">
<failure message="logout.spec.ts:173:7 should handle logout with file uploads in progress" type="FAILURE">
<![CDATA[  [webkit] › auth\logout.spec.ts:173:7 › Authentication - Logout › should handle logout with file uploads in progress 

    TypeError: Cannot read properties of undefined (reading 'users')

       6 |     // Login before each test
       7 |     await loginPage.navigateToLogin();
    >  8 |     await loginPage.loginWithUser(testData.users.student);
         |                                            ^
       9 |     await dashboardPage.waitForDashboardLoad();
      10 |   });
      11 |
        at E:\test-project-app\tests\playwright\auth\logout.spec.ts:8:44

    attachment #1: screenshot (image/png) ──────────────────────────────────────────────────────────
    ..\..\test-results\auth-logout-Authentication-d885d-th-file-uploads-in-progress-webkit\test-failed-1.png
    ────────────────────────────────────────────────────────────────────────────────────────────────

    attachment #2: video (video/webm) ──────────────────────────────────────────────────────────────
    ..\..\test-results\auth-logout-Authentication-d885d-th-file-uploads-in-progress-webkit\video.webm
    ────────────────────────────────────────────────────────────────────────────────────────────────

    Error Context: ..\..\test-results\auth-logout-Authentication-d885d-th-file-uploads-in-progress-webkit\error-context.md
]]>
</failure>
<system-out>
<![CDATA[
[[ATTACHMENT|test-results\auth-logout-Authentication-d885d-th-file-uploads-in-progress-webkit\test-failed-1.png]]

[[ATTACHMENT|test-results\auth-logout-Authentication-d885d-th-file-uploads-in-progress-webkit\video.webm]]

[[ATTACHMENT|test-results\auth-logout-Authentication-d885d-th-file-uploads-in-progress-webkit\error-context.md]]
]]>
</system-out>
</testcase>
<testcase name="Authentication - Logout › should handle logout with notifications" classname="auth\logout.spec.ts" time="4.378">
<failure message="logout.spec.ts:185:7 should handle logout with notifications" type="FAILURE">
<![CDATA[  [webkit] › auth\logout.spec.ts:185:7 › Authentication - Logout › should handle logout with notifications 

    TypeError: Cannot read properties of undefined (reading 'users')

       6 |     // Login before each test
       7 |     await loginPage.navigateToLogin();
    >  8 |     await loginPage.loginWithUser(testData.users.student);
         |                                            ^
       9 |     await dashboardPage.waitForDashboardLoad();
      10 |   });
      11 |
        at E:\test-project-app\tests\playwright\auth\logout.spec.ts:8:44

    attachment #1: screenshot (image/png) ──────────────────────────────────────────────────────────
    ..\..\test-results\auth-logout-Authentication-b0f2c-e-logout-with-notifications-webkit\test-failed-1.png
    ────────────────────────────────────────────────────────────────────────────────────────────────

    attachment #2: video (video/webm) ──────────────────────────────────────────────────────────────
    ..\..\test-results\auth-logout-Authentication-b0f2c-e-logout-with-notifications-webkit\video.webm
    ────────────────────────────────────────────────────────────────────────────────────────────────

    Error Context: ..\..\test-results\auth-logout-Authentication-b0f2c-e-logout-with-notifications-webkit\error-context.md
]]>
</failure>
<system-out>
<![CDATA[
[[ATTACHMENT|test-results\auth-logout-Authentication-b0f2c-e-logout-with-notifications-webkit\test-failed-1.png]]

[[ATTACHMENT|test-results\auth-logout-Authentication-b0f2c-e-logout-with-notifications-webkit\video.webm]]

[[ATTACHMENT|test-results\auth-logout-Authentication-b0f2c-e-logout-with-notifications-webkit\error-context.md]]
]]>
</system-out>
</testcase>
</testsuite>
<testsuite name="events\events-crud.spec.ts" timestamp="2026-02-20T03:52:25.301Z" hostname="webkit" tests="22" failures="22" skipped="0" time="57.457" errors="0">
<testcase name="Events - CRUD Operations › Event Creation › should create a new event successfully" classname="events\events-crud.spec.ts" time="3.505">
<failure message="events-crud.spec.ts:20:9 should create a new event successfully" type="FAILURE">
<![CDATA[  [webkit] › events\events-crud.spec.ts:20:9 › Events - CRUD Operations › Event Creation › should create a new event successfully 

    TypeError: Cannot read properties of undefined (reading 'users')

      11 |     // Login as admin to perform CRUD operations
      12 |     await page.goto('/login');
    > 13 |     await page.fill('input[name="username"], input[type="email"]', testData.users.admin.email);
         |                                                                             ^
      14 |     await page.fill('input[name="password"], input[type="password"]', testData.users.admin.password);
      15 |     await page.click('button[type="submit"], button:has-text("Login")');
      16 |     await page.waitForLoadState('networkidle');
        at E:\test-project-app\tests\playwright\events\events-crud.spec.ts:13:77

    attachment #1: screenshot (image/png) ──────────────────────────────────────────────────────────
    ..\..\test-results\events-events-crud-Events--b50a0-te-a-new-event-successfully-webkit\test-failed-1.png
    ────────────────────────────────────────────────────────────────────────────────────────────────

    attachment #2: video (video/webm) ──────────────────────────────────────────────────────────────
    ..\..\test-results\events-events-crud-Events--b50a0-te-a-new-event-successfully-webkit\video.webm
    ────────────────────────────────────────────────────────────────────────────────────────────────

    Error Context: ..\..\test-results\events-events-crud-Events--b50a0-te-a-new-event-successfully-webkit\error-context.md
]]>
</failure>
<system-out>
<![CDATA[
[[ATTACHMENT|test-results\events-events-crud-Events--b50a0-te-a-new-event-successfully-webkit\test-failed-1.png]]

[[ATTACHMENT|test-results\events-events-crud-Events--b50a0-te-a-new-event-successfully-webkit\video.webm]]

[[ATTACHMENT|test-results\events-events-crud-Events--b50a0-te-a-new-event-successfully-webkit\error-context.md]]
]]>
</system-out>
</testcase>
<testcase name="Events - CRUD Operations › Event Creation › should validate required fields in event form" classname="events\events-crud.spec.ts" time="3.54">
<failure message="events-crud.spec.ts:32:9 should validate required fields in event form" type="FAILURE">
<![CDATA[  [webkit] › events\events-crud.spec.ts:32:9 › Events - CRUD Operations › Event Creation › should validate required fields in event form 

    TypeError: Cannot read properties of undefined (reading 'users')

      11 |     // Login as admin to perform CRUD operations
      12 |     await page.goto('/login');
    > 13 |     await page.fill('input[name="username"], input[type="email"]', testData.users.admin.email);
         |                                                                             ^
      14 |     await page.fill('input[name="password"], input[type="password"]', testData.users.admin.password);
      15 |     await page.click('button[type="submit"], button:has-text("Login")');
      16 |     await page.waitForLoadState('networkidle');
        at E:\test-project-app\tests\playwright\events\events-crud.spec.ts:13:77

    attachment #1: screenshot (image/png) ──────────────────────────────────────────────────────────
    ..\..\test-results\events-events-crud-Events--8fcf1-quired-fields-in-event-form-webkit\test-failed-1.png
    ────────────────────────────────────────────────────────────────────────────────────────────────

    attachment #2: video (video/webm) ──────────────────────────────────────────────────────────────
    ..\..\test-results\events-events-crud-Events--8fcf1-quired-fields-in-event-form-webkit\video.webm
    ────────────────────────────────────────────────────────────────────────────────────────────────

    Error Context: ..\..\test-results\events-events-crud-Events--8fcf1-quired-fields-in-event-form-webkit\error-context.md
]]>
</failure>
<system-out>
<![CDATA[
[[ATTACHMENT|test-results\events-events-crud-Events--8fcf1-quired-fields-in-event-form-webkit\test-failed-1.png]]

[[ATTACHMENT|test-results\events-events-crud-Events--8fcf1-quired-fields-in-event-form-webkit\video.webm]]

[[ATTACHMENT|test-results\events-events-crud-Events--8fcf1-quired-fields-in-event-form-webkit\error-context.md]]
]]>
</system-out>
</testcase>
<testcase name="Events - CRUD Operations › Event Creation › should show error for duplicate event name" classname="events\events-crud.spec.ts" time="2.11">
<failure message="events-crud.spec.ts:43:9 should show error for duplicate event name" type="FAILURE">
<![CDATA[  [webkit] › events\events-crud.spec.ts:43:9 › Events - CRUD Operations › Event Creation › should show error for duplicate event name 

    TypeError: Cannot read properties of undefined (reading 'users')

      11 |     // Login as admin to perform CRUD operations
      12 |     await page.goto('/login');
    > 13 |     await page.fill('input[name="username"], input[type="email"]', testData.users.admin.email);
         |                                                                             ^
      14 |     await page.fill('input[name="password"], input[type="password"]', testData.users.admin.password);
      15 |     await page.click('button[type="submit"], button:has-text("Login")');
      16 |     await page.waitForLoadState('networkidle');
        at E:\test-project-app\tests\playwright\events\events-crud.spec.ts:13:77

    attachment #1: screenshot (image/png) ──────────────────────────────────────────────────────────
    ..\..\test-results\events-events-crud-Events--98946-or-for-duplicate-event-name-webkit\test-failed-1.png
    ────────────────────────────────────────────────────────────────────────────────────────────────

    attachment #2: video (video/webm) ──────────────────────────────────────────────────────────────
    ..\..\test-results\events-events-crud-Events--98946-or-for-duplicate-event-name-webkit\video.webm
    ────────────────────────────────────────────────────────────────────────────────────────────────

    Error Context: ..\..\test-results\events-events-crud-Events--98946-or-for-duplicate-event-name-webkit\error-context.md
]]>
</failure>
<system-out>
<![CDATA[
[[ATTACHMENT|test-results\events-events-crud-Events--98946-or-for-duplicate-event-name-webkit\test-failed-1.png]]

[[ATTACHMENT|test-results\events-events-crud-Events--98946-or-for-duplicate-event-name-webkit\video.webm]]

[[ATTACHMENT|test-results\events-events-crud-Events--98946-or-for-duplicate-event-name-webkit\error-context.md]]
]]>
</system-out>
</testcase>
<testcase name="Events - CRUD Operations › Event Creation › should validate date and time constraints" classname="events\events-crud.spec.ts" time="2.219">
<failure message="events-crud.spec.ts:59:9 should validate date and time constraints" type="FAILURE">
<![CDATA[  [webkit] › events\events-crud.spec.ts:59:9 › Events - CRUD Operations › Event Creation › should validate date and time constraints 

    TypeError: Cannot read properties of undefined (reading 'users')

      11 |     // Login as admin to perform CRUD operations
      12 |     await page.goto('/login');
    > 13 |     await page.fill('input[name="username"], input[type="email"]', testData.users.admin.email);
         |                                                                             ^
      14 |     await page.fill('input[name="password"], input[type="password"]', testData.users.admin.password);
      15 |     await page.click('button[type="submit"], button:has-text("Login")');
      16 |     await page.waitForLoadState('networkidle');
        at E:\test-project-app\tests\playwright\events\events-crud.spec.ts:13:77

    attachment #1: screenshot (image/png) ──────────────────────────────────────────────────────────
    ..\..\test-results\events-events-crud-Events--9ca43-e-date-and-time-constraints-webkit\test-failed-1.png
    ────────────────────────────────────────────────────────────────────────────────────────────────

    attachment #2: video (video/webm) ──────────────────────────────────────────────────────────────
    ..\..\test-results\events-events-crud-Events--9ca43-e-date-and-time-constraints-webkit\video.webm
    ────────────────────────────────────────────────────────────────────────────────────────────────

    Error Context: ..\..\test-results\events-events-crud-Events--9ca43-e-date-and-time-constraints-webkit\error-context.md
]]>
</failure>
<system-out>
<![CDATA[
[[ATTACHMENT|test-results\events-events-crud-Events--9ca43-e-date-and-time-constraints-webkit\test-failed-1.png]]

[[ATTACHMENT|test-results\events-events-crud-Events--9ca43-e-date-and-time-constraints-webkit\video.webm]]

[[ATTACHMENT|test-results\events-events-crud-Events--9ca43-e-date-and-time-constraints-webkit\error-context.md]]
]]>
</system-out>
</testcase>
<testcase name="Events - CRUD Operations › Event Creation › should validate max participants constraint" classname="events\events-crud.spec.ts" time="3.278">
<failure message="events-crud.spec.ts:74:9 should validate max participants constraint" type="FAILURE">
<![CDATA[  [webkit] › events\events-crud.spec.ts:74:9 › Events - CRUD Operations › Event Creation › should validate max participants constraint 

    TypeError: Cannot read properties of undefined (reading 'users')

      11 |     // Login as admin to perform CRUD operations
      12 |     await page.goto('/login');
    > 13 |     await page.fill('input[name="username"], input[type="email"]', testData.users.admin.email);
         |                                                                             ^
      14 |     await page.fill('input[name="password"], input[type="password"]', testData.users.admin.password);
      15 |     await page.click('button[type="submit"], button:has-text("Login")');
      16 |     await page.waitForLoadState('networkidle');
        at E:\test-project-app\tests\playwright\events\events-crud.spec.ts:13:77

    attachment #1: screenshot (image/png) ──────────────────────────────────────────────────────────
    ..\..\test-results\events-events-crud-Events--a854d-max-participants-constraint-webkit\test-failed-1.png
    ────────────────────────────────────────────────────────────────────────────────────────────────

    attachment #2: video (video/webm) ──────────────────────────────────────────────────────────────
    ..\..\test-results\events-events-crud-Events--a854d-max-participants-constraint-webkit\video.webm
    ────────────────────────────────────────────────────────────────────────────────────────────────

    Error Context: ..\..\test-results\events-events-crud-Events--a854d-max-participants-constraint-webkit\error-context.md
]]>
</failure>
<system-out>
<![CDATA[
[[ATTACHMENT|test-results\events-events-crud-Events--a854d-max-participants-constraint-webkit\test-failed-1.png]]

[[ATTACHMENT|test-results\events-events-crud-Events--a854d-max-participants-constraint-webkit\video.webm]]

[[ATTACHMENT|test-results\events-events-crud-Events--a854d-max-participants-constraint-webkit\error-context.md]]
]]>
</system-out>
</testcase>
<testcase name="Events - CRUD Operations › Event Reading › should display events list correctly" classname="events\events-crud.spec.ts" time="3.002">
<failure message="events-crud.spec.ts:90:9 should display events list correctly" type="FAILURE">
<![CDATA[  [webkit] › events\events-crud.spec.ts:90:9 › Events - CRUD Operations › Event Reading › should display events list correctly 

    TypeError: Cannot read properties of undefined (reading 'users')

      11 |     // Login as admin to perform CRUD operations
      12 |     await page.goto('/login');
    > 13 |     await page.fill('input[name="username"], input[type="email"]', testData.users.admin.email);
         |                                                                             ^
      14 |     await page.fill('input[name="password"], input[type="password"]', testData.users.admin.password);
      15 |     await page.click('button[type="submit"], button:has-text("Login")');
      16 |     await page.waitForLoadState('networkidle');
        at E:\test-project-app\tests\playwright\events\events-crud.spec.ts:13:77

    attachment #1: screenshot (image/png) ──────────────────────────────────────────────────────────
    ..\..\test-results\events-events-crud-Events--06697-splay-events-list-correctly-webkit\test-failed-1.png
    ────────────────────────────────────────────────────────────────────────────────────────────────

    attachment #2: video (video/webm) ──────────────────────────────────────────────────────────────
    ..\..\test-results\events-events-crud-Events--06697-splay-events-list-correctly-webkit\video.webm
    ────────────────────────────────────────────────────────────────────────────────────────────────

    Error Context: ..\..\test-results\events-events-crud-Events--06697-splay-events-list-correctly-webkit\error-context.md
]]>
</failure>
<system-out>
<![CDATA[
[[ATTACHMENT|test-results\events-events-crud-Events--06697-splay-events-list-correctly-webkit\test-failed-1.png]]

[[ATTACHMENT|test-results\events-events-crud-Events--06697-splay-events-list-correctly-webkit\video.webm]]

[[ATTACHMENT|test-results\events-events-crud-Events--06697-splay-events-list-correctly-webkit\error-context.md]]
]]>
</system-out>
</testcase>
<testcase name="Events - CRUD Operations › Event Reading › should show event details correctly" classname="events\events-crud.spec.ts" time="2.773">
<failure message="events-crud.spec.ts:102:9 should show event details correctly" type="FAILURE">
<![CDATA[  [webkit] › events\events-crud.spec.ts:102:9 › Events - CRUD Operations › Event Reading › should show event details correctly 

    TypeError: Cannot read properties of undefined (reading 'users')

      11 |     // Login as admin to perform CRUD operations
      12 |     await page.goto('/login');
    > 13 |     await page.fill('input[name="username"], input[type="email"]', testData.users.admin.email);
         |                                                                             ^
      14 |     await page.fill('input[name="password"], input[type="password"]', testData.users.admin.password);
      15 |     await page.click('button[type="submit"], button:has-text("Login")');
      16 |     await page.waitForLoadState('networkidle');
        at E:\test-project-app\tests\playwright\events\events-crud.spec.ts:13:77

    attachment #1: screenshot (image/png) ──────────────────────────────────────────────────────────
    ..\..\test-results\events-events-crud-Events--8acfd-how-event-details-correctly-webkit\test-failed-1.png
    ────────────────────────────────────────────────────────────────────────────────────────────────

    attachment #2: video (video/webm) ──────────────────────────────────────────────────────────────
    ..\..\test-results\events-events-crud-Events--8acfd-how-event-details-correctly-webkit\video.webm
    ────────────────────────────────────────────────────────────────────────────────────────────────

    Error Context: ..\..\test-results\events-events-crud-Events--8acfd-how-event-details-correctly-webkit\error-context.md
]]>
</failure>
<system-out>
<![CDATA[
[[ATTACHMENT|test-results\events-events-crud-Events--8acfd-how-event-details-correctly-webkit\test-failed-1.png]]

[[ATTACHMENT|test-results\events-events-crud-Events--8acfd-how-event-details-correctly-webkit\video.webm]]

[[ATTACHMENT|test-results\events-events-crud-Events--8acfd-how-event-details-correctly-webkit\error-context.md]]
]]>
</system-out>
</testcase>
<testcase name="Events - CRUD Operations › Event Reading › should support event search functionality" classname="events\events-crud.spec.ts" time="2.603">
<failure message="events-crud.spec.ts:113:9 should support event search functionality" type="FAILURE">
<![CDATA[  [webkit] › events\events-crud.spec.ts:113:9 › Events - CRUD Operations › Event Reading › should support event search functionality 

    TypeError: Cannot read properties of undefined (reading 'users')

      11 |     // Login as admin to perform CRUD operations
      12 |     await page.goto('/login');
    > 13 |     await page.fill('input[name="username"], input[type="email"]', testData.users.admin.email);
         |                                                                             ^
      14 |     await page.fill('input[name="password"], input[type="password"]', testData.users.admin.password);
      15 |     await page.click('button[type="submit"], button:has-text("Login")');
      16 |     await page.waitForLoadState('networkidle');
        at E:\test-project-app\tests\playwright\events\events-crud.spec.ts:13:77

    attachment #1: screenshot (image/png) ──────────────────────────────────────────────────────────
    ..\..\test-results\events-events-crud-Events--84363--event-search-functionality-webkit\test-failed-1.png
    ────────────────────────────────────────────────────────────────────────────────────────────────

    attachment #2: video (video/webm) ──────────────────────────────────────────────────────────────
    ..\..\test-results\events-events-crud-Events--84363--event-search-functionality-webkit\video.webm
    ────────────────────────────────────────────────────────────────────────────────────────────────

    Error Context: ..\..\test-results\events-events-crud-Events--84363--event-search-functionality-webkit\error-context.md
]]>
</failure>
<system-out>
<![CDATA[
[[ATTACHMENT|test-results\events-events-crud-Events--84363--event-search-functionality-webkit\test-failed-1.png]]

[[ATTACHMENT|test-results\events-events-crud-Events--84363--event-search-functionality-webkit\video.webm]]

[[ATTACHMENT|test-results\events-events-crud-Events--84363--event-search-functionality-webkit\error-context.md]]
]]>
</system-out>
</testcase>
<testcase name="Events - CRUD Operations › Event Reading › should support category filtering" classname="events\events-crud.spec.ts" time="2.861">
<failure message="events-crud.spec.ts:120:9 should support category filtering" type="FAILURE">
<![CDATA[  [webkit] › events\events-crud.spec.ts:120:9 › Events - CRUD Operations › Event Reading › should support category filtering 

    TypeError: Cannot read properties of undefined (reading 'users')

      11 |     // Login as admin to perform CRUD operations
      12 |     await page.goto('/login');
    > 13 |     await page.fill('input[name="username"], input[type="email"]', testData.users.admin.email);
         |                                                                             ^
      14 |     await page.fill('input[name="password"], input[type="password"]', testData.users.admin.password);
      15 |     await page.click('button[type="submit"], button:has-text("Login")');
      16 |     await page.waitForLoadState('networkidle');
        at E:\test-project-app\tests\playwright\events\events-crud.spec.ts:13:77

    attachment #1: screenshot (image/png) ──────────────────────────────────────────────────────────
    ..\..\test-results\events-events-crud-Events--7a120--support-category-filtering-webkit\test-failed-1.png
    ────────────────────────────────────────────────────────────────────────────────────────────────

    attachment #2: video (video/webm) ──────────────────────────────────────────────────────────────
    ..\..\test-results\events-events-crud-Events--7a120--support-category-filtering-webkit\video.webm
    ────────────────────────────────────────────────────────────────────────────────────────────────

    Error Context: ..\..\test-results\events-events-crud-Events--7a120--support-category-filtering-webkit\error-context.md
]]>
</failure>
<system-out>
<![CDATA[
[[ATTACHMENT|test-results\events-events-crud-Events--7a120--support-category-filtering-webkit\test-failed-1.png]]

[[ATTACHMENT|test-results\events-events-crud-Events--7a120--support-category-filtering-webkit\video.webm]]

[[ATTACHMENT|test-results\events-events-crud-Events--7a120--support-category-filtering-webkit\error-context.md]]
]]>
</system-out>
</testcase>
<testcase name="Events - CRUD Operations › Event Reading › should support date filtering" classname="events\events-crud.spec.ts" time="2.28">
<failure message="events-crud.spec.ts:127:9 should support date filtering" type="FAILURE">
<![CDATA[  [webkit] › events\events-crud.spec.ts:127:9 › Events - CRUD Operations › Event Reading › should support date filtering 

    TypeError: Cannot read properties of undefined (reading 'users')

      11 |     // Login as admin to perform CRUD operations
      12 |     await page.goto('/login');
    > 13 |     await page.fill('input[name="username"], input[type="email"]', testData.users.admin.email);
         |                                                                             ^
      14 |     await page.fill('input[name="password"], input[type="password"]', testData.users.admin.password);
      15 |     await page.click('button[type="submit"], button:has-text("Login")');
      16 |     await page.waitForLoadState('networkidle');
        at E:\test-project-app\tests\playwright\events\events-crud.spec.ts:13:77

    attachment #1: screenshot (image/png) ──────────────────────────────────────────────────────────
    ..\..\test-results\events-events-crud-Events--66785-ould-support-date-filtering-webkit\test-failed-1.png
    ────────────────────────────────────────────────────────────────────────────────────────────────

    attachment #2: video (video/webm) ──────────────────────────────────────────────────────────────
    ..\..\test-results\events-events-crud-Events--66785-ould-support-date-filtering-webkit\video.webm
    ────────────────────────────────────────────────────────────────────────────────────────────────

    Error Context: ..\..\test-results\events-events-crud-Events--66785-ould-support-date-filtering-webkit\error-context.md
]]>
</failure>
<system-out>
<![CDATA[
[[ATTACHMENT|test-results\events-events-crud-Events--66785-ould-support-date-filtering-webkit\test-failed-1.png]]

[[ATTACHMENT|test-results\events-events-crud-Events--66785-ould-support-date-filtering-webkit\video.webm]]

[[ATTACHMENT|test-results\events-events-crud-Events--66785-ould-support-date-filtering-webkit\error-context.md]]
]]>
</system-out>
</testcase>
<testcase name="Events - CRUD Operations › Event Reading › should support pagination" classname="events\events-crud.spec.ts" time="2.185">
<failure message="events-crud.spec.ts:134:9 should support pagination" type="FAILURE">
<![CDATA[  [webkit] › events\events-crud.spec.ts:134:9 › Events - CRUD Operations › Event Reading › should support pagination 

    TypeError: Cannot read properties of undefined (reading 'users')

      11 |     // Login as admin to perform CRUD operations
      12 |     await page.goto('/login');
    > 13 |     await page.fill('input[name="username"], input[type="email"]', testData.users.admin.email);
         |                                                                             ^
      14 |     await page.fill('input[name="password"], input[type="password"]', testData.users.admin.password);
      15 |     await page.click('button[type="submit"], button:has-text("Login")');
      16 |     await page.waitForLoadState('networkidle');
        at E:\test-project-app\tests\playwright\events\events-crud.spec.ts:13:77

    attachment #1: screenshot (image/png) ──────────────────────────────────────────────────────────
    ..\..\test-results\events-events-crud-Events--73d64-g-should-support-pagination-webkit\test-failed-1.png
    ────────────────────────────────────────────────────────────────────────────────────────────────

    attachment #2: video (video/webm) ──────────────────────────────────────────────────────────────
    ..\..\test-results\events-events-crud-Events--73d64-g-should-support-pagination-webkit\video.webm
    ────────────────────────────────────────────────────────────────────────────────────────────────

    Error Context: ..\..\test-results\events-events-crud-Events--73d64-g-should-support-pagination-webkit\error-context.md
]]>
</failure>
<system-out>
<![CDATA[
[[ATTACHMENT|test-results\events-events-crud-Events--73d64-g-should-support-pagination-webkit\test-failed-1.png]]

[[ATTACHMENT|test-results\events-events-crud-Events--73d64-g-should-support-pagination-webkit\video.webm]]

[[ATTACHMENT|test-results\events-events-crud-Events--73d64-g-should-support-pagination-webkit\error-context.md]]
]]>
</system-out>
</testcase>
<testcase name="Events - CRUD Operations › Event Updates › should update event successfully" classname="events\events-crud.spec.ts" time="2.334">
<failure message="events-crud.spec.ts:160:9 should update event successfully" type="FAILURE">
<![CDATA[  [webkit] › events\events-crud.spec.ts:160:9 › Events - CRUD Operations › Event Updates › should update event successfully 

    TypeError: Cannot read properties of undefined (reading 'users')

      11 |     // Login as admin to perform CRUD operations
      12 |     await page.goto('/login');
    > 13 |     await page.fill('input[name="username"], input[type="email"]', testData.users.admin.email);
         |                                                                             ^
      14 |     await page.fill('input[name="password"], input[type="password"]', testData.users.admin.password);
      15 |     await page.click('button[type="submit"], button:has-text("Login")');
      16 |     await page.waitForLoadState('networkidle');
        at E:\test-project-app\tests\playwright\events\events-crud.spec.ts:13:77

    attachment #1: screenshot (image/png) ──────────────────────────────────────────────────────────
    ..\..\test-results\events-events-crud-Events--a3d3f-d-update-event-successfully-webkit\test-failed-1.png
    ────────────────────────────────────────────────────────────────────────────────────────────────

    attachment #2: video (video/webm) ──────────────────────────────────────────────────────────────
    ..\..\test-results\events-events-crud-Events--a3d3f-d-update-event-successfully-webkit\video.webm
    ────────────────────────────────────────────────────────────────────────────────────────────────

    Error Context: ..\..\test-results\events-events-crud-Events--a3d3f-d-update-event-successfully-webkit\error-context.md
]]>
</failure>
<system-out>
<![CDATA[
[[ATTACHMENT|test-results\events-events-crud-Events--a3d3f-d-update-event-successfully-webkit\test-failed-1.png]]

[[ATTACHMENT|test-results\events-events-crud-Events--a3d3f-d-update-event-successfully-webkit\video.webm]]

[[ATTACHMENT|test-results\events-events-crud-Events--a3d3f-d-update-event-successfully-webkit\error-context.md]]
]]>
</system-out>
</testcase>
<testcase name="Events - CRUD Operations › Event Updates › should validate updated event data" classname="events\events-crud.spec.ts" time="2.399">
<failure message="events-crud.spec.ts:176:9 should validate updated event data" type="FAILURE">
<![CDATA[  [webkit] › events\events-crud.spec.ts:176:9 › Events - CRUD Operations › Event Updates › should validate updated event data 

    TypeError: Cannot read properties of undefined (reading 'users')

      11 |     // Login as admin to perform CRUD operations
      12 |     await page.goto('/login');
    > 13 |     await page.fill('input[name="username"], input[type="email"]', testData.users.admin.email);
         |                                                                             ^
      14 |     await page.fill('input[name="password"], input[type="password"]', testData.users.admin.password);
      15 |     await page.click('button[type="submit"], button:has-text("Login")');
      16 |     await page.waitForLoadState('networkidle');
        at E:\test-project-app\tests\playwright\events\events-crud.spec.ts:13:77

    attachment #1: screenshot (image/png) ──────────────────────────────────────────────────────────
    ..\..\test-results\events-events-crud-Events--a88fa-validate-updated-event-data-webkit\test-failed-1.png
    ────────────────────────────────────────────────────────────────────────────────────────────────

    attachment #2: video (video/webm) ──────────────────────────────────────────────────────────────
    ..\..\test-results\events-events-crud-Events--a88fa-validate-updated-event-data-webkit\video.webm
    ────────────────────────────────────────────────────────────────────────────────────────────────

    Error Context: ..\..\test-results\events-events-crud-Events--a88fa-validate-updated-event-data-webkit\error-context.md
]]>
</failure>
<system-out>
<![CDATA[
[[ATTACHMENT|test-results\events-events-crud-Events--a88fa-validate-updated-event-data-webkit\test-failed-1.png]]

[[ATTACHMENT|test-results\events-events-crud-Events--a88fa-validate-updated-event-data-webkit\video.webm]]

[[ATTACHMENT|test-results\events-events-crud-Events--a88fa-validate-updated-event-data-webkit\error-context.md]]
]]>
</system-out>
</testcase>
<testcase name="Events - CRUD Operations › Event Updates › should preserve unchanged fields during update" classname="events\events-crud.spec.ts" time="2.428">
<failure message="events-crud.spec.ts:191:9 should preserve unchanged fields during update" type="FAILURE">
<![CDATA[  [webkit] › events\events-crud.spec.ts:191:9 › Events - CRUD Operations › Event Updates › should preserve unchanged fields during update 

    TypeError: Cannot read properties of undefined (reading 'users')

      11 |     // Login as admin to perform CRUD operations
      12 |     await page.goto('/login');
    > 13 |     await page.fill('input[name="username"], input[type="email"]', testData.users.admin.email);
         |                                                                             ^
      14 |     await page.fill('input[name="password"], input[type="password"]', testData.users.admin.password);
      15 |     await page.click('button[type="submit"], button:has-text("Login")');
      16 |     await page.waitForLoadState('networkidle');
        at E:\test-project-app\tests\playwright\events\events-crud.spec.ts:13:77

    attachment #1: screenshot (image/png) ──────────────────────────────────────────────────────────
    ..\..\test-results\events-events-crud-Events--82c97-hanged-fields-during-update-webkit\test-failed-1.png
    ────────────────────────────────────────────────────────────────────────────────────────────────

    attachment #2: video (video/webm) ──────────────────────────────────────────────────────────────
    ..\..\test-results\events-events-crud-Events--82c97-hanged-fields-during-update-webkit\video.webm
    ────────────────────────────────────────────────────────────────────────────────────────────────

    Error Context: ..\..\test-results\events-events-crud-Events--82c97-hanged-fields-during-update-webkit\error-context.md
]]>
</failure>
<system-out>
<![CDATA[
[[ATTACHMENT|test-results\events-events-crud-Events--82c97-hanged-fields-during-update-webkit\test-failed-1.png]]

[[ATTACHMENT|test-results\events-events-crud-Events--82c97-hanged-fields-during-update-webkit\video.webm]]

[[ATTACHMENT|test-results\events-events-crud-Events--82c97-hanged-fields-during-update-webkit\error-context.md]]
]]>
</system-out>
</testcase>
<testcase name="Events - CRUD Operations › Event Updates › should handle concurrent updates" classname="events\events-crud.spec.ts" time="2.323">
<failure message="events-crud.spec.ts:207:9 should handle concurrent updates" type="FAILURE">
<![CDATA[  [webkit] › events\events-crud.spec.ts:207:9 › Events - CRUD Operations › Event Updates › should handle concurrent updates 

    TypeError: Cannot read properties of undefined (reading 'users')

      11 |     // Login as admin to perform CRUD operations
      12 |     await page.goto('/login');
    > 13 |     await page.fill('input[name="username"], input[type="email"]', testData.users.admin.email);
         |                                                                             ^
      14 |     await page.fill('input[name="password"], input[type="password"]', testData.users.admin.password);
      15 |     await page.click('button[type="submit"], button:has-text("Login")');
      16 |     await page.waitForLoadState('networkidle');
        at E:\test-project-app\tests\playwright\events\events-crud.spec.ts:13:77

    attachment #1: screenshot (image/png) ──────────────────────────────────────────────────────────
    ..\..\test-results\events-events-crud-Events--88727-d-handle-concurrent-updates-webkit\test-failed-1.png
    ────────────────────────────────────────────────────────────────────────────────────────────────

    attachment #2: video (video/webm) ──────────────────────────────────────────────────────────────
    ..\..\test-results\events-events-crud-Events--88727-d-handle-concurrent-updates-webkit\video.webm
    ────────────────────────────────────────────────────────────────────────────────────────────────

    Error Context: ..\..\test-results\events-events-crud-Events--88727-d-handle-concurrent-updates-webkit\error-context.md
]]>
</failure>
<system-out>
<![CDATA[
[[ATTACHMENT|test-results\events-events-crud-Events--88727-d-handle-concurrent-updates-webkit\test-failed-1.png]]

[[ATTACHMENT|test-results\events-events-crud-Events--88727-d-handle-concurrent-updates-webkit\video.webm]]

[[ATTACHMENT|test-results\events-events-crud-Events--88727-d-handle-concurrent-updates-webkit\error-context.md]]
]]>
</system-out>
</testcase>
<testcase name="Events - CRUD Operations › Event Deletion › should delete event successfully" classname="events\events-crud.spec.ts" time="2.331">
<failure message="events-crud.spec.ts:235:9 should delete event successfully" type="FAILURE">
<![CDATA[  [webkit] › events\events-crud.spec.ts:235:9 › Events - CRUD Operations › Event Deletion › should delete event successfully 

    TypeError: Cannot read properties of undefined (reading 'users')

      11 |     // Login as admin to perform CRUD operations
      12 |     await page.goto('/login');
    > 13 |     await page.fill('input[name="username"], input[type="email"]', testData.users.admin.email);
         |                                                                             ^
      14 |     await page.fill('input[name="password"], input[type="password"]', testData.users.admin.password);
      15 |     await page.click('button[type="submit"], button:has-text("Login")');
      16 |     await page.waitForLoadState('networkidle');
        at E:\test-project-app\tests\playwright\events\events-crud.spec.ts:13:77

    attachment #1: screenshot (image/png) ──────────────────────────────────────────────────────────
    ..\..\test-results\events-events-crud-Events--8659f-d-delete-event-successfully-webkit\test-failed-1.png
    ────────────────────────────────────────────────────────────────────────────────────────────────

    attachment #2: video (video/webm) ──────────────────────────────────────────────────────────────
    ..\..\test-results\events-events-crud-Events--8659f-d-delete-event-successfully-webkit\video.webm
    ────────────────────────────────────────────────────────────────────────────────────────────────

    Error Context: ..\..\test-results\events-events-crud-Events--8659f-d-delete-event-successfully-webkit\error-context.md
]]>
</failure>
<system-out>
<![CDATA[
[[ATTACHMENT|test-results\events-events-crud-Events--8659f-d-delete-event-successfully-webkit\test-failed-1.png]]

[[ATTACHMENT|test-results\events-events-crud-Events--8659f-d-delete-event-successfully-webkit\video.webm]]

[[ATTACHMENT|test-results\events-events-crud-Events--8659f-d-delete-event-successfully-webkit\error-context.md]]
]]>
</system-out>
</testcase>
<testcase name="Events - CRUD Operations › Event Deletion › should cancel deletion when confirmation is dismissed" classname="events\events-crud.spec.ts" time="2.1">
<failure message="events-crud.spec.ts:252:9 should cancel deletion when confirmation is dismissed" type="FAILURE">
<![CDATA[  [webkit] › events\events-crud.spec.ts:252:9 › Events - CRUD Operations › Event Deletion › should cancel deletion when confirmation is dismissed 

    TypeError: Cannot read properties of undefined (reading 'users')

      11 |     // Login as admin to perform CRUD operations
      12 |     await page.goto('/login');
    > 13 |     await page.fill('input[name="username"], input[type="email"]', testData.users.admin.email);
         |                                                                             ^
      14 |     await page.fill('input[name="password"], input[type="password"]', testData.users.admin.password);
      15 |     await page.click('button[type="submit"], button:has-text("Login")');
      16 |     await page.waitForLoadState('networkidle');
        at E:\test-project-app\tests\playwright\events\events-crud.spec.ts:13:77

    attachment #1: screenshot (image/png) ──────────────────────────────────────────────────────────
    ..\..\test-results\events-events-crud-Events--1befe-n-confirmation-is-dismissed-webkit\test-failed-1.png
    ────────────────────────────────────────────────────────────────────────────────────────────────

    attachment #2: video (video/webm) ──────────────────────────────────────────────────────────────
    ..\..\test-results\events-events-crud-Events--1befe-n-confirmation-is-dismissed-webkit\video.webm
    ────────────────────────────────────────────────────────────────────────────────────────────────

    Error Context: ..\..\test-results\events-events-crud-Events--1befe-n-confirmation-is-dismissed-webkit\error-context.md
]]>
</failure>
<system-out>
<![CDATA[
[[ATTACHMENT|test-results\events-events-crud-Events--1befe-n-confirmation-is-dismissed-webkit\test-failed-1.png]]

[[ATTACHMENT|test-results\events-events-crud-Events--1befe-n-confirmation-is-dismissed-webkit\video.webm]]

[[ATTACHMENT|test-results\events-events-crud-Events--1befe-n-confirmation-is-dismissed-webkit\error-context.md]]
]]>
</system-out>
</testcase>
<testcase name="Events - CRUD Operations › Event Deletion › should prevent deletion of event with participants" classname="events\events-crud.spec.ts" time="2.707">
<failure message="events-crud.spec.ts:269:9 should prevent deletion of event with participants" type="FAILURE">
<![CDATA[  [webkit] › events\events-crud.spec.ts:269:9 › Events - CRUD Operations › Event Deletion › should prevent deletion of event with participants 

    TypeError: Cannot read properties of undefined (reading 'users')

      11 |     // Login as admin to perform CRUD operations
      12 |     await page.goto('/login');
    > 13 |     await page.fill('input[name="username"], input[type="email"]', testData.users.admin.email);
         |                                                                             ^
      14 |     await page.fill('input[name="password"], input[type="password"]', testData.users.admin.password);
      15 |     await page.click('button[type="submit"], button:has-text("Login")');
      16 |     await page.waitForLoadState('networkidle');
        at E:\test-project-app\tests\playwright\events\events-crud.spec.ts:13:77

    attachment #1: screenshot (image/png) ──────────────────────────────────────────────────────────
    ..\..\test-results\events-events-crud-Events--f50ed--of-event-with-participants-webkit\test-failed-1.png
    ────────────────────────────────────────────────────────────────────────────────────────────────

    attachment #2: video (video/webm) ──────────────────────────────────────────────────────────────
    ..\..\test-results\events-events-crud-Events--f50ed--of-event-with-participants-webkit\video.webm
    ────────────────────────────────────────────────────────────────────────────────────────────────

    Error Context: ..\..\test-results\events-events-crud-Events--f50ed--of-event-with-participants-webkit\error-context.md
]]>
</failure>
<system-out>
<![CDATA[
[[ATTACHMENT|test-results\events-events-crud-Events--f50ed--of-event-with-participants-webkit\test-failed-1.png]]

[[ATTACHMENT|test-results\events-events-crud-Events--f50ed--of-event-with-participants-webkit\video.webm]]

[[ATTACHMENT|test-results\events-events-crud-Events--f50ed--of-event-with-participants-webkit\error-context.md]]
]]>
</system-out>
</testcase>
<testcase name="Events - CRUD Operations › Event Deletion › should handle bulk deletion" classname="events\events-crud.spec.ts" time="2.618">
<failure message="events-crud.spec.ts:287:9 should handle bulk deletion" type="FAILURE">
<![CDATA[  [webkit] › events\events-crud.spec.ts:287:9 › Events - CRUD Operations › Event Deletion › should handle bulk deletion 

    TypeError: Cannot read properties of undefined (reading 'users')

      11 |     // Login as admin to perform CRUD operations
      12 |     await page.goto('/login');
    > 13 |     await page.fill('input[name="username"], input[type="email"]', testData.users.admin.email);
         |                                                                             ^
      14 |     await page.fill('input[name="password"], input[type="password"]', testData.users.admin.password);
      15 |     await page.click('button[type="submit"], button:has-text("Login")');
      16 |     await page.waitForLoadState('networkidle');
        at E:\test-project-app\tests\playwright\events\events-crud.spec.ts:13:77

    attachment #1: screenshot (image/png) ──────────────────────────────────────────────────────────
    ..\..\test-results\events-events-crud-Events--b50a4-should-handle-bulk-deletion-webkit\test-failed-1.png
    ────────────────────────────────────────────────────────────────────────────────────────────────

    attachment #2: video (video/webm) ──────────────────────────────────────────────────────────────
    ..\..\test-results\events-events-crud-Events--b50a4-should-handle-bulk-deletion-webkit\video.webm
    ────────────────────────────────────────────────────────────────────────────────────────────────

    Error Context: ..\..\test-results\events-events-crud-Events--b50a4-should-handle-bulk-deletion-webkit\error-context.md
]]>
</failure>
<system-out>
<![CDATA[
[[ATTACHMENT|test-results\events-events-crud-Events--b50a4-should-handle-bulk-deletion-webkit\test-failed-1.png]]

[[ATTACHMENT|test-results\events-events-crud-Events--b50a4-should-handle-bulk-deletion-webkit\video.webm]]

[[ATTACHMENT|test-results\events-events-crud-Events--b50a4-should-handle-bulk-deletion-webkit\error-context.md]]
]]>
</system-out>
</testcase>
<testcase name="Events - CRUD Operations › Event Registration › should register for event successfully" classname="events\events-crud.spec.ts" time="2.632">
<failure message="events-crud.spec.ts:318:9 should register for event successfully" type="FAILURE">
<![CDATA[  [webkit] › events\events-crud.spec.ts:318:9 › Events - CRUD Operations › Event Registration › should register for event successfully 

    TypeError: Cannot read properties of undefined (reading 'users')

      11 |     // Login as admin to perform CRUD operations
      12 |     await page.goto('/login');
    > 13 |     await page.fill('input[name="username"], input[type="email"]', testData.users.admin.email);
         |                                                                             ^
      14 |     await page.fill('input[name="password"], input[type="password"]', testData.users.admin.password);
      15 |     await page.click('button[type="submit"], button:has-text("Login")');
      16 |     await page.waitForLoadState('networkidle');
        at E:\test-project-app\tests\playwright\events\events-crud.spec.ts:13:77

    attachment #1: screenshot (image/png) ──────────────────────────────────────────────────────────
    ..\..\test-results\events-events-crud-Events--bff1b-ster-for-event-successfully-webkit\test-failed-1.png
    ────────────────────────────────────────────────────────────────────────────────────────────────

    attachment #2: video (video/webm) ──────────────────────────────────────────────────────────────
    ..\..\test-results\events-events-crud-Events--bff1b-ster-for-event-successfully-webkit\video.webm
    ────────────────────────────────────────────────────────────────────────────────────────────────

    Error Context: ..\..\test-results\events-events-crud-Events--bff1b-ster-for-event-successfully-webkit\error-context.md
]]>
</failure>
<system-out>
<![CDATA[
[[ATTACHMENT|test-results\events-events-crud-Events--bff1b-ster-for-event-successfully-webkit\test-failed-1.png]]

[[ATTACHMENT|test-results\events-events-crud-Events--bff1b-ster-for-event-successfully-webkit\video.webm]]

[[ATTACHMENT|test-results\events-events-crud-Events--bff1b-ster-for-event-successfully-webkit\error-context.md]]
]]>
</system-out>
</testcase>
<testcase name="Events - CRUD Operations › Event Registration › should prevent duplicate registration" classname="events\events-crud.spec.ts" time="2.681">
<failure message="events-crud.spec.ts:333:9 should prevent duplicate registration" type="FAILURE">
<![CDATA[  [webkit] › events\events-crud.spec.ts:333:9 › Events - CRUD Operations › Event Registration › should prevent duplicate registration 

    TypeError: Cannot read properties of undefined (reading 'users')

      11 |     // Login as admin to perform CRUD operations
      12 |     await page.goto('/login');
    > 13 |     await page.fill('input[name="username"], input[type="email"]', testData.users.admin.email);
         |                                                                             ^
      14 |     await page.fill('input[name="password"], input[type="password"]', testData.users.admin.password);
      15 |     await page.click('button[type="submit"], button:has-text("Login")');
      16 |     await page.waitForLoadState('networkidle');
        at E:\test-project-app\tests\playwright\events\events-crud.spec.ts:13:77

    attachment #1: screenshot (image/png) ──────────────────────────────────────────────────────────
    ..\..\test-results\events-events-crud-Events--d8015-vent-duplicate-registration-webkit\test-failed-1.png
    ────────────────────────────────────────────────────────────────────────────────────────────────

    attachment #2: video (video/webm) ──────────────────────────────────────────────────────────────
    ..\..\test-results\events-events-crud-Events--d8015-vent-duplicate-registration-webkit\video.webm
    ────────────────────────────────────────────────────────────────────────────────────────────────

    Error Context: ..\..\test-results\events-events-crud-Events--d8015-vent-duplicate-registration-webkit\error-context.md
]]>
</failure>
<system-out>
<![CDATA[
[[ATTACHMENT|test-results\events-events-crud-Events--d8015-vent-duplicate-registration-webkit\test-failed-1.png]]

[[ATTACHMENT|test-results\events-events-crud-Events--d8015-vent-duplicate-registration-webkit\video.webm]]

[[ATTACHMENT|test-results\events-events-crud-Events--d8015-vent-duplicate-registration-webkit\error-context.md]]
]]>
</system-out>
</testcase>
<testcase name="Events - CRUD Operations › Event Registration › should handle registration when event is full" classname="events\events-crud.spec.ts" time="2.548">
<failure message="events-crud.spec.ts:349:9 should handle registration when event is full" type="FAILURE">
<![CDATA[  [webkit] › events\events-crud.spec.ts:349:9 › Events - CRUD Operations › Event Registration › should handle registration when event is full 

    TypeError: Cannot read properties of undefined (reading 'users')

      11 |     // Login as admin to perform CRUD operations
      12 |     await page.goto('/login');
    > 13 |     await page.fill('input[name="username"], input[type="email"]', testData.users.admin.email);
         |                                                                             ^
      14 |     await page.fill('input[name="password"], input[type="password"]', testData.users.admin.password);
      15 |     await page.click('button[type="submit"], button:has-text("Login")');
      16 |     await page.waitForLoadState('networkidle');
        at E:\test-project-app\tests\playwright\events\events-crud.spec.ts:13:77

    attachment #1: screenshot (image/png) ──────────────────────────────────────────────────────────
    ..\..\test-results\events-events-crud-Events--45ea3-stration-when-event-is-full-webkit\test-failed-1.png
    ────────────────────────────────────────────────────────────────────────────────────────────────

    attachment #2: video (video/webm) ──────────────────────────────────────────────────────────────
    ..\..\test-results\events-events-crud-Events--45ea3-stration-when-event-is-full-webkit\video.webm
    ────────────────────────────────────────────────────────────────────────────────────────────────

    Error Context: ..\..\test-results\events-events-crud-Events--45ea3-stration-when-event-is-full-webkit\error-context.md
]]>
</failure>
<system-out>
<![CDATA[
[[ATTACHMENT|test-results\events-events-crud-Events--45ea3-stration-when-event-is-full-webkit\test-failed-1.png]]

[[ATTACHMENT|test-results\events-events-crud-Events--45ea3-stration-when-event-is-full-webkit\video.webm]]

[[ATTACHMENT|test-results\events-events-crud-Events--45ea3-stration-when-event-is-full-webkit\error-context.md]]
]]>
</system-out>
</testcase>
</testsuite>
<testsuite name="results\live-results.spec.ts" timestamp="2026-02-20T03:52:25.301Z" hostname="webkit" tests="1" failures="0" skipped="0" time="2.079" errors="0">
<testcase name="Live Results Page › should display the Live Results page with correct content" classname="results\live-results.spec.ts" time="2.079">
</testcase>
</testsuite>
<testsuite name="simple\setup-test.spec.ts" timestamp="2026-02-20T03:52:25.301Z" hostname="webkit" tests="3" failures="0" skipped="0" time="4.554" errors="0">
<testcase name="Setup Verification › should connect to frontend server" classname="simple\setup-test.spec.ts" time="2.225">
</testcase>
<testcase name="Setup Verification › should connect to backend API" classname="simple\setup-test.spec.ts" time="0.083">
</testcase>
<testcase name="Setup Verification › should display login page" classname="simple\setup-test.spec.ts" time="2.246">
</testcase>
</testsuite>
<testsuite name="smoke\smoke-tests.spec.ts" timestamp="2026-02-20T03:52:25.301Z" hostname="webkit" tests="11" failures="11" skipped="0" time="114.648" errors="0">
<testcase name="Smoke Tests - Critical User Flows › should complete full user registration and login flow" classname="smoke\smoke-tests.spec.ts" time="30.25">
<failure message="smoke-tests.spec.ts:5:7 should complete full user registration and login flow" type="FAILURE">
<![CDATA[  [webkit] › smoke\smoke-tests.spec.ts:5:7 › Smoke Tests - Critical User Flows › should complete full user registration and login flow 

    Test timeout of 30000ms exceeded.

    Error: page.fill: Test timeout of 30000ms exceeded.
    Call log:
      - waiting for locator('input[name="username"]')


       8 |     
       9 |     // Fill registration form
    > 10 |     await page.fill('input[name="username"]', 'smoke_test_user');
         |                ^
      11 |     await page.fill('input[name="email"]', 'smoketest@example.com');
      12 |     await page.fill('input[name="password"]', 'SmokeTestPass123!');
      13 |     await page.fill('input[name="first_name"]', 'Smoke');
        at E:\test-project-app\tests\playwright\smoke\smoke-tests.spec.ts:10:16

    attachment #1: screenshot (image/png) ──────────────────────────────────────────────────────────
    ..\..\test-results\smoke-smoke-tests-Smoke-Te-0312b-registration-and-login-flow-webkit\test-failed-1.png
    ────────────────────────────────────────────────────────────────────────────────────────────────

    attachment #2: video (video/webm) ──────────────────────────────────────────────────────────────
    ..\..\test-results\smoke-smoke-tests-Smoke-Te-0312b-registration-and-login-flow-webkit\video.webm
    ────────────────────────────────────────────────────────────────────────────────────────────────

    Error Context: ..\..\test-results\smoke-smoke-tests-Smoke-Te-0312b-registration-and-login-flow-webkit\error-context.md
]]>
</failure>
<system-out>
<![CDATA[
[[ATTACHMENT|test-results\smoke-smoke-tests-Smoke-Te-0312b-registration-and-login-flow-webkit\test-failed-1.png]]

[[ATTACHMENT|test-results\smoke-smoke-tests-Smoke-Te-0312b-registration-and-login-flow-webkit\video.webm]]

[[ATTACHMENT|test-results\smoke-smoke-tests-Smoke-Te-0312b-registration-and-login-flow-webkit\error-context.md]]
]]>
</system-out>
</testcase>
<testcase name="Smoke Tests - Critical User Flows › should complete admin login and user management flow" classname="smoke\smoke-tests.spec.ts" time="2.548">
<failure message="smoke-tests.spec.ts:36:7 should complete admin login and user management flow" type="FAILURE">
<![CDATA[  [webkit] › smoke\smoke-tests.spec.ts:36:7 › Smoke Tests - Critical User Flows › should complete admin login and user management flow 

    TypeError: Cannot read properties of undefined (reading 'users')

      37 |     // Login as admin
      38 |     await page.goto('/login');
    > 39 |     await page.fill('input[type="email"]', testData.users.admin.email);
         |                                                     ^
      40 |     await page.fill('input[type="password"]', testData.users.admin.password);
      41 |     await page.click('button[type="submit"]');
      42 |     
        at E:\test-project-app\tests\playwright\smoke\smoke-tests.spec.ts:39:53

    attachment #1: screenshot (image/png) ──────────────────────────────────────────────────────────
    ..\..\test-results\smoke-smoke-tests-Smoke-Te-464c1-in-and-user-management-flow-webkit\test-failed-1.png
    ────────────────────────────────────────────────────────────────────────────────────────────────

    attachment #2: video (video/webm) ──────────────────────────────────────────────────────────────
    ..\..\test-results\smoke-smoke-tests-Smoke-Te-464c1-in-and-user-management-flow-webkit\video.webm
    ────────────────────────────────────────────────────────────────────────────────────────────────

    Error Context: ..\..\test-results\smoke-smoke-tests-Smoke-Te-464c1-in-and-user-management-flow-webkit\error-context.md
]]>
</failure>
<system-out>
<![CDATA[
[[ATTACHMENT|test-results\smoke-smoke-tests-Smoke-Te-464c1-in-and-user-management-flow-webkit\test-failed-1.png]]

[[ATTACHMENT|test-results\smoke-smoke-tests-Smoke-Te-464c1-in-and-user-management-flow-webkit\video.webm]]

[[ATTACHMENT|test-results\smoke-smoke-tests-Smoke-Te-464c1-in-and-user-management-flow-webkit\error-context.md]]
]]>
</system-out>
</testcase>
<testcase name="Smoke Tests - Critical User Flows › should complete event creation and registration flow" classname="smoke\smoke-tests.spec.ts" time="2.397">
<failure message="smoke-tests.spec.ts:66:7 should complete event creation and registration flow" type="FAILURE">
<![CDATA[  [webkit] › smoke\smoke-tests.spec.ts:66:7 › Smoke Tests - Critical User Flows › should complete event creation and registration flow 

    TypeError: Cannot read properties of undefined (reading 'users')

      67 |     // Login as admin
      68 |     await page.goto('/login');
    > 69 |     await page.fill('input[type="email"]', testData.users.admin.email);
         |                                                     ^
      70 |     await page.fill('input[type="password"]', testData.users.admin.password);
      71 |     await page.click('button[type="submit"]');
      72 |     
        at E:\test-project-app\tests\playwright\smoke\smoke-tests.spec.ts:69:53

    attachment #1: screenshot (image/png) ──────────────────────────────────────────────────────────
    ..\..\test-results\smoke-smoke-tests-Smoke-Te-1f5b9-ation-and-registration-flow-webkit\test-failed-1.png
    ────────────────────────────────────────────────────────────────────────────────────────────────

    attachment #2: video (video/webm) ──────────────────────────────────────────────────────────────
    ..\..\test-results\smoke-smoke-tests-Smoke-Te-1f5b9-ation-and-registration-flow-webkit\video.webm
    ────────────────────────────────────────────────────────────────────────────────────────────────

    Error Context: ..\..\test-results\smoke-smoke-tests-Smoke-Te-1f5b9-ation-and-registration-flow-webkit\error-context.md
]]>
</failure>
<system-out>
<![CDATA[
[[ATTACHMENT|test-results\smoke-smoke-tests-Smoke-Te-1f5b9-ation-and-registration-flow-webkit\test-failed-1.png]]

[[ATTACHMENT|test-results\smoke-smoke-tests-Smoke-Te-1f5b9-ation-and-registration-flow-webkit\video.webm]]

[[ATTACHMENT|test-results\smoke-smoke-tests-Smoke-Te-1f5b9-ation-and-registration-flow-webkit\error-context.md]]
]]>
</system-out>
</testcase>
<testcase name="Smoke Tests - Critical User Flows › should complete scoring flow" classname="smoke\smoke-tests.spec.ts" time="1.921">
<failure message="smoke-tests.spec.ts:111:7 should complete scoring flow" type="FAILURE">
<![CDATA[  [webkit] › smoke\smoke-tests.spec.ts:111:7 › Smoke Tests - Critical User Flows › should complete scoring flow 

    TypeError: Cannot read properties of undefined (reading 'users')

      112 |     // Login as judge
      113 |     await page.goto('/login');
    > 114 |     await page.fill('input[type="email"]', testData.users.judge.email);
          |                                                     ^
      115 |     await page.fill('input[type="password"]', testData.users.judge.password);
      116 |     await page.click('button[type="submit"]');
      117 |     
        at E:\test-project-app\tests\playwright\smoke\smoke-tests.spec.ts:114:53

    attachment #1: screenshot (image/png) ──────────────────────────────────────────────────────────
    ..\..\test-results\smoke-smoke-tests-Smoke-Te-3089d-hould-complete-scoring-flow-webkit\test-failed-1.png
    ────────────────────────────────────────────────────────────────────────────────────────────────

    attachment #2: video (video/webm) ──────────────────────────────────────────────────────────────
    ..\..\test-results\smoke-smoke-tests-Smoke-Te-3089d-hould-complete-scoring-flow-webkit\video.webm
    ────────────────────────────────────────────────────────────────────────────────────────────────

    Error Context: ..\..\test-results\smoke-smoke-tests-Smoke-Te-3089d-hould-complete-scoring-flow-webkit\error-context.md
]]>
</failure>
<system-out>
<![CDATA[
[[ATTACHMENT|test-results\smoke-smoke-tests-Smoke-Te-3089d-hould-complete-scoring-flow-webkit\test-failed-1.png]]

[[ATTACHMENT|test-results\smoke-smoke-tests-Smoke-Te-3089d-hould-complete-scoring-flow-webkit\video.webm]]

[[ATTACHMENT|test-results\smoke-smoke-tests-Smoke-Te-3089d-hould-complete-scoring-flow-webkit\error-context.md]]
]]>
</system-out>
</testcase>
<testcase name="Smoke Tests - Critical User Flows › should complete volunteer verification flow" classname="smoke\smoke-tests.spec.ts" time="3.424">
<failure message="smoke-tests.spec.ts:138:7 should complete volunteer verification flow" type="FAILURE">
<![CDATA[  [webkit] › smoke\smoke-tests.spec.ts:138:7 › Smoke Tests - Critical User Flows › should complete volunteer verification flow 

    TypeError: Cannot read properties of undefined (reading 'users')

      139 |     // Login as volunteer
      140 |     await page.goto('/login');
    > 141 |     await page.fill('input[type="email"]', testData.users.volunteer.email);
          |                                                     ^
      142 |     await page.fill('input[type="password"]', testData.users.volunteer.password);
      143 |     await page.click('button[type="submit"]');
      144 |     
        at E:\test-project-app\tests\playwright\smoke\smoke-tests.spec.ts:141:53

    attachment #1: screenshot (image/png) ──────────────────────────────────────────────────────────
    ..\..\test-results\smoke-smoke-tests-Smoke-Te-7b25a-volunteer-verification-flow-webkit\test-failed-1.png
    ────────────────────────────────────────────────────────────────────────────────────────────────

    attachment #2: video (video/webm) ──────────────────────────────────────────────────────────────
    ..\..\test-results\smoke-smoke-tests-Smoke-Te-7b25a-volunteer-verification-flow-webkit\video.webm
    ────────────────────────────────────────────────────────────────────────────────────────────────

    Error Context: ..\..\test-results\smoke-smoke-tests-Smoke-Te-7b25a-volunteer-verification-flow-webkit\error-context.md
]]>
</failure>
<system-out>
<![CDATA[
[[ATTACHMENT|test-results\smoke-smoke-tests-Smoke-Te-7b25a-volunteer-verification-flow-webkit\test-failed-1.png]]

[[ATTACHMENT|test-results\smoke-smoke-tests-Smoke-Te-7b25a-volunteer-verification-flow-webkit\video.webm]]

[[ATTACHMENT|test-results\smoke-smoke-tests-Smoke-Te-7b25a-volunteer-verification-flow-webkit\error-context.md]]
]]>
</system-out>
</testcase>
<testcase name="Smoke Tests - Critical User Flows › should complete results viewing flow" classname="smoke\smoke-tests.spec.ts" time="6.532">
<failure message="smoke-tests.spec.ts:163:7 should complete results viewing flow" type="FAILURE">
<![CDATA[  [webkit] › smoke\smoke-tests.spec.ts:163:7 › Smoke Tests - Critical User Flows › should complete results viewing flow 

    Error: expect(locator).toBeVisible() failed

    Locator: locator('.results-page, [data-testid="results-page"]')
    Expected: visible
    Timeout: 5000ms
    Error: element(s) not found

    Call log:
      - Expect "toBeVisible" with timeout 5000ms
      - waiting for locator('.results-page, [data-testid="results-page"]')


      164 |     // Navigate to results page
      165 |     await page.goto('/results');
    > 166 |     await expect(page.locator('.results-page, [data-testid="results-page"]')).toBeVisible();
          |                                                                               ^
      167 |     
      168 |     // Check if results are displayed
      169 |     const results = page.locator('.result-item, [data-testid="result-item"]');
        at E:\test-project-app\tests\playwright\smoke\smoke-tests.spec.ts:166:79

    attachment #1: screenshot (image/png) ──────────────────────────────────────────────────────────
    ..\..\test-results\smoke-smoke-tests-Smoke-Te-f48f2-mplete-results-viewing-flow-webkit\test-failed-1.png
    ────────────────────────────────────────────────────────────────────────────────────────────────

    attachment #2: video (video/webm) ──────────────────────────────────────────────────────────────
    ..\..\test-results\smoke-smoke-tests-Smoke-Te-f48f2-mplete-results-viewing-flow-webkit\video.webm
    ────────────────────────────────────────────────────────────────────────────────────────────────

    Error Context: ..\..\test-results\smoke-smoke-tests-Smoke-Te-f48f2-mplete-results-viewing-flow-webkit\error-context.md
]]>
</failure>
<system-out>
<![CDATA[
[[ATTACHMENT|test-results\smoke-smoke-tests-Smoke-Te-f48f2-mplete-results-viewing-flow-webkit\test-failed-1.png]]

[[ATTACHMENT|test-results\smoke-smoke-tests-Smoke-Te-f48f2-mplete-results-viewing-flow-webkit\video.webm]]

[[ATTACHMENT|test-results\smoke-smoke-tests-Smoke-Te-f48f2-mplete-results-viewing-flow-webkit\error-context.md]]
]]>
</system-out>
</testcase>
<testcase name="Smoke Tests - Critical User Flows › should handle error scenarios gracefully" classname="smoke\smoke-tests.spec.ts" time="30.566">
<failure message="smoke-tests.spec.ts:184:7 should handle error scenarios gracefully" type="FAILURE">
<![CDATA[  [webkit] › smoke\smoke-tests.spec.ts:184:7 › Smoke Tests - Critical User Flows › should handle error scenarios gracefully 

    Test timeout of 30000ms exceeded.

    Error: page.fill: Test timeout of 30000ms exceeded.
    Call log:
      - waiting for locator('input[type="email"]')


      185 |     // Test invalid login
      186 |     await page.goto('/login');
    > 187 |     await page.fill('input[type="email"]', 'invalid@example.com');
          |                ^
      188 |     await page.fill('input[type="password"]', 'wrongpassword');
      189 |     await page.click('button[type="submit"]');
      190 |     
        at E:\test-project-app\tests\playwright\smoke\smoke-tests.spec.ts:187:16

    attachment #1: screenshot (image/png) ──────────────────────────────────────────────────────────
    ..\..\test-results\smoke-smoke-tests-Smoke-Te-866ca--error-scenarios-gracefully-webkit\test-failed-1.png
    ────────────────────────────────────────────────────────────────────────────────────────────────

    attachment #2: video (video/webm) ──────────────────────────────────────────────────────────────
    ..\..\test-results\smoke-smoke-tests-Smoke-Te-866ca--error-scenarios-gracefully-webkit\video.webm
    ────────────────────────────────────────────────────────────────────────────────────────────────

    Error Context: ..\..\test-results\smoke-smoke-tests-Smoke-Te-866ca--error-scenarios-gracefully-webkit\error-context.md
]]>
</failure>
<system-out>
<![CDATA[
[[ATTACHMENT|test-results\smoke-smoke-tests-Smoke-Te-866ca--error-scenarios-gracefully-webkit\test-failed-1.png]]

[[ATTACHMENT|test-results\smoke-smoke-tests-Smoke-Te-866ca--error-scenarios-gracefully-webkit\video.webm]]

[[ATTACHMENT|test-results\smoke-smoke-tests-Smoke-Te-866ca--error-scenarios-gracefully-webkit\error-context.md]]
]]>
</system-out>
</testcase>
<testcase name="Smoke Tests - Critical User Flows › should maintain session across page refreshes" classname="smoke\smoke-tests.spec.ts" time="2.455">
<failure message="smoke-tests.spec.ts:205:7 should maintain session across page refreshes" type="FAILURE">
<![CDATA[  [webkit] › smoke\smoke-tests.spec.ts:205:7 › Smoke Tests - Critical User Flows › should maintain session across page refreshes 

    TypeError: Cannot read properties of undefined (reading 'users')

      206 |     // Login
      207 |     await page.goto('/login');
    > 208 |     await page.fill('input[type="email"]', testData.users.student.email);
          |                                                     ^
      209 |     await page.fill('input[type="password"]', testData.users.student.password);
      210 |     await page.click('button[type="submit"]');
      211 |     
        at E:\test-project-app\tests\playwright\smoke\smoke-tests.spec.ts:208:53

    attachment #1: screenshot (image/png) ──────────────────────────────────────────────────────────
    ..\..\test-results\smoke-smoke-tests-Smoke-Te-973c5-ssion-across-page-refreshes-webkit\test-failed-1.png
    ────────────────────────────────────────────────────────────────────────────────────────────────

    attachment #2: video (video/webm) ──────────────────────────────────────────────────────────────
    ..\..\test-results\smoke-smoke-tests-Smoke-Te-973c5-ssion-across-page-refreshes-webkit\video.webm
    ────────────────────────────────────────────────────────────────────────────────────────────────

    Error Context: ..\..\test-results\smoke-smoke-tests-Smoke-Te-973c5-ssion-across-page-refreshes-webkit\error-context.md
]]>
</failure>
<system-out>
<![CDATA[
[[ATTACHMENT|test-results\smoke-smoke-tests-Smoke-Te-973c5-ssion-across-page-refreshes-webkit\test-failed-1.png]]

[[ATTACHMENT|test-results\smoke-smoke-tests-Smoke-Te-973c5-ssion-across-page-refreshes-webkit\video.webm]]

[[ATTACHMENT|test-results\smoke-smoke-tests-Smoke-Te-973c5-ssion-across-page-refreshes-webkit\error-context.md]]
]]>
</system-out>
</testcase>
<testcase name="Smoke Tests - Critical User Flows › should handle multiple browser tabs" classname="smoke\smoke-tests.spec.ts" time="2.409">
<failure message="smoke-tests.spec.ts:223:7 should handle multiple browser tabs" type="FAILURE">
<![CDATA[  [webkit] › smoke\smoke-tests.spec.ts:223:7 › Smoke Tests - Critical User Flows › should handle multiple browser tabs 

    TypeError: Cannot read properties of undefined (reading 'users')

      224 |     // Login in first tab
      225 |     await page.goto('/login');
    > 226 |     await page.fill('input[type="email"]', testData.users.student.email);
          |                                                     ^
      227 |     await page.fill('input[type="password"]', testData.users.student.password);
      228 |     await page.click('button[type="submit"]');
      229 |     
        at E:\test-project-app\tests\playwright\smoke\smoke-tests.spec.ts:226:53

    attachment #1: screenshot (image/png) ──────────────────────────────────────────────────────────
    ..\..\test-results\smoke-smoke-tests-Smoke-Te-b42de-andle-multiple-browser-tabs-webkit\test-failed-1.png
    ────────────────────────────────────────────────────────────────────────────────────────────────

    attachment #2: video (video/webm) ──────────────────────────────────────────────────────────────
    ..\..\test-results\smoke-smoke-tests-Smoke-Te-b42de-andle-multiple-browser-tabs-webkit\video.webm
    ────────────────────────────────────────────────────────────────────────────────────────────────

    Error Context: ..\..\test-results\smoke-smoke-tests-Smoke-Te-b42de-andle-multiple-browser-tabs-webkit\error-context.md
]]>
</failure>
<system-out>
<![CDATA[
[[ATTACHMENT|test-results\smoke-smoke-tests-Smoke-Te-b42de-andle-multiple-browser-tabs-webkit\test-failed-1.png]]

[[ATTACHMENT|test-results\smoke-smoke-tests-Smoke-Te-b42de-andle-multiple-browser-tabs-webkit\video.webm]]

[[ATTACHMENT|test-results\smoke-smoke-tests-Smoke-Te-b42de-andle-multiple-browser-tabs-webkit\error-context.md]]
]]>
</system-out>
</testcase>
<testcase name="Smoke Tests - Critical User Flows › should handle form validation errors" classname="smoke\smoke-tests.spec.ts" time="30.32">
<failure message="smoke-tests.spec.ts:249:7 should handle form validation errors" type="FAILURE">
<![CDATA[  [webkit] › smoke\smoke-tests.spec.ts:249:7 › Smoke Tests - Critical User Flows › should handle form validation errors 

    Test timeout of 30000ms exceeded.

    Error: page.click: Test timeout of 30000ms exceeded.
    Call log:
      - waiting for locator('button[type="submit"]')


      252 |     
      253 |     // Submit form without required fields
    > 254 |     await page.click('button[type="submit"]');
          |                ^
      255 |     
      256 |     // Should show validation errors
      257 |     await expect(page.locator('.error, .alert-error')).toBeVisible();
        at E:\test-project-app\tests\playwright\smoke\smoke-tests.spec.ts:254:16

    attachment #1: screenshot (image/png) ──────────────────────────────────────────────────────────
    ..\..\test-results\smoke-smoke-tests-Smoke-Te-70545-ndle-form-validation-errors-webkit\test-failed-1.png
    ────────────────────────────────────────────────────────────────────────────────────────────────

    attachment #2: video (video/webm) ──────────────────────────────────────────────────────────────
    ..\..\test-results\smoke-smoke-tests-Smoke-Te-70545-ndle-form-validation-errors-webkit\video.webm
    ────────────────────────────────────────────────────────────────────────────────────────────────

    Error Context: ..\..\test-results\smoke-smoke-tests-Smoke-Te-70545-ndle-form-validation-errors-webkit\error-context.md
]]>
</failure>
<system-out>
<![CDATA[
[[ATTACHMENT|test-results\smoke-smoke-tests-Smoke-Te-70545-ndle-form-validation-errors-webkit\test-failed-1.png]]

[[ATTACHMENT|test-results\smoke-smoke-tests-Smoke-Te-70545-ndle-form-validation-errors-webkit\video.webm]]

[[ATTACHMENT|test-results\smoke-smoke-tests-Smoke-Te-70545-ndle-form-validation-errors-webkit\error-context.md]]
]]>
</system-out>
</testcase>
<testcase name="Smoke Tests - Critical User Flows › should handle concurrent user actions" classname="smoke\smoke-tests.spec.ts" time="1.826">
<failure message="smoke-tests.spec.ts:267:7 should handle concurrent user actions" type="FAILURE">
<![CDATA[  [webkit] › smoke\smoke-tests.spec.ts:267:7 › Smoke Tests - Critical User Flows › should handle concurrent user actions 

    TypeError: Cannot read properties of undefined (reading 'users')

      268 |     // Login as admin
      269 |     await page.goto('/login');
    > 270 |     await page.fill('input[type="email"]', testData.users.admin.email);
          |                                                     ^
      271 |     await page.fill('input[type="password"]', testData.users.admin.password);
      272 |     await page.click('button[type="submit"]');
      273 |     
        at E:\test-project-app\tests\playwright\smoke\smoke-tests.spec.ts:270:53

    attachment #1: screenshot (image/png) ──────────────────────────────────────────────────────────
    ..\..\test-results\smoke-smoke-tests-Smoke-Te-1208d-dle-concurrent-user-actions-webkit\test-failed-1.png
    ────────────────────────────────────────────────────────────────────────────────────────────────

    attachment #2: video (video/webm) ──────────────────────────────────────────────────────────────
    ..\..\test-results\smoke-smoke-tests-Smoke-Te-1208d-dle-concurrent-user-actions-webkit\video.webm
    ────────────────────────────────────────────────────────────────────────────────────────────────

    Error Context: ..\..\test-results\smoke-smoke-tests-Smoke-Te-1208d-dle-concurrent-user-actions-webkit\error-context.md
]]>
</failure>
<system-out>
<![CDATA[
[[ATTACHMENT|test-results\smoke-smoke-tests-Smoke-Te-1208d-dle-concurrent-user-actions-webkit\test-failed-1.png]]

[[ATTACHMENT|test-results\smoke-smoke-tests-Smoke-Te-1208d-dle-concurrent-user-actions-webkit\video.webm]]

[[ATTACHMENT|test-results\smoke-smoke-tests-Smoke-Te-1208d-dle-concurrent-user-actions-webkit\error-context.md]]
]]>
</system-out>
</testcase>
</testsuite>
<testsuite name="ui\ui-checks.spec.ts" timestamp="2026-02-20T03:52:25.301Z" hostname="webkit" tests="30" failures="8" skipped="0" time="235.084" errors="0">
<testcase name="UI Checks - Responsive Design › should display correctly on desktop" classname="ui\ui-checks.spec.ts" time="7.088">
<failure message="ui-checks.spec.ts:6:7 should display correctly on desktop" type="FAILURE">
<![CDATA[  [webkit] › ui\ui-checks.spec.ts:6:7 › UI Checks - Responsive Design › should display correctly on desktop 

    Error: expect(locator).toBeVisible() failed

    Locator: locator('footer')
    Expected: visible
    Timeout: 5000ms
    Error: element(s) not found

    Call log:
      - Expect "toBeVisible" with timeout 5000ms
      - waiting for locator('footer')


      10 |     await expect(page.locator('header')).toBeVisible();
      11 |     await expect(page.locator('main')).toBeVisible();
    > 12 |     await expect(page.locator('footer')).toBeVisible();
         |                                          ^
      13 |   });
      14 |
      15 |   test('should display correctly on tablet', async ({ page }, { testData }) => {
        at E:\test-project-app\tests\playwright\ui\ui-checks.spec.ts:12:42

    attachment #1: screenshot (image/png) ──────────────────────────────────────────────────────────
    ..\..\test-results\ui-ui-checks-UI-Checks---R-827a4-isplay-correctly-on-desktop-webkit\test-failed-1.png
    ────────────────────────────────────────────────────────────────────────────────────────────────

    attachment #2: video (video/webm) ──────────────────────────────────────────────────────────────
    ..\..\test-results\ui-ui-checks-UI-Checks---R-827a4-isplay-correctly-on-desktop-webkit\video.webm
    ────────────────────────────────────────────────────────────────────────────────────────────────

    Error Context: ..\..\test-results\ui-ui-checks-UI-Checks---R-827a4-isplay-correctly-on-desktop-webkit\error-context.md
]]>
</failure>
<system-out>
<![CDATA[
[[ATTACHMENT|test-results\ui-ui-checks-UI-Checks---R-827a4-isplay-correctly-on-desktop-webkit\test-failed-1.png]]

[[ATTACHMENT|test-results\ui-ui-checks-UI-Checks---R-827a4-isplay-correctly-on-desktop-webkit\video.webm]]

[[ATTACHMENT|test-results\ui-ui-checks-UI-Checks---R-827a4-isplay-correctly-on-desktop-webkit\error-context.md]]
]]>
</system-out>
</testcase>
<testcase name="UI Checks - Responsive Design › should display correctly on tablet" classname="ui\ui-checks.spec.ts" time="1.495">
</testcase>
<testcase name="UI Checks - Responsive Design › should display correctly on mobile" classname="ui\ui-checks.spec.ts" time="2.212">
</testcase>
<testcase name="UI Checks - Responsive Design › should handle orientation changes" classname="ui\ui-checks.spec.ts" time="2.382">
</testcase>
<testcase name="UI Checks - Accessibility › should have proper heading hierarchy" classname="ui\ui-checks.spec.ts" time="1.543">
</testcase>
<testcase name="UI Checks - Accessibility › should have proper alt text for images" classname="ui\ui-checks.spec.ts" time="1.599">
</testcase>
<testcase name="UI Checks - Accessibility › should have proper form labels" classname="ui\ui-checks.spec.ts" time="1.528">
</testcase>
<testcase name="UI Checks - Accessibility › should support keyboard navigation" classname="ui\ui-checks.spec.ts" time="1.723">
</testcase>
<testcase name="UI Checks - Accessibility › should have proper color contrast" classname="ui\ui-checks.spec.ts" time="1.918">
</testcase>
<testcase name="UI Checks - Accessibility › should have proper focus indicators" classname="ui\ui-checks.spec.ts" time="1.78">
</testcase>
<testcase name="UI Checks - Performance › should load within acceptable time" classname="ui\ui-checks.spec.ts" time="2.522">
</testcase>
<testcase name="UI Checks - Performance › should have optimized images" classname="ui\ui-checks.spec.ts" time="1.761">
</testcase>
<testcase name="UI Checks - Performance › should have minimal layout shift" classname="ui\ui-checks.spec.ts" time="1.756">
</testcase>
<testcase name="UI Checks - Performance › should have efficient CSS" classname="ui\ui-checks.spec.ts" time="1.8">
</testcase>
<testcase name="UI Checks - Cross-Browser Compatibility › should work in Chrome" classname="ui\ui-checks.spec.ts" time="1.648">
</testcase>
<testcase name="UI Checks - Cross-Browser Compatibility › should work in Firefox" classname="ui\ui-checks.spec.ts" time="2.196">
</testcase>
<testcase name="UI Checks - Cross-Browser Compatibility › should work in Safari" classname="ui\ui-checks.spec.ts" time="2.124">
</testcase>
<testcase name="UI Checks - Cross-Browser Compatibility › should handle different user agents" classname="ui\ui-checks.spec.ts" time="2.106">
</testcase>
<testcase name="UI Checks - Form Validation › should show validation errors for required fields" classname="ui\ui-checks.spec.ts" time="3.1">
</testcase>
<testcase name="UI Checks - Form Validation › should show validation errors for invalid email" classname="ui\ui-checks.spec.ts" time="30.677">
<failure message="ui-checks.spec.ts:260:7 should show validation errors for invalid email" type="FAILURE">
<![CDATA[  [webkit] › ui\ui-checks.spec.ts:260:7 › UI Checks - Form Validation › should show validation errors for invalid email 

    Test timeout of 30000ms exceeded.

    Error: page.fill: Test timeout of 30000ms exceeded.
    Call log:
      - waiting for locator('input[type="email"]')


      261 |     await page.goto('/login');
      262 |     
    > 263 |     await page.fill('input[type="email"]', 'invalid-email');
          |                ^
      264 |     await page.click('button[type="submit"]');
      265 |     
      266 |     const emailField = page.locator('input[type="email"]');
        at E:\test-project-app\tests\playwright\ui\ui-checks.spec.ts:263:16

    attachment #1: screenshot (image/png) ──────────────────────────────────────────────────────────
    ..\..\test-results\ui-ui-checks-UI-Checks---F-c21a8-on-errors-for-invalid-email-webkit\test-failed-1.png
    ────────────────────────────────────────────────────────────────────────────────────────────────

    attachment #2: video (video/webm) ──────────────────────────────────────────────────────────────
    ..\..\test-results\ui-ui-checks-UI-Checks---F-c21a8-on-errors-for-invalid-email-webkit\video.webm
    ────────────────────────────────────────────────────────────────────────────────────────────────

    Error Context: ..\..\test-results\ui-ui-checks-UI-Checks---F-c21a8-on-errors-for-invalid-email-webkit\error-context.md
]]>
</failure>
<system-out>
<![CDATA[
[[ATTACHMENT|test-results\ui-ui-checks-UI-Checks---F-c21a8-on-errors-for-invalid-email-webkit\test-failed-1.png]]

[[ATTACHMENT|test-results\ui-ui-checks-UI-Checks---F-c21a8-on-errors-for-invalid-email-webkit\video.webm]]

[[ATTACHMENT|test-results\ui-ui-checks-UI-Checks---F-c21a8-on-errors-for-invalid-email-webkit\error-context.md]]
]]>
</system-out>
</testcase>
<testcase name="UI Checks - Form Validation › should show validation errors for password requirements" classname="ui\ui-checks.spec.ts" time="30.342">
<failure message="ui-checks.spec.ts:271:7 should show validation errors for password requirements" type="FAILURE">
<![CDATA[  [webkit] › ui\ui-checks.spec.ts:271:7 › UI Checks - Form Validation › should show validation errors for password requirements 

    Test timeout of 30000ms exceeded.

    Error: page.fill: Test timeout of 30000ms exceeded.
    Call log:
      - waiting for locator('input[type="password"]')


      272 |     await page.goto('/register');
      273 |     
    > 274 |     await page.fill('input[type="password"]', 'weak');
          |                ^
      275 |     await page.click('button[type="submit"]');
      276 |     
      277 |     const passwordField = page.locator('input[type="password"]');
        at E:\test-project-app\tests\playwright\ui\ui-checks.spec.ts:274:16

    attachment #1: screenshot (image/png) ──────────────────────────────────────────────────────────
    ..\..\test-results\ui-ui-checks-UI-Checks---F-c6e1f-s-for-password-requirements-webkit\test-failed-1.png
    ────────────────────────────────────────────────────────────────────────────────────────────────

    attachment #2: video (video/webm) ──────────────────────────────────────────────────────────────
    ..\..\test-results\ui-ui-checks-UI-Checks---F-c6e1f-s-for-password-requirements-webkit\video.webm
    ────────────────────────────────────────────────────────────────────────────────────────────────

    Error Context: ..\..\test-results\ui-ui-checks-UI-Checks---F-c6e1f-s-for-password-requirements-webkit\error-context.md
]]>
</failure>
<system-out>
<![CDATA[
[[ATTACHMENT|test-results\ui-ui-checks-UI-Checks---F-c6e1f-s-for-password-requirements-webkit\test-failed-1.png]]

[[ATTACHMENT|test-results\ui-ui-checks-UI-Checks---F-c6e1f-s-for-password-requirements-webkit\video.webm]]

[[ATTACHMENT|test-results\ui-ui-checks-UI-Checks---F-c6e1f-s-for-password-requirements-webkit\error-context.md]]
]]>
</system-out>
</testcase>
<testcase name="UI Checks - Form Validation › should clear validation errors when field is corrected" classname="ui\ui-checks.spec.ts" time="30.88">
<failure message="ui-checks.spec.ts:282:7 should clear validation errors when field is corrected" type="FAILURE">
<![CDATA[  [webkit] › ui\ui-checks.spec.ts:282:7 › UI Checks - Form Validation › should clear validation errors when field is corrected 

    Test timeout of 30000ms exceeded.

    Error: page.fill: Test timeout of 30000ms exceeded.
    Call log:
      - waiting for locator('input[type="email"]')


      284 |     
      285 |     // Fill invalid email
    > 286 |     await page.fill('input[type="email"]', 'invalid-email');
          |                ^
      287 |     await page.click('button[type="submit"]');
      288 |     
      289 |     // Correct the email
        at E:\test-project-app\tests\playwright\ui\ui-checks.spec.ts:286:16

    attachment #1: screenshot (image/png) ──────────────────────────────────────────────────────────
    ..\..\test-results\ui-ui-checks-UI-Checks---F-88c56-ors-when-field-is-corrected-webkit\test-failed-1.png
    ────────────────────────────────────────────────────────────────────────────────────────────────

    attachment #2: video (video/webm) ──────────────────────────────────────────────────────────────
    ..\..\test-results\ui-ui-checks-UI-Checks---F-88c56-ors-when-field-is-corrected-webkit\video.webm
    ────────────────────────────────────────────────────────────────────────────────────────────────

    Error Context: ..\..\test-results\ui-ui-checks-UI-Checks---F-88c56-ors-when-field-is-corrected-webkit\error-context.md
]]>
</failure>
<system-out>
<![CDATA[
[[ATTACHMENT|test-results\ui-ui-checks-UI-Checks---F-88c56-ors-when-field-is-corrected-webkit\test-failed-1.png]]

[[ATTACHMENT|test-results\ui-ui-checks-UI-Checks---F-88c56-ors-when-field-is-corrected-webkit\video.webm]]

[[ATTACHMENT|test-results\ui-ui-checks-UI-Checks---F-88c56-ors-when-field-is-corrected-webkit\error-context.md]]
]]>
</system-out>
</testcase>
<testcase name="UI Checks - Error Handling › should display error messages for network errors" classname="ui\ui-checks.spec.ts" time="30.618">
<failure message="ui-checks.spec.ts:299:7 should display error messages for network errors" type="FAILURE">
<![CDATA[  [webkit] › ui\ui-checks.spec.ts:299:7 › UI Checks - Error Handling › should display error messages for network errors 

    Test timeout of 30000ms exceeded.

    Error: page.fill: Test timeout of 30000ms exceeded.
    Call log:
      - waiting for locator('input[type="email"]')


      302 |     
      303 |     await page.goto('/login');
    > 304 |     await page.fill('input[type="email"]', 'test@example.com');
          |                ^
      305 |     await page.fill('input[type="password"]', 'password123');
      306 |     await page.click('button[type="submit"]');
      307 |     
        at E:\test-project-app\tests\playwright\ui\ui-checks.spec.ts:304:16

    attachment #1: screenshot (image/png) ──────────────────────────────────────────────────────────
    ..\..\test-results\ui-ui-checks-UI-Checks---E-cd654-messages-for-network-errors-webkit\test-failed-1.png
    ────────────────────────────────────────────────────────────────────────────────────────────────

    attachment #2: video (video/webm) ──────────────────────────────────────────────────────────────
    ..\..\test-results\ui-ui-checks-UI-Checks---E-cd654-messages-for-network-errors-webkit\video.webm
    ────────────────────────────────────────────────────────────────────────────────────────────────

    Error Context: ..\..\test-results\ui-ui-checks-UI-Checks---E-cd654-messages-for-network-errors-webkit\error-context.md
]]>
</failure>
<system-out>
<![CDATA[
[[ATTACHMENT|test-results\ui-ui-checks-UI-Checks---E-cd654-messages-for-network-errors-webkit\test-failed-1.png]]

[[ATTACHMENT|test-results\ui-ui-checks-UI-Checks---E-cd654-messages-for-network-errors-webkit\video.webm]]

[[ATTACHMENT|test-results\ui-ui-checks-UI-Checks---E-cd654-messages-for-network-errors-webkit\error-context.md]]
]]>
</system-out>
</testcase>
<testcase name="UI Checks - Error Handling › should display loading states" classname="ui\ui-checks.spec.ts" time="30.782">
<failure message="ui-checks.spec.ts:312:7 should display loading states" type="FAILURE">
<![CDATA[  [webkit] › ui\ui-checks.spec.ts:312:7 › UI Checks - Error Handling › should display loading states 

    Test timeout of 30000ms exceeded.

    Error: page.fill: Test timeout of 30000ms exceeded.
    Call log:
      - waiting for locator('input[type="email"]')


      319 |     });
      320 |     
    > 321 |     await page.fill('input[type="email"]', 'test@example.com');
          |                ^
      322 |     await page.fill('input[type="password"]', 'password123');
      323 |     await page.click('button[type="submit"]');
      324 |     
        at E:\test-project-app\tests\playwright\ui\ui-checks.spec.ts:321:16

    attachment #1: screenshot (image/png) ──────────────────────────────────────────────────────────
    ..\..\test-results\ui-ui-checks-UI-Checks---E-6a2e0-ould-display-loading-states-webkit\test-failed-1.png
    ────────────────────────────────────────────────────────────────────────────────────────────────

    attachment #2: video (video/webm) ──────────────────────────────────────────────────────────────
    ..\..\test-results\ui-ui-checks-UI-Checks---E-6a2e0-ould-display-loading-states-webkit\video.webm
    ────────────────────────────────────────────────────────────────────────────────────────────────

    Error Context: ..\..\test-results\ui-ui-checks-UI-Checks---E-6a2e0-ould-display-loading-states-webkit\error-context.md
]]>
</failure>
<system-out>
<![CDATA[
[[ATTACHMENT|test-results\ui-ui-checks-UI-Checks---E-6a2e0-ould-display-loading-states-webkit\test-failed-1.png]]

[[ATTACHMENT|test-results\ui-ui-checks-UI-Checks---E-6a2e0-ould-display-loading-states-webkit\video.webm]]

[[ATTACHMENT|test-results\ui-ui-checks-UI-Checks---E-6a2e0-ould-display-loading-states-webkit\error-context.md]]
]]>
</system-out>
</testcase>
<testcase name="UI Checks - Error Handling › should handle 404 errors gracefully" classname="ui\ui-checks.spec.ts" time="1.4">
</testcase>
<testcase name="UI Checks - Error Handling › should handle 500 errors gracefully" classname="ui\ui-checks.spec.ts" time="30.679">
<failure message="ui-checks.spec.ts:336:7 should handle 500 errors gracefully" type="FAILURE">
<![CDATA[  [webkit] › ui\ui-checks.spec.ts:336:7 › UI Checks - Error Handling › should handle 500 errors gracefully 

    Test timeout of 30000ms exceeded.

    Error: page.fill: Test timeout of 30000ms exceeded.
    Call log:
      - waiting for locator('input[type="email"]')


      343 |     
      344 |     await page.goto('/login');
    > 345 |     await page.fill('input[type="email"]', 'test@example.com');
          |                ^
      346 |     await page.fill('input[type="password"]', 'password123');
      347 |     await page.click('button[type="submit"]');
      348 |     
        at E:\test-project-app\tests\playwright\ui\ui-checks.spec.ts:345:16

    attachment #1: screenshot (image/png) ──────────────────────────────────────────────────────────
    ..\..\test-results\ui-ui-checks-UI-Checks---E-9bde4-andle-500-errors-gracefully-webkit\test-failed-1.png
    ────────────────────────────────────────────────────────────────────────────────────────────────

    attachment #2: video (video/webm) ──────────────────────────────────────────────────────────────
    ..\..\test-results\ui-ui-checks-UI-Checks---E-9bde4-andle-500-errors-gracefully-webkit\video.webm
    ────────────────────────────────────────────────────────────────────────────────────────────────

    Error Context: ..\..\test-results\ui-ui-checks-UI-Checks---E-9bde4-andle-500-errors-gracefully-webkit\error-context.md
]]>
</failure>
<system-out>
<![CDATA[
[[ATTACHMENT|test-results\ui-ui-checks-UI-Checks---E-9bde4-andle-500-errors-gracefully-webkit\test-failed-1.png]]

[[ATTACHMENT|test-results\ui-ui-checks-UI-Checks---E-9bde4-andle-500-errors-gracefully-webkit\video.webm]]

[[ATTACHMENT|test-results\ui-ui-checks-UI-Checks---E-9bde4-andle-500-errors-gracefully-webkit\error-context.md]]
]]>
</system-out>
</testcase>
<testcase name="UI Checks - User Experience › should have intuitive navigation" classname="ui\ui-checks.spec.ts" time="1.925">
</testcase>
<testcase name="UI Checks - User Experience › should have clear call-to-action buttons" classname="ui\ui-checks.spec.ts" time="1.912">
<failure message="ui-checks.spec.ts:371:7 should have clear call-to-action buttons" type="FAILURE">
<![CDATA[  [webkit] › ui\ui-checks.spec.ts:371:7 › UI Checks - User Experience › should have clear call-to-action buttons 

    Error: expect(received).toBeTruthy()

    Received: ""

      378 |       const button = buttons.nth(i);
      379 |       const text = await button.textContent();
    > 380 |       expect(text).toBeTruthy();
          |                    ^
      381 |     }
      382 |   });
      383 |
        at E:\test-project-app\tests\playwright\ui\ui-checks.spec.ts:380:20

    attachment #1: screenshot (image/png) ──────────────────────────────────────────────────────────
    ..\..\test-results\ui-ui-checks-UI-Checks---U-c5429-lear-call-to-action-buttons-webkit\test-failed-1.png
    ────────────────────────────────────────────────────────────────────────────────────────────────

    attachment #2: video (video/webm) ──────────────────────────────────────────────────────────────
    ..\..\test-results\ui-ui-checks-UI-Checks---U-c5429-lear-call-to-action-buttons-webkit\video.webm
    ────────────────────────────────────────────────────────────────────────────────────────────────

    Error Context: ..\..\test-results\ui-ui-checks-UI-Checks---U-c5429-lear-call-to-action-buttons-webkit\error-context.md
]]>
</failure>
<system-out>
<![CDATA[
[[ATTACHMENT|test-results\ui-ui-checks-UI-Checks---U-c5429-lear-call-to-action-buttons-webkit\test-failed-1.png]]

[[ATTACHMENT|test-results\ui-ui-checks-UI-Checks---U-c5429-lear-call-to-action-buttons-webkit\video.webm]]

[[ATTACHMENT|test-results\ui-ui-checks-UI-Checks---U-c5429-lear-call-to-action-buttons-webkit\error-context.md]]
]]>
</system-out>
</testcase>
<testcase name="UI Checks - User Experience › should have consistent styling" classname="ui\ui-checks.spec.ts" time="1.909">
</testcase>
<testcase name="UI Checks - User Experience › should have proper spacing and layout" classname="ui\ui-checks.spec.ts" time="1.679">
</testcase>
</testsuite>
<testsuite name="admin\admin-crud.spec.ts" timestamp="2026-02-20T03:52:25.301Z" hostname="Mobile Chrome" tests="28" failures="28" skipped="0" time="70.896" errors="0">
<testcase name="Admin - User Management CRUD › User Creation › should create a new user successfully" classname="admin\admin-crud.spec.ts" time="3.622">
<failure message="admin-crud.spec.ts:23:9 should create a new user successfully" type="FAILURE">
<![CDATA[  [Mobile Chrome] › admin\admin-crud.spec.ts:23:9 › Admin - User Management CRUD › User Creation › should create a new user successfully 

    TypeError: Cannot read properties of undefined (reading 'users')

      11 |     // Login as admin
      12 |     await page.goto('/login');
    > 13 |     await page.fill('input[name="username"], input[type="email"]', testData.users.admin.email);
         |                                                                             ^
      14 |     await page.fill('input[name="password"], input[type="password"]', testData.users.admin.password);
      15 |     await page.click('button[type="submit"], button:has-text("Login")');
      16 |     await page.waitForLoadState('networkidle');
        at E:\test-project-app\tests\playwright\admin\admin-crud.spec.ts:13:77

    attachment #1: screenshot (image/png) ──────────────────────────────────────────────────────────
    ..\..\test-results\admin-admin-crud-Admin---U-5092f-ate-a-new-user-successfully-Mobile-Chrome\test-failed-1.png
    ────────────────────────────────────────────────────────────────────────────────────────────────

    attachment #2: video (video/webm) ──────────────────────────────────────────────────────────────
    ..\..\test-results\admin-admin-crud-Admin---U-5092f-ate-a-new-user-successfully-Mobile-Chrome\video.webm
    ────────────────────────────────────────────────────────────────────────────────────────────────

    Error Context: ..\..\test-results\admin-admin-crud-Admin---U-5092f-ate-a-new-user-successfully-Mobile-Chrome\error-context.md
]]>
</failure>
<system-out>
<![CDATA[
[[ATTACHMENT|test-results\admin-admin-crud-Admin---U-5092f-ate-a-new-user-successfully-Mobile-Chrome\test-failed-1.png]]

[[ATTACHMENT|test-results\admin-admin-crud-Admin---U-5092f-ate-a-new-user-successfully-Mobile-Chrome\video.webm]]

[[ATTACHMENT|test-results\admin-admin-crud-Admin---U-5092f-ate-a-new-user-successfully-Mobile-Chrome\error-context.md]]
]]>
</system-out>
</testcase>
<testcase name="Admin - User Management CRUD › User Creation › should create user with different roles" classname="admin\admin-crud.spec.ts" time="2.449">
<failure message="admin-crud.spec.ts:44:9 should create user with different roles" type="FAILURE">
<![CDATA[  [Mobile Chrome] › admin\admin-crud.spec.ts:44:9 › Admin - User Management CRUD › User Creation › should create user with different roles 

    TypeError: Cannot read properties of undefined (reading 'users')

      11 |     // Login as admin
      12 |     await page.goto('/login');
    > 13 |     await page.fill('input[name="username"], input[type="email"]', testData.users.admin.email);
         |                                                                             ^
      14 |     await page.fill('input[name="password"], input[type="password"]', testData.users.admin.password);
      15 |     await page.click('button[type="submit"], button:has-text("Login")');
      16 |     await page.waitForLoadState('networkidle');
        at E:\test-project-app\tests\playwright\admin\admin-crud.spec.ts:13:77

    attachment #1: screenshot (image/png) ──────────────────────────────────────────────────────────
    ..\..\test-results\admin-admin-crud-Admin---U-415b9-e-user-with-different-roles-Mobile-Chrome\test-failed-1.png
    ────────────────────────────────────────────────────────────────────────────────────────────────

    attachment #2: video (video/webm) ──────────────────────────────────────────────────────────────
    ..\..\test-results\admin-admin-crud-Admin---U-415b9-e-user-with-different-roles-Mobile-Chrome\video.webm
    ────────────────────────────────────────────────────────────────────────────────────────────────

    Error Context: ..\..\test-results\admin-admin-crud-Admin---U-415b9-e-user-with-different-roles-Mobile-Chrome\error-context.md
]]>
</failure>
<system-out>
<![CDATA[
[[ATTACHMENT|test-results\admin-admin-crud-Admin---U-415b9-e-user-with-different-roles-Mobile-Chrome\test-failed-1.png]]

[[ATTACHMENT|test-results\admin-admin-crud-Admin---U-415b9-e-user-with-different-roles-Mobile-Chrome\video.webm]]

[[ATTACHMENT|test-results\admin-admin-crud-Admin---U-415b9-e-user-with-different-roles-Mobile-Chrome\error-context.md]]
]]>
</system-out>
</testcase>
<testcase name="Admin - User Management CRUD › User Creation › should validate required fields in user form" classname="admin\admin-crud.spec.ts" time="2.435">
<failure message="admin-crud.spec.ts:66:9 should validate required fields in user form" type="FAILURE">
<![CDATA[  [Mobile Chrome] › admin\admin-crud.spec.ts:66:9 › Admin - User Management CRUD › User Creation › should validate required fields in user form 

    TypeError: Cannot read properties of undefined (reading 'users')

      11 |     // Login as admin
      12 |     await page.goto('/login');
    > 13 |     await page.fill('input[name="username"], input[type="email"]', testData.users.admin.email);
         |                                                                             ^
      14 |     await page.fill('input[name="password"], input[type="password"]', testData.users.admin.password);
      15 |     await page.click('button[type="submit"], button:has-text("Login")');
      16 |     await page.waitForLoadState('networkidle');
        at E:\test-project-app\tests\playwright\admin\admin-crud.spec.ts:13:77

    attachment #1: screenshot (image/png) ──────────────────────────────────────────────────────────
    ..\..\test-results\admin-admin-crud-Admin---U-9c6ae-equired-fields-in-user-form-Mobile-Chrome\test-failed-1.png
    ────────────────────────────────────────────────────────────────────────────────────────────────

    attachment #2: video (video/webm) ──────────────────────────────────────────────────────────────
    ..\..\test-results\admin-admin-crud-Admin---U-9c6ae-equired-fields-in-user-form-Mobile-Chrome\video.webm
    ────────────────────────────────────────────────────────────────────────────────────────────────

    Error Context: ..\..\test-results\admin-admin-crud-Admin---U-9c6ae-equired-fields-in-user-form-Mobile-Chrome\error-context.md
]]>
</failure>
<system-out>
<![CDATA[
[[ATTACHMENT|test-results\admin-admin-crud-Admin---U-9c6ae-equired-fields-in-user-form-Mobile-Chrome\test-failed-1.png]]

[[ATTACHMENT|test-results\admin-admin-crud-Admin---U-9c6ae-equired-fields-in-user-form-Mobile-Chrome\video.webm]]

[[ATTACHMENT|test-results\admin-admin-crud-Admin---U-9c6ae-equired-fields-in-user-form-Mobile-Chrome\error-context.md]]
]]>
</system-out>
</testcase>
<testcase name="Admin - User Management CRUD › User Creation › should show error for duplicate username" classname="admin\admin-crud.spec.ts" time="1.986">
<failure message="admin-crud.spec.ts:76:9 should show error for duplicate username" type="FAILURE">
<![CDATA[  [Mobile Chrome] › admin\admin-crud.spec.ts:76:9 › Admin - User Management CRUD › User Creation › should show error for duplicate username 

    TypeError: Cannot read properties of undefined (reading 'users')

      11 |     // Login as admin
      12 |     await page.goto('/login');
    > 13 |     await page.fill('input[name="username"], input[type="email"]', testData.users.admin.email);
         |                                                                             ^
      14 |     await page.fill('input[name="password"], input[type="password"]', testData.users.admin.password);
      15 |     await page.click('button[type="submit"], button:has-text("Login")');
      16 |     await page.waitForLoadState('networkidle');
        at E:\test-project-app\tests\playwright\admin\admin-crud.spec.ts:13:77

    attachment #1: screenshot (image/png) ──────────────────────────────────────────────────────────
    ..\..\test-results\admin-admin-crud-Admin---U-fbaf2-rror-for-duplicate-username-Mobile-Chrome\test-failed-1.png
    ────────────────────────────────────────────────────────────────────────────────────────────────

    attachment #2: video (video/webm) ──────────────────────────────────────────────────────────────
    ..\..\test-results\admin-admin-crud-Admin---U-fbaf2-rror-for-duplicate-username-Mobile-Chrome\video.webm
    ────────────────────────────────────────────────────────────────────────────────────────────────

    Error Context: ..\..\test-results\admin-admin-crud-Admin---U-fbaf2-rror-for-duplicate-username-Mobile-Chrome\error-context.md
]]>
</failure>
<system-out>
<![CDATA[
[[ATTACHMENT|test-results\admin-admin-crud-Admin---U-fbaf2-rror-for-duplicate-username-Mobile-Chrome\test-failed-1.png]]

[[ATTACHMENT|test-results\admin-admin-crud-Admin---U-fbaf2-rror-for-duplicate-username-Mobile-Chrome\video.webm]]

[[ATTACHMENT|test-results\admin-admin-crud-Admin---U-fbaf2-rror-for-duplicate-username-Mobile-Chrome\error-context.md]]
]]>
</system-out>
</testcase>
<testcase name="Admin - User Management CRUD › User Creation › should show error for duplicate email" classname="admin\admin-crud.spec.ts" time="2.296">
<failure message="admin-crud.spec.ts:105:9 should show error for duplicate email" type="FAILURE">
<![CDATA[  [Mobile Chrome] › admin\admin-crud.spec.ts:105:9 › Admin - User Management CRUD › User Creation › should show error for duplicate email 

    TypeError: Cannot read properties of undefined (reading 'users')

      11 |     // Login as admin
      12 |     await page.goto('/login');
    > 13 |     await page.fill('input[name="username"], input[type="email"]', testData.users.admin.email);
         |                                                                             ^
      14 |     await page.fill('input[name="password"], input[type="password"]', testData.users.admin.password);
      15 |     await page.click('button[type="submit"], button:has-text("Login")');
      16 |     await page.waitForLoadState('networkidle');
        at E:\test-project-app\tests\playwright\admin\admin-crud.spec.ts:13:77

    attachment #1: screenshot (image/png) ──────────────────────────────────────────────────────────
    ..\..\test-results\admin-admin-crud-Admin---U-ec8f3-w-error-for-duplicate-email-Mobile-Chrome\test-failed-1.png
    ────────────────────────────────────────────────────────────────────────────────────────────────

    attachment #2: video (video/webm) ──────────────────────────────────────────────────────────────
    ..\..\test-results\admin-admin-crud-Admin---U-ec8f3-w-error-for-duplicate-email-Mobile-Chrome\video.webm
    ────────────────────────────────────────────────────────────────────────────────────────────────

    Error Context: ..\..\test-results\admin-admin-crud-Admin---U-ec8f3-w-error-for-duplicate-email-Mobile-Chrome\error-context.md
]]>
</failure>
<system-out>
<![CDATA[
[[ATTACHMENT|test-results\admin-admin-crud-Admin---U-ec8f3-w-error-for-duplicate-email-Mobile-Chrome\test-failed-1.png]]

[[ATTACHMENT|test-results\admin-admin-crud-Admin---U-ec8f3-w-error-for-duplicate-email-Mobile-Chrome\video.webm]]

[[ATTACHMENT|test-results\admin-admin-crud-Admin---U-ec8f3-w-error-for-duplicate-email-Mobile-Chrome\error-context.md]]
]]>
</system-out>
</testcase>
<testcase name="Admin - User Management CRUD › User Creation › should validate email format" classname="admin\admin-crud.spec.ts" time="2.343">
<failure message="admin-crud.spec.ts:134:9 should validate email format" type="FAILURE">
<![CDATA[  [Mobile Chrome] › admin\admin-crud.spec.ts:134:9 › Admin - User Management CRUD › User Creation › should validate email format 

    TypeError: Cannot read properties of undefined (reading 'users')

      11 |     // Login as admin
      12 |     await page.goto('/login');
    > 13 |     await page.fill('input[name="username"], input[type="email"]', testData.users.admin.email);
         |                                                                             ^
      14 |     await page.fill('input[name="password"], input[type="password"]', testData.users.admin.password);
      15 |     await page.click('button[type="submit"], button:has-text("Login")');
      16 |     await page.waitForLoadState('networkidle');
        at E:\test-project-app\tests\playwright\admin\admin-crud.spec.ts:13:77

    attachment #1: screenshot (image/png) ──────────────────────────────────────────────────────────
    ..\..\test-results\admin-admin-crud-Admin---U-b61bd-hould-validate-email-format-Mobile-Chrome\test-failed-1.png
    ────────────────────────────────────────────────────────────────────────────────────────────────

    attachment #2: video (video/webm) ──────────────────────────────────────────────────────────────
    ..\..\test-results\admin-admin-crud-Admin---U-b61bd-hould-validate-email-format-Mobile-Chrome\video.webm
    ────────────────────────────────────────────────────────────────────────────────────────────────

    Error Context: ..\..\test-results\admin-admin-crud-Admin---U-b61bd-hould-validate-email-format-Mobile-Chrome\error-context.md
]]>
</failure>
<system-out>
<![CDATA[
[[ATTACHMENT|test-results\admin-admin-crud-Admin---U-b61bd-hould-validate-email-format-Mobile-Chrome\test-failed-1.png]]

[[ATTACHMENT|test-results\admin-admin-crud-Admin---U-b61bd-hould-validate-email-format-Mobile-Chrome\video.webm]]

[[ATTACHMENT|test-results\admin-admin-crud-Admin---U-b61bd-hould-validate-email-format-Mobile-Chrome\error-context.md]]
]]>
</system-out>
</testcase>
<testcase name="Admin - User Management CRUD › User Creation › should validate password strength" classname="admin\admin-crud.spec.ts" time="2.069">
<failure message="admin-crud.spec.ts:150:9 should validate password strength" type="FAILURE">
<![CDATA[  [Mobile Chrome] › admin\admin-crud.spec.ts:150:9 › Admin - User Management CRUD › User Creation › should validate password strength 

    TypeError: Cannot read properties of undefined (reading 'users')

      11 |     // Login as admin
      12 |     await page.goto('/login');
    > 13 |     await page.fill('input[name="username"], input[type="email"]', testData.users.admin.email);
         |                                                                             ^
      14 |     await page.fill('input[name="password"], input[type="password"]', testData.users.admin.password);
      15 |     await page.click('button[type="submit"], button:has-text("Login")');
      16 |     await page.waitForLoadState('networkidle');
        at E:\test-project-app\tests\playwright\admin\admin-crud.spec.ts:13:77

    attachment #1: screenshot (image/png) ──────────────────────────────────────────────────────────
    ..\..\test-results\admin-admin-crud-Admin---U-05e4e--validate-password-strength-Mobile-Chrome\test-failed-1.png
    ────────────────────────────────────────────────────────────────────────────────────────────────

    attachment #2: video (video/webm) ──────────────────────────────────────────────────────────────
    ..\..\test-results\admin-admin-crud-Admin---U-05e4e--validate-password-strength-Mobile-Chrome\video.webm
    ────────────────────────────────────────────────────────────────────────────────────────────────

    Error Context: ..\..\test-results\admin-admin-crud-Admin---U-05e4e--validate-password-strength-Mobile-Chrome\error-context.md
]]>
</failure>
<system-out>
<![CDATA[
[[ATTACHMENT|test-results\admin-admin-crud-Admin---U-05e4e--validate-password-strength-Mobile-Chrome\test-failed-1.png]]

[[ATTACHMENT|test-results\admin-admin-crud-Admin---U-05e4e--validate-password-strength-Mobile-Chrome\video.webm]]

[[ATTACHMENT|test-results\admin-admin-crud-Admin---U-05e4e--validate-password-strength-Mobile-Chrome\error-context.md]]
]]>
</system-out>
</testcase>
<testcase name="Admin - User Management CRUD › User Reading › should display users list correctly" classname="admin\admin-crud.spec.ts" time="2.263">
<failure message="admin-crud.spec.ts:168:9 should display users list correctly" type="FAILURE">
<![CDATA[  [Mobile Chrome] › admin\admin-crud.spec.ts:168:9 › Admin - User Management CRUD › User Reading › should display users list correctly 

    TypeError: Cannot read properties of undefined (reading 'users')

      11 |     // Login as admin
      12 |     await page.goto('/login');
    > 13 |     await page.fill('input[name="username"], input[type="email"]', testData.users.admin.email);
         |                                                                             ^
      14 |     await page.fill('input[name="password"], input[type="password"]', testData.users.admin.password);
      15 |     await page.click('button[type="submit"], button:has-text("Login")');
      16 |     await page.waitForLoadState('networkidle');
        at E:\test-project-app\tests\playwright\admin\admin-crud.spec.ts:13:77

    attachment #1: screenshot (image/png) ──────────────────────────────────────────────────────────
    ..\..\test-results\admin-admin-crud-Admin---U-fbd22-isplay-users-list-correctly-Mobile-Chrome\test-failed-1.png
    ────────────────────────────────────────────────────────────────────────────────────────────────

    attachment #2: video (video/webm) ──────────────────────────────────────────────────────────────
    ..\..\test-results\admin-admin-crud-Admin---U-fbd22-isplay-users-list-correctly-Mobile-Chrome\video.webm
    ────────────────────────────────────────────────────────────────────────────────────────────────

    Error Context: ..\..\test-results\admin-admin-crud-Admin---U-fbd22-isplay-users-list-correctly-Mobile-Chrome\error-context.md
]]>
</failure>
<system-out>
<![CDATA[
[[ATTACHMENT|test-results\admin-admin-crud-Admin---U-fbd22-isplay-users-list-correctly-Mobile-Chrome\test-failed-1.png]]

[[ATTACHMENT|test-results\admin-admin-crud-Admin---U-fbd22-isplay-users-list-correctly-Mobile-Chrome\video.webm]]

[[ATTACHMENT|test-results\admin-admin-crud-Admin---U-fbd22-isplay-users-list-correctly-Mobile-Chrome\error-context.md]]
]]>
</system-out>
</testcase>
<testcase name="Admin - User Management CRUD › User Reading › should show user details correctly" classname="admin\admin-crud.spec.ts" time="2.162">
<failure message="admin-crud.spec.ts:173:9 should show user details correctly" type="FAILURE">
<![CDATA[  [Mobile Chrome] › admin\admin-crud.spec.ts:173:9 › Admin - User Management CRUD › User Reading › should show user details correctly 

    TypeError: Cannot read properties of undefined (reading 'users')

      11 |     // Login as admin
      12 |     await page.goto('/login');
    > 13 |     await page.fill('input[name="username"], input[type="email"]', testData.users.admin.email);
         |                                                                             ^
      14 |     await page.fill('input[name="password"], input[type="password"]', testData.users.admin.password);
      15 |     await page.click('button[type="submit"], button:has-text("Login")');
      16 |     await page.waitForLoadState('networkidle');
        at E:\test-project-app\tests\playwright\admin\admin-crud.spec.ts:13:77

    attachment #1: screenshot (image/png) ──────────────────────────────────────────────────────────
    ..\..\test-results\admin-admin-crud-Admin---U-7f87a-show-user-details-correctly-Mobile-Chrome\test-failed-1.png
    ────────────────────────────────────────────────────────────────────────────────────────────────

    attachment #2: video (video/webm) ──────────────────────────────────────────────────────────────
    ..\..\test-results\admin-admin-crud-Admin---U-7f87a-show-user-details-correctly-Mobile-Chrome\video.webm
    ────────────────────────────────────────────────────────────────────────────────────────────────

    Error Context: ..\..\test-results\admin-admin-crud-Admin---U-7f87a-show-user-details-correctly-Mobile-Chrome\error-context.md
]]>
</failure>
<system-out>
<![CDATA[
[[ATTACHMENT|test-results\admin-admin-crud-Admin---U-7f87a-show-user-details-correctly-Mobile-Chrome\test-failed-1.png]]

[[ATTACHMENT|test-results\admin-admin-crud-Admin---U-7f87a-show-user-details-correctly-Mobile-Chrome\video.webm]]

[[ATTACHMENT|test-results\admin-admin-crud-Admin---U-7f87a-show-user-details-correctly-Mobile-Chrome\error-context.md]]
]]>
</system-out>
</testcase>
<testcase name="Admin - User Management CRUD › User Reading › should support user search functionality" classname="admin\admin-crud.spec.ts" time="2.78">
<failure message="admin-crud.spec.ts:178:9 should support user search functionality" type="FAILURE">
<![CDATA[  [Mobile Chrome] › admin\admin-crud.spec.ts:178:9 › Admin - User Management CRUD › User Reading › should support user search functionality 

    TypeError: Cannot read properties of undefined (reading 'users')

      11 |     // Login as admin
      12 |     await page.goto('/login');
    > 13 |     await page.fill('input[name="username"], input[type="email"]', testData.users.admin.email);
         |                                                                             ^
      14 |     await page.fill('input[name="password"], input[type="password"]', testData.users.admin.password);
      15 |     await page.click('button[type="submit"], button:has-text("Login")');
      16 |     await page.waitForLoadState('networkidle');
        at E:\test-project-app\tests\playwright\admin\admin-crud.spec.ts:13:77

    attachment #1: screenshot (image/png) ──────────────────────────────────────────────────────────
    ..\..\test-results\admin-admin-crud-Admin---U-df9a4-t-user-search-functionality-Mobile-Chrome\test-failed-1.png
    ────────────────────────────────────────────────────────────────────────────────────────────────

    attachment #2: video (video/webm) ──────────────────────────────────────────────────────────────
    ..\..\test-results\admin-admin-crud-Admin---U-df9a4-t-user-search-functionality-Mobile-Chrome\video.webm
    ────────────────────────────────────────────────────────────────────────────────────────────────

    Error Context: ..\..\test-results\admin-admin-crud-Admin---U-df9a4-t-user-search-functionality-Mobile-Chrome\error-context.md
]]>
</failure>
<system-out>
<![CDATA[
[[ATTACHMENT|test-results\admin-admin-crud-Admin---U-df9a4-t-user-search-functionality-Mobile-Chrome\test-failed-1.png]]

[[ATTACHMENT|test-results\admin-admin-crud-Admin---U-df9a4-t-user-search-functionality-Mobile-Chrome\video.webm]]

[[ATTACHMENT|test-results\admin-admin-crud-Admin---U-df9a4-t-user-search-functionality-Mobile-Chrome\error-context.md]]
]]>
</system-out>
</testcase>
<testcase name="Admin - User Management CRUD › User Reading › should support role filtering" classname="admin\admin-crud.spec.ts" time="2.69">
<failure message="admin-crud.spec.ts:183:9 should support role filtering" type="FAILURE">
<![CDATA[  [Mobile Chrome] › admin\admin-crud.spec.ts:183:9 › Admin - User Management CRUD › User Reading › should support role filtering 

    TypeError: Cannot read properties of undefined (reading 'users')

      11 |     // Login as admin
      12 |     await page.goto('/login');
    > 13 |     await page.fill('input[name="username"], input[type="email"]', testData.users.admin.email);
         |                                                                             ^
      14 |     await page.fill('input[name="password"], input[type="password"]', testData.users.admin.password);
      15 |     await page.click('button[type="submit"], button:has-text("Login")');
      16 |     await page.waitForLoadState('networkidle');
        at E:\test-project-app\tests\playwright\admin\admin-crud.spec.ts:13:77

    attachment #1: screenshot (image/png) ──────────────────────────────────────────────────────────
    ..\..\test-results\admin-admin-crud-Admin---U-32929-ould-support-role-filtering-Mobile-Chrome\test-failed-1.png
    ────────────────────────────────────────────────────────────────────────────────────────────────

    attachment #2: video (video/webm) ──────────────────────────────────────────────────────────────
    ..\..\test-results\admin-admin-crud-Admin---U-32929-ould-support-role-filtering-Mobile-Chrome\video.webm
    ────────────────────────────────────────────────────────────────────────────────────────────────

    Error Context: ..\..\test-results\admin-admin-crud-Admin---U-32929-ould-support-role-filtering-Mobile-Chrome\error-context.md
]]>
</failure>
<system-out>
<![CDATA[
[[ATTACHMENT|test-results\admin-admin-crud-Admin---U-32929-ould-support-role-filtering-Mobile-Chrome\test-failed-1.png]]

[[ATTACHMENT|test-results\admin-admin-crud-Admin---U-32929-ould-support-role-filtering-Mobile-Chrome\video.webm]]

[[ATTACHMENT|test-results\admin-admin-crud-Admin---U-32929-ould-support-role-filtering-Mobile-Chrome\error-context.md]]
]]>
</system-out>
</testcase>
<testcase name="Admin - User Management CRUD › User Reading › should show user statistics" classname="admin\admin-crud.spec.ts" time="2.528">
<failure message="admin-crud.spec.ts:188:9 should show user statistics" type="FAILURE">
<![CDATA[  [Mobile Chrome] › admin\admin-crud.spec.ts:188:9 › Admin - User Management CRUD › User Reading › should show user statistics 

    TypeError: Cannot read properties of undefined (reading 'users')

      11 |     // Login as admin
      12 |     await page.goto('/login');
    > 13 |     await page.fill('input[name="username"], input[type="email"]', testData.users.admin.email);
         |                                                                             ^
      14 |     await page.fill('input[name="password"], input[type="password"]', testData.users.admin.password);
      15 |     await page.click('button[type="submit"], button:has-text("Login")');
      16 |     await page.waitForLoadState('networkidle');
        at E:\test-project-app\tests\playwright\admin\admin-crud.spec.ts:13:77

    attachment #1: screenshot (image/png) ──────────────────────────────────────────────────────────
    ..\..\test-results\admin-admin-crud-Admin---U-b7ebc-should-show-user-statistics-Mobile-Chrome\test-failed-1.png
    ────────────────────────────────────────────────────────────────────────────────────────────────

    attachment #2: video (video/webm) ──────────────────────────────────────────────────────────────
    ..\..\test-results\admin-admin-crud-Admin---U-b7ebc-should-show-user-statistics-Mobile-Chrome\video.webm
    ────────────────────────────────────────────────────────────────────────────────────────────────

    Error Context: ..\..\test-results\admin-admin-crud-Admin---U-b7ebc-should-show-user-statistics-Mobile-Chrome\error-context.md
]]>
</failure>
<system-out>
<![CDATA[
[[ATTACHMENT|test-results\admin-admin-crud-Admin---U-b7ebc-should-show-user-statistics-Mobile-Chrome\test-failed-1.png]]

[[ATTACHMENT|test-results\admin-admin-crud-Admin---U-b7ebc-should-show-user-statistics-Mobile-Chrome\video.webm]]

[[ATTACHMENT|test-results\admin-admin-crud-Admin---U-b7ebc-should-show-user-statistics-Mobile-Chrome\error-context.md]]
]]>
</system-out>
</testcase>
<testcase name="Admin - User Management CRUD › User Updates › should update user successfully" classname="admin\admin-crud.spec.ts" time="2.514">
<failure message="admin-crud.spec.ts:195:9 should update user successfully" type="FAILURE">
<![CDATA[  [Mobile Chrome] › admin\admin-crud.spec.ts:195:9 › Admin - User Management CRUD › User Updates › should update user successfully 

    TypeError: Cannot read properties of undefined (reading 'users')

      11 |     // Login as admin
      12 |     await page.goto('/login');
    > 13 |     await page.fill('input[name="username"], input[type="email"]', testData.users.admin.email);
         |                                                                             ^
      14 |     await page.fill('input[name="password"], input[type="password"]', testData.users.admin.password);
      15 |     await page.click('button[type="submit"], button:has-text("Login")');
      16 |     await page.waitForLoadState('networkidle');
        at E:\test-project-app\tests\playwright\admin\admin-crud.spec.ts:13:77

    attachment #1: screenshot (image/png) ──────────────────────────────────────────────────────────
    ..\..\test-results\admin-admin-crud-Admin---U-f89e4-ld-update-user-successfully-Mobile-Chrome\test-failed-1.png
    ────────────────────────────────────────────────────────────────────────────────────────────────

    attachment #2: video (video/webm) ──────────────────────────────────────────────────────────────
    ..\..\test-results\admin-admin-crud-Admin---U-f89e4-ld-update-user-successfully-Mobile-Chrome\video.webm
    ────────────────────────────────────────────────────────────────────────────────────────────────

    Error Context: ..\..\test-results\admin-admin-crud-Admin---U-f89e4-ld-update-user-successfully-Mobile-Chrome\error-context.md
]]>
</failure>
<system-out>
<![CDATA[
[[ATTACHMENT|test-results\admin-admin-crud-Admin---U-f89e4-ld-update-user-successfully-Mobile-Chrome\test-failed-1.png]]

[[ATTACHMENT|test-results\admin-admin-crud-Admin---U-f89e4-ld-update-user-successfully-Mobile-Chrome\video.webm]]

[[ATTACHMENT|test-results\admin-admin-crud-Admin---U-f89e4-ld-update-user-successfully-Mobile-Chrome\error-context.md]]
]]>
</system-out>
</testcase>
<testcase name="Admin - User Management CRUD › User Updates › should update user role" classname="admin\admin-crud.spec.ts" time="2.481">
<failure message="admin-crud.spec.ts:204:9 should update user role" type="FAILURE">
<![CDATA[  [Mobile Chrome] › admin\admin-crud.spec.ts:204:9 › Admin - User Management CRUD › User Updates › should update user role 

    TypeError: Cannot read properties of undefined (reading 'users')

      11 |     // Login as admin
      12 |     await page.goto('/login');
    > 13 |     await page.fill('input[name="username"], input[type="email"]', testData.users.admin.email);
         |                                                                             ^
      14 |     await page.fill('input[name="password"], input[type="password"]', testData.users.admin.password);
      15 |     await page.click('button[type="submit"], button:has-text("Login")');
      16 |     await page.waitForLoadState('networkidle');
        at E:\test-project-app\tests\playwright\admin\admin-crud.spec.ts:13:77

    attachment #1: screenshot (image/png) ──────────────────────────────────────────────────────────
    ..\..\test-results\admin-admin-crud-Admin---U-c9157-tes-should-update-user-role-Mobile-Chrome\test-failed-1.png
    ────────────────────────────────────────────────────────────────────────────────────────────────

    attachment #2: video (video/webm) ──────────────────────────────────────────────────────────────
    ..\..\test-results\admin-admin-crud-Admin---U-c9157-tes-should-update-user-role-Mobile-Chrome\video.webm
    ────────────────────────────────────────────────────────────────────────────────────────────────

    Error Context: ..\..\test-results\admin-admin-crud-Admin---U-c9157-tes-should-update-user-role-Mobile-Chrome\error-context.md
]]>
</failure>
<system-out>
<![CDATA[
[[ATTACHMENT|test-results\admin-admin-crud-Admin---U-c9157-tes-should-update-user-role-Mobile-Chrome\test-failed-1.png]]

[[ATTACHMENT|test-results\admin-admin-crud-Admin---U-c9157-tes-should-update-user-role-Mobile-Chrome\video.webm]]

[[ATTACHMENT|test-results\admin-admin-crud-Admin---U-c9157-tes-should-update-user-role-Mobile-Chrome\error-context.md]]
]]>
</system-out>
</testcase>
<testcase name="Admin - User Management CRUD › User Updates › should update user permissions" classname="admin\admin-crud.spec.ts" time="1.879">
<failure message="admin-crud.spec.ts:212:9 should update user permissions" type="FAILURE">
<![CDATA[  [Mobile Chrome] › admin\admin-crud.spec.ts:212:9 › Admin - User Management CRUD › User Updates › should update user permissions 

    TypeError: Cannot read properties of undefined (reading 'users')

      11 |     // Login as admin
      12 |     await page.goto('/login');
    > 13 |     await page.fill('input[name="username"], input[type="email"]', testData.users.admin.email);
         |                                                                             ^
      14 |     await page.fill('input[name="password"], input[type="password"]', testData.users.admin.password);
      15 |     await page.click('button[type="submit"], button:has-text("Login")');
      16 |     await page.waitForLoadState('networkidle');
        at E:\test-project-app\tests\playwright\admin\admin-crud.spec.ts:13:77

    attachment #1: screenshot (image/png) ──────────────────────────────────────────────────────────
    ..\..\test-results\admin-admin-crud-Admin---U-86e51-uld-update-user-permissions-Mobile-Chrome\test-failed-1.png
    ────────────────────────────────────────────────────────────────────────────────────────────────

    attachment #2: video (video/webm) ──────────────────────────────────────────────────────────────
    ..\..\test-results\admin-admin-crud-Admin---U-86e51-uld-update-user-permissions-Mobile-Chrome\video.webm
    ────────────────────────────────────────────────────────────────────────────────────────────────

    Error Context: ..\..\test-results\admin-admin-crud-Admin---U-86e51-uld-update-user-permissions-Mobile-Chrome\error-context.md
]]>
</failure>
<system-out>
<![CDATA[
[[ATTACHMENT|test-results\admin-admin-crud-Admin---U-86e51-uld-update-user-permissions-Mobile-Chrome\test-failed-1.png]]

[[ATTACHMENT|test-results\admin-admin-crud-Admin---U-86e51-uld-update-user-permissions-Mobile-Chrome\video.webm]]

[[ATTACHMENT|test-results\admin-admin-crud-Admin---U-86e51-uld-update-user-permissions-Mobile-Chrome\error-context.md]]
]]>
</system-out>
</testcase>
<testcase name="Admin - User Management CRUD › User Updates › should validate updated user data" classname="admin\admin-crud.spec.ts" time="3.458">
<failure message="admin-crud.spec.ts:220:9 should validate updated user data" type="FAILURE">
<![CDATA[  [Mobile Chrome] › admin\admin-crud.spec.ts:220:9 › Admin - User Management CRUD › User Updates › should validate updated user data 

    TypeError: Cannot read properties of undefined (reading 'users')

      11 |     // Login as admin
      12 |     await page.goto('/login');
    > 13 |     await page.fill('input[name="username"], input[type="email"]', testData.users.admin.email);
         |                                                                             ^
      14 |     await page.fill('input[name="password"], input[type="password"]', testData.users.admin.password);
      15 |     await page.click('button[type="submit"], button:has-text("Login")');
      16 |     await page.waitForLoadState('networkidle');
        at E:\test-project-app\tests\playwright\admin\admin-crud.spec.ts:13:77

    attachment #1: screenshot (image/png) ──────────────────────────────────────────────────────────
    ..\..\test-results\admin-admin-crud-Admin---U-a3755--validate-updated-user-data-Mobile-Chrome\test-failed-1.png
    ────────────────────────────────────────────────────────────────────────────────────────────────

    attachment #2: video (video/webm) ──────────────────────────────────────────────────────────────
    ..\..\test-results\admin-admin-crud-Admin---U-a3755--validate-updated-user-data-Mobile-Chrome\video.webm
    ────────────────────────────────────────────────────────────────────────────────────────────────

    Error Context: ..\..\test-results\admin-admin-crud-Admin---U-a3755--validate-updated-user-data-Mobile-Chrome\error-context.md
]]>
</failure>
<system-out>
<![CDATA[
[[ATTACHMENT|test-results\admin-admin-crud-Admin---U-a3755--validate-updated-user-data-Mobile-Chrome\test-failed-1.png]]

[[ATTACHMENT|test-results\admin-admin-crud-Admin---U-a3755--validate-updated-user-data-Mobile-Chrome\video.webm]]

[[ATTACHMENT|test-results\admin-admin-crud-Admin---U-a3755--validate-updated-user-data-Mobile-Chrome\error-context.md]]
]]>
</system-out>
</testcase>
<testcase name="Admin - User Management CRUD › User Updates › should handle concurrent updates" classname="admin\admin-crud.spec.ts" time="3.093">
<failure message="admin-crud.spec.ts:230:9 should handle concurrent updates" type="FAILURE">
<![CDATA[  [Mobile Chrome] › admin\admin-crud.spec.ts:230:9 › Admin - User Management CRUD › User Updates › should handle concurrent updates 

    TypeError: Cannot read properties of undefined (reading 'users')

      11 |     // Login as admin
      12 |     await page.goto('/login');
    > 13 |     await page.fill('input[name="username"], input[type="email"]', testData.users.admin.email);
         |                                                                             ^
      14 |     await page.fill('input[name="password"], input[type="password"]', testData.users.admin.password);
      15 |     await page.click('button[type="submit"], button:has-text("Login")');
      16 |     await page.waitForLoadState('networkidle');
        at E:\test-project-app\tests\playwright\admin\admin-crud.spec.ts:13:77

    attachment #1: screenshot (image/png) ──────────────────────────────────────────────────────────
    ..\..\test-results\admin-admin-crud-Admin---U-fa02e-d-handle-concurrent-updates-Mobile-Chrome\test-failed-1.png
    ────────────────────────────────────────────────────────────────────────────────────────────────

    attachment #2: video (video/webm) ──────────────────────────────────────────────────────────────
    ..\..\test-results\admin-admin-crud-Admin---U-fa02e-d-handle-concurrent-updates-Mobile-Chrome\video.webm
    ────────────────────────────────────────────────────────────────────────────────────────────────

    Error Context: ..\..\test-results\admin-admin-crud-Admin---U-fa02e-d-handle-concurrent-updates-Mobile-Chrome\error-context.md
]]>
</failure>
<system-out>
<![CDATA[
[[ATTACHMENT|test-results\admin-admin-crud-Admin---U-fa02e-d-handle-concurrent-updates-Mobile-Chrome\test-failed-1.png]]

[[ATTACHMENT|test-results\admin-admin-crud-Admin---U-fa02e-d-handle-concurrent-updates-Mobile-Chrome\video.webm]]

[[ATTACHMENT|test-results\admin-admin-crud-Admin---U-fa02e-d-handle-concurrent-updates-Mobile-Chrome\error-context.md]]
]]>
</system-out>
</testcase>
<testcase name="Admin - User Management CRUD › User Deletion › should delete user successfully" classname="admin\admin-crud.spec.ts" time="3.052">
<failure message="admin-crud.spec.ts:253:9 should delete user successfully" type="FAILURE">
<![CDATA[  [Mobile Chrome] › admin\admin-crud.spec.ts:253:9 › Admin - User Management CRUD › User Deletion › should delete user successfully 

    TypeError: Cannot read properties of undefined (reading 'users')

      11 |     // Login as admin
      12 |     await page.goto('/login');
    > 13 |     await page.fill('input[name="username"], input[type="email"]', testData.users.admin.email);
         |                                                                             ^
      14 |     await page.fill('input[name="password"], input[type="password"]', testData.users.admin.password);
      15 |     await page.click('button[type="submit"], button:has-text("Login")');
      16 |     await page.waitForLoadState('networkidle');
        at E:\test-project-app\tests\playwright\admin\admin-crud.spec.ts:13:77

    attachment #1: screenshot (image/png) ──────────────────────────────────────────────────────────
    ..\..\test-results\admin-admin-crud-Admin---U-76625-ld-delete-user-successfully-Mobile-Chrome\test-failed-1.png
    ────────────────────────────────────────────────────────────────────────────────────────────────

    attachment #2: video (video/webm) ──────────────────────────────────────────────────────────────
    ..\..\test-results\admin-admin-crud-Admin---U-76625-ld-delete-user-successfully-Mobile-Chrome\video.webm
    ────────────────────────────────────────────────────────────────────────────────────────────────

    Error Context: ..\..\test-results\admin-admin-crud-Admin---U-76625-ld-delete-user-successfully-Mobile-Chrome\error-context.md
]]>
</failure>
<system-out>
<![CDATA[
[[ATTACHMENT|test-results\admin-admin-crud-Admin---U-76625-ld-delete-user-successfully-Mobile-Chrome\test-failed-1.png]]

[[ATTACHMENT|test-results\admin-admin-crud-Admin---U-76625-ld-delete-user-successfully-Mobile-Chrome\video.webm]]

[[ATTACHMENT|test-results\admin-admin-crud-Admin---U-76625-ld-delete-user-successfully-Mobile-Chrome\error-context.md]]
]]>
</system-out>
</testcase>
<testcase name="Admin - User Management CRUD › User Deletion › should cancel deletion when confirmation is dismissed" classname="admin\admin-crud.spec.ts" time="3.051">
<failure message="admin-crud.spec.ts:277:9 should cancel deletion when confirmation is dismissed" type="FAILURE">
<![CDATA[  [Mobile Chrome] › admin\admin-crud.spec.ts:277:9 › Admin - User Management CRUD › User Deletion › should cancel deletion when confirmation is dismissed 

    TypeError: Cannot read properties of undefined (reading 'users')

      11 |     // Login as admin
      12 |     await page.goto('/login');
    > 13 |     await page.fill('input[name="username"], input[type="email"]', testData.users.admin.email);
         |                                                                             ^
      14 |     await page.fill('input[name="password"], input[type="password"]', testData.users.admin.password);
      15 |     await page.click('button[type="submit"], button:has-text("Login")');
      16 |     await page.waitForLoadState('networkidle');
        at E:\test-project-app\tests\playwright\admin\admin-crud.spec.ts:13:77

    attachment #1: screenshot (image/png) ──────────────────────────────────────────────────────────
    ..\..\test-results\admin-admin-crud-Admin---U-b10bf-n-confirmation-is-dismissed-Mobile-Chrome\test-failed-1.png
    ────────────────────────────────────────────────────────────────────────────────────────────────

    attachment #2: video (video/webm) ──────────────────────────────────────────────────────────────
    ..\..\test-results\admin-admin-crud-Admin---U-b10bf-n-confirmation-is-dismissed-Mobile-Chrome\video.webm
    ────────────────────────────────────────────────────────────────────────────────────────────────

    Error Context: ..\..\test-results\admin-admin-crud-Admin---U-b10bf-n-confirmation-is-dismissed-Mobile-Chrome\error-context.md
]]>
</failure>
<system-out>
<![CDATA[
[[ATTACHMENT|test-results\admin-admin-crud-Admin---U-b10bf-n-confirmation-is-dismissed-Mobile-Chrome\test-failed-1.png]]

[[ATTACHMENT|test-results\admin-admin-crud-Admin---U-b10bf-n-confirmation-is-dismissed-Mobile-Chrome\video.webm]]

[[ATTACHMENT|test-results\admin-admin-crud-Admin---U-b10bf-n-confirmation-is-dismissed-Mobile-Chrome\error-context.md]]
]]>
</system-out>
</testcase>
<testcase name="Admin - User Management CRUD › User Deletion › should prevent deletion of admin users" classname="admin\admin-crud.spec.ts" time="2.759">
<failure message="admin-crud.spec.ts:289:9 should prevent deletion of admin users" type="FAILURE">
<![CDATA[  [Mobile Chrome] › admin\admin-crud.spec.ts:289:9 › Admin - User Management CRUD › User Deletion › should prevent deletion of admin users 

    TypeError: Cannot read properties of undefined (reading 'users')

      11 |     // Login as admin
      12 |     await page.goto('/login');
    > 13 |     await page.fill('input[name="username"], input[type="email"]', testData.users.admin.email);
         |                                                                             ^
      14 |     await page.fill('input[name="password"], input[type="password"]', testData.users.admin.password);
      15 |     await page.click('button[type="submit"], button:has-text("Login")');
      16 |     await page.waitForLoadState('networkidle');
        at E:\test-project-app\tests\playwright\admin\admin-crud.spec.ts:13:77

    attachment #1: screenshot (image/png) ──────────────────────────────────────────────────────────
    ..\..\test-results\admin-admin-crud-Admin---U-09274-ent-deletion-of-admin-users-Mobile-Chrome\test-failed-1.png
    ────────────────────────────────────────────────────────────────────────────────────────────────

    attachment #2: video (video/webm) ──────────────────────────────────────────────────────────────
    ..\..\test-results\admin-admin-crud-Admin---U-09274-ent-deletion-of-admin-users-Mobile-Chrome\video.webm
    ────────────────────────────────────────────────────────────────────────────────────────────────

    Error Context: ..\..\test-results\admin-admin-crud-Admin---U-09274-ent-deletion-of-admin-users-Mobile-Chrome\error-context.md
]]>
</failure>
<system-out>
<![CDATA[
[[ATTACHMENT|test-results\admin-admin-crud-Admin---U-09274-ent-deletion-of-admin-users-Mobile-Chrome\test-failed-1.png]]

[[ATTACHMENT|test-results\admin-admin-crud-Admin---U-09274-ent-deletion-of-admin-users-Mobile-Chrome\video.webm]]

[[ATTACHMENT|test-results\admin-admin-crud-Admin---U-09274-ent-deletion-of-admin-users-Mobile-Chrome\error-context.md]]
]]>
</system-out>
</testcase>
<testcase name="Admin - User Management CRUD › User Deletion › should handle bulk user operations" classname="admin\admin-crud.spec.ts" time="2.658">
<failure message="admin-crud.spec.ts:295:9 should handle bulk user operations" type="FAILURE">
<![CDATA[  [Mobile Chrome] › admin\admin-crud.spec.ts:295:9 › Admin - User Management CRUD › User Deletion › should handle bulk user operations 

    TypeError: Cannot read properties of undefined (reading 'users')

      11 |     // Login as admin
      12 |     await page.goto('/login');
    > 13 |     await page.fill('input[name="username"], input[type="email"]', testData.users.admin.email);
         |                                                                             ^
      14 |     await page.fill('input[name="password"], input[type="password"]', testData.users.admin.password);
      15 |     await page.click('button[type="submit"], button:has-text("Login")');
      16 |     await page.waitForLoadState('networkidle');
        at E:\test-project-app\tests\playwright\admin\admin-crud.spec.ts:13:77

    attachment #1: screenshot (image/png) ──────────────────────────────────────────────────────────
    ..\..\test-results\admin-admin-crud-Admin---U-e3e86-handle-bulk-user-operations-Mobile-Chrome\test-failed-1.png
    ────────────────────────────────────────────────────────────────────────────────────────────────

    attachment #2: video (video/webm) ──────────────────────────────────────────────────────────────
    ..\..\test-results\admin-admin-crud-Admin---U-e3e86-handle-bulk-user-operations-Mobile-Chrome\video.webm
    ────────────────────────────────────────────────────────────────────────────────────────────────

    Error Context: ..\..\test-results\admin-admin-crud-Admin---U-e3e86-handle-bulk-user-operations-Mobile-Chrome\error-context.md
]]>
</failure>
<system-out>
<![CDATA[
[[ATTACHMENT|test-results\admin-admin-crud-Admin---U-e3e86-handle-bulk-user-operations-Mobile-Chrome\test-failed-1.png]]

[[ATTACHMENT|test-results\admin-admin-crud-Admin---U-e3e86-handle-bulk-user-operations-Mobile-Chrome\video.webm]]

[[ATTACHMENT|test-results\admin-admin-crud-Admin---U-e3e86-handle-bulk-user-operations-Mobile-Chrome\error-context.md]]
]]>
</system-out>
</testcase>
<testcase name="Admin - User Management CRUD › Google Emails Management › should add Google email successfully" classname="admin\admin-crud.spec.ts" time="2.439">
<failure message="admin-crud.spec.ts:306:9 should add Google email successfully" type="FAILURE">
<![CDATA[  [Mobile Chrome] › admin\admin-crud.spec.ts:306:9 › Admin - User Management CRUD › Google Emails Management › should add Google email successfully 

    TypeError: Cannot read properties of undefined (reading 'users')

      11 |     // Login as admin
      12 |     await page.goto('/login');
    > 13 |     await page.fill('input[name="username"], input[type="email"]', testData.users.admin.email);
         |                                                                             ^
      14 |     await page.fill('input[name="password"], input[type="password"]', testData.users.admin.password);
      15 |     await page.click('button[type="submit"], button:has-text("Login")');
      16 |     await page.waitForLoadState('networkidle');
        at E:\test-project-app\tests\playwright\admin\admin-crud.spec.ts:13:77

    attachment #1: screenshot (image/png) ──────────────────────────────────────────────────────────
    ..\..\test-results\admin-admin-crud-Admin---U-159e1-d-Google-email-successfully-Mobile-Chrome\test-failed-1.png
    ────────────────────────────────────────────────────────────────────────────────────────────────

    attachment #2: video (video/webm) ──────────────────────────────────────────────────────────────
    ..\..\test-results\admin-admin-crud-Admin---U-159e1-d-Google-email-successfully-Mobile-Chrome\video.webm
    ────────────────────────────────────────────────────────────────────────────────────────────────

    Error Context: ..\..\test-results\admin-admin-crud-Admin---U-159e1-d-Google-email-successfully-Mobile-Chrome\error-context.md
]]>
</failure>
<system-out>
<![CDATA[
[[ATTACHMENT|test-results\admin-admin-crud-Admin---U-159e1-d-Google-email-successfully-Mobile-Chrome\test-failed-1.png]]

[[ATTACHMENT|test-results\admin-admin-crud-Admin---U-159e1-d-Google-email-successfully-Mobile-Chrome\video.webm]]

[[ATTACHMENT|test-results\admin-admin-crud-Admin---U-159e1-d-Google-email-successfully-Mobile-Chrome\error-context.md]]
]]>
</system-out>
</testcase>
<testcase name="Admin - User Management CRUD › Google Emails Management › should validate email format for Google emails" classname="admin\admin-crud.spec.ts" time="2.528">
<failure message="admin-crud.spec.ts:317:9 should validate email format for Google emails" type="FAILURE">
<![CDATA[  [Mobile Chrome] › admin\admin-crud.spec.ts:317:9 › Admin - User Management CRUD › Google Emails Management › should validate email format for Google emails 

    TypeError: Cannot read properties of undefined (reading 'users')

      11 |     // Login as admin
      12 |     await page.goto('/login');
    > 13 |     await page.fill('input[name="username"], input[type="email"]', testData.users.admin.email);
         |                                                                             ^
      14 |     await page.fill('input[name="password"], input[type="password"]', testData.users.admin.password);
      15 |     await page.click('button[type="submit"], button:has-text("Login")');
      16 |     await page.waitForLoadState('networkidle');
        at E:\test-project-app\tests\playwright\admin\admin-crud.spec.ts:13:77

    attachment #1: screenshot (image/png) ──────────────────────────────────────────────────────────
    ..\..\test-results\admin-admin-crud-Admin---U-449f3-il-format-for-Google-emails-Mobile-Chrome\test-failed-1.png
    ────────────────────────────────────────────────────────────────────────────────────────────────

    attachment #2: video (video/webm) ──────────────────────────────────────────────────────────────
    ..\..\test-results\admin-admin-crud-Admin---U-449f3-il-format-for-Google-emails-Mobile-Chrome\video.webm
    ────────────────────────────────────────────────────────────────────────────────────────────────

    Error Context: ..\..\test-results\admin-admin-crud-Admin---U-449f3-il-format-for-Google-emails-Mobile-Chrome\error-context.md
]]>
</failure>
<system-out>
<![CDATA[
[[ATTACHMENT|test-results\admin-admin-crud-Admin---U-449f3-il-format-for-Google-emails-Mobile-Chrome\test-failed-1.png]]

[[ATTACHMENT|test-results\admin-admin-crud-Admin---U-449f3-il-format-for-Google-emails-Mobile-Chrome\video.webm]]

[[ATTACHMENT|test-results\admin-admin-crud-Admin---U-449f3-il-format-for-Google-emails-Mobile-Chrome\error-context.md]]
]]>
</system-out>
</testcase>
<testcase name="Admin - User Management CRUD › Google Emails Management › should prevent duplicate Google emails" classname="admin\admin-crud.spec.ts" time="2.526">
<failure message="admin-crud.spec.ts:326:9 should prevent duplicate Google emails" type="FAILURE">
<![CDATA[  [Mobile Chrome] › admin\admin-crud.spec.ts:326:9 › Admin - User Management CRUD › Google Emails Management › should prevent duplicate Google emails 

    TypeError: Cannot read properties of undefined (reading 'users')

      11 |     // Login as admin
      12 |     await page.goto('/login');
    > 13 |     await page.fill('input[name="username"], input[type="email"]', testData.users.admin.email);
         |                                                                             ^
      14 |     await page.fill('input[name="password"], input[type="password"]', testData.users.admin.password);
      15 |     await page.click('button[type="submit"], button:has-text("Login")');
      16 |     await page.waitForLoadState('networkidle');
        at E:\test-project-app\tests\playwright\admin\admin-crud.spec.ts:13:77

    attachment #1: screenshot (image/png) ──────────────────────────────────────────────────────────
    ..\..\test-results\admin-admin-crud-Admin---U-df1e4-ent-duplicate-Google-emails-Mobile-Chrome\test-failed-1.png
    ────────────────────────────────────────────────────────────────────────────────────────────────

    attachment #2: video (video/webm) ──────────────────────────────────────────────────────────────
    ..\..\test-results\admin-admin-crud-Admin---U-df1e4-ent-duplicate-Google-emails-Mobile-Chrome\video.webm
    ────────────────────────────────────────────────────────────────────────────────────────────────

    Error Context: ..\..\test-results\admin-admin-crud-Admin---U-df1e4-ent-duplicate-Google-emails-Mobile-Chrome\error-context.md
]]>
</failure>
<system-out>
<![CDATA[
[[ATTACHMENT|test-results\admin-admin-crud-Admin---U-df1e4-ent-duplicate-Google-emails-Mobile-Chrome\test-failed-1.png]]

[[ATTACHMENT|test-results\admin-admin-crud-Admin---U-df1e4-ent-duplicate-Google-emails-Mobile-Chrome\video.webm]]

[[ATTACHMENT|test-results\admin-admin-crud-Admin---U-df1e4-ent-duplicate-Google-emails-Mobile-Chrome\error-context.md]]
]]>
</system-out>
</testcase>
<testcase name="Admin - User Management CRUD › Google Emails Management › should delete Google email successfully" classname="admin\admin-crud.spec.ts" time="2.298">
<failure message="admin-crud.spec.ts:340:9 should delete Google email successfully" type="FAILURE">
<![CDATA[  [Mobile Chrome] › admin\admin-crud.spec.ts:340:9 › Admin - User Management CRUD › Google Emails Management › should delete Google email successfully 

    TypeError: Cannot read properties of undefined (reading 'users')

      11 |     // Login as admin
      12 |     await page.goto('/login');
    > 13 |     await page.fill('input[name="username"], input[type="email"]', testData.users.admin.email);
         |                                                                             ^
      14 |     await page.fill('input[name="password"], input[type="password"]', testData.users.admin.password);
      15 |     await page.click('button[type="submit"], button:has-text("Login")');
      16 |     await page.waitForLoadState('networkidle');
        at E:\test-project-app\tests\playwright\admin\admin-crud.spec.ts:13:77

    attachment #1: screenshot (image/png) ──────────────────────────────────────────────────────────
    ..\..\test-results\admin-admin-crud-Admin---U-e221e-e-Google-email-successfully-Mobile-Chrome\test-failed-1.png
    ────────────────────────────────────────────────────────────────────────────────────────────────

    attachment #2: video (video/webm) ──────────────────────────────────────────────────────────────
    ..\..\test-results\admin-admin-crud-Admin---U-e221e-e-Google-email-successfully-Mobile-Chrome\video.webm
    ────────────────────────────────────────────────────────────────────────────────────────────────

    Error Context: ..\..\test-results\admin-admin-crud-Admin---U-e221e-e-Google-email-successfully-Mobile-Chrome\error-context.md
]]>
</failure>
<system-out>
<![CDATA[
[[ATTACHMENT|test-results\admin-admin-crud-Admin---U-e221e-e-Google-email-successfully-Mobile-Chrome\test-failed-1.png]]

[[ATTACHMENT|test-results\admin-admin-crud-Admin---U-e221e-e-Google-email-successfully-Mobile-Chrome\video.webm]]

[[ATTACHMENT|test-results\admin-admin-crud-Admin---U-e221e-e-Google-email-successfully-Mobile-Chrome\error-context.md]]
]]>
</system-out>
</testcase>
<testcase name="Admin - User Management CRUD › Admin Dashboard › should display admin dashboard correctly" classname="admin\admin-crud.spec.ts" time="2.643">
<failure message="admin-crud.spec.ts:360:9 should display admin dashboard correctly" type="FAILURE">
<![CDATA[  [Mobile Chrome] › admin\admin-crud.spec.ts:360:9 › Admin - User Management CRUD › Admin Dashboard › should display admin dashboard correctly 

    TypeError: Cannot read properties of undefined (reading 'users')

      11 |     // Login as admin
      12 |     await page.goto('/login');
    > 13 |     await page.fill('input[name="username"], input[type="email"]', testData.users.admin.email);
         |                                                                             ^
      14 |     await page.fill('input[name="password"], input[type="password"]', testData.users.admin.password);
      15 |     await page.click('button[type="submit"], button:has-text("Login")');
      16 |     await page.waitForLoadState('networkidle');
        at E:\test-project-app\tests\playwright\admin\admin-crud.spec.ts:13:77

    attachment #1: screenshot (image/png) ──────────────────────────────────────────────────────────
    ..\..\test-results\admin-admin-crud-Admin---U-2ac0a-y-admin-dashboard-correctly-Mobile-Chrome\test-failed-1.png
    ────────────────────────────────────────────────────────────────────────────────────────────────

    attachment #2: video (video/webm) ──────────────────────────────────────────────────────────────
    ..\..\test-results\admin-admin-crud-Admin---U-2ac0a-y-admin-dashboard-correctly-Mobile-Chrome\video.webm
    ────────────────────────────────────────────────────────────────────────────────────────────────

    Error Context: ..\..\test-results\admin-admin-crud-Admin---U-2ac0a-y-admin-dashboard-correctly-Mobile-Chrome\error-context.md
]]>
</failure>
<system-out>
<![CDATA[
[[ATTACHMENT|test-results\admin-admin-crud-Admin---U-2ac0a-y-admin-dashboard-correctly-Mobile-Chrome\test-failed-1.png]]

[[ATTACHMENT|test-results\admin-admin-crud-Admin---U-2ac0a-y-admin-dashboard-correctly-Mobile-Chrome\video.webm]]

[[ATTACHMENT|test-results\admin-admin-crud-Admin---U-2ac0a-y-admin-dashboard-correctly-Mobile-Chrome\error-context.md]]
]]>
</system-out>
</testcase>
<testcase name="Admin - User Management CRUD › Admin Dashboard › should navigate between admin tabs" classname="admin\admin-crud.spec.ts" time="1.945">
<failure message="admin-crud.spec.ts:367:9 should navigate between admin tabs" type="FAILURE">
<![CDATA[  [Mobile Chrome] › admin\admin-crud.spec.ts:367:9 › Admin - User Management CRUD › Admin Dashboard › should navigate between admin tabs 

    TypeError: Cannot read properties of undefined (reading 'users')

      11 |     // Login as admin
      12 |     await page.goto('/login');
    > 13 |     await page.fill('input[name="username"], input[type="email"]', testData.users.admin.email);
         |                                                                             ^
      14 |     await page.fill('input[name="password"], input[type="password"]', testData.users.admin.password);
      15 |     await page.click('button[type="submit"], button:has-text("Login")');
      16 |     await page.waitForLoadState('networkidle');
        at E:\test-project-app\tests\playwright\admin\admin-crud.spec.ts:13:77

    attachment #1: screenshot (image/png) ──────────────────────────────────────────────────────────
    ..\..\test-results\admin-admin-crud-Admin---U-09657-navigate-between-admin-tabs-Mobile-Chrome\test-failed-1.png
    ────────────────────────────────────────────────────────────────────────────────────────────────

    attachment #2: video (video/webm) ──────────────────────────────────────────────────────────────
    ..\..\test-results\admin-admin-crud-Admin---U-09657-navigate-between-admin-tabs-Mobile-Chrome\video.webm
    ────────────────────────────────────────────────────────────────────────────────────────────────

    Error Context: ..\..\test-results\admin-admin-crud-Admin---U-09657-navigate-between-admin-tabs-Mobile-Chrome\error-context.md
]]>
</failure>
<system-out>
<![CDATA[
[[ATTACHMENT|test-results\admin-admin-crud-Admin---U-09657-navigate-between-admin-tabs-Mobile-Chrome\test-failed-1.png]]

[[ATTACHMENT|test-results\admin-admin-crud-Admin---U-09657-navigate-between-admin-tabs-Mobile-Chrome\video.webm]]

[[ATTACHMENT|test-results\admin-admin-crud-Admin---U-09657-navigate-between-admin-tabs-Mobile-Chrome\error-context.md]]
]]>
</system-out>
</testcase>
<testcase name="Admin - User Management CRUD › Admin Dashboard › should show real-time statistics updates" classname="admin\admin-crud.spec.ts" time="1.949">
<failure message="admin-crud.spec.ts:378:9 should show real-time statistics updates" type="FAILURE">
<![CDATA[  [Mobile Chrome] › admin\admin-crud.spec.ts:378:9 › Admin - User Management CRUD › Admin Dashboard › should show real-time statistics updates 

    TypeError: Cannot read properties of undefined (reading 'users')

      11 |     // Login as admin
      12 |     await page.goto('/login');
    > 13 |     await page.fill('input[name="username"], input[type="email"]', testData.users.admin.email);
         |                                                                             ^
      14 |     await page.fill('input[name="password"], input[type="password"]', testData.users.admin.password);
      15 |     await page.click('button[type="submit"], button:has-text("Login")');
      16 |     await page.waitForLoadState('networkidle');
        at E:\test-project-app\tests\playwright\admin\admin-crud.spec.ts:13:77

    attachment #1: screenshot (image/png) ──────────────────────────────────────────────────────────
    ..\..\test-results\admin-admin-crud-Admin---U-ca2e0-eal-time-statistics-updates-Mobile-Chrome\test-failed-1.png
    ────────────────────────────────────────────────────────────────────────────────────────────────

    attachment #2: video (video/webm) ──────────────────────────────────────────────────────────────
    ..\..\test-results\admin-admin-crud-Admin---U-ca2e0-eal-time-statistics-updates-Mobile-Chrome\video.webm
    ────────────────────────────────────────────────────────────────────────────────────────────────

    Error Context: ..\..\test-results\admin-admin-crud-Admin---U-ca2e0-eal-time-statistics-updates-Mobile-Chrome\error-context.md
]]>
</failure>
<system-out>
<![CDATA[
[[ATTACHMENT|test-results\admin-admin-crud-Admin---U-ca2e0-eal-time-statistics-updates-Mobile-Chrome\test-failed-1.png]]

[[ATTACHMENT|test-results\admin-admin-crud-Admin---U-ca2e0-eal-time-statistics-updates-Mobile-Chrome\video.webm]]

[[ATTACHMENT|test-results\admin-admin-crud-Admin---U-ca2e0-eal-time-statistics-updates-Mobile-Chrome\error-context.md]]
]]>
</system-out>
</testcase>
</testsuite>
<testsuite name="admin\event-create.spec.ts" timestamp="2026-02-20T03:52:25.301Z" hostname="Mobile Chrome" tests="1" failures="0" skipped="0" time="3.123" errors="0">
<testcase name="Admin: Event creation › creates event and shows it in the Events list" classname="admin\event-create.spec.ts" time="3.123">
</testcase>
</testsuite>
<testsuite name="admin\event-toggle-publish.spec.ts" timestamp="2026-02-20T03:52:25.301Z" hostname="Mobile Chrome" tests="1" failures="1" skipped="0" time="32.686" errors="0">
<testcase name="Admin: Toggle event publish status › toggles publish and updates Published column immediately" classname="admin\event-toggle-publish.spec.ts" time="32.686">
<failure message="event-toggle-publish.spec.ts:10:7 toggles publish and updates Published column immediately" type="FAILURE">
<![CDATA[  [Mobile Chrome] › admin\event-toggle-publish.spec.ts:10:7 › Admin: Toggle event publish status › toggles publish and updates Published column immediately › Verify initial Published=false and toggle ON 

    Test timeout of 30000ms exceeded.

    Error: page.waitForResponse: Test timeout of 30000ms exceeded.

      120 |
      121 |       // Click toggle publish
    > 122 |       const waited = page.waitForResponse((res) => res.url().includes('/api/events/101/toggle-publish') && res.request().method() === 'PATCH');
          |                           ^
      123 |       await publishAction.click();
      124 |       await waited;
      125 |
        at E:\test-project-app\tests\playwright\admin\event-toggle-publish.spec.ts:122:27
        at E:\test-project-app\tests\playwright\admin\event-toggle-publish.spec.ts:111:5

    attachment #1: screenshot (image/png) ──────────────────────────────────────────────────────────
    ..\..\test-results\admin-event-toggle-publish-a401c-ublished-column-immediately-Mobile-Chrome\test-failed-1.png
    ────────────────────────────────────────────────────────────────────────────────────────────────

    attachment #2: video (video/webm) ──────────────────────────────────────────────────────────────
    ..\..\test-results\admin-event-toggle-publish-a401c-ublished-column-immediately-Mobile-Chrome\video.webm
    ────────────────────────────────────────────────────────────────────────────────────────────────

    Error Context: ..\..\test-results\admin-event-toggle-publish-a401c-ublished-column-immediately-Mobile-Chrome\error-context.md
]]>
</failure>
<system-out>
<![CDATA[
[[ATTACHMENT|test-results\admin-event-toggle-publish-a401c-ublished-column-immediately-Mobile-Chrome\test-failed-1.png]]

[[ATTACHMENT|test-results\admin-event-toggle-publish-a401c-ublished-column-immediately-Mobile-Chrome\video.webm]]

[[ATTACHMENT|test-results\admin-event-toggle-publish-a401c-ublished-column-immediately-Mobile-Chrome\error-context.md]]
]]>
</system-out>
</testcase>
</testsuite>
<testsuite name="api\api-validation.spec.ts" timestamp="2026-02-20T03:52:25.301Z" hostname="Mobile Chrome" tests="33" failures="29" skipped="0" time="1.539" errors="0">
<testcase name="API Validation › Authentication API › should login successfully with valid credentials" classname="api\api-validation.spec.ts" time="0.061">
<failure message="api-validation.spec.ts:12:9 should login successfully with valid credentials" type="FAILURE">
<![CDATA[  [Mobile Chrome] › api\api-validation.spec.ts:12:9 › API Validation › Authentication API › should login successfully with valid credentials 

    TypeError: Cannot read properties of undefined (reading 'users')

      12 |     test('should login successfully with valid credentials', async ({ request }, { testData }) => {
      13 |       const response = await apiHelpers.login({
    > 14 |         username: testData.users.admin.email,
         |                            ^
      15 |         password: testData.users.admin.password
      16 |       });
      17 |
        at E:\test-project-app\tests\playwright\api\api-validation.spec.ts:14:28
]]>
</failure>
</testcase>
<testcase name="API Validation › Authentication API › should return 401 for invalid credentials" classname="api\api-validation.spec.ts" time="0.408">
<failure message="api-validation.spec.ts:23:9 should return 401 for invalid credentials" type="FAILURE">
<![CDATA[  [Mobile Chrome] › api\api-validation.spec.ts:23:9 › API Validation › Authentication API › should return 401 for invalid credentials 

    TypeError: Cannot read properties of undefined (reading 'status')

      28 |         });
      29 |       } catch (error: any) {
    > 30 |         expect(error.response.status).toBe(401);
         |                               ^
      31 |       }
      32 |     });
      33 |
        at E:\test-project-app\tests\playwright\api\api-validation.spec.ts:30:31
]]>
</failure>
</testcase>
<testcase name="API Validation › Authentication API › should return 400 for missing credentials" classname="api\api-validation.spec.ts" time="0.082">
<failure message="api-validation.spec.ts:34:9 should return 400 for missing credentials" type="FAILURE">
<![CDATA[  [Mobile Chrome] › api\api-validation.spec.ts:34:9 › API Validation › Authentication API › should return 400 for missing credentials 

    TypeError: Cannot read properties of undefined (reading 'status')

      39 |         });
      40 |       } catch (error: any) {
    > 41 |         expect(error.response.status).toBe(400);
         |                               ^
      42 |       }
      43 |     });
      44 |
        at E:\test-project-app\tests\playwright\api\api-validation.spec.ts:41:31
]]>
</failure>
</testcase>
<testcase name="API Validation › Authentication API › should refresh token successfully" classname="api\api-validation.spec.ts" time="0.03">
<failure message="api-validation.spec.ts:45:9 should refresh token successfully" type="FAILURE">
<![CDATA[  [Mobile Chrome] › api\api-validation.spec.ts:45:9 › API Validation › Authentication API › should refresh token successfully 

    TypeError: Cannot read properties of undefined (reading 'users')

      45 |     test('should refresh token successfully', async ({ request }, { testData }) => {
      46 |       const loginResponse = await apiHelpers.login({
    > 47 |         username: testData.users.admin.email,
         |                            ^
      48 |         password: testData.users.admin.password
      49 |       });
      50 |
        at E:\test-project-app\tests\playwright\api\api-validation.spec.ts:47:28
]]>
</failure>
</testcase>
<testcase name="API Validation › Authentication API › should logout successfully" classname="api\api-validation.spec.ts" time="0.03">
<failure message="api-validation.spec.ts:56:9 should logout successfully" type="FAILURE">
<![CDATA[  [Mobile Chrome] › api\api-validation.spec.ts:56:9 › API Validation › Authentication API › should logout successfully 

    TypeError: Cannot read properties of undefined (reading 'users')

      56 |     test('should logout successfully', async ({ request }, { testData }) => {
      57 |       await apiHelpers.login({
    > 58 |         username: testData.users.admin.email,
         |                            ^
      59 |         password: testData.users.admin.password
      60 |       });
      61 |
        at E:\test-project-app\tests\playwright\api\api-validation.spec.ts:58:28
]]>
</failure>
</testcase>
<testcase name="API Validation › Authentication API › should return 401 for requests without authentication" classname="api\api-validation.spec.ts" time="0.064">
<failure message="api-validation.spec.ts:66:9 should return 401 for requests without authentication" type="FAILURE">
<![CDATA[  [Mobile Chrome] › api\api-validation.spec.ts:66:9 › API Validation › Authentication API › should return 401 for requests without authentication 

    TypeError: Cannot read properties of undefined (reading 'status')

      68 |         await apiHelpers.getUsers();
      69 |       } catch (error: any) {
    > 70 |         expect(error.response.status).toBe(401);
         |                               ^
      71 |       }
      72 |     });
      73 |   });
        at E:\test-project-app\tests\playwright\api\api-validation.spec.ts:70:31
]]>
</failure>
</testcase>
<testcase name="API Validation › Users API › should get users list" classname="api\api-validation.spec.ts" time="0.023">
<failure message="api-validation.spec.ts:83:9 should get users list" type="FAILURE">
<![CDATA[  [Mobile Chrome] › api\api-validation.spec.ts:83:9 › API Validation › Users API › should get users list 

    TypeError: Cannot read properties of undefined (reading 'users')

      76 |     test.beforeEach(async ({ request }, { testData }) => {
      77 |       await apiHelpers.login({
    > 78 |         username: testData.users.admin.email,
         |                            ^
      79 |         password: testData.users.admin.password
      80 |       });
      81 |     });
        at E:\test-project-app\tests\playwright\api\api-validation.spec.ts:78:28
]]>
</failure>
</testcase>
<testcase name="API Validation › Users API › should create user successfully" classname="api\api-validation.spec.ts" time="0.024">
<failure message="api-validation.spec.ts:89:9 should create user successfully" type="FAILURE">
<![CDATA[  [Mobile Chrome] › api\api-validation.spec.ts:89:9 › API Validation › Users API › should create user successfully 

    TypeError: Cannot read properties of undefined (reading 'users')

      76 |     test.beforeEach(async ({ request }, { testData }) => {
      77 |       await apiHelpers.login({
    > 78 |         username: testData.users.admin.email,
         |                            ^
      79 |         password: testData.users.admin.password
      80 |       });
      81 |     });
        at E:\test-project-app\tests\playwright\api\api-validation.spec.ts:78:28
]]>
</failure>
</testcase>
<testcase name="API Validation › Users API › should return 400 for invalid user data" classname="api\api-validation.spec.ts" time="0.006">
<failure message="api-validation.spec.ts:105:9 should return 400 for invalid user data" type="FAILURE">
<![CDATA[  [Mobile Chrome] › api\api-validation.spec.ts:105:9 › API Validation › Users API › should return 400 for invalid user data 

    TypeError: Cannot read properties of undefined (reading 'users')

      76 |     test.beforeEach(async ({ request }, { testData }) => {
      77 |       await apiHelpers.login({
    > 78 |         username: testData.users.admin.email,
         |                            ^
      79 |         password: testData.users.admin.password
      80 |       });
      81 |     });
        at E:\test-project-app\tests\playwright\api\api-validation.spec.ts:78:28
]]>
</failure>
</testcase>
<testcase name="API Validation › Users API › should return 400 for duplicate username" classname="api\api-validation.spec.ts" time="0.026">
<failure message="api-validation.spec.ts:120:9 should return 400 for duplicate username" type="FAILURE">
<![CDATA[  [Mobile Chrome] › api\api-validation.spec.ts:120:9 › API Validation › Users API › should return 400 for duplicate username 

    TypeError: Cannot read properties of undefined (reading 'users')

      76 |     test.beforeEach(async ({ request }, { testData }) => {
      77 |       await apiHelpers.login({
    > 78 |         username: testData.users.admin.email,
         |                            ^
      79 |         password: testData.users.admin.password
      80 |       });
      81 |     });
        at E:\test-project-app\tests\playwright\api\api-validation.spec.ts:78:28
]]>
</failure>
</testcase>
<testcase name="API Validation › Users API › should get user by ID" classname="api\api-validation.spec.ts" time="0.022">
<failure message="api-validation.spec.ts:142:9 should get user by ID" type="FAILURE">
<![CDATA[  [Mobile Chrome] › api\api-validation.spec.ts:142:9 › API Validation › Users API › should get user by ID 

    TypeError: Cannot read properties of undefined (reading 'users')

      76 |     test.beforeEach(async ({ request }, { testData }) => {
      77 |       await apiHelpers.login({
    > 78 |         username: testData.users.admin.email,
         |                            ^
      79 |         password: testData.users.admin.password
      80 |       });
      81 |     });
        at E:\test-project-app\tests\playwright\api\api-validation.spec.ts:78:28
]]>
</failure>
</testcase>
<testcase name="API Validation › Users API › should update user successfully" classname="api\api-validation.spec.ts" time="0.023">
<failure message="api-validation.spec.ts:160:9 should update user successfully" type="FAILURE">
<![CDATA[  [Mobile Chrome] › api\api-validation.spec.ts:160:9 › API Validation › Users API › should update user successfully 

    TypeError: Cannot read properties of undefined (reading 'users')

      76 |     test.beforeEach(async ({ request }, { testData }) => {
      77 |       await apiHelpers.login({
    > 78 |         username: testData.users.admin.email,
         |                            ^
      79 |         password: testData.users.admin.password
      80 |       });
      81 |     });
        at E:\test-project-app\tests\playwright\api\api-validation.spec.ts:78:28
]]>
</failure>
</testcase>
<testcase name="API Validation › Users API › should delete user successfully" classname="api\api-validation.spec.ts" time="0.022">
<failure message="api-validation.spec.ts:182:9 should delete user successfully" type="FAILURE">
<![CDATA[  [Mobile Chrome] › api\api-validation.spec.ts:182:9 › API Validation › Users API › should delete user successfully 

    TypeError: Cannot read properties of undefined (reading 'users')

      76 |     test.beforeEach(async ({ request }, { testData }) => {
      77 |       await apiHelpers.login({
    > 78 |         username: testData.users.admin.email,
         |                            ^
      79 |         password: testData.users.admin.password
      80 |       });
      81 |     });
        at E:\test-project-app\tests\playwright\api\api-validation.spec.ts:78:28
]]>
</failure>
</testcase>
<testcase name="API Validation › Users API › should return 404 for non-existent user" classname="api\api-validation.spec.ts" time="0.025">
<failure message="api-validation.spec.ts:199:9 should return 404 for non-existent user" type="FAILURE">
<![CDATA[  [Mobile Chrome] › api\api-validation.spec.ts:199:9 › API Validation › Users API › should return 404 for non-existent user 

    TypeError: Cannot read properties of undefined (reading 'users')

      76 |     test.beforeEach(async ({ request }, { testData }) => {
      77 |       await apiHelpers.login({
    > 78 |         username: testData.users.admin.email,
         |                            ^
      79 |         password: testData.users.admin.password
      80 |       });
      81 |     });
        at E:\test-project-app\tests\playwright\api\api-validation.spec.ts:78:28
]]>
</failure>
</testcase>
<testcase name="API Validation › Events API › should get events list" classname="api\api-validation.spec.ts" time="0.026">
<failure message="api-validation.spec.ts:216:9 should get events list" type="FAILURE">
<![CDATA[  [Mobile Chrome] › api\api-validation.spec.ts:216:9 › API Validation › Events API › should get events list 

    TypeError: Cannot read properties of undefined (reading 'users')

      209 |     test.beforeEach(async ({ request }, { testData }) => {
      210 |       await apiHelpers.login({
    > 211 |         username: testData.users.admin.email,
          |                            ^
      212 |         password: testData.users.admin.password
      213 |       });
      214 |     });
        at E:\test-project-app\tests\playwright\api\api-validation.spec.ts:211:28
]]>
</failure>
</testcase>
<testcase name="API Validation › Events API › should create event successfully" classname="api\api-validation.spec.ts" time="0.027">
<failure message="api-validation.spec.ts:222:9 should create event successfully" type="FAILURE">
<![CDATA[  [Mobile Chrome] › api\api-validation.spec.ts:222:9 › API Validation › Events API › should create event successfully 

    TypeError: Cannot read properties of undefined (reading 'users')

      209 |     test.beforeEach(async ({ request }, { testData }) => {
      210 |       await apiHelpers.login({
    > 211 |         username: testData.users.admin.email,
          |                            ^
      212 |         password: testData.users.admin.password
      213 |       });
      214 |     });
        at E:\test-project-app\tests\playwright\api\api-validation.spec.ts:211:28
]]>
</failure>
</testcase>
<testcase name="API Validation › Events API › should return 400 for invalid event data" classname="api\api-validation.spec.ts" time="0.025">
<failure message="api-validation.spec.ts:239:9 should return 400 for invalid event data" type="FAILURE">
<![CDATA[  [Mobile Chrome] › api\api-validation.spec.ts:239:9 › API Validation › Events API › should return 400 for invalid event data 

    TypeError: Cannot read properties of undefined (reading 'users')

      209 |     test.beforeEach(async ({ request }, { testData }) => {
      210 |       await apiHelpers.login({
    > 211 |         username: testData.users.admin.email,
          |                            ^
      212 |         password: testData.users.admin.password
      213 |       });
      214 |     });
        at E:\test-project-app\tests\playwright\api\api-validation.spec.ts:211:28
]]>
</failure>
</testcase>
<testcase name="API Validation › Events API › should get event by ID" classname="api\api-validation.spec.ts" time="0.031">
<failure message="api-validation.spec.ts:256:9 should get event by ID" type="FAILURE">
<![CDATA[  [Mobile Chrome] › api\api-validation.spec.ts:256:9 › API Validation › Events API › should get event by ID 

    TypeError: Cannot read properties of undefined (reading 'users')

      209 |     test.beforeEach(async ({ request }, { testData }) => {
      210 |       await apiHelpers.login({
    > 211 |         username: testData.users.admin.email,
          |                            ^
      212 |         password: testData.users.admin.password
      213 |       });
      214 |     });
        at E:\test-project-app\tests\playwright\api\api-validation.spec.ts:211:28
]]>
</failure>
</testcase>
<testcase name="API Validation › Events API › should update event successfully" classname="api\api-validation.spec.ts" time="0.024">
<failure message="api-validation.spec.ts:276:9 should update event successfully" type="FAILURE">
<![CDATA[  [Mobile Chrome] › api\api-validation.spec.ts:276:9 › API Validation › Events API › should update event successfully 

    TypeError: Cannot read properties of undefined (reading 'users')

      209 |     test.beforeEach(async ({ request }, { testData }) => {
      210 |       await apiHelpers.login({
    > 211 |         username: testData.users.admin.email,
          |                            ^
      212 |         password: testData.users.admin.password
      213 |       });
      214 |     });
        at E:\test-project-app\tests\playwright\api\api-validation.spec.ts:211:28
]]>
</failure>
</testcase>
<testcase name="API Validation › Events API › should delete event successfully" classname="api\api-validation.spec.ts" time="0.023">
<failure message="api-validation.spec.ts:300:9 should delete event successfully" type="FAILURE">
<![CDATA[  [Mobile Chrome] › api\api-validation.spec.ts:300:9 › API Validation › Events API › should delete event successfully 

    TypeError: Cannot read properties of undefined (reading 'users')

      209 |     test.beforeEach(async ({ request }, { testData }) => {
      210 |       await apiHelpers.login({
    > 211 |         username: testData.users.admin.email,
          |                            ^
      212 |         password: testData.users.admin.password
      213 |       });
      214 |     });
        at E:\test-project-app\tests\playwright\api\api-validation.spec.ts:211:28
]]>
</failure>
</testcase>
<testcase name="API Validation › Events API › should register for event successfully" classname="api\api-validation.spec.ts" time="0.023">
<failure message="api-validation.spec.ts:319:9 should register for event successfully" type="FAILURE">
<![CDATA[  [Mobile Chrome] › api\api-validation.spec.ts:319:9 › API Validation › Events API › should register for event successfully 

    TypeError: Cannot read properties of undefined (reading 'users')

      209 |     test.beforeEach(async ({ request }, { testData }) => {
      210 |       await apiHelpers.login({
    > 211 |         username: testData.users.admin.email,
          |                            ^
      212 |         password: testData.users.admin.password
      213 |       });
      214 |     });
        at E:\test-project-app\tests\playwright\api\api-validation.spec.ts:211:28
]]>
</failure>
</testcase>
<testcase name="API Validation › Events API › should return 400 for duplicate registration" classname="api\api-validation.spec.ts" time="0.023">
<failure message="api-validation.spec.ts:346:9 should return 400 for duplicate registration" type="FAILURE">
<![CDATA[  [Mobile Chrome] › api\api-validation.spec.ts:346:9 › API Validation › Events API › should return 400 for duplicate registration 

    TypeError: Cannot read properties of undefined (reading 'users')

      209 |     test.beforeEach(async ({ request }, { testData }) => {
      210 |       await apiHelpers.login({
    > 211 |         username: testData.users.admin.email,
          |                            ^
      212 |         password: testData.users.admin.password
      213 |       });
      214 |     });
        at E:\test-project-app\tests\playwright\api\api-validation.spec.ts:211:28
]]>
</failure>
</testcase>
<testcase name="API Validation › Scores API › should submit score successfully" classname="api\api-validation.spec.ts" time="0.023">
<failure message="api-validation.spec.ts:381:9 should submit score successfully" type="FAILURE">
<![CDATA[  [Mobile Chrome] › api\api-validation.spec.ts:381:9 › API Validation › Scores API › should submit score successfully 

    TypeError: Cannot read properties of undefined (reading 'users')

      374 |     test.beforeEach(async ({ request }, { testData }) => {
      375 |       await apiHelpers.login({
    > 376 |         username: testData.users.judge.email,
          |                            ^
      377 |         password: testData.users.judge.password
      378 |       });
      379 |     });
        at E:\test-project-app\tests\playwright\api\api-validation.spec.ts:376:28
]]>
</failure>
</testcase>
<testcase name="API Validation › Scores API › should return 400 for invalid score data" classname="api\api-validation.spec.ts" time="0.025">
<failure message="api-validation.spec.ts:431:9 should return 400 for invalid score data" type="FAILURE">
<![CDATA[  [Mobile Chrome] › api\api-validation.spec.ts:431:9 › API Validation › Scores API › should return 400 for invalid score data 

    TypeError: Cannot read properties of undefined (reading 'users')

      374 |     test.beforeEach(async ({ request }, { testData }) => {
      375 |       await apiHelpers.login({
    > 376 |         username: testData.users.judge.email,
          |                            ^
      377 |         password: testData.users.judge.password
      378 |       });
      379 |     });
        at E:\test-project-app\tests\playwright\api\api-validation.spec.ts:376:28
]]>
</failure>
</testcase>
<testcase name="API Validation › Scores API › should get scores for event" classname="api\api-validation.spec.ts" time="0.024">
<failure message="api-validation.spec.ts:444:9 should get scores for event" type="FAILURE">
<![CDATA[  [Mobile Chrome] › api\api-validation.spec.ts:444:9 › API Validation › Scores API › should get scores for event 

    TypeError: Cannot read properties of undefined (reading 'users')

      374 |     test.beforeEach(async ({ request }, { testData }) => {
      375 |       await apiHelpers.login({
    > 376 |         username: testData.users.judge.email,
          |                            ^
      377 |         password: testData.users.judge.password
      378 |       });
      379 |     });
        at E:\test-project-app\tests\playwright\api\api-validation.spec.ts:376:28
]]>
</failure>
</testcase>
<testcase name="API Validation › Scores API › should get all scores" classname="api\api-validation.spec.ts" time="0.025">
<failure message="api-validation.spec.ts:450:9 should get all scores" type="FAILURE">
<![CDATA[  [Mobile Chrome] › api\api-validation.spec.ts:450:9 › API Validation › Scores API › should get all scores 

    TypeError: Cannot read properties of undefined (reading 'users')

      374 |     test.beforeEach(async ({ request }, { testData }) => {
      375 |       await apiHelpers.login({
    > 376 |         username: testData.users.judge.email,
          |                            ^
      377 |         password: testData.users.judge.password
      378 |       });
      379 |     });
        at E:\test-project-app\tests\playwright\api\api-validation.spec.ts:376:28
]]>
</failure>
</testcase>
<testcase name="API Validation › API Error Handling › should handle 404 errors gracefully" classname="api\api-validation.spec.ts" time="0.063">
<failure message="api-validation.spec.ts:458:9 should handle 404 errors gracefully" type="FAILURE">
<![CDATA[  [Mobile Chrome] › api\api-validation.spec.ts:458:9 › API Validation › API Error Handling › should handle 404 errors gracefully 

    TypeError: Cannot read properties of undefined (reading 'status')

      460 |         await apiHelpers.getUserById(99999);
      461 |       } catch (error: any) {
    > 462 |         expect(error.response.status).toBe(404);
          |                               ^
      463 |         expect(error.response.data).toHaveProperty('detail');
      464 |       }
      465 |     });
        at E:\test-project-app\tests\playwright\api\api-validation.spec.ts:462:31
]]>
</failure>
</testcase>
<testcase name="API Validation › API Error Handling › should handle 500 errors gracefully" classname="api\api-validation.spec.ts" time="0.067">
</testcase>
<testcase name="API Validation › API Error Handling › should handle network timeouts" classname="api\api-validation.spec.ts" time="0.068">
</testcase>
<testcase name="API Validation › API Error Handling › should handle malformed JSON responses" classname="api\api-validation.spec.ts" time="0.081">
</testcase>
<testcase name="API Validation › API Performance › should respond within acceptable time limits" classname="api\api-validation.spec.ts" time="0.067">
</testcase>
<testcase name="API Validation › API Performance › should handle concurrent requests" classname="api\api-validation.spec.ts" time="0.036">
<failure message="api-validation.spec.ts:508:9 should handle concurrent requests" type="FAILURE">
<![CDATA[  [Mobile Chrome] › api\api-validation.spec.ts:508:9 › API Validation › API Performance › should handle concurrent requests 

    TypeError: Cannot read properties of undefined (reading 'users')

      508 |     test('should handle concurrent requests', async ({ request }, { testData }) => {
      509 |       await apiHelpers.login({
    > 510 |         username: testData.users.admin.email,
          |                            ^
      511 |         password: testData.users.admin.password
      512 |       });
      513 |
        at E:\test-project-app\tests\playwright\api\api-validation.spec.ts:510:28
]]>
</failure>
</testcase>
<testcase name="API Validation › API Performance › should handle large data sets" classname="api\api-validation.spec.ts" time="0.012">
<failure message="api-validation.spec.ts:523:9 should handle large data sets" type="FAILURE">
<![CDATA[  [Mobile Chrome] › api\api-validation.spec.ts:523:9 › API Validation › API Performance › should handle large data sets 

    TypeError: Cannot read properties of undefined (reading 'users')

      523 |     test('should handle large data sets', async ({ request }, { testData }) => {
      524 |       await apiHelpers.login({
    > 525 |         username: testData.users.admin.email,
          |                            ^
      526 |         password: testData.users.admin.password
      527 |       });
      528 |
        at E:\test-project-app\tests\playwright\api\api-validation.spec.ts:525:28
]]>
</failure>
</testcase>
</testsuite>
<testsuite name="auth\login-invalid.spec.ts" timestamp="2026-02-20T03:52:25.301Z" hostname="Mobile Chrome" tests="1" failures="0" skipped="0" time="2.092" errors="0">
<testcase name="Auth: Invalid email/password (negative) › shows error and stays on /login without tokens" classname="auth\login-invalid.spec.ts" time="2.092">
</testcase>
</testsuite>
<testsuite name="auth\login-success.spec.ts" timestamp="2026-02-20T03:52:25.301Z" hostname="Mobile Chrome" tests="1" failures="0" skipped="0" time="2.152" errors="0">
<testcase name="Auth: Email/password login (mock) › redirects to /admin and stores JWT tokens" classname="auth\login-success.spec.ts" time="2.152">
</testcase>
</testsuite>
<testsuite name="auth\login.spec.ts" timestamp="2026-02-20T03:52:25.301Z" hostname="Mobile Chrome" tests="26" failures="21" skipped="0" time="212.275" errors="0">
<testcase name="Authentication - Login › should display login form correctly" classname="auth\login.spec.ts" time="7.951">
<failure message="login.spec.ts:9:7 should display login form correctly" type="FAILURE">
<![CDATA[  [Mobile Chrome] › auth\login.spec.ts:9:7 › Authentication - Login › should display login form correctly 

    Error: expect(locator).toBeDisabled() failed

    Locator:  locator('button[type="submit"], button:has-text("Login"), button:has-text("Sign In")')
    Expected: disabled
    Received: enabled
    Timeout:  5000ms

    Call log:
      - Expect "toBeDisabled" with timeout 5000ms
      - waiting for locator('button[type="submit"], button:has-text("Login"), button:has-text("Sign In")')
        9 × locator resolved to <button type="submit" class="w-full bg-gradient-to-r from-amber-600 to-orange-600 hover:from-amber-700 hover:to-orange-700 text-white font-bold py-4 px-6 rounded-xl transition-all duration-200 transform hover:scale-[1.02] focus:outline-none focus:ring-4 focus:ring-amber-300 shadow-lg hover:shadow-xl">Login</button>
          - unexpected value "enabled"


       at pages\LoginPage.ts:121

      119 |
      120 |   async expectLoginButtonToBeDisabled(): Promise<void> {
    > 121 |     await expect(this.loginButton).toBeDisabled();
          |                                    ^
      122 |   }
      123 |
      124 |   async expectLoginButtonToBeEnabled(): Promise<void> {
        at LoginPage.expectLoginButtonToBeDisabled (E:\test-project-app\tests\playwright\pages\LoginPage.ts:121:36)
        at E:\test-project-app\tests\playwright\auth\login.spec.ts:13:21

    attachment #1: screenshot (image/png) ──────────────────────────────────────────────────────────
    ..\..\test-results\auth-login-Authentication--9b9e7-isplay-login-form-correctly-Mobile-Chrome\test-failed-1.png
    ────────────────────────────────────────────────────────────────────────────────────────────────

    attachment #2: video (video/webm) ──────────────────────────────────────────────────────────────
    ..\..\test-results\auth-login-Authentication--9b9e7-isplay-login-form-correctly-Mobile-Chrome\video.webm
    ────────────────────────────────────────────────────────────────────────────────────────────────

    Error Context: ..\..\test-results\auth-login-Authentication--9b9e7-isplay-login-form-correctly-Mobile-Chrome\error-context.md
]]>
</failure>
<system-out>
<![CDATA[
[[ATTACHMENT|test-results\auth-login-Authentication--9b9e7-isplay-login-form-correctly-Mobile-Chrome\test-failed-1.png]]

[[ATTACHMENT|test-results\auth-login-Authentication--9b9e7-isplay-login-form-correctly-Mobile-Chrome\video.webm]]

[[ATTACHMENT|test-results\auth-login-Authentication--9b9e7-isplay-login-form-correctly-Mobile-Chrome\error-context.md]]
]]>
</system-out>
</testcase>
<testcase name="Authentication - Login › should show Google login option" classname="auth\login.spec.ts" time="7.928">
<failure message="login.spec.ts:16:7 should show Google login option" type="FAILURE">
<![CDATA[  [Mobile Chrome] › auth\login.spec.ts:16:7 › Authentication - Login › should show Google login option 

    Error: expect(locator).toBeVisible() failed

    Locator: locator('button:has-text("Google"), button:has-text("Sign in with Google")')
    Expected: visible
    Timeout: 5000ms
    Error: element(s) not found

    Call log:
      - Expect "toBeVisible" with timeout 5000ms
      - waiting for locator('button:has-text("Google"), button:has-text("Sign in with Google")')


       at pages\BasePage.ts:102

      100 |
      101 |   async expectElementToBeVisible(selector: string): Promise<void> {
    > 102 |     await expect(this.page.locator(selector)).toBeVisible();
          |                                               ^
      103 |   }
      104 |
      105 |   async expectElementToBeHidden(selector: string): Promise<void> {
        at LoginPage.expectElementToBeVisible (E:\test-project-app\tests\playwright\pages\BasePage.ts:102:47)
        at LoginPage.expectGoogleLoginToBeVisible (E:\test-project-app\tests\playwright\pages\LoginPage.ts:93:16)
        at E:\test-project-app\tests\playwright\auth\login.spec.ts:17:21

    attachment #1: screenshot (image/png) ──────────────────────────────────────────────────────────
    ..\..\test-results\auth-login-Authentication--b284f-ld-show-Google-login-option-Mobile-Chrome\test-failed-1.png
    ────────────────────────────────────────────────────────────────────────────────────────────────

    attachment #2: video (video/webm) ──────────────────────────────────────────────────────────────
    ..\..\test-results\auth-login-Authentication--b284f-ld-show-Google-login-option-Mobile-Chrome\video.webm
    ────────────────────────────────────────────────────────────────────────────────────────────────

    Error Context: ..\..\test-results\auth-login-Authentication--b284f-ld-show-Google-login-option-Mobile-Chrome\error-context.md
]]>
</failure>
<system-out>
<![CDATA[
[[ATTACHMENT|test-results\auth-login-Authentication--b284f-ld-show-Google-login-option-Mobile-Chrome\test-failed-1.png]]

[[ATTACHMENT|test-results\auth-login-Authentication--b284f-ld-show-Google-login-option-Mobile-Chrome\video.webm]]

[[ATTACHMENT|test-results\auth-login-Authentication--b284f-ld-show-Google-login-option-Mobile-Chrome\error-context.md]]
]]>
</system-out>
</testcase>
<testcase name="Authentication - Login › should enable login button when form is filled" classname="auth\login.spec.ts" time="3.293">
</testcase>
<testcase name="Authentication - Login › should show error for invalid credentials" classname="auth\login.spec.ts" time="8.133">
<failure message="login.spec.ts:26:7 should show error for invalid credentials" type="FAILURE">
<![CDATA[  [Mobile Chrome] › auth\login.spec.ts:26:7 › Authentication - Login › should show error for invalid credentials 

    Error: expect(locator).toContainText(expected) failed

    Locator: locator('.error, .alert-error, [data-testid="error-message"]')
    Expected substring: "Invalid credentials"
    Timeout: 5000ms
    Error: element(s) not found

    Call log:
      - Expect "toContainText" with timeout 5000ms
      - waiting for locator('.error, .alert-error, [data-testid="error-message"]')


       at pages\BasePage.ts:110

      108 |
      109 |   async expectElementToContainText(selector: string, text: string): Promise<void> {
    > 110 |     await expect(this.page.locator(selector)).toContainText(text);
          |                                               ^
      111 |   }
      112 |
      113 |   async expectElementToHaveValue(selector: string, value: string): Promise<void> {
        at LoginPage.expectElementToContainText (E:\test-project-app\tests\playwright\pages\BasePage.ts:110:47)
        at LoginPage.expectErrorMessageToContain (E:\test-project-app\tests\playwright\pages\LoginPage.ts:97:16)
        at E:\test-project-app\tests\playwright\auth\login.spec.ts:28:21

    attachment #1: screenshot (image/png) ──────────────────────────────────────────────────────────
    ..\..\test-results\auth-login-Authentication--1024f-ror-for-invalid-credentials-Mobile-Chrome\test-failed-1.png
    ────────────────────────────────────────────────────────────────────────────────────────────────

    attachment #2: video (video/webm) ──────────────────────────────────────────────────────────────
    ..\..\test-results\auth-login-Authentication--1024f-ror-for-invalid-credentials-Mobile-Chrome\video.webm
    ────────────────────────────────────────────────────────────────────────────────────────────────

    Error Context: ..\..\test-results\auth-login-Authentication--1024f-ror-for-invalid-credentials-Mobile-Chrome\error-context.md
]]>
</failure>
<system-out>
<![CDATA[
[[ATTACHMENT|test-results\auth-login-Authentication--1024f-ror-for-invalid-credentials-Mobile-Chrome\test-failed-1.png]]

[[ATTACHMENT|test-results\auth-login-Authentication--1024f-ror-for-invalid-credentials-Mobile-Chrome\video.webm]]

[[ATTACHMENT|test-results\auth-login-Authentication--1024f-ror-for-invalid-credentials-Mobile-Chrome\error-context.md]]
]]>
</system-out>
</testcase>
<testcase name="Authentication - Login › should show error for empty username" classname="auth\login.spec.ts" time="3.089">
</testcase>
<testcase name="Authentication - Login › should show error for empty password" classname="auth\login.spec.ts" time="3.597">
</testcase>
<testcase name="Authentication - Login › should navigate to register page" classname="auth\login.spec.ts" time="30.444">
<failure message="login.spec.ts:43:7 should navigate to register page" type="FAILURE">
<![CDATA[  [Mobile Chrome] › auth\login.spec.ts:43:7 › Authentication - Login › should navigate to register page 

    Test timeout of 30000ms exceeded.

    Error: locator.click: Test timeout of 30000ms exceeded.
    Call log:
      - waiting for locator('a:has-text("Register"), a:has-text("Sign Up")')


       at pages\LoginPage.ts:70

      68 |
      69 |   async clickRegister(): Promise<void> {
    > 70 |     await this.registerLink.click();
         |                             ^
      71 |     await this.waitForPageLoad();
      72 |   }
      73 |
        at LoginPage.clickRegister (E:\test-project-app\tests\playwright\pages\LoginPage.ts:70:29)
        at E:\test-project-app\tests\playwright\auth\login.spec.ts:44:21

    attachment #1: screenshot (image/png) ──────────────────────────────────────────────────────────
    ..\..\test-results\auth-login-Authentication--710a1-d-navigate-to-register-page-Mobile-Chrome\test-failed-1.png
    ────────────────────────────────────────────────────────────────────────────────────────────────

    attachment #2: video (video/webm) ──────────────────────────────────────────────────────────────
    ..\..\test-results\auth-login-Authentication--710a1-d-navigate-to-register-page-Mobile-Chrome\video.webm
    ────────────────────────────────────────────────────────────────────────────────────────────────

    Error Context: ..\..\test-results\auth-login-Authentication--710a1-d-navigate-to-register-page-Mobile-Chrome\error-context.md
]]>
</failure>
<system-out>
<![CDATA[
[[ATTACHMENT|test-results\auth-login-Authentication--710a1-d-navigate-to-register-page-Mobile-Chrome\test-failed-1.png]]

[[ATTACHMENT|test-results\auth-login-Authentication--710a1-d-navigate-to-register-page-Mobile-Chrome\video.webm]]

[[ATTACHMENT|test-results\auth-login-Authentication--710a1-d-navigate-to-register-page-Mobile-Chrome\error-context.md]]
]]>
</system-out>
</testcase>
<testcase name="Authentication - Login › should navigate to forgot password page" classname="auth\login.spec.ts" time="30.538">
<failure message="login.spec.ts:48:7 should navigate to forgot password page" type="FAILURE">
<![CDATA[  [Mobile Chrome] › auth\login.spec.ts:48:7 › Authentication - Login › should navigate to forgot password page 

    Test timeout of 30000ms exceeded.

    Error: locator.click: Test timeout of 30000ms exceeded.
    Call log:
      - waiting for locator('a:has-text("Forgot Password"), a:has-text("Reset Password")')


       at pages\LoginPage.ts:75

      73 |
      74 |   async clickForgotPassword(): Promise<void> {
    > 75 |     await this.forgotPasswordLink.click();
         |                                   ^
      76 |     await this.waitForPageLoad();
      77 |   }
      78 |
        at LoginPage.clickForgotPassword (E:\test-project-app\tests\playwright\pages\LoginPage.ts:75:35)
        at E:\test-project-app\tests\playwright\auth\login.spec.ts:49:21

    attachment #1: screenshot (image/png) ──────────────────────────────────────────────────────────
    ..\..\test-results\auth-login-Authentication--71939-ate-to-forgot-password-page-Mobile-Chrome\test-failed-1.png
    ────────────────────────────────────────────────────────────────────────────────────────────────

    attachment #2: video (video/webm) ──────────────────────────────────────────────────────────────
    ..\..\test-results\auth-login-Authentication--71939-ate-to-forgot-password-page-Mobile-Chrome\video.webm
    ────────────────────────────────────────────────────────────────────────────────────────────────

    Error Context: ..\..\test-results\auth-login-Authentication--71939-ate-to-forgot-password-page-Mobile-Chrome\error-context.md
]]>
</failure>
<system-out>
<![CDATA[
[[ATTACHMENT|test-results\auth-login-Authentication--71939-ate-to-forgot-password-page-Mobile-Chrome\test-failed-1.png]]

[[ATTACHMENT|test-results\auth-login-Authentication--71939-ate-to-forgot-password-page-Mobile-Chrome\video.webm]]

[[ATTACHMENT|test-results\auth-login-Authentication--71939-ate-to-forgot-password-page-Mobile-Chrome\error-context.md]]
]]>
</system-out>
</testcase>
<testcase name="Authentication - Login › should support language switching" classname="auth\login.spec.ts" time="3.146">
</testcase>
<testcase name="Authentication - Login › should clear form when clear button is clicked" classname="auth\login.spec.ts" time="6.346">
</testcase>
<testcase name="Authentication - Successful Login › should login successfully with valid admin credentials" classname="auth\login.spec.ts" time="0.262">
<failure message="login.spec.ts:70:7 should login successfully with valid admin credentials" type="FAILURE">
<![CDATA[  [Mobile Chrome] › auth\login.spec.ts:70:7 › Authentication - Successful Login › should login successfully with valid admin credentials 

    TypeError: Cannot read properties of undefined (reading 'users')

      69 | test.describe('Authentication - Successful Login', () => {
      70 |   test('should login successfully with valid admin credentials', async ({ loginPage, dashboardPage }, { testData }) => {
    > 71 |     await loginPage.loginWithUser(testData.users.admin);
         |                                            ^
      72 |     await dashboardPage.expectToBeOnDashboard();
      73 |     await dashboardPage.expectAdminSectionToBeVisible();
      74 |   });
        at E:\test-project-app\tests\playwright\auth\login.spec.ts:71:44

    attachment #1: screenshot (image/png) ──────────────────────────────────────────────────────────
    ..\..\test-results\auth-login-Authentication--fa957-ith-valid-admin-credentials-Mobile-Chrome\test-failed-1.png
    ────────────────────────────────────────────────────────────────────────────────────────────────

    attachment #2: video (video/webm) ──────────────────────────────────────────────────────────────
    ..\..\test-results\auth-login-Authentication--fa957-ith-valid-admin-credentials-Mobile-Chrome\video.webm
    ────────────────────────────────────────────────────────────────────────────────────────────────
]]>
</failure>
<system-out>
<![CDATA[
[[ATTACHMENT|test-results\auth-login-Authentication--fa957-ith-valid-admin-credentials-Mobile-Chrome\test-failed-1.png]]

[[ATTACHMENT|test-results\auth-login-Authentication--fa957-ith-valid-admin-credentials-Mobile-Chrome\video.webm]]
]]>
</system-out>
</testcase>
<testcase name="Authentication - Successful Login › should login successfully with valid judge credentials" classname="auth\login.spec.ts" time="0.359">
<failure message="login.spec.ts:76:7 should login successfully with valid judge credentials" type="FAILURE">
<![CDATA[  [Mobile Chrome] › auth\login.spec.ts:76:7 › Authentication - Successful Login › should login successfully with valid judge credentials 

    TypeError: Cannot read properties of undefined (reading 'users')

      75 |
      76 |   test('should login successfully with valid judge credentials', async ({ loginPage, dashboardPage }, { testData }) => {
    > 77 |     await loginPage.loginWithUser(testData.users.judge);
         |                                            ^
      78 |     await dashboardPage.expectToBeOnDashboard();
      79 |     await dashboardPage.expectJudgeSectionToBeVisible();
      80 |   });
        at E:\test-project-app\tests\playwright\auth\login.spec.ts:77:44

    attachment #1: screenshot (image/png) ──────────────────────────────────────────────────────────
    ..\..\test-results\auth-login-Authentication--30d34-ith-valid-judge-credentials-Mobile-Chrome\test-failed-1.png
    ────────────────────────────────────────────────────────────────────────────────────────────────

    attachment #2: video (video/webm) ──────────────────────────────────────────────────────────────
    ..\..\test-results\auth-login-Authentication--30d34-ith-valid-judge-credentials-Mobile-Chrome\video.webm
    ────────────────────────────────────────────────────────────────────────────────────────────────
]]>
</failure>
<system-out>
<![CDATA[
[[ATTACHMENT|test-results\auth-login-Authentication--30d34-ith-valid-judge-credentials-Mobile-Chrome\test-failed-1.png]]

[[ATTACHMENT|test-results\auth-login-Authentication--30d34-ith-valid-judge-credentials-Mobile-Chrome\video.webm]]
]]>
</system-out>
</testcase>
<testcase name="Authentication - Successful Login › should login successfully with valid student credentials" classname="auth\login.spec.ts" time="0.279">
<failure message="login.spec.ts:82:7 should login successfully with valid student credentials" type="FAILURE">
<![CDATA[  [Mobile Chrome] › auth\login.spec.ts:82:7 › Authentication - Successful Login › should login successfully with valid student credentials 

    TypeError: Cannot read properties of undefined (reading 'users')

      81 |
      82 |   test('should login successfully with valid student credentials', async ({ loginPage, dashboardPage }, { testData }) => {
    > 83 |     await loginPage.loginWithUser(testData.users.student);
         |                                            ^
      84 |     await dashboardPage.expectToBeOnDashboard();
      85 |     await dashboardPage.expectStudentSectionToBeVisible();
      86 |   });
        at E:\test-project-app\tests\playwright\auth\login.spec.ts:83:44

    attachment #1: screenshot (image/png) ──────────────────────────────────────────────────────────
    ..\..\test-results\auth-login-Authentication--6a89c-h-valid-student-credentials-Mobile-Chrome\test-failed-1.png
    ────────────────────────────────────────────────────────────────────────────────────────────────

    attachment #2: video (video/webm) ──────────────────────────────────────────────────────────────
    ..\..\test-results\auth-login-Authentication--6a89c-h-valid-student-credentials-Mobile-Chrome\video.webm
    ────────────────────────────────────────────────────────────────────────────────────────────────
]]>
</failure>
<system-out>
<![CDATA[
[[ATTACHMENT|test-results\auth-login-Authentication--6a89c-h-valid-student-credentials-Mobile-Chrome\test-failed-1.png]]

[[ATTACHMENT|test-results\auth-login-Authentication--6a89c-h-valid-student-credentials-Mobile-Chrome\video.webm]]
]]>
</system-out>
</testcase>
<testcase name="Authentication - Successful Login › should login successfully with valid volunteer credentials" classname="auth\login.spec.ts" time="0.364">
<failure message="login.spec.ts:88:7 should login successfully with valid volunteer credentials" type="FAILURE">
<![CDATA[  [Mobile Chrome] › auth\login.spec.ts:88:7 › Authentication - Successful Login › should login successfully with valid volunteer credentials 

    TypeError: Cannot read properties of undefined (reading 'users')

      87 |
      88 |   test('should login successfully with valid volunteer credentials', async ({ loginPage, dashboardPage }, { testData }) => {
    > 89 |     await loginPage.loginWithUser(testData.users.volunteer);
         |                                            ^
      90 |     await dashboardPage.expectToBeOnDashboard();
      91 |     await dashboardPage.expectVolunteerSectionToBeVisible();
      92 |   });
        at E:\test-project-app\tests\playwright\auth\login.spec.ts:89:44

    attachment #1: screenshot (image/png) ──────────────────────────────────────────────────────────
    ..\..\test-results\auth-login-Authentication--cad24-valid-volunteer-credentials-Mobile-Chrome\test-failed-1.png
    ────────────────────────────────────────────────────────────────────────────────────────────────

    attachment #2: video (video/webm) ──────────────────────────────────────────────────────────────
    ..\..\test-results\auth-login-Authentication--cad24-valid-volunteer-credentials-Mobile-Chrome\video.webm
    ────────────────────────────────────────────────────────────────────────────────────────────────
]]>
</failure>
<system-out>
<![CDATA[
[[ATTACHMENT|test-results\auth-login-Authentication--cad24-valid-volunteer-credentials-Mobile-Chrome\test-failed-1.png]]

[[ATTACHMENT|test-results\auth-login-Authentication--cad24-valid-volunteer-credentials-Mobile-Chrome\video.webm]]
]]>
</system-out>
</testcase>
<testcase name="Authentication - Successful Login › should redirect to appropriate dashboard based on role" classname="auth\login.spec.ts" time="0.36">
<failure message="login.spec.ts:94:7 should redirect to appropriate dashboard based on role" type="FAILURE">
<![CDATA[  [Mobile Chrome] › auth\login.spec.ts:94:7 › Authentication - Successful Login › should redirect to appropriate dashboard based on role 

    TypeError: Cannot read properties of undefined (reading 'users')

      93 |
      94 |   test('should redirect to appropriate dashboard based on role', async ({ loginPage, dashboardPage }, { testData }) => {
    > 95 |     await loginPage.loginWithUser(testData.users.admin);
         |                                            ^
      96 |     await dashboardPage.expectUrlToContain('/admin');
      97 |     
      98 |     await loginPage.navigateToLogin();
        at E:\test-project-app\tests\playwright\auth\login.spec.ts:95:44

    attachment #1: screenshot (image/png) ──────────────────────────────────────────────────────────
    ..\..\test-results\auth-login-Authentication--4bb87-ate-dashboard-based-on-role-Mobile-Chrome\test-failed-1.png
    ────────────────────────────────────────────────────────────────────────────────────────────────

    attachment #2: video (video/webm) ──────────────────────────────────────────────────────────────
    ..\..\test-results\auth-login-Authentication--4bb87-ate-dashboard-based-on-role-Mobile-Chrome\video.webm
    ────────────────────────────────────────────────────────────────────────────────────────────────
]]>
</failure>
<system-out>
<![CDATA[
[[ATTACHMENT|test-results\auth-login-Authentication--4bb87-ate-dashboard-based-on-role-Mobile-Chrome\test-failed-1.png]]

[[ATTACHMENT|test-results\auth-login-Authentication--4bb87-ate-dashboard-based-on-role-Mobile-Chrome\video.webm]]
]]>
</system-out>
</testcase>
<testcase name="Authentication - Successful Login › should display welcome message with user name" classname="auth\login.spec.ts" time="0.385">
<failure message="login.spec.ts:103:7 should display welcome message with user name" type="FAILURE">
<![CDATA[  [Mobile Chrome] › auth\login.spec.ts:103:7 › Authentication - Successful Login › should display welcome message with user name 

    TypeError: Cannot read properties of undefined (reading 'users')

      102 |
      103 |   test('should display welcome message with user name', async ({ loginPage, dashboardPage }, { testData }) => {
    > 104 |     await loginPage.loginWithUser(testData.users.student);
          |                                            ^
      105 |     await dashboardPage.expectWelcomeMessageToContain(testData.users.student.firstName);
      106 |   });
      107 |
        at E:\test-project-app\tests\playwright\auth\login.spec.ts:104:44

    attachment #1: screenshot (image/png) ──────────────────────────────────────────────────────────
    ..\..\test-results\auth-login-Authentication--4a6a3-come-message-with-user-name-Mobile-Chrome\test-failed-1.png
    ────────────────────────────────────────────────────────────────────────────────────────────────

    attachment #2: video (video/webm) ──────────────────────────────────────────────────────────────
    ..\..\test-results\auth-login-Authentication--4a6a3-come-message-with-user-name-Mobile-Chrome\video.webm
    ────────────────────────────────────────────────────────────────────────────────────────────────
]]>
</failure>
<system-out>
<![CDATA[
[[ATTACHMENT|test-results\auth-login-Authentication--4a6a3-come-message-with-user-name-Mobile-Chrome\test-failed-1.png]]

[[ATTACHMENT|test-results\auth-login-Authentication--4a6a3-come-message-with-user-name-Mobile-Chrome\video.webm]]
]]>
</system-out>
</testcase>
<testcase name="Authentication - Successful Login › should show user menu after login" classname="auth\login.spec.ts" time="0.341">
<failure message="login.spec.ts:108:7 should show user menu after login" type="FAILURE">
<![CDATA[  [Mobile Chrome] › auth\login.spec.ts:108:7 › Authentication - Successful Login › should show user menu after login 

    TypeError: Cannot read properties of undefined (reading 'users')

      107 |
      108 |   test('should show user menu after login', async ({ loginPage, dashboardPage }, { testData }) => {
    > 109 |     await loginPage.loginWithUser(testData.users.student);
          |                                            ^
      110 |     await dashboardPage.expectUserMenuToBeVisible();
      111 |     await dashboardPage.expectLogoutButtonToBeVisible();
      112 |   });
        at E:\test-project-app\tests\playwright\auth\login.spec.ts:109:44

    attachment #1: screenshot (image/png) ──────────────────────────────────────────────────────────
    ..\..\test-results\auth-login-Authentication--2bfd2--show-user-menu-after-login-Mobile-Chrome\test-failed-1.png
    ────────────────────────────────────────────────────────────────────────────────────────────────

    attachment #2: video (video/webm) ──────────────────────────────────────────────────────────────
    ..\..\test-results\auth-login-Authentication--2bfd2--show-user-menu-after-login-Mobile-Chrome\video.webm
    ────────────────────────────────────────────────────────────────────────────────────────────────
]]>
</failure>
<system-out>
<![CDATA[
[[ATTACHMENT|test-results\auth-login-Authentication--2bfd2--show-user-menu-after-login-Mobile-Chrome\test-failed-1.png]]

[[ATTACHMENT|test-results\auth-login-Authentication--2bfd2--show-user-menu-after-login-Mobile-Chrome\video.webm]]
]]>
</system-out>
</testcase>
<testcase name="Authentication - Google Login › should display Google login button" classname="auth\login.spec.ts" time="5.524">
<failure message="login.spec.ts:116:7 should display Google login button" type="FAILURE">
<![CDATA[  [Mobile Chrome] › auth\login.spec.ts:116:7 › Authentication - Google Login › should display Google login button 

    Error: expect(locator).toBeVisible() failed

    Locator: locator('button:has-text("Google"), button:has-text("Sign in with Google")')
    Expected: visible
    Timeout: 5000ms
    Error: element(s) not found

    Call log:
      - Expect "toBeVisible" with timeout 5000ms
      - waiting for locator('button:has-text("Google"), button:has-text("Sign in with Google")')


       at pages\BasePage.ts:102

      100 |
      101 |   async expectElementToBeVisible(selector: string): Promise<void> {
    > 102 |     await expect(this.page.locator(selector)).toBeVisible();
          |                                               ^
      103 |   }
      104 |
      105 |   async expectElementToBeHidden(selector: string): Promise<void> {
        at LoginPage.expectElementToBeVisible (E:\test-project-app\tests\playwright\pages\BasePage.ts:102:47)
        at LoginPage.expectGoogleLoginToBeVisible (E:\test-project-app\tests\playwright\pages\LoginPage.ts:93:16)
        at E:\test-project-app\tests\playwright\auth\login.spec.ts:117:21

    attachment #1: screenshot (image/png) ──────────────────────────────────────────────────────────
    ..\..\test-results\auth-login-Authentication--b839e-display-Google-login-button-Mobile-Chrome\test-failed-1.png
    ────────────────────────────────────────────────────────────────────────────────────────────────

    attachment #2: video (video/webm) ──────────────────────────────────────────────────────────────
    ..\..\test-results\auth-login-Authentication--b839e-display-Google-login-button-Mobile-Chrome\video.webm
    ────────────────────────────────────────────────────────────────────────────────────────────────
]]>
</failure>
<system-out>
<![CDATA[
[[ATTACHMENT|test-results\auth-login-Authentication--b839e-display-Google-login-button-Mobile-Chrome\test-failed-1.png]]

[[ATTACHMENT|test-results\auth-login-Authentication--b839e-display-Google-login-button-Mobile-Chrome\video.webm]]
]]>
</system-out>
</testcase>
<testcase name="Authentication - Google Login › should handle Google login click" classname="auth\login.spec.ts" time="33.318">
<failure message="login.spec.ts:120:7 should handle Google login click" type="FAILURE">
<![CDATA[  [Mobile Chrome] › auth\login.spec.ts:120:7 › Authentication - Google Login › should handle Google login click 

    Test timeout of 30000ms exceeded.

    Error: locator.click: Test timeout of 30000ms exceeded.
    Call log:
      - waiting for locator('button:has-text("Google"), button:has-text("Sign in with Google")')


       at pages\LoginPage.ts:65

      63 |
      64 |   async clickGoogleLogin(): Promise<void> {
    > 65 |     await this.googleLoginButton.click();
         |                                  ^
      66 |     await this.waitForPageLoad();
      67 |   }
      68 |
        at LoginPage.clickGoogleLogin (E:\test-project-app\tests\playwright\pages\LoginPage.ts:65:34)
        at E:\test-project-app\tests\playwright\auth\login.spec.ts:121:21

    attachment #1: screenshot (image/png) ──────────────────────────────────────────────────────────
    ..\..\test-results\auth-login-Authentication--365fe-d-handle-Google-login-click-Mobile-Chrome\test-failed-1.png
    ────────────────────────────────────────────────────────────────────────────────────────────────

    attachment #2: video (video/webm) ──────────────────────────────────────────────────────────────
    ..\..\test-results\auth-login-Authentication--365fe-d-handle-Google-login-click-Mobile-Chrome\video.webm
    ────────────────────────────────────────────────────────────────────────────────────────────────
]]>
</failure>
<system-out>
<![CDATA[
[[ATTACHMENT|test-results\auth-login-Authentication--365fe-d-handle-Google-login-click-Mobile-Chrome\test-failed-1.png]]

[[ATTACHMENT|test-results\auth-login-Authentication--365fe-d-handle-Google-login-click-Mobile-Chrome\video.webm]]
]]>
</system-out>
</testcase>
<testcase name="Authentication - Google Login › should show appropriate error for unauthorized Google email" classname="auth\login.spec.ts" time="33.312">
<failure message="login.spec.ts:127:7 should show appropriate error for unauthorized Google email" type="FAILURE">
<![CDATA[  [Mobile Chrome] › auth\login.spec.ts:127:7 › Authentication - Google Login › should show appropriate error for unauthorized Google email 

    Test timeout of 30000ms exceeded.

    Error: locator.click: Test timeout of 30000ms exceeded.
    Call log:
      - waiting for locator('button:has-text("Google"), button:has-text("Sign in with Google")')


       at pages\LoginPage.ts:65

      63 |
      64 |   async clickGoogleLogin(): Promise<void> {
    > 65 |     await this.googleLoginButton.click();
         |                                  ^
      66 |     await this.waitForPageLoad();
      67 |   }
      68 |
        at LoginPage.clickGoogleLogin (E:\test-project-app\tests\playwright\pages\LoginPage.ts:65:34)
        at E:\test-project-app\tests\playwright\auth\login.spec.ts:130:21

    attachment #1: screenshot (image/png) ──────────────────────────────────────────────────────────
    ..\..\test-results\auth-login-Authentication--d9b69-r-unauthorized-Google-email-Mobile-Chrome\test-failed-1.png
    ────────────────────────────────────────────────────────────────────────────────────────────────

    attachment #2: video (video/webm) ──────────────────────────────────────────────────────────────
    ..\..\test-results\auth-login-Authentication--d9b69-r-unauthorized-Google-email-Mobile-Chrome\video.webm
    ────────────────────────────────────────────────────────────────────────────────────────────────
]]>
</failure>
<system-out>
<![CDATA[
[[ATTACHMENT|test-results\auth-login-Authentication--d9b69-r-unauthorized-Google-email-Mobile-Chrome\test-failed-1.png]]

[[ATTACHMENT|test-results\auth-login-Authentication--d9b69-r-unauthorized-Google-email-Mobile-Chrome\video.webm]]
]]>
</system-out>
</testcase>
<testcase name="Authentication - Form Validation › should validate email format" classname="auth\login.spec.ts" time="5.586">
<failure message="login.spec.ts:137:7 should validate email format" type="FAILURE">
<![CDATA[  [Mobile Chrome] › auth\login.spec.ts:137:7 › Authentication - Form Validation › should validate email format 

    TimeoutError: locator.waitFor: Timeout 5000ms exceeded.
    Call log:
      - waiting for locator('input[name="username"], input[type="email"]') to be visible


       at pages\BasePage.ts:46

      44 |   async waitForElement(selector: string, timeout: number = 5000): Promise<Locator> {
      45 |     const element = this.page.locator(selector);
    > 46 |     await element.waitFor({ state: 'visible', timeout });
         |                   ^
      47 |     return element;
      48 |   }
      49 |
        at LoginPage.waitForElement (E:\test-project-app\tests\playwright\pages\BasePage.ts:46:19)
        at LoginPage.fillInput (E:\test-project-app\tests\playwright\pages\BasePage.ts:56:32)
        at E:\test-project-app\tests\playwright\auth\login.spec.ts:138:21

    attachment #1: screenshot (image/png) ──────────────────────────────────────────────────────────
    ..\..\test-results\auth-login-Authentication--6ce0b-hould-validate-email-format-Mobile-Chrome\test-failed-1.png
    ────────────────────────────────────────────────────────────────────────────────────────────────

    attachment #2: video (video/webm) ──────────────────────────────────────────────────────────────
    ..\..\test-results\auth-login-Authentication--6ce0b-hould-validate-email-format-Mobile-Chrome\video.webm
    ────────────────────────────────────────────────────────────────────────────────────────────────
]]>
</failure>
<system-out>
<![CDATA[
[[ATTACHMENT|test-results\auth-login-Authentication--6ce0b-hould-validate-email-format-Mobile-Chrome\test-failed-1.png]]

[[ATTACHMENT|test-results\auth-login-Authentication--6ce0b-hould-validate-email-format-Mobile-Chrome\video.webm]]
]]>
</system-out>
</testcase>
<testcase name="Authentication - Form Validation › should show password strength indicator" classname="auth\login.spec.ts" time="5.563">
<failure message="login.spec.ts:144:7 should show password strength indicator" type="FAILURE">
<![CDATA[  [Mobile Chrome] › auth\login.spec.ts:144:7 › Authentication - Form Validation › should show password strength indicator 

    TimeoutError: locator.waitFor: Timeout 5000ms exceeded.
    Call log:
      - waiting for locator('input[name="password"], input[type="password"]') to be visible


       at pages\BasePage.ts:46

      44 |   async waitForElement(selector: string, timeout: number = 5000): Promise<Locator> {
      45 |     const element = this.page.locator(selector);
    > 46 |     await element.waitFor({ state: 'visible', timeout });
         |                   ^
      47 |     return element;
      48 |   }
      49 |
        at LoginPage.waitForElement (E:\test-project-app\tests\playwright\pages\BasePage.ts:46:19)
        at LoginPage.fillInput (E:\test-project-app\tests\playwright\pages\BasePage.ts:56:32)
        at E:\test-project-app\tests\playwright\auth\login.spec.ts:145:21

    attachment #1: screenshot (image/png) ──────────────────────────────────────────────────────────
    ..\..\test-results\auth-login-Authentication--ce8c8-password-strength-indicator-Mobile-Chrome\test-failed-1.png
    ────────────────────────────────────────────────────────────────────────────────────────────────

    attachment #2: video (video/webm) ──────────────────────────────────────────────────────────────
    ..\..\test-results\auth-login-Authentication--ce8c8-password-strength-indicator-Mobile-Chrome\video.webm
    ────────────────────────────────────────────────────────────────────────────────────────────────
]]>
</failure>
<system-out>
<![CDATA[
[[ATTACHMENT|test-results\auth-login-Authentication--ce8c8-password-strength-indicator-Mobile-Chrome\test-failed-1.png]]

[[ATTACHMENT|test-results\auth-login-Authentication--ce8c8-password-strength-indicator-Mobile-Chrome\video.webm]]
]]>
</system-out>
</testcase>
<testcase name="Authentication - Form Validation › should prevent XSS attacks in form fields" classname="auth\login.spec.ts" time="5.517">
<failure message="login.spec.ts:150:7 should prevent XSS attacks in form fields" type="FAILURE">
<![CDATA[  [Mobile Chrome] › auth\login.spec.ts:150:7 › Authentication - Form Validation › should prevent XSS attacks in form fields 

    TimeoutError: locator.waitFor: Timeout 5000ms exceeded.
    Call log:
      - waiting for locator('input[name="username"], input[type="email"]') to be visible


       at pages\BasePage.ts:46

      44 |   async waitForElement(selector: string, timeout: number = 5000): Promise<Locator> {
      45 |     const element = this.page.locator(selector);
    > 46 |     await element.waitFor({ state: 'visible', timeout });
         |                   ^
      47 |     return element;
      48 |   }
      49 |
        at LoginPage.waitForElement (E:\test-project-app\tests\playwright\pages\BasePage.ts:46:19)
        at LoginPage.fillInput (E:\test-project-app\tests\playwright\pages\BasePage.ts:56:32)
        at E:\test-project-app\tests\playwright\auth\login.spec.ts:152:21

    attachment #1: screenshot (image/png) ──────────────────────────────────────────────────────────
    ..\..\test-results\auth-login-Authentication--19a7a--XSS-attacks-in-form-fields-Mobile-Chrome\test-failed-1.png
    ────────────────────────────────────────────────────────────────────────────────────────────────

    attachment #2: video (video/webm) ──────────────────────────────────────────────────────────────
    ..\..\test-results\auth-login-Authentication--19a7a--XSS-attacks-in-form-fields-Mobile-Chrome\video.webm
    ────────────────────────────────────────────────────────────────────────────────────────────────
]]>
</failure>
<system-out>
<![CDATA[
[[ATTACHMENT|test-results\auth-login-Authentication--19a7a--XSS-attacks-in-form-fields-Mobile-Chrome\test-failed-1.png]]

[[ATTACHMENT|test-results\auth-login-Authentication--19a7a--XSS-attacks-in-form-fields-Mobile-Chrome\video.webm]]
]]>
</system-out>
</testcase>
<testcase name="Authentication - Security › should not expose sensitive information in error messages" classname="auth\login.spec.ts" time="5.513">
<failure message="login.spec.ts:161:7 should not expose sensitive information in error messages" type="FAILURE">
<![CDATA[  [Mobile Chrome] › auth\login.spec.ts:161:7 › Authentication - Security › should not expose sensitive information in error messages 

    TimeoutError: locator.waitFor: Timeout 5000ms exceeded.
    Call log:
      - waiting for locator('input[name="username"], input[type="email"]') to be visible


       at pages\BasePage.ts:46

      44 |   async waitForElement(selector: string, timeout: number = 5000): Promise<Locator> {
      45 |     const element = this.page.locator(selector);
    > 46 |     await element.waitFor({ state: 'visible', timeout });
         |                   ^
      47 |     return element;
      48 |   }
      49 |
        at LoginPage.waitForElement (E:\test-project-app\tests\playwright\pages\BasePage.ts:46:19)
        at LoginPage.fillInput (E:\test-project-app\tests\playwright\pages\BasePage.ts:56:32)
        at LoginPage.login (E:\test-project-app\tests\playwright\pages\LoginPage.ts:54:16)
        at E:\test-project-app\tests\playwright\auth\login.spec.ts:162:21

    attachment #1: screenshot (image/png) ──────────────────────────────────────────────────────────
    ..\..\test-results\auth-login-Authentication--495ae-formation-in-error-messages-Mobile-Chrome\test-failed-1.png
    ────────────────────────────────────────────────────────────────────────────────────────────────

    attachment #2: video (video/webm) ──────────────────────────────────────────────────────────────
    ..\..\test-results\auth-login-Authentication--495ae-formation-in-error-messages-Mobile-Chrome\video.webm
    ────────────────────────────────────────────────────────────────────────────────────────────────
]]>
</failure>
<system-out>
<![CDATA[
[[ATTACHMENT|test-results\auth-login-Authentication--495ae-formation-in-error-messages-Mobile-Chrome\test-failed-1.png]]

[[ATTACHMENT|test-results\auth-login-Authentication--495ae-formation-in-error-messages-Mobile-Chrome\video.webm]]
]]>
</system-out>
</testcase>
<testcase name="Authentication - Security › should implement rate limiting for failed attempts" classname="auth\login.spec.ts" time="5.545">
<failure message="login.spec.ts:168:7 should implement rate limiting for failed attempts" type="FAILURE">
<![CDATA[  [Mobile Chrome] › auth\login.spec.ts:168:7 › Authentication - Security › should implement rate limiting for failed attempts 

    TimeoutError: locator.waitFor: Timeout 5000ms exceeded.
    Call log:
      - waiting for locator('input[name="username"], input[type="email"]') to be visible


       at pages\BasePage.ts:46

      44 |   async waitForElement(selector: string, timeout: number = 5000): Promise<Locator> {
      45 |     const element = this.page.locator(selector);
    > 46 |     await element.waitFor({ state: 'visible', timeout });
         |                   ^
      47 |     return element;
      48 |   }
      49 |
        at LoginPage.waitForElement (E:\test-project-app\tests\playwright\pages\BasePage.ts:46:19)
        at LoginPage.fillInput (E:\test-project-app\tests\playwright\pages\BasePage.ts:56:32)
        at LoginPage.login (E:\test-project-app\tests\playwright\pages\LoginPage.ts:54:16)
        at E:\test-project-app\tests\playwright\auth\login.spec.ts:171:23

    attachment #1: screenshot (image/png) ──────────────────────────────────────────────────────────
    ..\..\test-results\auth-login-Authentication--d270a-imiting-for-failed-attempts-Mobile-Chrome\test-failed-1.png
    ────────────────────────────────────────────────────────────────────────────────────────────────

    attachment #2: video (video/webm) ──────────────────────────────────────────────────────────────
    ..\..\test-results\auth-login-Authentication--d270a-imiting-for-failed-attempts-Mobile-Chrome\video.webm
    ────────────────────────────────────────────────────────────────────────────────────────────────
]]>
</failure>
<system-out>
<![CDATA[
[[ATTACHMENT|test-results\auth-login-Authentication--d270a-imiting-for-failed-attempts-Mobile-Chrome\test-failed-1.png]]

[[ATTACHMENT|test-results\auth-login-Authentication--d270a-imiting-for-failed-attempts-Mobile-Chrome\video.webm]]
]]>
</system-out>
</testcase>
<testcase name="Authentication - Security › should clear sensitive data on page unload" classname="auth\login.spec.ts" time="5.582">
<failure message="login.spec.ts:179:7 should clear sensitive data on page unload" type="FAILURE">
<![CDATA[  [Mobile Chrome] › auth\login.spec.ts:179:7 › Authentication - Security › should clear sensitive data on page unload 

    TimeoutError: locator.waitFor: Timeout 5000ms exceeded.
    Call log:
      - waiting for locator('input[name="username"], input[type="email"]') to be visible


       at pages\BasePage.ts:46

      44 |   async waitForElement(selector: string, timeout: number = 5000): Promise<Locator> {
      45 |     const element = this.page.locator(selector);
    > 46 |     await element.waitFor({ state: 'visible', timeout });
         |                   ^
      47 |     return element;
      48 |   }
      49 |
        at LoginPage.waitForElement (E:\test-project-app\tests\playwright\pages\BasePage.ts:46:19)
        at LoginPage.fillInput (E:\test-project-app\tests\playwright\pages\BasePage.ts:56:32)
        at E:\test-project-app\tests\playwright\auth\login.spec.ts:180:21

    attachment #1: screenshot (image/png) ──────────────────────────────────────────────────────────
    ..\..\test-results\auth-login-Authentication--cf2ef-nsitive-data-on-page-unload-Mobile-Chrome\test-failed-1.png
    ────────────────────────────────────────────────────────────────────────────────────────────────

    attachment #2: video (video/webm) ──────────────────────────────────────────────────────────────
    ..\..\test-results\auth-login-Authentication--cf2ef-nsitive-data-on-page-unload-Mobile-Chrome\video.webm
    ────────────────────────────────────────────────────────────────────────────────────────────────
]]>
</failure>
<system-out>
<![CDATA[
[[ATTACHMENT|test-results\auth-login-Authentication--cf2ef-nsitive-data-on-page-unload-Mobile-Chrome\test-failed-1.png]]

[[ATTACHMENT|test-results\auth-login-Authentication--cf2ef-nsitive-data-on-page-unload-Mobile-Chrome\video.webm]]
]]>
</system-out>
</testcase>
</testsuite>
<testsuite name="auth\logout.spec.ts" timestamp="2026-02-20T03:52:25.301Z" hostname="Mobile Chrome" tests="16" failures="16" skipped="0" time="52.383" errors="0">
<testcase name="Authentication - Logout › should logout successfully from user menu" classname="auth\logout.spec.ts" time="3.08">
<failure message="logout.spec.ts:12:7 should logout successfully from user menu" type="FAILURE">
<![CDATA[  [Mobile Chrome] › auth\logout.spec.ts:12:7 › Authentication - Logout › should logout successfully from user menu 

    TypeError: Cannot read properties of undefined (reading 'users')

       6 |     // Login before each test
       7 |     await loginPage.navigateToLogin();
    >  8 |     await loginPage.loginWithUser(testData.users.student);
         |                                            ^
       9 |     await dashboardPage.waitForDashboardLoad();
      10 |   });
      11 |
        at E:\test-project-app\tests\playwright\auth\logout.spec.ts:8:44

    attachment #1: screenshot (image/png) ──────────────────────────────────────────────────────────
    ..\..\test-results\auth-logout-Authentication-8e31a-successfully-from-user-menu-Mobile-Chrome\test-failed-1.png
    ────────────────────────────────────────────────────────────────────────────────────────────────

    attachment #2: video (video/webm) ──────────────────────────────────────────────────────────────
    ..\..\test-results\auth-logout-Authentication-8e31a-successfully-from-user-menu-Mobile-Chrome\video.webm
    ────────────────────────────────────────────────────────────────────────────────────────────────

    Error Context: ..\..\test-results\auth-logout-Authentication-8e31a-successfully-from-user-menu-Mobile-Chrome\error-context.md
]]>
</failure>
<system-out>
<![CDATA[
[[ATTACHMENT|test-results\auth-logout-Authentication-8e31a-successfully-from-user-menu-Mobile-Chrome\test-failed-1.png]]

[[ATTACHMENT|test-results\auth-logout-Authentication-8e31a-successfully-from-user-menu-Mobile-Chrome\video.webm]]

[[ATTACHMENT|test-results\auth-logout-Authentication-8e31a-successfully-from-user-menu-Mobile-Chrome\error-context.md]]
]]>
</system-out>
</testcase>
<testcase name="Authentication - Logout › should logout successfully from logout button" classname="auth\logout.spec.ts" time="2.881">
<failure message="logout.spec.ts:17:7 should logout successfully from logout button" type="FAILURE">
<![CDATA[  [Mobile Chrome] › auth\logout.spec.ts:17:7 › Authentication - Logout › should logout successfully from logout button 

    TypeError: Cannot read properties of undefined (reading 'users')

       6 |     // Login before each test
       7 |     await loginPage.navigateToLogin();
    >  8 |     await loginPage.loginWithUser(testData.users.student);
         |                                            ^
       9 |     await dashboardPage.waitForDashboardLoad();
      10 |   });
      11 |
        at E:\test-project-app\tests\playwright\auth\logout.spec.ts:8:44

    attachment #1: screenshot (image/png) ──────────────────────────────────────────────────────────
    ..\..\test-results\auth-logout-Authentication-84d2e-essfully-from-logout-button-Mobile-Chrome\test-failed-1.png
    ────────────────────────────────────────────────────────────────────────────────────────────────

    attachment #2: video (video/webm) ──────────────────────────────────────────────────────────────
    ..\..\test-results\auth-logout-Authentication-84d2e-essfully-from-logout-button-Mobile-Chrome\video.webm
    ────────────────────────────────────────────────────────────────────────────────────────────────

    Error Context: ..\..\test-results\auth-logout-Authentication-84d2e-essfully-from-logout-button-Mobile-Chrome\error-context.md
]]>
</failure>
<system-out>
<![CDATA[
[[ATTACHMENT|test-results\auth-logout-Authentication-84d2e-essfully-from-logout-button-Mobile-Chrome\test-failed-1.png]]

[[ATTACHMENT|test-results\auth-logout-Authentication-84d2e-essfully-from-logout-button-Mobile-Chrome\video.webm]]

[[ATTACHMENT|test-results\auth-logout-Authentication-84d2e-essfully-from-logout-button-Mobile-Chrome\error-context.md]]
]]>
</system-out>
</testcase>
<testcase name="Authentication - Logout › should clear session data after logout" classname="auth\logout.spec.ts" time="3.352">
<failure message="logout.spec.ts:23:7 should clear session data after logout" type="FAILURE">
<![CDATA[  [Mobile Chrome] › auth\logout.spec.ts:23:7 › Authentication - Logout › should clear session data after logout 

    TypeError: Cannot read properties of undefined (reading 'users')

       6 |     // Login before each test
       7 |     await loginPage.navigateToLogin();
    >  8 |     await loginPage.loginWithUser(testData.users.student);
         |                                            ^
       9 |     await dashboardPage.waitForDashboardLoad();
      10 |   });
      11 |
        at E:\test-project-app\tests\playwright\auth\logout.spec.ts:8:44

    attachment #1: screenshot (image/png) ──────────────────────────────────────────────────────────
    ..\..\test-results\auth-logout-Authentication-dab19-r-session-data-after-logout-Mobile-Chrome\test-failed-1.png
    ────────────────────────────────────────────────────────────────────────────────────────────────

    attachment #2: video (video/webm) ──────────────────────────────────────────────────────────────
    ..\..\test-results\auth-logout-Authentication-dab19-r-session-data-after-logout-Mobile-Chrome\video.webm
    ────────────────────────────────────────────────────────────────────────────────────────────────

    Error Context: ..\..\test-results\auth-logout-Authentication-dab19-r-session-data-after-logout-Mobile-Chrome\error-context.md
]]>
</failure>
<system-out>
<![CDATA[
[[ATTACHMENT|test-results\auth-logout-Authentication-dab19-r-session-data-after-logout-Mobile-Chrome\test-failed-1.png]]

[[ATTACHMENT|test-results\auth-logout-Authentication-dab19-r-session-data-after-logout-Mobile-Chrome\video.webm]]

[[ATTACHMENT|test-results\auth-logout-Authentication-dab19-r-session-data-after-logout-Mobile-Chrome\error-context.md]]
]]>
</system-out>
</testcase>
<testcase name="Authentication - Logout › should redirect to login page when accessing protected routes after logout" classname="auth\logout.spec.ts" time="3.118">
<failure message="logout.spec.ts:29:7 should redirect to login page when accessing protected routes after logout" type="FAILURE">
<![CDATA[  [Mobile Chrome] › auth\logout.spec.ts:29:7 › Authentication - Logout › should redirect to login page when accessing protected routes after logout 

    TypeError: Cannot read properties of undefined (reading 'users')

       6 |     // Login before each test
       7 |     await loginPage.navigateToLogin();
    >  8 |     await loginPage.loginWithUser(testData.users.student);
         |                                            ^
       9 |     await dashboardPage.waitForDashboardLoad();
      10 |   });
      11 |
        at E:\test-project-app\tests\playwright\auth\logout.spec.ts:8:44

    attachment #1: screenshot (image/png) ──────────────────────────────────────────────────────────
    ..\..\test-results\auth-logout-Authentication-9525d-otected-routes-after-logout-Mobile-Chrome\test-failed-1.png
    ────────────────────────────────────────────────────────────────────────────────────────────────

    attachment #2: video (video/webm) ──────────────────────────────────────────────────────────────
    ..\..\test-results\auth-logout-Authentication-9525d-otected-routes-after-logout-Mobile-Chrome\video.webm
    ────────────────────────────────────────────────────────────────────────────────────────────────

    Error Context: ..\..\test-results\auth-logout-Authentication-9525d-otected-routes-after-logout-Mobile-Chrome\error-context.md
]]>
</failure>
<system-out>
<![CDATA[
[[ATTACHMENT|test-results\auth-logout-Authentication-9525d-otected-routes-after-logout-Mobile-Chrome\test-failed-1.png]]

[[ATTACHMENT|test-results\auth-logout-Authentication-9525d-otected-routes-after-logout-Mobile-Chrome\video.webm]]

[[ATTACHMENT|test-results\auth-logout-Authentication-9525d-otected-routes-after-logout-Mobile-Chrome\error-context.md]]
]]>
</system-out>
</testcase>
<testcase name="Authentication - Logout › should show logout confirmation dialog" classname="auth\logout.spec.ts" time="3.513">
<failure message="logout.spec.ts:43:7 should show logout confirmation dialog" type="FAILURE">
<![CDATA[  [Mobile Chrome] › auth\logout.spec.ts:43:7 › Authentication - Logout › should show logout confirmation dialog 

    TypeError: Cannot read properties of undefined (reading 'users')

       6 |     // Login before each test
       7 |     await loginPage.navigateToLogin();
    >  8 |     await loginPage.loginWithUser(testData.users.student);
         |                                            ^
       9 |     await dashboardPage.waitForDashboardLoad();
      10 |   });
      11 |
        at E:\test-project-app\tests\playwright\auth\logout.spec.ts:8:44

    attachment #1: screenshot (image/png) ──────────────────────────────────────────────────────────
    ..\..\test-results\auth-logout-Authentication-63b03--logout-confirmation-dialog-Mobile-Chrome\test-failed-1.png
    ────────────────────────────────────────────────────────────────────────────────────────────────

    attachment #2: video (video/webm) ──────────────────────────────────────────────────────────────
    ..\..\test-results\auth-logout-Authentication-63b03--logout-confirmation-dialog-Mobile-Chrome\video.webm
    ────────────────────────────────────────────────────────────────────────────────────────────────

    Error Context: ..\..\test-results\auth-logout-Authentication-63b03--logout-confirmation-dialog-Mobile-Chrome\error-context.md
]]>
</failure>
<system-out>
<![CDATA[
[[ATTACHMENT|test-results\auth-logout-Authentication-63b03--logout-confirmation-dialog-Mobile-Chrome\test-failed-1.png]]

[[ATTACHMENT|test-results\auth-logout-Authentication-63b03--logout-confirmation-dialog-Mobile-Chrome\video.webm]]

[[ATTACHMENT|test-results\auth-logout-Authentication-63b03--logout-confirmation-dialog-Mobile-Chrome\error-context.md]]
]]>
</system-out>
</testcase>
<testcase name="Authentication - Logout › should cancel logout when confirmation is dismissed" classname="auth\logout.spec.ts" time="3.245">
<failure message="logout.spec.ts:52:7 should cancel logout when confirmation is dismissed" type="FAILURE">
<![CDATA[  [Mobile Chrome] › auth\logout.spec.ts:52:7 › Authentication - Logout › should cancel logout when confirmation is dismissed 

    TypeError: Cannot read properties of undefined (reading 'users')

       6 |     // Login before each test
       7 |     await loginPage.navigateToLogin();
    >  8 |     await loginPage.loginWithUser(testData.users.student);
         |                                            ^
       9 |     await dashboardPage.waitForDashboardLoad();
      10 |   });
      11 |
        at E:\test-project-app\tests\playwright\auth\logout.spec.ts:8:44

    attachment #1: screenshot (image/png) ──────────────────────────────────────────────────────────
    ..\..\test-results\auth-logout-Authentication-b7146-n-confirmation-is-dismissed-Mobile-Chrome\test-failed-1.png
    ────────────────────────────────────────────────────────────────────────────────────────────────

    attachment #2: video (video/webm) ──────────────────────────────────────────────────────────────
    ..\..\test-results\auth-logout-Authentication-b7146-n-confirmation-is-dismissed-Mobile-Chrome\video.webm
    ────────────────────────────────────────────────────────────────────────────────────────────────

    Error Context: ..\..\test-results\auth-logout-Authentication-b7146-n-confirmation-is-dismissed-Mobile-Chrome\error-context.md
]]>
</failure>
<system-out>
<![CDATA[
[[ATTACHMENT|test-results\auth-logout-Authentication-b7146-n-confirmation-is-dismissed-Mobile-Chrome\test-failed-1.png]]

[[ATTACHMENT|test-results\auth-logout-Authentication-b7146-n-confirmation-is-dismissed-Mobile-Chrome\video.webm]]

[[ATTACHMENT|test-results\auth-logout-Authentication-b7146-n-confirmation-is-dismissed-Mobile-Chrome\error-context.md]]
]]>
</system-out>
</testcase>
<testcase name="Authentication - Logout › should logout from multiple tabs" classname="auth\logout.spec.ts" time="4.035">
<failure message="logout.spec.ts:63:7 should logout from multiple tabs" type="FAILURE">
<![CDATA[  [Mobile Chrome] › auth\logout.spec.ts:63:7 › Authentication - Logout › should logout from multiple tabs 

    TypeError: Cannot read properties of undefined (reading 'users')

       6 |     // Login before each test
       7 |     await loginPage.navigateToLogin();
    >  8 |     await loginPage.loginWithUser(testData.users.student);
         |                                            ^
       9 |     await dashboardPage.waitForDashboardLoad();
      10 |   });
      11 |
        at E:\test-project-app\tests\playwright\auth\logout.spec.ts:8:44

    attachment #1: screenshot (image/png) ──────────────────────────────────────────────────────────
    ..\..\test-results\auth-logout-Authentication-e142e-d-logout-from-multiple-tabs-Mobile-Chrome\test-failed-1.png
    ────────────────────────────────────────────────────────────────────────────────────────────────

    attachment #2: video (video/webm) ──────────────────────────────────────────────────────────────
    ..\..\test-results\auth-logout-Authentication-e142e-d-logout-from-multiple-tabs-Mobile-Chrome\video.webm
    ────────────────────────────────────────────────────────────────────────────────────────────────

    Error Context: ..\..\test-results\auth-logout-Authentication-e142e-d-logout-from-multiple-tabs-Mobile-Chrome\error-context.md
]]>
</failure>
<system-out>
<![CDATA[
[[ATTACHMENT|test-results\auth-logout-Authentication-e142e-d-logout-from-multiple-tabs-Mobile-Chrome\test-failed-1.png]]

[[ATTACHMENT|test-results\auth-logout-Authentication-e142e-d-logout-from-multiple-tabs-Mobile-Chrome\video.webm]]

[[ATTACHMENT|test-results\auth-logout-Authentication-e142e-d-logout-from-multiple-tabs-Mobile-Chrome\error-context.md]]
]]>
</system-out>
</testcase>
<testcase name="Authentication - Logout › should handle logout with pending requests" classname="auth\logout.spec.ts" time="3.49">
<failure message="logout.spec.ts:78:7 should handle logout with pending requests" type="FAILURE">
<![CDATA[  [Mobile Chrome] › auth\logout.spec.ts:78:7 › Authentication - Logout › should handle logout with pending requests 

    TypeError: Cannot read properties of undefined (reading 'users')

       6 |     // Login before each test
       7 |     await loginPage.navigateToLogin();
    >  8 |     await loginPage.loginWithUser(testData.users.student);
         |                                            ^
       9 |     await dashboardPage.waitForDashboardLoad();
      10 |   });
      11 |
        at E:\test-project-app\tests\playwright\auth\logout.spec.ts:8:44

    attachment #1: screenshot (image/png) ──────────────────────────────────────────────────────────
    ..\..\test-results\auth-logout-Authentication-fa2b0-ogout-with-pending-requests-Mobile-Chrome\test-failed-1.png
    ────────────────────────────────────────────────────────────────────────────────────────────────

    attachment #2: video (video/webm) ──────────────────────────────────────────────────────────────
    ..\..\test-results\auth-logout-Authentication-fa2b0-ogout-with-pending-requests-Mobile-Chrome\video.webm
    ────────────────────────────────────────────────────────────────────────────────────────────────

    Error Context: ..\..\test-results\auth-logout-Authentication-fa2b0-ogout-with-pending-requests-Mobile-Chrome\error-context.md
]]>
</failure>
<system-out>
<![CDATA[
[[ATTACHMENT|test-results\auth-logout-Authentication-fa2b0-ogout-with-pending-requests-Mobile-Chrome\test-failed-1.png]]

[[ATTACHMENT|test-results\auth-logout-Authentication-fa2b0-ogout-with-pending-requests-Mobile-Chrome\video.webm]]

[[ATTACHMENT|test-results\auth-logout-Authentication-fa2b0-ogout-with-pending-requests-Mobile-Chrome\error-context.md]]
]]>
</system-out>
</testcase>
<testcase name="Authentication - Logout › should clear local storage on logout" classname="auth\logout.spec.ts" time="3.049">
<failure message="logout.spec.ts:89:7 should clear local storage on logout" type="FAILURE">
<![CDATA[  [Mobile Chrome] › auth\logout.spec.ts:89:7 › Authentication - Logout › should clear local storage on logout 

    TypeError: Cannot read properties of undefined (reading 'users')

       6 |     // Login before each test
       7 |     await loginPage.navigateToLogin();
    >  8 |     await loginPage.loginWithUser(testData.users.student);
         |                                            ^
       9 |     await dashboardPage.waitForDashboardLoad();
      10 |   });
      11 |
        at E:\test-project-app\tests\playwright\auth\logout.spec.ts:8:44

    attachment #1: screenshot (image/png) ──────────────────────────────────────────────────────────
    ..\..\test-results\auth-logout-Authentication-d48fc-ear-local-storage-on-logout-Mobile-Chrome\test-failed-1.png
    ────────────────────────────────────────────────────────────────────────────────────────────────

    attachment #2: video (video/webm) ──────────────────────────────────────────────────────────────
    ..\..\test-results\auth-logout-Authentication-d48fc-ear-local-storage-on-logout-Mobile-Chrome\video.webm
    ────────────────────────────────────────────────────────────────────────────────────────────────

    Error Context: ..\..\test-results\auth-logout-Authentication-d48fc-ear-local-storage-on-logout-Mobile-Chrome\error-context.md
]]>
</failure>
<system-out>
<![CDATA[
[[ATTACHMENT|test-results\auth-logout-Authentication-d48fc-ear-local-storage-on-logout-Mobile-Chrome\test-failed-1.png]]

[[ATTACHMENT|test-results\auth-logout-Authentication-d48fc-ear-local-storage-on-logout-Mobile-Chrome\video.webm]]

[[ATTACHMENT|test-results\auth-logout-Authentication-d48fc-ear-local-storage-on-logout-Mobile-Chrome\error-context.md]]
]]>
</system-out>
</testcase>
<testcase name="Authentication - Logout › should clear session storage on logout" classname="auth\logout.spec.ts" time="3.305">
<failure message="logout.spec.ts:106:7 should clear session storage on logout" type="FAILURE">
<![CDATA[  [Mobile Chrome] › auth\logout.spec.ts:106:7 › Authentication - Logout › should clear session storage on logout 

    TypeError: Cannot read properties of undefined (reading 'users')

       6 |     // Login before each test
       7 |     await loginPage.navigateToLogin();
    >  8 |     await loginPage.loginWithUser(testData.users.student);
         |                                            ^
       9 |     await dashboardPage.waitForDashboardLoad();
      10 |   });
      11 |
        at E:\test-project-app\tests\playwright\auth\logout.spec.ts:8:44

    attachment #1: screenshot (image/png) ──────────────────────────────────────────────────────────
    ..\..\test-results\auth-logout-Authentication-49f87-r-session-storage-on-logout-Mobile-Chrome\test-failed-1.png
    ────────────────────────────────────────────────────────────────────────────────────────────────

    attachment #2: video (video/webm) ──────────────────────────────────────────────────────────────
    ..\..\test-results\auth-logout-Authentication-49f87-r-session-storage-on-logout-Mobile-Chrome\video.webm
    ────────────────────────────────────────────────────────────────────────────────────────────────

    Error Context: ..\..\test-results\auth-logout-Authentication-49f87-r-session-storage-on-logout-Mobile-Chrome\error-context.md
]]>
</failure>
<system-out>
<![CDATA[
[[ATTACHMENT|test-results\auth-logout-Authentication-49f87-r-session-storage-on-logout-Mobile-Chrome\test-failed-1.png]]

[[ATTACHMENT|test-results\auth-logout-Authentication-49f87-r-session-storage-on-logout-Mobile-Chrome\video.webm]]

[[ATTACHMENT|test-results\auth-logout-Authentication-49f87-r-session-storage-on-logout-Mobile-Chrome\error-context.md]]
]]>
</system-out>
</testcase>
<testcase name="Authentication - Logout › should handle logout with unsaved changes" classname="auth\logout.spec.ts" time="3.112">
<failure message="logout.spec.ts:123:7 should handle logout with unsaved changes" type="FAILURE">
<![CDATA[  [Mobile Chrome] › auth\logout.spec.ts:123:7 › Authentication - Logout › should handle logout with unsaved changes 

    TypeError: Cannot read properties of undefined (reading 'users')

       6 |     // Login before each test
       7 |     await loginPage.navigateToLogin();
    >  8 |     await loginPage.loginWithUser(testData.users.student);
         |                                            ^
       9 |     await dashboardPage.waitForDashboardLoad();
      10 |   });
      11 |
        at E:\test-project-app\tests\playwright\auth\logout.spec.ts:8:44

    attachment #1: screenshot (image/png) ──────────────────────────────────────────────────────────
    ..\..\test-results\auth-logout-Authentication-bb173-logout-with-unsaved-changes-Mobile-Chrome\test-failed-1.png
    ────────────────────────────────────────────────────────────────────────────────────────────────

    attachment #2: video (video/webm) ──────────────────────────────────────────────────────────────
    ..\..\test-results\auth-logout-Authentication-bb173-logout-with-unsaved-changes-Mobile-Chrome\video.webm
    ────────────────────────────────────────────────────────────────────────────────────────────────

    Error Context: ..\..\test-results\auth-logout-Authentication-bb173-logout-with-unsaved-changes-Mobile-Chrome\error-context.md
]]>
</failure>
<system-out>
<![CDATA[
[[ATTACHMENT|test-results\auth-logout-Authentication-bb173-logout-with-unsaved-changes-Mobile-Chrome\test-failed-1.png]]

[[ATTACHMENT|test-results\auth-logout-Authentication-bb173-logout-with-unsaved-changes-Mobile-Chrome\video.webm]]

[[ATTACHMENT|test-results\auth-logout-Authentication-bb173-logout-with-unsaved-changes-Mobile-Chrome\error-context.md]]
]]>
</system-out>
</testcase>
<testcase name="Authentication - Logout › should logout automatically on session timeout" classname="auth\logout.spec.ts" time="3.083">
<failure message="logout.spec.ts:135:7 should logout automatically on session timeout" type="FAILURE">
<![CDATA[  [Mobile Chrome] › auth\logout.spec.ts:135:7 › Authentication - Logout › should logout automatically on session timeout 

    TypeError: Cannot read properties of undefined (reading 'users')

       6 |     // Login before each test
       7 |     await loginPage.navigateToLogin();
    >  8 |     await loginPage.loginWithUser(testData.users.student);
         |                                            ^
       9 |     await dashboardPage.waitForDashboardLoad();
      10 |   });
      11 |
        at E:\test-project-app\tests\playwright\auth\logout.spec.ts:8:44

    attachment #1: screenshot (image/png) ──────────────────────────────────────────────────────────
    ..\..\test-results\auth-logout-Authentication-1bb7f-atically-on-session-timeout-Mobile-Chrome\test-failed-1.png
    ────────────────────────────────────────────────────────────────────────────────────────────────

    attachment #2: video (video/webm) ──────────────────────────────────────────────────────────────
    ..\..\test-results\auth-logout-Authentication-1bb7f-atically-on-session-timeout-Mobile-Chrome\video.webm
    ────────────────────────────────────────────────────────────────────────────────────────────────

    Error Context: ..\..\test-results\auth-logout-Authentication-1bb7f-atically-on-session-timeout-Mobile-Chrome\error-context.md
]]>
</failure>
<system-out>
<![CDATA[
[[ATTACHMENT|test-results\auth-logout-Authentication-1bb7f-atically-on-session-timeout-Mobile-Chrome\test-failed-1.png]]

[[ATTACHMENT|test-results\auth-logout-Authentication-1bb7f-atically-on-session-timeout-Mobile-Chrome\video.webm]]

[[ATTACHMENT|test-results\auth-logout-Authentication-1bb7f-atically-on-session-timeout-Mobile-Chrome\error-context.md]]
]]>
</system-out>
</testcase>
<testcase name="Authentication - Logout › should show appropriate message after logout" classname="auth\logout.spec.ts" time="3.551">
<failure message="logout.spec.ts:151:7 should show appropriate message after logout" type="FAILURE">
<![CDATA[  [Mobile Chrome] › auth\logout.spec.ts:151:7 › Authentication - Logout › should show appropriate message after logout 

    TypeError: Cannot read properties of undefined (reading 'users')

       6 |     // Login before each test
       7 |     await loginPage.navigateToLogin();
    >  8 |     await loginPage.loginWithUser(testData.users.student);
         |                                            ^
       9 |     await dashboardPage.waitForDashboardLoad();
      10 |   });
      11 |
        at E:\test-project-app\tests\playwright\auth\logout.spec.ts:8:44

    attachment #1: screenshot (image/png) ──────────────────────────────────────────────────────────
    ..\..\test-results\auth-logout-Authentication-e03f8-priate-message-after-logout-Mobile-Chrome\test-failed-1.png
    ────────────────────────────────────────────────────────────────────────────────────────────────

    attachment #2: video (video/webm) ──────────────────────────────────────────────────────────────
    ..\..\test-results\auth-logout-Authentication-e03f8-priate-message-after-logout-Mobile-Chrome\video.webm
    ────────────────────────────────────────────────────────────────────────────────────────────────

    Error Context: ..\..\test-results\auth-logout-Authentication-e03f8-priate-message-after-logout-Mobile-Chrome\error-context.md
]]>
</failure>
<system-out>
<![CDATA[
[[ATTACHMENT|test-results\auth-logout-Authentication-e03f8-priate-message-after-logout-Mobile-Chrome\test-failed-1.png]]

[[ATTACHMENT|test-results\auth-logout-Authentication-e03f8-priate-message-after-logout-Mobile-Chrome\video.webm]]

[[ATTACHMENT|test-results\auth-logout-Authentication-e03f8-priate-message-after-logout-Mobile-Chrome\error-context.md]]
]]>
</system-out>
</testcase>
<testcase name="Authentication - Logout › should handle logout with active WebSocket connections" classname="auth\logout.spec.ts" time="3.154">
<failure message="logout.spec.ts:156:7 should handle logout with active WebSocket connections" type="FAILURE">
<![CDATA[  [Mobile Chrome] › auth\logout.spec.ts:156:7 › Authentication - Logout › should handle logout with active WebSocket connections 

    TypeError: Cannot read properties of undefined (reading 'users')

       6 |     // Login before each test
       7 |     await loginPage.navigateToLogin();
    >  8 |     await loginPage.loginWithUser(testData.users.student);
         |                                            ^
       9 |     await dashboardPage.waitForDashboardLoad();
      10 |   });
      11 |
        at E:\test-project-app\tests\playwright\auth\logout.spec.ts:8:44

    attachment #1: screenshot (image/png) ──────────────────────────────────────────────────────────
    ..\..\test-results\auth-logout-Authentication-1821c-ctive-WebSocket-connections-Mobile-Chrome\test-failed-1.png
    ────────────────────────────────────────────────────────────────────────────────────────────────

    attachment #2: video (video/webm) ──────────────────────────────────────────────────────────────
    ..\..\test-results\auth-logout-Authentication-1821c-ctive-WebSocket-connections-Mobile-Chrome\video.webm
    ────────────────────────────────────────────────────────────────────────────────────────────────

    Error Context: ..\..\test-results\auth-logout-Authentication-1821c-ctive-WebSocket-connections-Mobile-Chrome\error-context.md
]]>
</failure>
<system-out>
<![CDATA[
[[ATTACHMENT|test-results\auth-logout-Authentication-1821c-ctive-WebSocket-connections-Mobile-Chrome\test-failed-1.png]]

[[ATTACHMENT|test-results\auth-logout-Authentication-1821c-ctive-WebSocket-connections-Mobile-Chrome\video.webm]]

[[ATTACHMENT|test-results\auth-logout-Authentication-1821c-ctive-WebSocket-connections-Mobile-Chrome\error-context.md]]
]]>
</system-out>
</testcase>
<testcase name="Authentication - Logout › should handle logout with file uploads in progress" classname="auth\logout.spec.ts" time="3.217">
<failure message="logout.spec.ts:173:7 should handle logout with file uploads in progress" type="FAILURE">
<![CDATA[  [Mobile Chrome] › auth\logout.spec.ts:173:7 › Authentication - Logout › should handle logout with file uploads in progress 

    TypeError: Cannot read properties of undefined (reading 'users')

       6 |     // Login before each test
       7 |     await loginPage.navigateToLogin();
    >  8 |     await loginPage.loginWithUser(testData.users.student);
         |                                            ^
       9 |     await dashboardPage.waitForDashboardLoad();
      10 |   });
      11 |
        at E:\test-project-app\tests\playwright\auth\logout.spec.ts:8:44

    attachment #1: screenshot (image/png) ──────────────────────────────────────────────────────────
    ..\..\test-results\auth-logout-Authentication-d885d-th-file-uploads-in-progress-Mobile-Chrome\test-failed-1.png
    ────────────────────────────────────────────────────────────────────────────────────────────────

    attachment #2: video (video/webm) ──────────────────────────────────────────────────────────────
    ..\..\test-results\auth-logout-Authentication-d885d-th-file-uploads-in-progress-Mobile-Chrome\video.webm
    ────────────────────────────────────────────────────────────────────────────────────────────────

    Error Context: ..\..\test-results\auth-logout-Authentication-d885d-th-file-uploads-in-progress-Mobile-Chrome\error-context.md
]]>
</failure>
<system-out>
<![CDATA[
[[ATTACHMENT|test-results\auth-logout-Authentication-d885d-th-file-uploads-in-progress-Mobile-Chrome\test-failed-1.png]]

[[ATTACHMENT|test-results\auth-logout-Authentication-d885d-th-file-uploads-in-progress-Mobile-Chrome\video.webm]]

[[ATTACHMENT|test-results\auth-logout-Authentication-d885d-th-file-uploads-in-progress-Mobile-Chrome\error-context.md]]
]]>
</system-out>
</testcase>
<testcase name="Authentication - Logout › should handle logout with notifications" classname="auth\logout.spec.ts" time="3.198">
<failure message="logout.spec.ts:185:7 should handle logout with notifications" type="FAILURE">
<![CDATA[  [Mobile Chrome] › auth\logout.spec.ts:185:7 › Authentication - Logout › should handle logout with notifications 

    TypeError: Cannot read properties of undefined (reading 'users')

       6 |     // Login before each test
       7 |     await loginPage.navigateToLogin();
    >  8 |     await loginPage.loginWithUser(testData.users.student);
         |                                            ^
       9 |     await dashboardPage.waitForDashboardLoad();
      10 |   });
      11 |
        at E:\test-project-app\tests\playwright\auth\logout.spec.ts:8:44

    attachment #1: screenshot (image/png) ──────────────────────────────────────────────────────────
    ..\..\test-results\auth-logout-Authentication-b0f2c-e-logout-with-notifications-Mobile-Chrome\test-failed-1.png
    ────────────────────────────────────────────────────────────────────────────────────────────────

    attachment #2: video (video/webm) ──────────────────────────────────────────────────────────────
    ..\..\test-results\auth-logout-Authentication-b0f2c-e-logout-with-notifications-Mobile-Chrome\video.webm
    ────────────────────────────────────────────────────────────────────────────────────────────────

    Error Context: ..\..\test-results\auth-logout-Authentication-b0f2c-e-logout-with-notifications-Mobile-Chrome\error-context.md
]]>
</failure>
<system-out>
<![CDATA[
[[ATTACHMENT|test-results\auth-logout-Authentication-b0f2c-e-logout-with-notifications-Mobile-Chrome\test-failed-1.png]]

[[ATTACHMENT|test-results\auth-logout-Authentication-b0f2c-e-logout-with-notifications-Mobile-Chrome\video.webm]]

[[ATTACHMENT|test-results\auth-logout-Authentication-b0f2c-e-logout-with-notifications-Mobile-Chrome\error-context.md]]
]]>
</system-out>
</testcase>
</testsuite>
<testsuite name="events\events-crud.spec.ts" timestamp="2026-02-20T03:52:25.301Z" hostname="Mobile Chrome" tests="22" failures="22" skipped="0" time="54.948" errors="0">
<testcase name="Events - CRUD Operations › Event Creation › should create a new event successfully" classname="events\events-crud.spec.ts" time="1.759">
<failure message="events-crud.spec.ts:20:9 should create a new event successfully" type="FAILURE">
<![CDATA[  [Mobile Chrome] › events\events-crud.spec.ts:20:9 › Events - CRUD Operations › Event Creation › should create a new event successfully 

    TypeError: Cannot read properties of undefined (reading 'users')

      11 |     // Login as admin to perform CRUD operations
      12 |     await page.goto('/login');
    > 13 |     await page.fill('input[name="username"], input[type="email"]', testData.users.admin.email);
         |                                                                             ^
      14 |     await page.fill('input[name="password"], input[type="password"]', testData.users.admin.password);
      15 |     await page.click('button[type="submit"], button:has-text("Login")');
      16 |     await page.waitForLoadState('networkidle');
        at E:\test-project-app\tests\playwright\events\events-crud.spec.ts:13:77

    attachment #1: screenshot (image/png) ──────────────────────────────────────────────────────────
    ..\..\test-results\events-events-crud-Events--b50a0-te-a-new-event-successfully-Mobile-Chrome\test-failed-1.png
    ────────────────────────────────────────────────────────────────────────────────────────────────

    attachment #2: video (video/webm) ──────────────────────────────────────────────────────────────
    ..\..\test-results\events-events-crud-Events--b50a0-te-a-new-event-successfully-Mobile-Chrome\video.webm
    ────────────────────────────────────────────────────────────────────────────────────────────────

    Error Context: ..\..\test-results\events-events-crud-Events--b50a0-te-a-new-event-successfully-Mobile-Chrome\error-context.md
]]>
</failure>
<system-out>
<![CDATA[
[[ATTACHMENT|test-results\events-events-crud-Events--b50a0-te-a-new-event-successfully-Mobile-Chrome\test-failed-1.png]]

[[ATTACHMENT|test-results\events-events-crud-Events--b50a0-te-a-new-event-successfully-Mobile-Chrome\video.webm]]

[[ATTACHMENT|test-results\events-events-crud-Events--b50a0-te-a-new-event-successfully-Mobile-Chrome\error-context.md]]
]]>
</system-out>
</testcase>
<testcase name="Events - CRUD Operations › Event Creation › should validate required fields in event form" classname="events\events-crud.spec.ts" time="2.007">
<failure message="events-crud.spec.ts:32:9 should validate required fields in event form" type="FAILURE">
<![CDATA[  [Mobile Chrome] › events\events-crud.spec.ts:32:9 › Events - CRUD Operations › Event Creation › should validate required fields in event form 

    TypeError: Cannot read properties of undefined (reading 'users')

      11 |     // Login as admin to perform CRUD operations
      12 |     await page.goto('/login');
    > 13 |     await page.fill('input[name="username"], input[type="email"]', testData.users.admin.email);
         |                                                                             ^
      14 |     await page.fill('input[name="password"], input[type="password"]', testData.users.admin.password);
      15 |     await page.click('button[type="submit"], button:has-text("Login")');
      16 |     await page.waitForLoadState('networkidle');
        at E:\test-project-app\tests\playwright\events\events-crud.spec.ts:13:77

    attachment #1: screenshot (image/png) ──────────────────────────────────────────────────────────
    ..\..\test-results\events-events-crud-Events--8fcf1-quired-fields-in-event-form-Mobile-Chrome\test-failed-1.png
    ────────────────────────────────────────────────────────────────────────────────────────────────

    attachment #2: video (video/webm) ──────────────────────────────────────────────────────────────
    ..\..\test-results\events-events-crud-Events--8fcf1-quired-fields-in-event-form-Mobile-Chrome\video.webm
    ────────────────────────────────────────────────────────────────────────────────────────────────

    Error Context: ..\..\test-results\events-events-crud-Events--8fcf1-quired-fields-in-event-form-Mobile-Chrome\error-context.md
]]>
</failure>
<system-out>
<![CDATA[
[[ATTACHMENT|test-results\events-events-crud-Events--8fcf1-quired-fields-in-event-form-Mobile-Chrome\test-failed-1.png]]

[[ATTACHMENT|test-results\events-events-crud-Events--8fcf1-quired-fields-in-event-form-Mobile-Chrome\video.webm]]

[[ATTACHMENT|test-results\events-events-crud-Events--8fcf1-quired-fields-in-event-form-Mobile-Chrome\error-context.md]]
]]>
</system-out>
</testcase>
<testcase name="Events - CRUD Operations › Event Creation › should show error for duplicate event name" classname="events\events-crud.spec.ts" time="2.749">
<failure message="events-crud.spec.ts:43:9 should show error for duplicate event name" type="FAILURE">
<![CDATA[  [Mobile Chrome] › events\events-crud.spec.ts:43:9 › Events - CRUD Operations › Event Creation › should show error for duplicate event name 

    TypeError: Cannot read properties of undefined (reading 'users')

      11 |     // Login as admin to perform CRUD operations
      12 |     await page.goto('/login');
    > 13 |     await page.fill('input[name="username"], input[type="email"]', testData.users.admin.email);
         |                                                                             ^
      14 |     await page.fill('input[name="password"], input[type="password"]', testData.users.admin.password);
      15 |     await page.click('button[type="submit"], button:has-text("Login")');
      16 |     await page.waitForLoadState('networkidle');
        at E:\test-project-app\tests\playwright\events\events-crud.spec.ts:13:77

    attachment #1: screenshot (image/png) ──────────────────────────────────────────────────────────
    ..\..\test-results\events-events-crud-Events--98946-or-for-duplicate-event-name-Mobile-Chrome\test-failed-1.png
    ────────────────────────────────────────────────────────────────────────────────────────────────

    attachment #2: video (video/webm) ──────────────────────────────────────────────────────────────
    ..\..\test-results\events-events-crud-Events--98946-or-for-duplicate-event-name-Mobile-Chrome\video.webm
    ────────────────────────────────────────────────────────────────────────────────────────────────

    Error Context: ..\..\test-results\events-events-crud-Events--98946-or-for-duplicate-event-name-Mobile-Chrome\error-context.md
]]>
</failure>
<system-out>
<![CDATA[
[[ATTACHMENT|test-results\events-events-crud-Events--98946-or-for-duplicate-event-name-Mobile-Chrome\test-failed-1.png]]

[[ATTACHMENT|test-results\events-events-crud-Events--98946-or-for-duplicate-event-name-Mobile-Chrome\video.webm]]

[[ATTACHMENT|test-results\events-events-crud-Events--98946-or-for-duplicate-event-name-Mobile-Chrome\error-context.md]]
]]>
</system-out>
</testcase>
<testcase name="Events - CRUD Operations › Event Creation › should validate date and time constraints" classname="events\events-crud.spec.ts" time="3.019">
<failure message="events-crud.spec.ts:59:9 should validate date and time constraints" type="FAILURE">
<![CDATA[  [Mobile Chrome] › events\events-crud.spec.ts:59:9 › Events - CRUD Operations › Event Creation › should validate date and time constraints 

    TypeError: Cannot read properties of undefined (reading 'users')

      11 |     // Login as admin to perform CRUD operations
      12 |     await page.goto('/login');
    > 13 |     await page.fill('input[name="username"], input[type="email"]', testData.users.admin.email);
         |                                                                             ^
      14 |     await page.fill('input[name="password"], input[type="password"]', testData.users.admin.password);
      15 |     await page.click('button[type="submit"], button:has-text("Login")');
      16 |     await page.waitForLoadState('networkidle');
        at E:\test-project-app\tests\playwright\events\events-crud.spec.ts:13:77

    attachment #1: screenshot (image/png) ──────────────────────────────────────────────────────────
    ..\..\test-results\events-events-crud-Events--9ca43-e-date-and-time-constraints-Mobile-Chrome\test-failed-1.png
    ────────────────────────────────────────────────────────────────────────────────────────────────

    attachment #2: video (video/webm) ──────────────────────────────────────────────────────────────
    ..\..\test-results\events-events-crud-Events--9ca43-e-date-and-time-constraints-Mobile-Chrome\video.webm
    ────────────────────────────────────────────────────────────────────────────────────────────────

    Error Context: ..\..\test-results\events-events-crud-Events--9ca43-e-date-and-time-constraints-Mobile-Chrome\error-context.md
]]>
</failure>
<system-out>
<![CDATA[
[[ATTACHMENT|test-results\events-events-crud-Events--9ca43-e-date-and-time-constraints-Mobile-Chrome\test-failed-1.png]]

[[ATTACHMENT|test-results\events-events-crud-Events--9ca43-e-date-and-time-constraints-Mobile-Chrome\video.webm]]

[[ATTACHMENT|test-results\events-events-crud-Events--9ca43-e-date-and-time-constraints-Mobile-Chrome\error-context.md]]
]]>
</system-out>
</testcase>
<testcase name="Events - CRUD Operations › Event Creation › should validate max participants constraint" classname="events\events-crud.spec.ts" time="2.662">
<failure message="events-crud.spec.ts:74:9 should validate max participants constraint" type="FAILURE">
<![CDATA[  [Mobile Chrome] › events\events-crud.spec.ts:74:9 › Events - CRUD Operations › Event Creation › should validate max participants constraint 

    TypeError: Cannot read properties of undefined (reading 'users')

      11 |     // Login as admin to perform CRUD operations
      12 |     await page.goto('/login');
    > 13 |     await page.fill('input[name="username"], input[type="email"]', testData.users.admin.email);
         |                                                                             ^
      14 |     await page.fill('input[name="password"], input[type="password"]', testData.users.admin.password);
      15 |     await page.click('button[type="submit"], button:has-text("Login")');
      16 |     await page.waitForLoadState('networkidle');
        at E:\test-project-app\tests\playwright\events\events-crud.spec.ts:13:77

    attachment #1: screenshot (image/png) ──────────────────────────────────────────────────────────
    ..\..\test-results\events-events-crud-Events--a854d-max-participants-constraint-Mobile-Chrome\test-failed-1.png
    ────────────────────────────────────────────────────────────────────────────────────────────────

    attachment #2: video (video/webm) ──────────────────────────────────────────────────────────────
    ..\..\test-results\events-events-crud-Events--a854d-max-participants-constraint-Mobile-Chrome\video.webm
    ────────────────────────────────────────────────────────────────────────────────────────────────

    Error Context: ..\..\test-results\events-events-crud-Events--a854d-max-participants-constraint-Mobile-Chrome\error-context.md
]]>
</failure>
<system-out>
<![CDATA[
[[ATTACHMENT|test-results\events-events-crud-Events--a854d-max-participants-constraint-Mobile-Chrome\test-failed-1.png]]

[[ATTACHMENT|test-results\events-events-crud-Events--a854d-max-participants-constraint-Mobile-Chrome\video.webm]]

[[ATTACHMENT|test-results\events-events-crud-Events--a854d-max-participants-constraint-Mobile-Chrome\error-context.md]]
]]>
</system-out>
</testcase>
<testcase name="Events - CRUD Operations › Event Reading › should display events list correctly" classname="events\events-crud.spec.ts" time="2.579">
<failure message="events-crud.spec.ts:90:9 should display events list correctly" type="FAILURE">
<![CDATA[  [Mobile Chrome] › events\events-crud.spec.ts:90:9 › Events - CRUD Operations › Event Reading › should display events list correctly 

    TypeError: Cannot read properties of undefined (reading 'users')

      11 |     // Login as admin to perform CRUD operations
      12 |     await page.goto('/login');
    > 13 |     await page.fill('input[name="username"], input[type="email"]', testData.users.admin.email);
         |                                                                             ^
      14 |     await page.fill('input[name="password"], input[type="password"]', testData.users.admin.password);
      15 |     await page.click('button[type="submit"], button:has-text("Login")');
      16 |     await page.waitForLoadState('networkidle');
        at E:\test-project-app\tests\playwright\events\events-crud.spec.ts:13:77

    attachment #1: screenshot (image/png) ──────────────────────────────────────────────────────────
    ..\..\test-results\events-events-crud-Events--06697-splay-events-list-correctly-Mobile-Chrome\test-failed-1.png
    ────────────────────────────────────────────────────────────────────────────────────────────────

    attachment #2: video (video/webm) ──────────────────────────────────────────────────────────────
    ..\..\test-results\events-events-crud-Events--06697-splay-events-list-correctly-Mobile-Chrome\video.webm
    ────────────────────────────────────────────────────────────────────────────────────────────────

    Error Context: ..\..\test-results\events-events-crud-Events--06697-splay-events-list-correctly-Mobile-Chrome\error-context.md
]]>
</failure>
<system-out>
<![CDATA[
[[ATTACHMENT|test-results\events-events-crud-Events--06697-splay-events-list-correctly-Mobile-Chrome\test-failed-1.png]]

[[ATTACHMENT|test-results\events-events-crud-Events--06697-splay-events-list-correctly-Mobile-Chrome\video.webm]]

[[ATTACHMENT|test-results\events-events-crud-Events--06697-splay-events-list-correctly-Mobile-Chrome\error-context.md]]
]]>
</system-out>
</testcase>
<testcase name="Events - CRUD Operations › Event Reading › should show event details correctly" classname="events\events-crud.spec.ts" time="2.277">
<failure message="events-crud.spec.ts:102:9 should show event details correctly" type="FAILURE">
<![CDATA[  [Mobile Chrome] › events\events-crud.spec.ts:102:9 › Events - CRUD Operations › Event Reading › should show event details correctly 

    TypeError: Cannot read properties of undefined (reading 'users')

      11 |     // Login as admin to perform CRUD operations
      12 |     await page.goto('/login');
    > 13 |     await page.fill('input[name="username"], input[type="email"]', testData.users.admin.email);
         |                                                                             ^
      14 |     await page.fill('input[name="password"], input[type="password"]', testData.users.admin.password);
      15 |     await page.click('button[type="submit"], button:has-text("Login")');
      16 |     await page.waitForLoadState('networkidle');
        at E:\test-project-app\tests\playwright\events\events-crud.spec.ts:13:77

    attachment #1: screenshot (image/png) ──────────────────────────────────────────────────────────
    ..\..\test-results\events-events-crud-Events--8acfd-how-event-details-correctly-Mobile-Chrome\test-failed-1.png
    ────────────────────────────────────────────────────────────────────────────────────────────────

    attachment #2: video (video/webm) ──────────────────────────────────────────────────────────────
    ..\..\test-results\events-events-crud-Events--8acfd-how-event-details-correctly-Mobile-Chrome\video.webm
    ────────────────────────────────────────────────────────────────────────────────────────────────

    Error Context: ..\..\test-results\events-events-crud-Events--8acfd-how-event-details-correctly-Mobile-Chrome\error-context.md
]]>
</failure>
<system-out>
<![CDATA[
[[ATTACHMENT|test-results\events-events-crud-Events--8acfd-how-event-details-correctly-Mobile-Chrome\test-failed-1.png]]

[[ATTACHMENT|test-results\events-events-crud-Events--8acfd-how-event-details-correctly-Mobile-Chrome\video.webm]]

[[ATTACHMENT|test-results\events-events-crud-Events--8acfd-how-event-details-correctly-Mobile-Chrome\error-context.md]]
]]>
</system-out>
</testcase>
<testcase name="Events - CRUD Operations › Event Reading › should support event search functionality" classname="events\events-crud.spec.ts" time="2.043">
<failure message="events-crud.spec.ts:113:9 should support event search functionality" type="FAILURE">
<![CDATA[  [Mobile Chrome] › events\events-crud.spec.ts:113:9 › Events - CRUD Operations › Event Reading › should support event search functionality 

    TypeError: Cannot read properties of undefined (reading 'users')

      11 |     // Login as admin to perform CRUD operations
      12 |     await page.goto('/login');
    > 13 |     await page.fill('input[name="username"], input[type="email"]', testData.users.admin.email);
         |                                                                             ^
      14 |     await page.fill('input[name="password"], input[type="password"]', testData.users.admin.password);
      15 |     await page.click('button[type="submit"], button:has-text("Login")');
      16 |     await page.waitForLoadState('networkidle');
        at E:\test-project-app\tests\playwright\events\events-crud.spec.ts:13:77

    attachment #1: screenshot (image/png) ──────────────────────────────────────────────────────────
    ..\..\test-results\events-events-crud-Events--84363--event-search-functionality-Mobile-Chrome\test-failed-1.png
    ────────────────────────────────────────────────────────────────────────────────────────────────

    attachment #2: video (video/webm) ──────────────────────────────────────────────────────────────
    ..\..\test-results\events-events-crud-Events--84363--event-search-functionality-Mobile-Chrome\video.webm
    ────────────────────────────────────────────────────────────────────────────────────────────────

    Error Context: ..\..\test-results\events-events-crud-Events--84363--event-search-functionality-Mobile-Chrome\error-context.md
]]>
</failure>
<system-out>
<![CDATA[
[[ATTACHMENT|test-results\events-events-crud-Events--84363--event-search-functionality-Mobile-Chrome\test-failed-1.png]]

[[ATTACHMENT|test-results\events-events-crud-Events--84363--event-search-functionality-Mobile-Chrome\video.webm]]

[[ATTACHMENT|test-results\events-events-crud-Events--84363--event-search-functionality-Mobile-Chrome\error-context.md]]
]]>
</system-out>
</testcase>
<testcase name="Events - CRUD Operations › Event Reading › should support category filtering" classname="events\events-crud.spec.ts" time="2.628">
<failure message="events-crud.spec.ts:120:9 should support category filtering" type="FAILURE">
<![CDATA[  [Mobile Chrome] › events\events-crud.spec.ts:120:9 › Events - CRUD Operations › Event Reading › should support category filtering 

    TypeError: Cannot read properties of undefined (reading 'users')

      11 |     // Login as admin to perform CRUD operations
      12 |     await page.goto('/login');
    > 13 |     await page.fill('input[name="username"], input[type="email"]', testData.users.admin.email);
         |                                                                             ^
      14 |     await page.fill('input[name="password"], input[type="password"]', testData.users.admin.password);
      15 |     await page.click('button[type="submit"], button:has-text("Login")');
      16 |     await page.waitForLoadState('networkidle');
        at E:\test-project-app\tests\playwright\events\events-crud.spec.ts:13:77

    attachment #1: screenshot (image/png) ──────────────────────────────────────────────────────────
    ..\..\test-results\events-events-crud-Events--7a120--support-category-filtering-Mobile-Chrome\test-failed-1.png
    ────────────────────────────────────────────────────────────────────────────────────────────────

    attachment #2: video (video/webm) ──────────────────────────────────────────────────────────────
    ..\..\test-results\events-events-crud-Events--7a120--support-category-filtering-Mobile-Chrome\video.webm
    ────────────────────────────────────────────────────────────────────────────────────────────────

    Error Context: ..\..\test-results\events-events-crud-Events--7a120--support-category-filtering-Mobile-Chrome\error-context.md
]]>
</failure>
<system-out>
<![CDATA[
[[ATTACHMENT|test-results\events-events-crud-Events--7a120--support-category-filtering-Mobile-Chrome\test-failed-1.png]]

[[ATTACHMENT|test-results\events-events-crud-Events--7a120--support-category-filtering-Mobile-Chrome\video.webm]]

[[ATTACHMENT|test-results\events-events-crud-Events--7a120--support-category-filtering-Mobile-Chrome\error-context.md]]
]]>
</system-out>
</testcase>
<testcase name="Events - CRUD Operations › Event Reading › should support date filtering" classname="events\events-crud.spec.ts" time="2.868">
<failure message="events-crud.spec.ts:127:9 should support date filtering" type="FAILURE">
<![CDATA[  [Mobile Chrome] › events\events-crud.spec.ts:127:9 › Events - CRUD Operations › Event Reading › should support date filtering 

    TypeError: Cannot read properties of undefined (reading 'users')

      11 |     // Login as admin to perform CRUD operations
      12 |     await page.goto('/login');
    > 13 |     await page.fill('input[name="username"], input[type="email"]', testData.users.admin.email);
         |                                                                             ^
      14 |     await page.fill('input[name="password"], input[type="password"]', testData.users.admin.password);
      15 |     await page.click('button[type="submit"], button:has-text("Login")');
      16 |     await page.waitForLoadState('networkidle');
        at E:\test-project-app\tests\playwright\events\events-crud.spec.ts:13:77

    attachment #1: screenshot (image/png) ──────────────────────────────────────────────────────────
    ..\..\test-results\events-events-crud-Events--66785-ould-support-date-filtering-Mobile-Chrome\test-failed-1.png
    ────────────────────────────────────────────────────────────────────────────────────────────────

    attachment #2: video (video/webm) ──────────────────────────────────────────────────────────────
    ..\..\test-results\events-events-crud-Events--66785-ould-support-date-filtering-Mobile-Chrome\video.webm
    ────────────────────────────────────────────────────────────────────────────────────────────────

    Error Context: ..\..\test-results\events-events-crud-Events--66785-ould-support-date-filtering-Mobile-Chrome\error-context.md
]]>
</failure>
<system-out>
<![CDATA[
[[ATTACHMENT|test-results\events-events-crud-Events--66785-ould-support-date-filtering-Mobile-Chrome\test-failed-1.png]]

[[ATTACHMENT|test-results\events-events-crud-Events--66785-ould-support-date-filtering-Mobile-Chrome\video.webm]]

[[ATTACHMENT|test-results\events-events-crud-Events--66785-ould-support-date-filtering-Mobile-Chrome\error-context.md]]
]]>
</system-out>
</testcase>
<testcase name="Events - CRUD Operations › Event Reading › should support pagination" classname="events\events-crud.spec.ts" time="2.616">
<failure message="events-crud.spec.ts:134:9 should support pagination" type="FAILURE">
<![CDATA[  [Mobile Chrome] › events\events-crud.spec.ts:134:9 › Events - CRUD Operations › Event Reading › should support pagination 

    TypeError: Cannot read properties of undefined (reading 'users')

      11 |     // Login as admin to perform CRUD operations
      12 |     await page.goto('/login');
    > 13 |     await page.fill('input[name="username"], input[type="email"]', testData.users.admin.email);
         |                                                                             ^
      14 |     await page.fill('input[name="password"], input[type="password"]', testData.users.admin.password);
      15 |     await page.click('button[type="submit"], button:has-text("Login")');
      16 |     await page.waitForLoadState('networkidle');
        at E:\test-project-app\tests\playwright\events\events-crud.spec.ts:13:77

    attachment #1: screenshot (image/png) ──────────────────────────────────────────────────────────
    ..\..\test-results\events-events-crud-Events--73d64-g-should-support-pagination-Mobile-Chrome\test-failed-1.png
    ────────────────────────────────────────────────────────────────────────────────────────────────

    attachment #2: video (video/webm) ──────────────────────────────────────────────────────────────
    ..\..\test-results\events-events-crud-Events--73d64-g-should-support-pagination-Mobile-Chrome\video.webm
    ────────────────────────────────────────────────────────────────────────────────────────────────

    Error Context: ..\..\test-results\events-events-crud-Events--73d64-g-should-support-pagination-Mobile-Chrome\error-context.md
]]>
</failure>
<system-out>
<![CDATA[
[[ATTACHMENT|test-results\events-events-crud-Events--73d64-g-should-support-pagination-Mobile-Chrome\test-failed-1.png]]

[[ATTACHMENT|test-results\events-events-crud-Events--73d64-g-should-support-pagination-Mobile-Chrome\video.webm]]

[[ATTACHMENT|test-results\events-events-crud-Events--73d64-g-should-support-pagination-Mobile-Chrome\error-context.md]]
]]>
</system-out>
</testcase>
<testcase name="Events - CRUD Operations › Event Updates › should update event successfully" classname="events\events-crud.spec.ts" time="2.353">
<failure message="events-crud.spec.ts:160:9 should update event successfully" type="FAILURE">
<![CDATA[  [Mobile Chrome] › events\events-crud.spec.ts:160:9 › Events - CRUD Operations › Event Updates › should update event successfully 

    TypeError: Cannot read properties of undefined (reading 'users')

      11 |     // Login as admin to perform CRUD operations
      12 |     await page.goto('/login');
    > 13 |     await page.fill('input[name="username"], input[type="email"]', testData.users.admin.email);
         |                                                                             ^
      14 |     await page.fill('input[name="password"], input[type="password"]', testData.users.admin.password);
      15 |     await page.click('button[type="submit"], button:has-text("Login")');
      16 |     await page.waitForLoadState('networkidle');
        at E:\test-project-app\tests\playwright\events\events-crud.spec.ts:13:77

    attachment #1: screenshot (image/png) ──────────────────────────────────────────────────────────
    ..\..\test-results\events-events-crud-Events--a3d3f-d-update-event-successfully-Mobile-Chrome\test-failed-1.png
    ────────────────────────────────────────────────────────────────────────────────────────────────

    attachment #2: video (video/webm) ──────────────────────────────────────────────────────────────
    ..\..\test-results\events-events-crud-Events--a3d3f-d-update-event-successfully-Mobile-Chrome\video.webm
    ────────────────────────────────────────────────────────────────────────────────────────────────

    Error Context: ..\..\test-results\events-events-crud-Events--a3d3f-d-update-event-successfully-Mobile-Chrome\error-context.md
]]>
</failure>
<system-out>
<![CDATA[
[[ATTACHMENT|test-results\events-events-crud-Events--a3d3f-d-update-event-successfully-Mobile-Chrome\test-failed-1.png]]

[[ATTACHMENT|test-results\events-events-crud-Events--a3d3f-d-update-event-successfully-Mobile-Chrome\video.webm]]

[[ATTACHMENT|test-results\events-events-crud-Events--a3d3f-d-update-event-successfully-Mobile-Chrome\error-context.md]]
]]>
</system-out>
</testcase>
<testcase name="Events - CRUD Operations › Event Updates › should validate updated event data" classname="events\events-crud.spec.ts" time="1.848">
<failure message="events-crud.spec.ts:176:9 should validate updated event data" type="FAILURE">
<![CDATA[  [Mobile Chrome] › events\events-crud.spec.ts:176:9 › Events - CRUD Operations › Event Updates › should validate updated event data 

    TypeError: Cannot read properties of undefined (reading 'users')

      11 |     // Login as admin to perform CRUD operations
      12 |     await page.goto('/login');
    > 13 |     await page.fill('input[name="username"], input[type="email"]', testData.users.admin.email);
         |                                                                             ^
      14 |     await page.fill('input[name="password"], input[type="password"]', testData.users.admin.password);
      15 |     await page.click('button[type="submit"], button:has-text("Login")');
      16 |     await page.waitForLoadState('networkidle');
        at E:\test-project-app\tests\playwright\events\events-crud.spec.ts:13:77

    attachment #1: screenshot (image/png) ──────────────────────────────────────────────────────────
    ..\..\test-results\events-events-crud-Events--a88fa-validate-updated-event-data-Mobile-Chrome\test-failed-1.png
    ────────────────────────────────────────────────────────────────────────────────────────────────

    attachment #2: video (video/webm) ──────────────────────────────────────────────────────────────
    ..\..\test-results\events-events-crud-Events--a88fa-validate-updated-event-data-Mobile-Chrome\video.webm
    ────────────────────────────────────────────────────────────────────────────────────────────────

    Error Context: ..\..\test-results\events-events-crud-Events--a88fa-validate-updated-event-data-Mobile-Chrome\error-context.md
]]>
</failure>
<system-out>
<![CDATA[
[[ATTACHMENT|test-results\events-events-crud-Events--a88fa-validate-updated-event-data-Mobile-Chrome\test-failed-1.png]]

[[ATTACHMENT|test-results\events-events-crud-Events--a88fa-validate-updated-event-data-Mobile-Chrome\video.webm]]

[[ATTACHMENT|test-results\events-events-crud-Events--a88fa-validate-updated-event-data-Mobile-Chrome\error-context.md]]
]]>
</system-out>
</testcase>
<testcase name="Events - CRUD Operations › Event Updates › should preserve unchanged fields during update" classname="events\events-crud.spec.ts" time="1.817">
<failure message="events-crud.spec.ts:191:9 should preserve unchanged fields during update" type="FAILURE">
<![CDATA[  [Mobile Chrome] › events\events-crud.spec.ts:191:9 › Events - CRUD Operations › Event Updates › should preserve unchanged fields during update 

    TypeError: Cannot read properties of undefined (reading 'users')

      11 |     // Login as admin to perform CRUD operations
      12 |     await page.goto('/login');
    > 13 |     await page.fill('input[name="username"], input[type="email"]', testData.users.admin.email);
         |                                                                             ^
      14 |     await page.fill('input[name="password"], input[type="password"]', testData.users.admin.password);
      15 |     await page.click('button[type="submit"], button:has-text("Login")');
      16 |     await page.waitForLoadState('networkidle');
        at E:\test-project-app\tests\playwright\events\events-crud.spec.ts:13:77

    attachment #1: screenshot (image/png) ──────────────────────────────────────────────────────────
    ..\..\test-results\events-events-crud-Events--82c97-hanged-fields-during-update-Mobile-Chrome\test-failed-1.png
    ────────────────────────────────────────────────────────────────────────────────────────────────

    attachment #2: video (video/webm) ──────────────────────────────────────────────────────────────
    ..\..\test-results\events-events-crud-Events--82c97-hanged-fields-during-update-Mobile-Chrome\video.webm
    ────────────────────────────────────────────────────────────────────────────────────────────────

    Error Context: ..\..\test-results\events-events-crud-Events--82c97-hanged-fields-during-update-Mobile-Chrome\error-context.md
]]>
</failure>
<system-out>
<![CDATA[
[[ATTACHMENT|test-results\events-events-crud-Events--82c97-hanged-fields-during-update-Mobile-Chrome\test-failed-1.png]]

[[ATTACHMENT|test-results\events-events-crud-Events--82c97-hanged-fields-during-update-Mobile-Chrome\video.webm]]

[[ATTACHMENT|test-results\events-events-crud-Events--82c97-hanged-fields-during-update-Mobile-Chrome\error-context.md]]
]]>
</system-out>
</testcase>
<testcase name="Events - CRUD Operations › Event Updates › should handle concurrent updates" classname="events\events-crud.spec.ts" time="2.522">
<failure message="events-crud.spec.ts:207:9 should handle concurrent updates" type="FAILURE">
<![CDATA[  [Mobile Chrome] › events\events-crud.spec.ts:207:9 › Events - CRUD Operations › Event Updates › should handle concurrent updates 

    TypeError: Cannot read properties of undefined (reading 'users')

      11 |     // Login as admin to perform CRUD operations
      12 |     await page.goto('/login');
    > 13 |     await page.fill('input[name="username"], input[type="email"]', testData.users.admin.email);
         |                                                                             ^
      14 |     await page.fill('input[name="password"], input[type="password"]', testData.users.admin.password);
      15 |     await page.click('button[type="submit"], button:has-text("Login")');
      16 |     await page.waitForLoadState('networkidle');
        at E:\test-project-app\tests\playwright\events\events-crud.spec.ts:13:77

    attachment #1: screenshot (image/png) ──────────────────────────────────────────────────────────
    ..\..\test-results\events-events-crud-Events--88727-d-handle-concurrent-updates-Mobile-Chrome\test-failed-1.png
    ────────────────────────────────────────────────────────────────────────────────────────────────

    attachment #2: video (video/webm) ──────────────────────────────────────────────────────────────
    ..\..\test-results\events-events-crud-Events--88727-d-handle-concurrent-updates-Mobile-Chrome\video.webm
    ────────────────────────────────────────────────────────────────────────────────────────────────

    Error Context: ..\..\test-results\events-events-crud-Events--88727-d-handle-concurrent-updates-Mobile-Chrome\error-context.md
]]>
</failure>
<system-out>
<![CDATA[
[[ATTACHMENT|test-results\events-events-crud-Events--88727-d-handle-concurrent-updates-Mobile-Chrome\test-failed-1.png]]

[[ATTACHMENT|test-results\events-events-crud-Events--88727-d-handle-concurrent-updates-Mobile-Chrome\video.webm]]

[[ATTACHMENT|test-results\events-events-crud-Events--88727-d-handle-concurrent-updates-Mobile-Chrome\error-context.md]]
]]>
</system-out>
</testcase>
<testcase name="Events - CRUD Operations › Event Deletion › should delete event successfully" classname="events\events-crud.spec.ts" time="2.337">
<failure message="events-crud.spec.ts:235:9 should delete event successfully" type="FAILURE">
<![CDATA[  [Mobile Chrome] › events\events-crud.spec.ts:235:9 › Events - CRUD Operations › Event Deletion › should delete event successfully 

    TypeError: Cannot read properties of undefined (reading 'users')

      11 |     // Login as admin to perform CRUD operations
      12 |     await page.goto('/login');
    > 13 |     await page.fill('input[name="username"], input[type="email"]', testData.users.admin.email);
         |                                                                             ^
      14 |     await page.fill('input[name="password"], input[type="password"]', testData.users.admin.password);
      15 |     await page.click('button[type="submit"], button:has-text("Login")');
      16 |     await page.waitForLoadState('networkidle');
        at E:\test-project-app\tests\playwright\events\events-crud.spec.ts:13:77

    attachment #1: screenshot (image/png) ──────────────────────────────────────────────────────────
    ..\..\test-results\events-events-crud-Events--8659f-d-delete-event-successfully-Mobile-Chrome\test-failed-1.png
    ────────────────────────────────────────────────────────────────────────────────────────────────

    attachment #2: video (video/webm) ──────────────────────────────────────────────────────────────
    ..\..\test-results\events-events-crud-Events--8659f-d-delete-event-successfully-Mobile-Chrome\video.webm
    ────────────────────────────────────────────────────────────────────────────────────────────────

    Error Context: ..\..\test-results\events-events-crud-Events--8659f-d-delete-event-successfully-Mobile-Chrome\error-context.md
]]>
</failure>
<system-out>
<![CDATA[
[[ATTACHMENT|test-results\events-events-crud-Events--8659f-d-delete-event-successfully-Mobile-Chrome\test-failed-1.png]]

[[ATTACHMENT|test-results\events-events-crud-Events--8659f-d-delete-event-successfully-Mobile-Chrome\video.webm]]

[[ATTACHMENT|test-results\events-events-crud-Events--8659f-d-delete-event-successfully-Mobile-Chrome\error-context.md]]
]]>
</system-out>
</testcase>
<testcase name="Events - CRUD Operations › Event Deletion › should cancel deletion when confirmation is dismissed" classname="events\events-crud.spec.ts" time="2.506">
<failure message="events-crud.spec.ts:252:9 should cancel deletion when confirmation is dismissed" type="FAILURE">
<![CDATA[  [Mobile Chrome] › events\events-crud.spec.ts:252:9 › Events - CRUD Operations › Event Deletion › should cancel deletion when confirmation is dismissed 

    TypeError: Cannot read properties of undefined (reading 'users')

      11 |     // Login as admin to perform CRUD operations
      12 |     await page.goto('/login');
    > 13 |     await page.fill('input[name="username"], input[type="email"]', testData.users.admin.email);
         |                                                                             ^
      14 |     await page.fill('input[name="password"], input[type="password"]', testData.users.admin.password);
      15 |     await page.click('button[type="submit"], button:has-text("Login")');
      16 |     await page.waitForLoadState('networkidle');
        at E:\test-project-app\tests\playwright\events\events-crud.spec.ts:13:77

    attachment #1: screenshot (image/png) ──────────────────────────────────────────────────────────
    ..\..\test-results\events-events-crud-Events--1befe-n-confirmation-is-dismissed-Mobile-Chrome\test-failed-1.png
    ────────────────────────────────────────────────────────────────────────────────────────────────

    attachment #2: video (video/webm) ──────────────────────────────────────────────────────────────
    ..\..\test-results\events-events-crud-Events--1befe-n-confirmation-is-dismissed-Mobile-Chrome\video.webm
    ────────────────────────────────────────────────────────────────────────────────────────────────

    Error Context: ..\..\test-results\events-events-crud-Events--1befe-n-confirmation-is-dismissed-Mobile-Chrome\error-context.md
]]>
</failure>
<system-out>
<![CDATA[
[[ATTACHMENT|test-results\events-events-crud-Events--1befe-n-confirmation-is-dismissed-Mobile-Chrome\test-failed-1.png]]

[[ATTACHMENT|test-results\events-events-crud-Events--1befe-n-confirmation-is-dismissed-Mobile-Chrome\video.webm]]

[[ATTACHMENT|test-results\events-events-crud-Events--1befe-n-confirmation-is-dismissed-Mobile-Chrome\error-context.md]]
]]>
</system-out>
</testcase>
<testcase name="Events - CRUD Operations › Event Deletion › should prevent deletion of event with participants" classname="events\events-crud.spec.ts" time="2.429">
<failure message="events-crud.spec.ts:269:9 should prevent deletion of event with participants" type="FAILURE">
<![CDATA[  [Mobile Chrome] › events\events-crud.spec.ts:269:9 › Events - CRUD Operations › Event Deletion › should prevent deletion of event with participants 

    TypeError: Cannot read properties of undefined (reading 'users')

      11 |     // Login as admin to perform CRUD operations
      12 |     await page.goto('/login');
    > 13 |     await page.fill('input[name="username"], input[type="email"]', testData.users.admin.email);
         |                                                                             ^
      14 |     await page.fill('input[name="password"], input[type="password"]', testData.users.admin.password);
      15 |     await page.click('button[type="submit"], button:has-text("Login")');
      16 |     await page.waitForLoadState('networkidle');
        at E:\test-project-app\tests\playwright\events\events-crud.spec.ts:13:77

    attachment #1: screenshot (image/png) ──────────────────────────────────────────────────────────
    ..\..\test-results\events-events-crud-Events--f50ed--of-event-with-participants-Mobile-Chrome\test-failed-1.png
    ────────────────────────────────────────────────────────────────────────────────────────────────

    attachment #2: video (video/webm) ──────────────────────────────────────────────────────────────
    ..\..\test-results\events-events-crud-Events--f50ed--of-event-with-participants-Mobile-Chrome\video.webm
    ────────────────────────────────────────────────────────────────────────────────────────────────

    Error Context: ..\..\test-results\events-events-crud-Events--f50ed--of-event-with-participants-Mobile-Chrome\error-context.md
]]>
</failure>
<system-out>
<![CDATA[
[[ATTACHMENT|test-results\events-events-crud-Events--f50ed--of-event-with-participants-Mobile-Chrome\test-failed-1.png]]

[[ATTACHMENT|test-results\events-events-crud-Events--f50ed--of-event-with-participants-Mobile-Chrome\video.webm]]

[[ATTACHMENT|test-results\events-events-crud-Events--f50ed--of-event-with-participants-Mobile-Chrome\error-context.md]]
]]>
</system-out>
</testcase>
<testcase name="Events - CRUD Operations › Event Deletion › should handle bulk deletion" classname="events\events-crud.spec.ts" time="3.223">
<failure message="events-crud.spec.ts:287:9 should handle bulk deletion" type="FAILURE">
<![CDATA[  [Mobile Chrome] › events\events-crud.spec.ts:287:9 › Events - CRUD Operations › Event Deletion › should handle bulk deletion 

    TypeError: Cannot read properties of undefined (reading 'users')

      11 |     // Login as admin to perform CRUD operations
      12 |     await page.goto('/login');
    > 13 |     await page.fill('input[name="username"], input[type="email"]', testData.users.admin.email);
         |                                                                             ^
      14 |     await page.fill('input[name="password"], input[type="password"]', testData.users.admin.password);
      15 |     await page.click('button[type="submit"], button:has-text("Login")');
      16 |     await page.waitForLoadState('networkidle');
        at E:\test-project-app\tests\playwright\events\events-crud.spec.ts:13:77

    attachment #1: screenshot (image/png) ──────────────────────────────────────────────────────────
    ..\..\test-results\events-events-crud-Events--b50a4-should-handle-bulk-deletion-Mobile-Chrome\test-failed-1.png
    ────────────────────────────────────────────────────────────────────────────────────────────────

    attachment #2: video (video/webm) ──────────────────────────────────────────────────────────────
    ..\..\test-results\events-events-crud-Events--b50a4-should-handle-bulk-deletion-Mobile-Chrome\video.webm
    ────────────────────────────────────────────────────────────────────────────────────────────────

    Error Context: ..\..\test-results\events-events-crud-Events--b50a4-should-handle-bulk-deletion-Mobile-Chrome\error-context.md
]]>
</failure>
<system-out>
<![CDATA[
[[ATTACHMENT|test-results\events-events-crud-Events--b50a4-should-handle-bulk-deletion-Mobile-Chrome\test-failed-1.png]]

[[ATTACHMENT|test-results\events-events-crud-Events--b50a4-should-handle-bulk-deletion-Mobile-Chrome\video.webm]]

[[ATTACHMENT|test-results\events-events-crud-Events--b50a4-should-handle-bulk-deletion-Mobile-Chrome\error-context.md]]
]]>
</system-out>
</testcase>
<testcase name="Events - CRUD Operations › Event Registration › should register for event successfully" classname="events\events-crud.spec.ts" time="3.276">
<failure message="events-crud.spec.ts:318:9 should register for event successfully" type="FAILURE">
<![CDATA[  [Mobile Chrome] › events\events-crud.spec.ts:318:9 › Events - CRUD Operations › Event Registration › should register for event successfully 

    TypeError: Cannot read properties of undefined (reading 'users')

      11 |     // Login as admin to perform CRUD operations
      12 |     await page.goto('/login');
    > 13 |     await page.fill('input[name="username"], input[type="email"]', testData.users.admin.email);
         |                                                                             ^
      14 |     await page.fill('input[name="password"], input[type="password"]', testData.users.admin.password);
      15 |     await page.click('button[type="submit"], button:has-text("Login")');
      16 |     await page.waitForLoadState('networkidle');
        at E:\test-project-app\tests\playwright\events\events-crud.spec.ts:13:77

    attachment #1: screenshot (image/png) ──────────────────────────────────────────────────────────
    ..\..\test-results\events-events-crud-Events--bff1b-ster-for-event-successfully-Mobile-Chrome\test-failed-1.png
    ────────────────────────────────────────────────────────────────────────────────────────────────

    attachment #2: video (video/webm) ──────────────────────────────────────────────────────────────
    ..\..\test-results\events-events-crud-Events--bff1b-ster-for-event-successfully-Mobile-Chrome\video.webm
    ────────────────────────────────────────────────────────────────────────────────────────────────

    Error Context: ..\..\test-results\events-events-crud-Events--bff1b-ster-for-event-successfully-Mobile-Chrome\error-context.md
]]>
</failure>
<system-out>
<![CDATA[
[[ATTACHMENT|test-results\events-events-crud-Events--bff1b-ster-for-event-successfully-Mobile-Chrome\test-failed-1.png]]

[[ATTACHMENT|test-results\events-events-crud-Events--bff1b-ster-for-event-successfully-Mobile-Chrome\video.webm]]

[[ATTACHMENT|test-results\events-events-crud-Events--bff1b-ster-for-event-successfully-Mobile-Chrome\error-context.md]]
]]>
</system-out>
</testcase>
<testcase name="Events - CRUD Operations › Event Registration › should prevent duplicate registration" classname="events\events-crud.spec.ts" time="2.729">
<failure message="events-crud.spec.ts:333:9 should prevent duplicate registration" type="FAILURE">
<![CDATA[  [Mobile Chrome] › events\events-crud.spec.ts:333:9 › Events - CRUD Operations › Event Registration › should prevent duplicate registration 

    TypeError: Cannot read properties of undefined (reading 'users')

      11 |     // Login as admin to perform CRUD operations
      12 |     await page.goto('/login');
    > 13 |     await page.fill('input[name="username"], input[type="email"]', testData.users.admin.email);
         |                                                                             ^
      14 |     await page.fill('input[name="password"], input[type="password"]', testData.users.admin.password);
      15 |     await page.click('button[type="submit"], button:has-text("Login")');
      16 |     await page.waitForLoadState('networkidle');
        at E:\test-project-app\tests\playwright\events\events-crud.spec.ts:13:77

    attachment #1: screenshot (image/png) ──────────────────────────────────────────────────────────
    ..\..\test-results\events-events-crud-Events--d8015-vent-duplicate-registration-Mobile-Chrome\test-failed-1.png
    ────────────────────────────────────────────────────────────────────────────────────────────────

    attachment #2: video (video/webm) ──────────────────────────────────────────────────────────────
    ..\..\test-results\events-events-crud-Events--d8015-vent-duplicate-registration-Mobile-Chrome\video.webm
    ────────────────────────────────────────────────────────────────────────────────────────────────

    Error Context: ..\..\test-results\events-events-crud-Events--d8015-vent-duplicate-registration-Mobile-Chrome\error-context.md
]]>
</failure>
<system-out>
<![CDATA[
[[ATTACHMENT|test-results\events-events-crud-Events--d8015-vent-duplicate-registration-Mobile-Chrome\test-failed-1.png]]

[[ATTACHMENT|test-results\events-events-crud-Events--d8015-vent-duplicate-registration-Mobile-Chrome\video.webm]]

[[ATTACHMENT|test-results\events-events-crud-Events--d8015-vent-duplicate-registration-Mobile-Chrome\error-context.md]]
]]>
</system-out>
</testcase>
<testcase name="Events - CRUD Operations › Event Registration › should handle registration when event is full" classname="events\events-crud.spec.ts" time="2.701">
<failure message="events-crud.spec.ts:349:9 should handle registration when event is full" type="FAILURE">
<![CDATA[  [Mobile Chrome] › events\events-crud.spec.ts:349:9 › Events - CRUD Operations › Event Registration › should handle registration when event is full 

    TypeError: Cannot read properties of undefined (reading 'users')

      11 |     // Login as admin to perform CRUD operations
      12 |     await page.goto('/login');
    > 13 |     await page.fill('input[name="username"], input[type="email"]', testData.users.admin.email);
         |                                                                             ^
      14 |     await page.fill('input[name="password"], input[type="password"]', testData.users.admin.password);
      15 |     await page.click('button[type="submit"], button:has-text("Login")');
      16 |     await page.waitForLoadState('networkidle');
        at E:\test-project-app\tests\playwright\events\events-crud.spec.ts:13:77

    attachment #1: screenshot (image/png) ──────────────────────────────────────────────────────────
    ..\..\test-results\events-events-crud-Events--45ea3-stration-when-event-is-full-Mobile-Chrome\test-failed-1.png
    ────────────────────────────────────────────────────────────────────────────────────────────────

    attachment #2: video (video/webm) ──────────────────────────────────────────────────────────────
    ..\..\test-results\events-events-crud-Events--45ea3-stration-when-event-is-full-Mobile-Chrome\video.webm
    ────────────────────────────────────────────────────────────────────────────────────────────────

    Error Context: ..\..\test-results\events-events-crud-Events--45ea3-stration-when-event-is-full-Mobile-Chrome\error-context.md
]]>
</failure>
<system-out>
<![CDATA[
[[ATTACHMENT|test-results\events-events-crud-Events--45ea3-stration-when-event-is-full-Mobile-Chrome\test-failed-1.png]]

[[ATTACHMENT|test-results\events-events-crud-Events--45ea3-stration-when-event-is-full-Mobile-Chrome\video.webm]]

[[ATTACHMENT|test-results\events-events-crud-Events--45ea3-stration-when-event-is-full-Mobile-Chrome\error-context.md]]
]]>
</system-out>
</testcase>
</testsuite>
<testsuite name="results\live-results.spec.ts" timestamp="2026-02-20T03:52:25.301Z" hostname="Mobile Chrome" tests="1" failures="0" skipped="0" time="2.441" errors="0">
<testcase name="Live Results Page › should display the Live Results page with correct content" classname="results\live-results.spec.ts" time="2.441">
</testcase>
</testsuite>
<testsuite name="simple\setup-test.spec.ts" timestamp="2026-02-20T03:52:25.301Z" hostname="Mobile Chrome" tests="3" failures="0" skipped="0" time="4.653" errors="0">
<testcase name="Setup Verification › should connect to frontend server" classname="simple\setup-test.spec.ts" time="2.497">
</testcase>
<testcase name="Setup Verification › should connect to backend API" classname="simple\setup-test.spec.ts" time="0.083">
</testcase>
<testcase name="Setup Verification › should display login page" classname="simple\setup-test.spec.ts" time="2.073">
</testcase>
</testsuite>
<testsuite name="smoke\smoke-tests.spec.ts" timestamp="2026-02-20T03:52:25.301Z" hostname="Mobile Chrome" tests="11" failures="11" skipped="0" time="115.861" errors="0">
<testcase name="Smoke Tests - Critical User Flows › should complete full user registration and login flow" classname="smoke\smoke-tests.spec.ts" time="31.502">
<failure message="smoke-tests.spec.ts:5:7 should complete full user registration and login flow" type="FAILURE">
<![CDATA[  [Mobile Chrome] › smoke\smoke-tests.spec.ts:5:7 › Smoke Tests - Critical User Flows › should complete full user registration and login flow 

    Test timeout of 30000ms exceeded.

    Error: page.fill: Test timeout of 30000ms exceeded.
    Call log:
      - waiting for locator('input[name="username"]')


       8 |     
       9 |     // Fill registration form
    > 10 |     await page.fill('input[name="username"]', 'smoke_test_user');
         |                ^
      11 |     await page.fill('input[name="email"]', 'smoketest@example.com');
      12 |     await page.fill('input[name="password"]', 'SmokeTestPass123!');
      13 |     await page.fill('input[name="first_name"]', 'Smoke');
        at E:\test-project-app\tests\playwright\smoke\smoke-tests.spec.ts:10:16

    attachment #1: screenshot (image/png) ──────────────────────────────────────────────────────────
    ..\..\test-results\smoke-smoke-tests-Smoke-Te-0312b-registration-and-login-flow-Mobile-Chrome\test-failed-1.png
    ────────────────────────────────────────────────────────────────────────────────────────────────

    attachment #2: video (video/webm) ──────────────────────────────────────────────────────────────
    ..\..\test-results\smoke-smoke-tests-Smoke-Te-0312b-registration-and-login-flow-Mobile-Chrome\video.webm
    ────────────────────────────────────────────────────────────────────────────────────────────────

    Error Context: ..\..\test-results\smoke-smoke-tests-Smoke-Te-0312b-registration-and-login-flow-Mobile-Chrome\error-context.md
]]>
</failure>
<system-out>
<![CDATA[
[[ATTACHMENT|test-results\smoke-smoke-tests-Smoke-Te-0312b-registration-and-login-flow-Mobile-Chrome\test-failed-1.png]]

[[ATTACHMENT|test-results\smoke-smoke-tests-Smoke-Te-0312b-registration-and-login-flow-Mobile-Chrome\video.webm]]

[[ATTACHMENT|test-results\smoke-smoke-tests-Smoke-Te-0312b-registration-and-login-flow-Mobile-Chrome\error-context.md]]
]]>
</system-out>
</testcase>
<testcase name="Smoke Tests - Critical User Flows › should complete admin login and user management flow" classname="smoke\smoke-tests.spec.ts" time="2.567">
<failure message="smoke-tests.spec.ts:36:7 should complete admin login and user management flow" type="FAILURE">
<![CDATA[  [Mobile Chrome] › smoke\smoke-tests.spec.ts:36:7 › Smoke Tests - Critical User Flows › should complete admin login and user management flow 

    TypeError: Cannot read properties of undefined (reading 'users')

      37 |     // Login as admin
      38 |     await page.goto('/login');
    > 39 |     await page.fill('input[type="email"]', testData.users.admin.email);
         |                                                     ^
      40 |     await page.fill('input[type="password"]', testData.users.admin.password);
      41 |     await page.click('button[type="submit"]');
      42 |     
        at E:\test-project-app\tests\playwright\smoke\smoke-tests.spec.ts:39:53

    attachment #1: screenshot (image/png) ──────────────────────────────────────────────────────────
    ..\..\test-results\smoke-smoke-tests-Smoke-Te-464c1-in-and-user-management-flow-Mobile-Chrome\test-failed-1.png
    ────────────────────────────────────────────────────────────────────────────────────────────────

    attachment #2: video (video/webm) ──────────────────────────────────────────────────────────────
    ..\..\test-results\smoke-smoke-tests-Smoke-Te-464c1-in-and-user-management-flow-Mobile-Chrome\video.webm
    ────────────────────────────────────────────────────────────────────────────────────────────────

    Error Context: ..\..\test-results\smoke-smoke-tests-Smoke-Te-464c1-in-and-user-management-flow-Mobile-Chrome\error-context.md
]]>
</failure>
<system-out>
<![CDATA[
[[ATTACHMENT|test-results\smoke-smoke-tests-Smoke-Te-464c1-in-and-user-management-flow-Mobile-Chrome\test-failed-1.png]]

[[ATTACHMENT|test-results\smoke-smoke-tests-Smoke-Te-464c1-in-and-user-management-flow-Mobile-Chrome\video.webm]]

[[ATTACHMENT|test-results\smoke-smoke-tests-Smoke-Te-464c1-in-and-user-management-flow-Mobile-Chrome\error-context.md]]
]]>
</system-out>
</testcase>
<testcase name="Smoke Tests - Critical User Flows › should complete event creation and registration flow" classname="smoke\smoke-tests.spec.ts" time="1.919">
<failure message="smoke-tests.spec.ts:66:7 should complete event creation and registration flow" type="FAILURE">
<![CDATA[  [Mobile Chrome] › smoke\smoke-tests.spec.ts:66:7 › Smoke Tests - Critical User Flows › should complete event creation and registration flow 

    TypeError: Cannot read properties of undefined (reading 'users')

      67 |     // Login as admin
      68 |     await page.goto('/login');
    > 69 |     await page.fill('input[type="email"]', testData.users.admin.email);
         |                                                     ^
      70 |     await page.fill('input[type="password"]', testData.users.admin.password);
      71 |     await page.click('button[type="submit"]');
      72 |     
        at E:\test-project-app\tests\playwright\smoke\smoke-tests.spec.ts:69:53

    attachment #1: screenshot (image/png) ──────────────────────────────────────────────────────────
    ..\..\test-results\smoke-smoke-tests-Smoke-Te-1f5b9-ation-and-registration-flow-Mobile-Chrome\test-failed-1.png
    ────────────────────────────────────────────────────────────────────────────────────────────────

    attachment #2: video (video/webm) ──────────────────────────────────────────────────────────────
    ..\..\test-results\smoke-smoke-tests-Smoke-Te-1f5b9-ation-and-registration-flow-Mobile-Chrome\video.webm
    ────────────────────────────────────────────────────────────────────────────────────────────────

    Error Context: ..\..\test-results\smoke-smoke-tests-Smoke-Te-1f5b9-ation-and-registration-flow-Mobile-Chrome\error-context.md
]]>
</failure>
<system-out>
<![CDATA[
[[ATTACHMENT|test-results\smoke-smoke-tests-Smoke-Te-1f5b9-ation-and-registration-flow-Mobile-Chrome\test-failed-1.png]]

[[ATTACHMENT|test-results\smoke-smoke-tests-Smoke-Te-1f5b9-ation-and-registration-flow-Mobile-Chrome\video.webm]]

[[ATTACHMENT|test-results\smoke-smoke-tests-Smoke-Te-1f5b9-ation-and-registration-flow-Mobile-Chrome\error-context.md]]
]]>
</system-out>
</testcase>
<testcase name="Smoke Tests - Critical User Flows › should complete scoring flow" classname="smoke\smoke-tests.spec.ts" time="1.87">
<failure message="smoke-tests.spec.ts:111:7 should complete scoring flow" type="FAILURE">
<![CDATA[  [Mobile Chrome] › smoke\smoke-tests.spec.ts:111:7 › Smoke Tests - Critical User Flows › should complete scoring flow 

    TypeError: Cannot read properties of undefined (reading 'users')

      112 |     // Login as judge
      113 |     await page.goto('/login');
    > 114 |     await page.fill('input[type="email"]', testData.users.judge.email);
          |                                                     ^
      115 |     await page.fill('input[type="password"]', testData.users.judge.password);
      116 |     await page.click('button[type="submit"]');
      117 |     
        at E:\test-project-app\tests\playwright\smoke\smoke-tests.spec.ts:114:53

    attachment #1: screenshot (image/png) ──────────────────────────────────────────────────────────
    ..\..\test-results\smoke-smoke-tests-Smoke-Te-3089d-hould-complete-scoring-flow-Mobile-Chrome\test-failed-1.png
    ────────────────────────────────────────────────────────────────────────────────────────────────

    attachment #2: video (video/webm) ──────────────────────────────────────────────────────────────
    ..\..\test-results\smoke-smoke-tests-Smoke-Te-3089d-hould-complete-scoring-flow-Mobile-Chrome\video.webm
    ────────────────────────────────────────────────────────────────────────────────────────────────

    Error Context: ..\..\test-results\smoke-smoke-tests-Smoke-Te-3089d-hould-complete-scoring-flow-Mobile-Chrome\error-context.md
]]>
</failure>
<system-out>
<![CDATA[
[[ATTACHMENT|test-results\smoke-smoke-tests-Smoke-Te-3089d-hould-complete-scoring-flow-Mobile-Chrome\test-failed-1.png]]

[[ATTACHMENT|test-results\smoke-smoke-tests-Smoke-Te-3089d-hould-complete-scoring-flow-Mobile-Chrome\video.webm]]

[[ATTACHMENT|test-results\smoke-smoke-tests-Smoke-Te-3089d-hould-complete-scoring-flow-Mobile-Chrome\error-context.md]]
]]>
</system-out>
</testcase>
<testcase name="Smoke Tests - Critical User Flows › should complete volunteer verification flow" classname="smoke\smoke-tests.spec.ts" time="2.014">
<failure message="smoke-tests.spec.ts:138:7 should complete volunteer verification flow" type="FAILURE">
<![CDATA[  [Mobile Chrome] › smoke\smoke-tests.spec.ts:138:7 › Smoke Tests - Critical User Flows › should complete volunteer verification flow 

    TypeError: Cannot read properties of undefined (reading 'users')

      139 |     // Login as volunteer
      140 |     await page.goto('/login');
    > 141 |     await page.fill('input[type="email"]', testData.users.volunteer.email);
          |                                                     ^
      142 |     await page.fill('input[type="password"]', testData.users.volunteer.password);
      143 |     await page.click('button[type="submit"]');
      144 |     
        at E:\test-project-app\tests\playwright\smoke\smoke-tests.spec.ts:141:53

    attachment #1: screenshot (image/png) ──────────────────────────────────────────────────────────
    ..\..\test-results\smoke-smoke-tests-Smoke-Te-7b25a-volunteer-verification-flow-Mobile-Chrome\test-failed-1.png
    ────────────────────────────────────────────────────────────────────────────────────────────────

    attachment #2: video (video/webm) ──────────────────────────────────────────────────────────────
    ..\..\test-results\smoke-smoke-tests-Smoke-Te-7b25a-volunteer-verification-flow-Mobile-Chrome\video.webm
    ────────────────────────────────────────────────────────────────────────────────────────────────

    Error Context: ..\..\test-results\smoke-smoke-tests-Smoke-Te-7b25a-volunteer-verification-flow-Mobile-Chrome\error-context.md
]]>
</failure>
<system-out>
<![CDATA[
[[ATTACHMENT|test-results\smoke-smoke-tests-Smoke-Te-7b25a-volunteer-verification-flow-Mobile-Chrome\test-failed-1.png]]

[[ATTACHMENT|test-results\smoke-smoke-tests-Smoke-Te-7b25a-volunteer-verification-flow-Mobile-Chrome\video.webm]]

[[ATTACHMENT|test-results\smoke-smoke-tests-Smoke-Te-7b25a-volunteer-verification-flow-Mobile-Chrome\error-context.md]]
]]>
</system-out>
</testcase>
<testcase name="Smoke Tests - Critical User Flows › should complete results viewing flow" classname="smoke\smoke-tests.spec.ts" time="6.759">
<failure message="smoke-tests.spec.ts:163:7 should complete results viewing flow" type="FAILURE">
<![CDATA[  [Mobile Chrome] › smoke\smoke-tests.spec.ts:163:7 › Smoke Tests - Critical User Flows › should complete results viewing flow 

    Error: expect(locator).toBeVisible() failed

    Locator: locator('.results-page, [data-testid="results-page"]')
    Expected: visible
    Timeout: 5000ms
    Error: element(s) not found

    Call log:
      - Expect "toBeVisible" with timeout 5000ms
      - waiting for locator('.results-page, [data-testid="results-page"]')


      164 |     // Navigate to results page
      165 |     await page.goto('/results');
    > 166 |     await expect(page.locator('.results-page, [data-testid="results-page"]')).toBeVisible();
          |                                                                               ^
      167 |     
      168 |     // Check if results are displayed
      169 |     const results = page.locator('.result-item, [data-testid="result-item"]');
        at E:\test-project-app\tests\playwright\smoke\smoke-tests.spec.ts:166:79

    attachment #1: screenshot (image/png) ──────────────────────────────────────────────────────────
    ..\..\test-results\smoke-smoke-tests-Smoke-Te-f48f2-mplete-results-viewing-flow-Mobile-Chrome\test-failed-1.png
    ────────────────────────────────────────────────────────────────────────────────────────────────

    attachment #2: video (video/webm) ──────────────────────────────────────────────────────────────
    ..\..\test-results\smoke-smoke-tests-Smoke-Te-f48f2-mplete-results-viewing-flow-Mobile-Chrome\video.webm
    ────────────────────────────────────────────────────────────────────────────────────────────────

    Error Context: ..\..\test-results\smoke-smoke-tests-Smoke-Te-f48f2-mplete-results-viewing-flow-Mobile-Chrome\error-context.md
]]>
</failure>
<system-out>
<![CDATA[
[[ATTACHMENT|test-results\smoke-smoke-tests-Smoke-Te-f48f2-mplete-results-viewing-flow-Mobile-Chrome\test-failed-1.png]]

[[ATTACHMENT|test-results\smoke-smoke-tests-Smoke-Te-f48f2-mplete-results-viewing-flow-Mobile-Chrome\video.webm]]

[[ATTACHMENT|test-results\smoke-smoke-tests-Smoke-Te-f48f2-mplete-results-viewing-flow-Mobile-Chrome\error-context.md]]
]]>
</system-out>
</testcase>
<testcase name="Smoke Tests - Critical User Flows › should handle error scenarios gracefully" classname="smoke\smoke-tests.spec.ts" time="30.59">
<failure message="smoke-tests.spec.ts:184:7 should handle error scenarios gracefully" type="FAILURE">
<![CDATA[  [Mobile Chrome] › smoke\smoke-tests.spec.ts:184:7 › Smoke Tests - Critical User Flows › should handle error scenarios gracefully 

    Test timeout of 30000ms exceeded.

    Error: page.fill: Test timeout of 30000ms exceeded.
    Call log:
      - waiting for locator('input[type="email"]')


      185 |     // Test invalid login
      186 |     await page.goto('/login');
    > 187 |     await page.fill('input[type="email"]', 'invalid@example.com');
          |                ^
      188 |     await page.fill('input[type="password"]', 'wrongpassword');
      189 |     await page.click('button[type="submit"]');
      190 |     
        at E:\test-project-app\tests\playwright\smoke\smoke-tests.spec.ts:187:16

    attachment #1: screenshot (image/png) ──────────────────────────────────────────────────────────
    ..\..\test-results\smoke-smoke-tests-Smoke-Te-866ca--error-scenarios-gracefully-Mobile-Chrome\test-failed-1.png
    ────────────────────────────────────────────────────────────────────────────────────────────────

    attachment #2: video (video/webm) ──────────────────────────────────────────────────────────────
    ..\..\test-results\smoke-smoke-tests-Smoke-Te-866ca--error-scenarios-gracefully-Mobile-Chrome\video.webm
    ────────────────────────────────────────────────────────────────────────────────────────────────

    Error Context: ..\..\test-results\smoke-smoke-tests-Smoke-Te-866ca--error-scenarios-gracefully-Mobile-Chrome\error-context.md
]]>
</failure>
<system-out>
<![CDATA[
[[ATTACHMENT|test-results\smoke-smoke-tests-Smoke-Te-866ca--error-scenarios-gracefully-Mobile-Chrome\test-failed-1.png]]

[[ATTACHMENT|test-results\smoke-smoke-tests-Smoke-Te-866ca--error-scenarios-gracefully-Mobile-Chrome\video.webm]]

[[ATTACHMENT|test-results\smoke-smoke-tests-Smoke-Te-866ca--error-scenarios-gracefully-Mobile-Chrome\error-context.md]]
]]>
</system-out>
</testcase>
<testcase name="Smoke Tests - Critical User Flows › should maintain session across page refreshes" classname="smoke\smoke-tests.spec.ts" time="2.751">
<failure message="smoke-tests.spec.ts:205:7 should maintain session across page refreshes" type="FAILURE">
<![CDATA[  [Mobile Chrome] › smoke\smoke-tests.spec.ts:205:7 › Smoke Tests - Critical User Flows › should maintain session across page refreshes 

    TypeError: Cannot read properties of undefined (reading 'users')

      206 |     // Login
      207 |     await page.goto('/login');
    > 208 |     await page.fill('input[type="email"]', testData.users.student.email);
          |                                                     ^
      209 |     await page.fill('input[type="password"]', testData.users.student.password);
      210 |     await page.click('button[type="submit"]');
      211 |     
        at E:\test-project-app\tests\playwright\smoke\smoke-tests.spec.ts:208:53

    attachment #1: screenshot (image/png) ──────────────────────────────────────────────────────────
    ..\..\test-results\smoke-smoke-tests-Smoke-Te-973c5-ssion-across-page-refreshes-Mobile-Chrome\test-failed-1.png
    ────────────────────────────────────────────────────────────────────────────────────────────────

    attachment #2: video (video/webm) ──────────────────────────────────────────────────────────────
    ..\..\test-results\smoke-smoke-tests-Smoke-Te-973c5-ssion-across-page-refreshes-Mobile-Chrome\video.webm
    ────────────────────────────────────────────────────────────────────────────────────────────────

    Error Context: ..\..\test-results\smoke-smoke-tests-Smoke-Te-973c5-ssion-across-page-refreshes-Mobile-Chrome\error-context.md
]]>
</failure>
<system-out>
<![CDATA[
[[ATTACHMENT|test-results\smoke-smoke-tests-Smoke-Te-973c5-ssion-across-page-refreshes-Mobile-Chrome\test-failed-1.png]]

[[ATTACHMENT|test-results\smoke-smoke-tests-Smoke-Te-973c5-ssion-across-page-refreshes-Mobile-Chrome\video.webm]]

[[ATTACHMENT|test-results\smoke-smoke-tests-Smoke-Te-973c5-ssion-across-page-refreshes-Mobile-Chrome\error-context.md]]
]]>
</system-out>
</testcase>
<testcase name="Smoke Tests - Critical User Flows › should handle multiple browser tabs" classname="smoke\smoke-tests.spec.ts" time="2.208">
<failure message="smoke-tests.spec.ts:223:7 should handle multiple browser tabs" type="FAILURE">
<![CDATA[  [Mobile Chrome] › smoke\smoke-tests.spec.ts:223:7 › Smoke Tests - Critical User Flows › should handle multiple browser tabs 

    TypeError: Cannot read properties of undefined (reading 'users')

      224 |     // Login in first tab
      225 |     await page.goto('/login');
    > 226 |     await page.fill('input[type="email"]', testData.users.student.email);
          |                                                     ^
      227 |     await page.fill('input[type="password"]', testData.users.student.password);
      228 |     await page.click('button[type="submit"]');
      229 |     
        at E:\test-project-app\tests\playwright\smoke\smoke-tests.spec.ts:226:53

    attachment #1: screenshot (image/png) ──────────────────────────────────────────────────────────
    ..\..\test-results\smoke-smoke-tests-Smoke-Te-b42de-andle-multiple-browser-tabs-Mobile-Chrome\test-failed-1.png
    ────────────────────────────────────────────────────────────────────────────────────────────────

    attachment #2: video (video/webm) ──────────────────────────────────────────────────────────────
    ..\..\test-results\smoke-smoke-tests-Smoke-Te-b42de-andle-multiple-browser-tabs-Mobile-Chrome\video.webm
    ────────────────────────────────────────────────────────────────────────────────────────────────

    Error Context: ..\..\test-results\smoke-smoke-tests-Smoke-Te-b42de-andle-multiple-browser-tabs-Mobile-Chrome\error-context.md
]]>
</failure>
<system-out>
<![CDATA[
[[ATTACHMENT|test-results\smoke-smoke-tests-Smoke-Te-b42de-andle-multiple-browser-tabs-Mobile-Chrome\test-failed-1.png]]

[[ATTACHMENT|test-results\smoke-smoke-tests-Smoke-Te-b42de-andle-multiple-browser-tabs-Mobile-Chrome\video.webm]]

[[ATTACHMENT|test-results\smoke-smoke-tests-Smoke-Te-b42de-andle-multiple-browser-tabs-Mobile-Chrome\error-context.md]]
]]>
</system-out>
</testcase>
<testcase name="Smoke Tests - Critical User Flows › should handle form validation errors" classname="smoke\smoke-tests.spec.ts" time="32.026">
<failure message="smoke-tests.spec.ts:249:7 should handle form validation errors" type="FAILURE">
<![CDATA[  [Mobile Chrome] › smoke\smoke-tests.spec.ts:249:7 › Smoke Tests - Critical User Flows › should handle form validation errors 

    Test timeout of 30000ms exceeded.

    Error: page.click: Test timeout of 30000ms exceeded.
    Call log:
      - waiting for locator('button[type="submit"]')


      252 |     
      253 |     // Submit form without required fields
    > 254 |     await page.click('button[type="submit"]');
          |                ^
      255 |     
      256 |     // Should show validation errors
      257 |     await expect(page.locator('.error, .alert-error')).toBeVisible();
        at E:\test-project-app\tests\playwright\smoke\smoke-tests.spec.ts:254:16

    attachment #1: screenshot (image/png) ──────────────────────────────────────────────────────────
    ..\..\test-results\smoke-smoke-tests-Smoke-Te-70545-ndle-form-validation-errors-Mobile-Chrome\test-failed-1.png
    ────────────────────────────────────────────────────────────────────────────────────────────────

    attachment #2: video (video/webm) ──────────────────────────────────────────────────────────────
    ..\..\test-results\smoke-smoke-tests-Smoke-Te-70545-ndle-form-validation-errors-Mobile-Chrome\video.webm
    ────────────────────────────────────────────────────────────────────────────────────────────────

    Error Context: ..\..\test-results\smoke-smoke-tests-Smoke-Te-70545-ndle-form-validation-errors-Mobile-Chrome\error-context.md
]]>
</failure>
<system-out>
<![CDATA[
[[ATTACHMENT|test-results\smoke-smoke-tests-Smoke-Te-70545-ndle-form-validation-errors-Mobile-Chrome\test-failed-1.png]]

[[ATTACHMENT|test-results\smoke-smoke-tests-Smoke-Te-70545-ndle-form-validation-errors-Mobile-Chrome\video.webm]]

[[ATTACHMENT|test-results\smoke-smoke-tests-Smoke-Te-70545-ndle-form-validation-errors-Mobile-Chrome\error-context.md]]
]]>
</system-out>
</testcase>
<testcase name="Smoke Tests - Critical User Flows › should handle concurrent user actions" classname="smoke\smoke-tests.spec.ts" time="1.655">
<failure message="smoke-tests.spec.ts:267:7 should handle concurrent user actions" type="FAILURE">
<![CDATA[  [Mobile Chrome] › smoke\smoke-tests.spec.ts:267:7 › Smoke Tests - Critical User Flows › should handle concurrent user actions 

    TypeError: Cannot read properties of undefined (reading 'users')

      268 |     // Login as admin
      269 |     await page.goto('/login');
    > 270 |     await page.fill('input[type="email"]', testData.users.admin.email);
          |                                                     ^
      271 |     await page.fill('input[type="password"]', testData.users.admin.password);
      272 |     await page.click('button[type="submit"]');
      273 |     
        at E:\test-project-app\tests\playwright\smoke\smoke-tests.spec.ts:270:53

    attachment #1: screenshot (image/png) ──────────────────────────────────────────────────────────
    ..\..\test-results\smoke-smoke-tests-Smoke-Te-1208d-dle-concurrent-user-actions-Mobile-Chrome\test-failed-1.png
    ────────────────────────────────────────────────────────────────────────────────────────────────

    attachment #2: video (video/webm) ──────────────────────────────────────────────────────────────
    ..\..\test-results\smoke-smoke-tests-Smoke-Te-1208d-dle-concurrent-user-actions-Mobile-Chrome\video.webm
    ────────────────────────────────────────────────────────────────────────────────────────────────

    Error Context: ..\..\test-results\smoke-smoke-tests-Smoke-Te-1208d-dle-concurrent-user-actions-Mobile-Chrome\error-context.md
]]>
</failure>
<system-out>
<![CDATA[
[[ATTACHMENT|test-results\smoke-smoke-tests-Smoke-Te-1208d-dle-concurrent-user-actions-Mobile-Chrome\test-failed-1.png]]

[[ATTACHMENT|test-results\smoke-smoke-tests-Smoke-Te-1208d-dle-concurrent-user-actions-Mobile-Chrome\video.webm]]

[[ATTACHMENT|test-results\smoke-smoke-tests-Smoke-Te-1208d-dle-concurrent-user-actions-Mobile-Chrome\error-context.md]]
]]>
</system-out>
</testcase>
</testsuite>
<testsuite name="ui\ui-checks.spec.ts" timestamp="2026-02-20T03:52:25.301Z" hostname="Mobile Chrome" tests="30" failures="9" skipped="0" time="240.931" errors="0">
<testcase name="UI Checks - Responsive Design › should display correctly on desktop" classname="ui\ui-checks.spec.ts" time="8.335">
<failure message="ui-checks.spec.ts:6:7 should display correctly on desktop" type="FAILURE">
<![CDATA[  [Mobile Chrome] › ui\ui-checks.spec.ts:6:7 › UI Checks - Responsive Design › should display correctly on desktop 

    Error: expect(locator).toBeVisible() failed

    Locator: locator('footer')
    Expected: visible
    Timeout: 5000ms
    Error: element(s) not found

    Call log:
      - Expect "toBeVisible" with timeout 5000ms
      - waiting for locator('footer')


      10 |     await expect(page.locator('header')).toBeVisible();
      11 |     await expect(page.locator('main')).toBeVisible();
    > 12 |     await expect(page.locator('footer')).toBeVisible();
         |                                          ^
      13 |   });
      14 |
      15 |   test('should display correctly on tablet', async ({ page }, { testData }) => {
        at E:\test-project-app\tests\playwright\ui\ui-checks.spec.ts:12:42

    attachment #1: screenshot (image/png) ──────────────────────────────────────────────────────────
    ..\..\test-results\ui-ui-checks-UI-Checks---R-827a4-isplay-correctly-on-desktop-Mobile-Chrome\test-failed-1.png
    ────────────────────────────────────────────────────────────────────────────────────────────────

    attachment #2: video (video/webm) ──────────────────────────────────────────────────────────────
    ..\..\test-results\ui-ui-checks-UI-Checks---R-827a4-isplay-correctly-on-desktop-Mobile-Chrome\video.webm
    ────────────────────────────────────────────────────────────────────────────────────────────────

    Error Context: ..\..\test-results\ui-ui-checks-UI-Checks---R-827a4-isplay-correctly-on-desktop-Mobile-Chrome\error-context.md
]]>
</failure>
<system-out>
<![CDATA[
[[ATTACHMENT|test-results\ui-ui-checks-UI-Checks---R-827a4-isplay-correctly-on-desktop-Mobile-Chrome\test-failed-1.png]]

[[ATTACHMENT|test-results\ui-ui-checks-UI-Checks---R-827a4-isplay-correctly-on-desktop-Mobile-Chrome\video.webm]]

[[ATTACHMENT|test-results\ui-ui-checks-UI-Checks---R-827a4-isplay-correctly-on-desktop-Mobile-Chrome\error-context.md]]
]]>
</system-out>
</testcase>
<testcase name="UI Checks - Responsive Design › should display correctly on tablet" classname="ui\ui-checks.spec.ts" time="2.554">
</testcase>
<testcase name="UI Checks - Responsive Design › should display correctly on mobile" classname="ui\ui-checks.spec.ts" time="2.328">
</testcase>
<testcase name="UI Checks - Responsive Design › should handle orientation changes" classname="ui\ui-checks.spec.ts" time="2.292">
</testcase>
<testcase name="UI Checks - Accessibility › should have proper heading hierarchy" classname="ui\ui-checks.spec.ts" time="2.269">
</testcase>
<testcase name="UI Checks - Accessibility › should have proper alt text for images" classname="ui\ui-checks.spec.ts" time="1.47">
</testcase>
<testcase name="UI Checks - Accessibility › should have proper form labels" classname="ui\ui-checks.spec.ts" time="1.6">
</testcase>
<testcase name="UI Checks - Accessibility › should support keyboard navigation" classname="ui\ui-checks.spec.ts" time="1.717">
</testcase>
<testcase name="UI Checks - Accessibility › should have proper color contrast" classname="ui\ui-checks.spec.ts" time="1.636">
</testcase>
<testcase name="UI Checks - Accessibility › should have proper focus indicators" classname="ui\ui-checks.spec.ts" time="1.904">
</testcase>
<testcase name="UI Checks - Performance › should load within acceptable time" classname="ui\ui-checks.spec.ts" time="2.212">
</testcase>
<testcase name="UI Checks - Performance › should have optimized images" classname="ui\ui-checks.spec.ts" time="1.522">
</testcase>
<testcase name="UI Checks - Performance › should have minimal layout shift" classname="ui\ui-checks.spec.ts" time="1.525">
</testcase>
<testcase name="UI Checks - Performance › should have efficient CSS" classname="ui\ui-checks.spec.ts" time="1.597">
</testcase>
<testcase name="UI Checks - Cross-Browser Compatibility › should work in Chrome" classname="ui\ui-checks.spec.ts" time="1.574">
</testcase>
<testcase name="UI Checks - Cross-Browser Compatibility › should work in Firefox" classname="ui\ui-checks.spec.ts" time="1.514">
</testcase>
<testcase name="UI Checks - Cross-Browser Compatibility › should work in Safari" classname="ui\ui-checks.spec.ts" time="1.59">
</testcase>
<testcase name="UI Checks - Cross-Browser Compatibility › should handle different user agents" classname="ui\ui-checks.spec.ts" time="1.694">
</testcase>
<testcase name="UI Checks - Form Validation › should show validation errors for required fields" classname="ui\ui-checks.spec.ts" time="1.856">
</testcase>
<testcase name="UI Checks - Form Validation › should show validation errors for invalid email" classname="ui\ui-checks.spec.ts" time="30.791">
<failure message="ui-checks.spec.ts:260:7 should show validation errors for invalid email" type="FAILURE">
<![CDATA[  [Mobile Chrome] › ui\ui-checks.spec.ts:260:7 › UI Checks - Form Validation › should show validation errors for invalid email 

    Test timeout of 30000ms exceeded.

    Error: page.fill: Test timeout of 30000ms exceeded.
    Call log:
      - waiting for locator('input[type="email"]')


      261 |     await page.goto('/login');
      262 |     
    > 263 |     await page.fill('input[type="email"]', 'invalid-email');
          |                ^
      264 |     await page.click('button[type="submit"]');
      265 |     
      266 |     const emailField = page.locator('input[type="email"]');
        at E:\test-project-app\tests\playwright\ui\ui-checks.spec.ts:263:16

    attachment #1: screenshot (image/png) ──────────────────────────────────────────────────────────
    ..\..\test-results\ui-ui-checks-UI-Checks---F-c21a8-on-errors-for-invalid-email-Mobile-Chrome\test-failed-1.png
    ────────────────────────────────────────────────────────────────────────────────────────────────

    attachment #2: video (video/webm) ──────────────────────────────────────────────────────────────
    ..\..\test-results\ui-ui-checks-UI-Checks---F-c21a8-on-errors-for-invalid-email-Mobile-Chrome\video.webm
    ────────────────────────────────────────────────────────────────────────────────────────────────

    Error Context: ..\..\test-results\ui-ui-checks-UI-Checks---F-c21a8-on-errors-for-invalid-email-Mobile-Chrome\error-context.md
]]>
</failure>
<system-out>
<![CDATA[
[[ATTACHMENT|test-results\ui-ui-checks-UI-Checks---F-c21a8-on-errors-for-invalid-email-Mobile-Chrome\test-failed-1.png]]

[[ATTACHMENT|test-results\ui-ui-checks-UI-Checks---F-c21a8-on-errors-for-invalid-email-Mobile-Chrome\video.webm]]

[[ATTACHMENT|test-results\ui-ui-checks-UI-Checks---F-c21a8-on-errors-for-invalid-email-Mobile-Chrome\error-context.md]]
]]>
</system-out>
</testcase>
<testcase name="UI Checks - Form Validation › should show validation errors for password requirements" classname="ui\ui-checks.spec.ts" time="32.341">
<failure message="ui-checks.spec.ts:271:7 should show validation errors for password requirements" type="FAILURE">
<![CDATA[  [Mobile Chrome] › ui\ui-checks.spec.ts:271:7 › UI Checks - Form Validation › should show validation errors for password requirements 

    Test timeout of 30000ms exceeded.

    Error: page.fill: Test timeout of 30000ms exceeded.
    Call log:
      - waiting for locator('input[type="password"]')


      272 |     await page.goto('/register');
      273 |     
    > 274 |     await page.fill('input[type="password"]', 'weak');
          |                ^
      275 |     await page.click('button[type="submit"]');
      276 |     
      277 |     const passwordField = page.locator('input[type="password"]');
        at E:\test-project-app\tests\playwright\ui\ui-checks.spec.ts:274:16

    attachment #1: screenshot (image/png) ──────────────────────────────────────────────────────────
    ..\..\test-results\ui-ui-checks-UI-Checks---F-c6e1f-s-for-password-requirements-Mobile-Chrome\test-failed-1.png
    ────────────────────────────────────────────────────────────────────────────────────────────────

    attachment #2: video (video/webm) ──────────────────────────────────────────────────────────────
    ..\..\test-results\ui-ui-checks-UI-Checks---F-c6e1f-s-for-password-requirements-Mobile-Chrome\video.webm
    ────────────────────────────────────────────────────────────────────────────────────────────────

    Error Context: ..\..\test-results\ui-ui-checks-UI-Checks---F-c6e1f-s-for-password-requirements-Mobile-Chrome\error-context.md
]]>
</failure>
<system-out>
<![CDATA[
[[ATTACHMENT|test-results\ui-ui-checks-UI-Checks---F-c6e1f-s-for-password-requirements-Mobile-Chrome\test-failed-1.png]]

[[ATTACHMENT|test-results\ui-ui-checks-UI-Checks---F-c6e1f-s-for-password-requirements-Mobile-Chrome\video.webm]]

[[ATTACHMENT|test-results\ui-ui-checks-UI-Checks---F-c6e1f-s-for-password-requirements-Mobile-Chrome\error-context.md]]
]]>
</system-out>
</testcase>
<testcase name="UI Checks - Form Validation › should clear validation errors when field is corrected" classname="ui\ui-checks.spec.ts" time="30.757">
<failure message="ui-checks.spec.ts:282:7 should clear validation errors when field is corrected" type="FAILURE">
<![CDATA[  [Mobile Chrome] › ui\ui-checks.spec.ts:282:7 › UI Checks - Form Validation › should clear validation errors when field is corrected 

    Test timeout of 30000ms exceeded.

    Error: page.fill: Test timeout of 30000ms exceeded.
    Call log:
      - waiting for locator('input[type="email"]')


      284 |     
      285 |     // Fill invalid email
    > 286 |     await page.fill('input[type="email"]', 'invalid-email');
          |                ^
      287 |     await page.click('button[type="submit"]');
      288 |     
      289 |     // Correct the email
        at E:\test-project-app\tests\playwright\ui\ui-checks.spec.ts:286:16

    attachment #1: screenshot (image/png) ──────────────────────────────────────────────────────────
    ..\..\test-results\ui-ui-checks-UI-Checks---F-88c56-ors-when-field-is-corrected-Mobile-Chrome\test-failed-1.png
    ────────────────────────────────────────────────────────────────────────────────────────────────

    attachment #2: video (video/webm) ──────────────────────────────────────────────────────────────
    ..\..\test-results\ui-ui-checks-UI-Checks---F-88c56-ors-when-field-is-corrected-Mobile-Chrome\video.webm
    ────────────────────────────────────────────────────────────────────────────────────────────────

    Error Context: ..\..\test-results\ui-ui-checks-UI-Checks---F-88c56-ors-when-field-is-corrected-Mobile-Chrome\error-context.md
]]>
</failure>
<system-out>
<![CDATA[
[[ATTACHMENT|test-results\ui-ui-checks-UI-Checks---F-88c56-ors-when-field-is-corrected-Mobile-Chrome\test-failed-1.png]]

[[ATTACHMENT|test-results\ui-ui-checks-UI-Checks---F-88c56-ors-when-field-is-corrected-Mobile-Chrome\video.webm]]

[[ATTACHMENT|test-results\ui-ui-checks-UI-Checks---F-88c56-ors-when-field-is-corrected-Mobile-Chrome\error-context.md]]
]]>
</system-out>
</testcase>
<testcase name="UI Checks - Error Handling › should display error messages for network errors" classname="ui\ui-checks.spec.ts" time="30.711">
<failure message="ui-checks.spec.ts:299:7 should display error messages for network errors" type="FAILURE">
<![CDATA[  [Mobile Chrome] › ui\ui-checks.spec.ts:299:7 › UI Checks - Error Handling › should display error messages for network errors 

    Test timeout of 30000ms exceeded.

    Error: page.fill: Test timeout of 30000ms exceeded.
    Call log:
      - waiting for locator('input[type="email"]')


      302 |     
      303 |     await page.goto('/login');
    > 304 |     await page.fill('input[type="email"]', 'test@example.com');
          |                ^
      305 |     await page.fill('input[type="password"]', 'password123');
      306 |     await page.click('button[type="submit"]');
      307 |     
        at E:\test-project-app\tests\playwright\ui\ui-checks.spec.ts:304:16

    attachment #1: screenshot (image/png) ──────────────────────────────────────────────────────────
    ..\..\test-results\ui-ui-checks-UI-Checks---E-cd654-messages-for-network-errors-Mobile-Chrome\test-failed-1.png
    ────────────────────────────────────────────────────────────────────────────────────────────────

    attachment #2: video (video/webm) ──────────────────────────────────────────────────────────────
    ..\..\test-results\ui-ui-checks-UI-Checks---E-cd654-messages-for-network-errors-Mobile-Chrome\video.webm
    ────────────────────────────────────────────────────────────────────────────────────────────────

    Error Context: ..\..\test-results\ui-ui-checks-UI-Checks---E-cd654-messages-for-network-errors-Mobile-Chrome\error-context.md
]]>
</failure>
<system-out>
<![CDATA[
[[ATTACHMENT|test-results\ui-ui-checks-UI-Checks---E-cd654-messages-for-network-errors-Mobile-Chrome\test-failed-1.png]]

[[ATTACHMENT|test-results\ui-ui-checks-UI-Checks---E-cd654-messages-for-network-errors-Mobile-Chrome\video.webm]]

[[ATTACHMENT|test-results\ui-ui-checks-UI-Checks---E-cd654-messages-for-network-errors-Mobile-Chrome\error-context.md]]
]]>
</system-out>
</testcase>
<testcase name="UI Checks - Error Handling › should display loading states" classname="ui\ui-checks.spec.ts" time="30.742">
<failure message="ui-checks.spec.ts:312:7 should display loading states" type="FAILURE">
<![CDATA[  [Mobile Chrome] › ui\ui-checks.spec.ts:312:7 › UI Checks - Error Handling › should display loading states 

    Test timeout of 30000ms exceeded.

    Error: page.fill: Test timeout of 30000ms exceeded.
    Call log:
      - waiting for locator('input[type="email"]')


      319 |     });
      320 |     
    > 321 |     await page.fill('input[type="email"]', 'test@example.com');
          |                ^
      322 |     await page.fill('input[type="password"]', 'password123');
      323 |     await page.click('button[type="submit"]');
      324 |     
        at E:\test-project-app\tests\playwright\ui\ui-checks.spec.ts:321:16

    attachment #1: screenshot (image/png) ──────────────────────────────────────────────────────────
    ..\..\test-results\ui-ui-checks-UI-Checks---E-6a2e0-ould-display-loading-states-Mobile-Chrome\test-failed-1.png
    ────────────────────────────────────────────────────────────────────────────────────────────────

    attachment #2: video (video/webm) ──────────────────────────────────────────────────────────────
    ..\..\test-results\ui-ui-checks-UI-Checks---E-6a2e0-ould-display-loading-states-Mobile-Chrome\video.webm
    ────────────────────────────────────────────────────────────────────────────────────────────────

    Error Context: ..\..\test-results\ui-ui-checks-UI-Checks---E-6a2e0-ould-display-loading-states-Mobile-Chrome\error-context.md
]]>
</failure>
<system-out>
<![CDATA[
[[ATTACHMENT|test-results\ui-ui-checks-UI-Checks---E-6a2e0-ould-display-loading-states-Mobile-Chrome\test-failed-1.png]]

[[ATTACHMENT|test-results\ui-ui-checks-UI-Checks---E-6a2e0-ould-display-loading-states-Mobile-Chrome\video.webm]]

[[ATTACHMENT|test-results\ui-ui-checks-UI-Checks---E-6a2e0-ould-display-loading-states-Mobile-Chrome\error-context.md]]
]]>
</system-out>
</testcase>
<testcase name="UI Checks - Error Handling › should handle 404 errors gracefully" classname="ui\ui-checks.spec.ts" time="1.248">
</testcase>
<testcase name="UI Checks - Error Handling › should handle 500 errors gracefully" classname="ui\ui-checks.spec.ts" time="30.621">
<failure message="ui-checks.spec.ts:336:7 should handle 500 errors gracefully" type="FAILURE">
<![CDATA[  [Mobile Chrome] › ui\ui-checks.spec.ts:336:7 › UI Checks - Error Handling › should handle 500 errors gracefully 

    Test timeout of 30000ms exceeded.

    Error: page.fill: Test timeout of 30000ms exceeded.
    Call log:
      - waiting for locator('input[type="email"]')


      343 |     
      344 |     await page.goto('/login');
    > 345 |     await page.fill('input[type="email"]', 'test@example.com');
          |                ^
      346 |     await page.fill('input[type="password"]', 'password123');
      347 |     await page.click('button[type="submit"]');
      348 |     
        at E:\test-project-app\tests\playwright\ui\ui-checks.spec.ts:345:16

    attachment #1: screenshot (image/png) ──────────────────────────────────────────────────────────
    ..\..\test-results\ui-ui-checks-UI-Checks---E-9bde4-andle-500-errors-gracefully-Mobile-Chrome\test-failed-1.png
    ────────────────────────────────────────────────────────────────────────────────────────────────

    attachment #2: video (video/webm) ──────────────────────────────────────────────────────────────
    ..\..\test-results\ui-ui-checks-UI-Checks---E-9bde4-andle-500-errors-gracefully-Mobile-Chrome\video.webm
    ────────────────────────────────────────────────────────────────────────────────────────────────

    Error Context: ..\..\test-results\ui-ui-checks-UI-Checks---E-9bde4-andle-500-errors-gracefully-Mobile-Chrome\error-context.md
]]>
</failure>
<system-out>
<![CDATA[
[[ATTACHMENT|test-results\ui-ui-checks-UI-Checks---E-9bde4-andle-500-errors-gracefully-Mobile-Chrome\test-failed-1.png]]

[[ATTACHMENT|test-results\ui-ui-checks-UI-Checks---E-9bde4-andle-500-errors-gracefully-Mobile-Chrome\video.webm]]

[[ATTACHMENT|test-results\ui-ui-checks-UI-Checks---E-9bde4-andle-500-errors-gracefully-Mobile-Chrome\error-context.md]]
]]>
</system-out>
</testcase>
<testcase name="UI Checks - User Experience › should have intuitive navigation" classname="ui\ui-checks.spec.ts" time="6.621">
<failure message="ui-checks.spec.ts:355:7 should have intuitive navigation" type="FAILURE">
<![CDATA[  [Mobile Chrome] › ui\ui-checks.spec.ts:355:7 › UI Checks - User Experience › should have intuitive navigation 

    Error: expect(locator).toBeVisible() failed

    Locator:  locator('nav, [data-testid="navigation"]')
    Expected: visible
    Received: hidden
    Timeout:  5000ms

    Call log:
      - Expect "toBeVisible" with timeout 5000ms
      - waiting for locator('nav, [data-testid="navigation"]')
        8 × locator resolved to <nav class="flex items-center space-x-6">…</nav>
          - unexpected value "hidden"


      357 |     
      358 |     const navigation = page.locator('nav, [data-testid="navigation"]');
    > 359 |     await expect(navigation).toBeVisible();
          |                              ^
      360 |     
      361 |     const navLinks = page.locator('nav a, [data-testid="navigation"] a');
      362 |     const linkCount = await navLinks.count();
        at E:\test-project-app\tests\playwright\ui\ui-checks.spec.ts:359:30

    attachment #1: screenshot (image/png) ──────────────────────────────────────────────────────────
    ..\..\test-results\ui-ui-checks-UI-Checks---U-d263e-d-have-intuitive-navigation-Mobile-Chrome\test-failed-1.png
    ────────────────────────────────────────────────────────────────────────────────────────────────

    attachment #2: video (video/webm) ──────────────────────────────────────────────────────────────
    ..\..\test-results\ui-ui-checks-UI-Checks---U-d263e-d-have-intuitive-navigation-Mobile-Chrome\video.webm
    ────────────────────────────────────────────────────────────────────────────────────────────────

    Error Context: ..\..\test-results\ui-ui-checks-UI-Checks---U-d263e-d-have-intuitive-navigation-Mobile-Chrome\error-context.md
]]>
</failure>
<system-out>
<![CDATA[
[[ATTACHMENT|test-results\ui-ui-checks-UI-Checks---U-d263e-d-have-intuitive-navigation-Mobile-Chrome\test-failed-1.png]]

[[ATTACHMENT|test-results\ui-ui-checks-UI-Checks---U-d263e-d-have-intuitive-navigation-Mobile-Chrome\video.webm]]

[[ATTACHMENT|test-results\ui-ui-checks-UI-Checks---U-d263e-d-have-intuitive-navigation-Mobile-Chrome\error-context.md]]
]]>
</system-out>
</testcase>
<testcase name="UI Checks - User Experience › should have clear call-to-action buttons" classname="ui\ui-checks.spec.ts" time="1.962">
<failure message="ui-checks.spec.ts:371:7 should have clear call-to-action buttons" type="FAILURE">
<![CDATA[  [Mobile Chrome] › ui\ui-checks.spec.ts:371:7 › UI Checks - User Experience › should have clear call-to-action buttons 

    Error: expect(received).toBeTruthy()

    Received: ""

      378 |       const button = buttons.nth(i);
      379 |       const text = await button.textContent();
    > 380 |       expect(text).toBeTruthy();
          |                    ^
      381 |     }
      382 |   });
      383 |
        at E:\test-project-app\tests\playwright\ui\ui-checks.spec.ts:380:20

    attachment #1: screenshot (image/png) ──────────────────────────────────────────────────────────
    ..\..\test-results\ui-ui-checks-UI-Checks---U-c5429-lear-call-to-action-buttons-Mobile-Chrome\test-failed-1.png
    ────────────────────────────────────────────────────────────────────────────────────────────────

    attachment #2: video (video/webm) ──────────────────────────────────────────────────────────────
    ..\..\test-results\ui-ui-checks-UI-Checks---U-c5429-lear-call-to-action-buttons-Mobile-Chrome\video.webm
    ────────────────────────────────────────────────────────────────────────────────────────────────

    Error Context: ..\..\test-results\ui-ui-checks-UI-Checks---U-c5429-lear-call-to-action-buttons-Mobile-Chrome\error-context.md
]]>
</failure>
<system-out>
<![CDATA[
[[ATTACHMENT|test-results\ui-ui-checks-UI-Checks---U-c5429-lear-call-to-action-buttons-Mobile-Chrome\test-failed-1.png]]

[[ATTACHMENT|test-results\ui-ui-checks-UI-Checks---U-c5429-lear-call-to-action-buttons-Mobile-Chrome\video.webm]]

[[ATTACHMENT|test-results\ui-ui-checks-UI-Checks---U-c5429-lear-call-to-action-buttons-Mobile-Chrome\error-context.md]]
]]>
</system-out>
</testcase>
<testcase name="UI Checks - User Experience › should have consistent styling" classname="ui\ui-checks.spec.ts" time="1.927">
</testcase>
<testcase name="UI Checks - User Experience › should have proper spacing and layout" classname="ui\ui-checks.spec.ts" time="2.021">
</testcase>
</testsuite>
<testsuite name="admin\admin-crud.spec.ts" timestamp="2026-02-20T03:52:25.301Z" hostname="Mobile Safari" tests="28" failures="28" skipped="0" time="61.915" errors="0">
<testcase name="Admin - User Management CRUD › User Creation › should create a new user successfully" classname="admin\admin-crud.spec.ts" time="2.117">
<failure message="admin-crud.spec.ts:23:9 should create a new user successfully" type="FAILURE">
<![CDATA[  [Mobile Safari] › admin\admin-crud.spec.ts:23:9 › Admin - User Management CRUD › User Creation › should create a new user successfully 

    TypeError: Cannot read properties of undefined (reading 'users')

      11 |     // Login as admin
      12 |     await page.goto('/login');
    > 13 |     await page.fill('input[name="username"], input[type="email"]', testData.users.admin.email);
         |                                                                             ^
      14 |     await page.fill('input[name="password"], input[type="password"]', testData.users.admin.password);
      15 |     await page.click('button[type="submit"], button:has-text("Login")');
      16 |     await page.waitForLoadState('networkidle');
        at E:\test-project-app\tests\playwright\admin\admin-crud.spec.ts:13:77

    attachment #1: screenshot (image/png) ──────────────────────────────────────────────────────────
    ..\..\test-results\admin-admin-crud-Admin---U-5092f-ate-a-new-user-successfully-Mobile-Safari\test-failed-1.png
    ────────────────────────────────────────────────────────────────────────────────────────────────

    attachment #2: video (video/webm) ──────────────────────────────────────────────────────────────
    ..\..\test-results\admin-admin-crud-Admin---U-5092f-ate-a-new-user-successfully-Mobile-Safari\video.webm
    ────────────────────────────────────────────────────────────────────────────────────────────────

    Error Context: ..\..\test-results\admin-admin-crud-Admin---U-5092f-ate-a-new-user-successfully-Mobile-Safari\error-context.md
]]>
</failure>
<system-out>
<![CDATA[
[[ATTACHMENT|test-results\admin-admin-crud-Admin---U-5092f-ate-a-new-user-successfully-Mobile-Safari\test-failed-1.png]]

[[ATTACHMENT|test-results\admin-admin-crud-Admin---U-5092f-ate-a-new-user-successfully-Mobile-Safari\video.webm]]

[[ATTACHMENT|test-results\admin-admin-crud-Admin---U-5092f-ate-a-new-user-successfully-Mobile-Safari\error-context.md]]
]]>
</system-out>
</testcase>
<testcase name="Admin - User Management CRUD › User Creation › should create user with different roles" classname="admin\admin-crud.spec.ts" time="2.051">
<failure message="admin-crud.spec.ts:44:9 should create user with different roles" type="FAILURE">
<![CDATA[  [Mobile Safari] › admin\admin-crud.spec.ts:44:9 › Admin - User Management CRUD › User Creation › should create user with different roles 

    TypeError: Cannot read properties of undefined (reading 'users')

      11 |     // Login as admin
      12 |     await page.goto('/login');
    > 13 |     await page.fill('input[name="username"], input[type="email"]', testData.users.admin.email);
         |                                                                             ^
      14 |     await page.fill('input[name="password"], input[type="password"]', testData.users.admin.password);
      15 |     await page.click('button[type="submit"], button:has-text("Login")');
      16 |     await page.waitForLoadState('networkidle');
        at E:\test-project-app\tests\playwright\admin\admin-crud.spec.ts:13:77

    attachment #1: screenshot (image/png) ──────────────────────────────────────────────────────────
    ..\..\test-results\admin-admin-crud-Admin---U-415b9-e-user-with-different-roles-Mobile-Safari\test-failed-1.png
    ────────────────────────────────────────────────────────────────────────────────────────────────

    attachment #2: video (video/webm) ──────────────────────────────────────────────────────────────
    ..\..\test-results\admin-admin-crud-Admin---U-415b9-e-user-with-different-roles-Mobile-Safari\video.webm
    ────────────────────────────────────────────────────────────────────────────────────────────────

    Error Context: ..\..\test-results\admin-admin-crud-Admin---U-415b9-e-user-with-different-roles-Mobile-Safari\error-context.md
]]>
</failure>
<system-out>
<![CDATA[
[[ATTACHMENT|test-results\admin-admin-crud-Admin---U-415b9-e-user-with-different-roles-Mobile-Safari\test-failed-1.png]]

[[ATTACHMENT|test-results\admin-admin-crud-Admin---U-415b9-e-user-with-different-roles-Mobile-Safari\video.webm]]

[[ATTACHMENT|test-results\admin-admin-crud-Admin---U-415b9-e-user-with-different-roles-Mobile-Safari\error-context.md]]
]]>
</system-out>
</testcase>
<testcase name="Admin - User Management CRUD › User Creation › should validate required fields in user form" classname="admin\admin-crud.spec.ts" time="1.949">
<failure message="admin-crud.spec.ts:66:9 should validate required fields in user form" type="FAILURE">
<![CDATA[  [Mobile Safari] › admin\admin-crud.spec.ts:66:9 › Admin - User Management CRUD › User Creation › should validate required fields in user form 

    TypeError: Cannot read properties of undefined (reading 'users')

      11 |     // Login as admin
      12 |     await page.goto('/login');
    > 13 |     await page.fill('input[name="username"], input[type="email"]', testData.users.admin.email);
         |                                                                             ^
      14 |     await page.fill('input[name="password"], input[type="password"]', testData.users.admin.password);
      15 |     await page.click('button[type="submit"], button:has-text("Login")');
      16 |     await page.waitForLoadState('networkidle');
        at E:\test-project-app\tests\playwright\admin\admin-crud.spec.ts:13:77

    attachment #1: screenshot (image/png) ──────────────────────────────────────────────────────────
    ..\..\test-results\admin-admin-crud-Admin---U-9c6ae-equired-fields-in-user-form-Mobile-Safari\test-failed-1.png
    ────────────────────────────────────────────────────────────────────────────────────────────────

    attachment #2: video (video/webm) ──────────────────────────────────────────────────────────────
    ..\..\test-results\admin-admin-crud-Admin---U-9c6ae-equired-fields-in-user-form-Mobile-Safari\video.webm
    ────────────────────────────────────────────────────────────────────────────────────────────────

    Error Context: ..\..\test-results\admin-admin-crud-Admin---U-9c6ae-equired-fields-in-user-form-Mobile-Safari\error-context.md
]]>
</failure>
<system-out>
<![CDATA[
[[ATTACHMENT|test-results\admin-admin-crud-Admin---U-9c6ae-equired-fields-in-user-form-Mobile-Safari\test-failed-1.png]]

[[ATTACHMENT|test-results\admin-admin-crud-Admin---U-9c6ae-equired-fields-in-user-form-Mobile-Safari\video.webm]]

[[ATTACHMENT|test-results\admin-admin-crud-Admin---U-9c6ae-equired-fields-in-user-form-Mobile-Safari\error-context.md]]
]]>
</system-out>
</testcase>
<testcase name="Admin - User Management CRUD › User Creation › should show error for duplicate username" classname="admin\admin-crud.spec.ts" time="2.047">
<failure message="admin-crud.spec.ts:76:9 should show error for duplicate username" type="FAILURE">
<![CDATA[  [Mobile Safari] › admin\admin-crud.spec.ts:76:9 › Admin - User Management CRUD › User Creation › should show error for duplicate username 

    TypeError: Cannot read properties of undefined (reading 'users')

      11 |     // Login as admin
      12 |     await page.goto('/login');
    > 13 |     await page.fill('input[name="username"], input[type="email"]', testData.users.admin.email);
         |                                                                             ^
      14 |     await page.fill('input[name="password"], input[type="password"]', testData.users.admin.password);
      15 |     await page.click('button[type="submit"], button:has-text("Login")');
      16 |     await page.waitForLoadState('networkidle');
        at E:\test-project-app\tests\playwright\admin\admin-crud.spec.ts:13:77

    attachment #1: screenshot (image/png) ──────────────────────────────────────────────────────────
    ..\..\test-results\admin-admin-crud-Admin---U-fbaf2-rror-for-duplicate-username-Mobile-Safari\test-failed-1.png
    ────────────────────────────────────────────────────────────────────────────────────────────────

    attachment #2: video (video/webm) ──────────────────────────────────────────────────────────────
    ..\..\test-results\admin-admin-crud-Admin---U-fbaf2-rror-for-duplicate-username-Mobile-Safari\video.webm
    ────────────────────────────────────────────────────────────────────────────────────────────────

    Error Context: ..\..\test-results\admin-admin-crud-Admin---U-fbaf2-rror-for-duplicate-username-Mobile-Safari\error-context.md
]]>
</failure>
<system-out>
<![CDATA[
[[ATTACHMENT|test-results\admin-admin-crud-Admin---U-fbaf2-rror-for-duplicate-username-Mobile-Safari\test-failed-1.png]]

[[ATTACHMENT|test-results\admin-admin-crud-Admin---U-fbaf2-rror-for-duplicate-username-Mobile-Safari\video.webm]]

[[ATTACHMENT|test-results\admin-admin-crud-Admin---U-fbaf2-rror-for-duplicate-username-Mobile-Safari\error-context.md]]
]]>
</system-out>
</testcase>
<testcase name="Admin - User Management CRUD › User Creation › should show error for duplicate email" classname="admin\admin-crud.spec.ts" time="1.995">
<failure message="admin-crud.spec.ts:105:9 should show error for duplicate email" type="FAILURE">
<![CDATA[  [Mobile Safari] › admin\admin-crud.spec.ts:105:9 › Admin - User Management CRUD › User Creation › should show error for duplicate email 

    TypeError: Cannot read properties of undefined (reading 'users')

      11 |     // Login as admin
      12 |     await page.goto('/login');
    > 13 |     await page.fill('input[name="username"], input[type="email"]', testData.users.admin.email);
         |                                                                             ^
      14 |     await page.fill('input[name="password"], input[type="password"]', testData.users.admin.password);
      15 |     await page.click('button[type="submit"], button:has-text("Login")');
      16 |     await page.waitForLoadState('networkidle');
        at E:\test-project-app\tests\playwright\admin\admin-crud.spec.ts:13:77

    attachment #1: screenshot (image/png) ──────────────────────────────────────────────────────────
    ..\..\test-results\admin-admin-crud-Admin---U-ec8f3-w-error-for-duplicate-email-Mobile-Safari\test-failed-1.png
    ────────────────────────────────────────────────────────────────────────────────────────────────

    attachment #2: video (video/webm) ──────────────────────────────────────────────────────────────
    ..\..\test-results\admin-admin-crud-Admin---U-ec8f3-w-error-for-duplicate-email-Mobile-Safari\video.webm
    ────────────────────────────────────────────────────────────────────────────────────────────────

    Error Context: ..\..\test-results\admin-admin-crud-Admin---U-ec8f3-w-error-for-duplicate-email-Mobile-Safari\error-context.md
]]>
</failure>
<system-out>
<![CDATA[
[[ATTACHMENT|test-results\admin-admin-crud-Admin---U-ec8f3-w-error-for-duplicate-email-Mobile-Safari\test-failed-1.png]]

[[ATTACHMENT|test-results\admin-admin-crud-Admin---U-ec8f3-w-error-for-duplicate-email-Mobile-Safari\video.webm]]

[[ATTACHMENT|test-results\admin-admin-crud-Admin---U-ec8f3-w-error-for-duplicate-email-Mobile-Safari\error-context.md]]
]]>
</system-out>
</testcase>
<testcase name="Admin - User Management CRUD › User Creation › should validate email format" classname="admin\admin-crud.spec.ts" time="2.009">
<failure message="admin-crud.spec.ts:134:9 should validate email format" type="FAILURE">
<![CDATA[  [Mobile Safari] › admin\admin-crud.spec.ts:134:9 › Admin - User Management CRUD › User Creation › should validate email format 

    TypeError: Cannot read properties of undefined (reading 'users')

      11 |     // Login as admin
      12 |     await page.goto('/login');
    > 13 |     await page.fill('input[name="username"], input[type="email"]', testData.users.admin.email);
         |                                                                             ^
      14 |     await page.fill('input[name="password"], input[type="password"]', testData.users.admin.password);
      15 |     await page.click('button[type="submit"], button:has-text("Login")');
      16 |     await page.waitForLoadState('networkidle');
        at E:\test-project-app\tests\playwright\admin\admin-crud.spec.ts:13:77

    attachment #1: screenshot (image/png) ──────────────────────────────────────────────────────────
    ..\..\test-results\admin-admin-crud-Admin---U-b61bd-hould-validate-email-format-Mobile-Safari\test-failed-1.png
    ────────────────────────────────────────────────────────────────────────────────────────────────

    attachment #2: video (video/webm) ──────────────────────────────────────────────────────────────
    ..\..\test-results\admin-admin-crud-Admin---U-b61bd-hould-validate-email-format-Mobile-Safari\video.webm
    ────────────────────────────────────────────────────────────────────────────────────────────────

    Error Context: ..\..\test-results\admin-admin-crud-Admin---U-b61bd-hould-validate-email-format-Mobile-Safari\error-context.md
]]>
</failure>
<system-out>
<![CDATA[
[[ATTACHMENT|test-results\admin-admin-crud-Admin---U-b61bd-hould-validate-email-format-Mobile-Safari\test-failed-1.png]]

[[ATTACHMENT|test-results\admin-admin-crud-Admin---U-b61bd-hould-validate-email-format-Mobile-Safari\video.webm]]

[[ATTACHMENT|test-results\admin-admin-crud-Admin---U-b61bd-hould-validate-email-format-Mobile-Safari\error-context.md]]
]]>
</system-out>
</testcase>
<testcase name="Admin - User Management CRUD › User Creation › should validate password strength" classname="admin\admin-crud.spec.ts" time="1.98">
<failure message="admin-crud.spec.ts:150:9 should validate password strength" type="FAILURE">
<![CDATA[  [Mobile Safari] › admin\admin-crud.spec.ts:150:9 › Admin - User Management CRUD › User Creation › should validate password strength 

    TypeError: Cannot read properties of undefined (reading 'users')

      11 |     // Login as admin
      12 |     await page.goto('/login');
    > 13 |     await page.fill('input[name="username"], input[type="email"]', testData.users.admin.email);
         |                                                                             ^
      14 |     await page.fill('input[name="password"], input[type="password"]', testData.users.admin.password);
      15 |     await page.click('button[type="submit"], button:has-text("Login")');
      16 |     await page.waitForLoadState('networkidle');
        at E:\test-project-app\tests\playwright\admin\admin-crud.spec.ts:13:77

    attachment #1: screenshot (image/png) ──────────────────────────────────────────────────────────
    ..\..\test-results\admin-admin-crud-Admin---U-05e4e--validate-password-strength-Mobile-Safari\test-failed-1.png
    ────────────────────────────────────────────────────────────────────────────────────────────────

    attachment #2: video (video/webm) ──────────────────────────────────────────────────────────────
    ..\..\test-results\admin-admin-crud-Admin---U-05e4e--validate-password-strength-Mobile-Safari\video.webm
    ────────────────────────────────────────────────────────────────────────────────────────────────

    Error Context: ..\..\test-results\admin-admin-crud-Admin---U-05e4e--validate-password-strength-Mobile-Safari\error-context.md
]]>
</failure>
<system-out>
<![CDATA[
[[ATTACHMENT|test-results\admin-admin-crud-Admin---U-05e4e--validate-password-strength-Mobile-Safari\test-failed-1.png]]

[[ATTACHMENT|test-results\admin-admin-crud-Admin---U-05e4e--validate-password-strength-Mobile-Safari\video.webm]]

[[ATTACHMENT|test-results\admin-admin-crud-Admin---U-05e4e--validate-password-strength-Mobile-Safari\error-context.md]]
]]>
</system-out>
</testcase>
<testcase name="Admin - User Management CRUD › User Reading › should display users list correctly" classname="admin\admin-crud.spec.ts" time="1.876">
<failure message="admin-crud.spec.ts:168:9 should display users list correctly" type="FAILURE">
<![CDATA[  [Mobile Safari] › admin\admin-crud.spec.ts:168:9 › Admin - User Management CRUD › User Reading › should display users list correctly 

    TypeError: Cannot read properties of undefined (reading 'users')

      11 |     // Login as admin
      12 |     await page.goto('/login');
    > 13 |     await page.fill('input[name="username"], input[type="email"]', testData.users.admin.email);
         |                                                                             ^
      14 |     await page.fill('input[name="password"], input[type="password"]', testData.users.admin.password);
      15 |     await page.click('button[type="submit"], button:has-text("Login")');
      16 |     await page.waitForLoadState('networkidle');
        at E:\test-project-app\tests\playwright\admin\admin-crud.spec.ts:13:77

    attachment #1: screenshot (image/png) ──────────────────────────────────────────────────────────
    ..\..\test-results\admin-admin-crud-Admin---U-fbd22-isplay-users-list-correctly-Mobile-Safari\test-failed-1.png
    ────────────────────────────────────────────────────────────────────────────────────────────────

    attachment #2: video (video/webm) ──────────────────────────────────────────────────────────────
    ..\..\test-results\admin-admin-crud-Admin---U-fbd22-isplay-users-list-correctly-Mobile-Safari\video.webm
    ────────────────────────────────────────────────────────────────────────────────────────────────

    Error Context: ..\..\test-results\admin-admin-crud-Admin---U-fbd22-isplay-users-list-correctly-Mobile-Safari\error-context.md
]]>
</failure>
<system-out>
<![CDATA[
[[ATTACHMENT|test-results\admin-admin-crud-Admin---U-fbd22-isplay-users-list-correctly-Mobile-Safari\test-failed-1.png]]

[[ATTACHMENT|test-results\admin-admin-crud-Admin---U-fbd22-isplay-users-list-correctly-Mobile-Safari\video.webm]]

[[ATTACHMENT|test-results\admin-admin-crud-Admin---U-fbd22-isplay-users-list-correctly-Mobile-Safari\error-context.md]]
]]>
</system-out>
</testcase>
<testcase name="Admin - User Management CRUD › User Reading › should show user details correctly" classname="admin\admin-crud.spec.ts" time="2.037">
<failure message="admin-crud.spec.ts:173:9 should show user details correctly" type="FAILURE">
<![CDATA[  [Mobile Safari] › admin\admin-crud.spec.ts:173:9 › Admin - User Management CRUD › User Reading › should show user details correctly 

    TypeError: Cannot read properties of undefined (reading 'users')

      11 |     // Login as admin
      12 |     await page.goto('/login');
    > 13 |     await page.fill('input[name="username"], input[type="email"]', testData.users.admin.email);
         |                                                                             ^
      14 |     await page.fill('input[name="password"], input[type="password"]', testData.users.admin.password);
      15 |     await page.click('button[type="submit"], button:has-text("Login")');
      16 |     await page.waitForLoadState('networkidle');
        at E:\test-project-app\tests\playwright\admin\admin-crud.spec.ts:13:77

    attachment #1: screenshot (image/png) ──────────────────────────────────────────────────────────
    ..\..\test-results\admin-admin-crud-Admin---U-7f87a-show-user-details-correctly-Mobile-Safari\test-failed-1.png
    ────────────────────────────────────────────────────────────────────────────────────────────────

    attachment #2: video (video/webm) ──────────────────────────────────────────────────────────────
    ..\..\test-results\admin-admin-crud-Admin---U-7f87a-show-user-details-correctly-Mobile-Safari\video.webm
    ────────────────────────────────────────────────────────────────────────────────────────────────

    Error Context: ..\..\test-results\admin-admin-crud-Admin---U-7f87a-show-user-details-correctly-Mobile-Safari\error-context.md
]]>
</failure>
<system-out>
<![CDATA[
[[ATTACHMENT|test-results\admin-admin-crud-Admin---U-7f87a-show-user-details-correctly-Mobile-Safari\test-failed-1.png]]

[[ATTACHMENT|test-results\admin-admin-crud-Admin---U-7f87a-show-user-details-correctly-Mobile-Safari\video.webm]]

[[ATTACHMENT|test-results\admin-admin-crud-Admin---U-7f87a-show-user-details-correctly-Mobile-Safari\error-context.md]]
]]>
</system-out>
</testcase>
<testcase name="Admin - User Management CRUD › User Reading › should support user search functionality" classname="admin\admin-crud.spec.ts" time="2.038">
<failure message="admin-crud.spec.ts:178:9 should support user search functionality" type="FAILURE">
<![CDATA[  [Mobile Safari] › admin\admin-crud.spec.ts:178:9 › Admin - User Management CRUD › User Reading › should support user search functionality 

    TypeError: Cannot read properties of undefined (reading 'users')

      11 |     // Login as admin
      12 |     await page.goto('/login');
    > 13 |     await page.fill('input[name="username"], input[type="email"]', testData.users.admin.email);
         |                                                                             ^
      14 |     await page.fill('input[name="password"], input[type="password"]', testData.users.admin.password);
      15 |     await page.click('button[type="submit"], button:has-text("Login")');
      16 |     await page.waitForLoadState('networkidle');
        at E:\test-project-app\tests\playwright\admin\admin-crud.spec.ts:13:77

    attachment #1: screenshot (image/png) ──────────────────────────────────────────────────────────
    ..\..\test-results\admin-admin-crud-Admin---U-df9a4-t-user-search-functionality-Mobile-Safari\test-failed-1.png
    ────────────────────────────────────────────────────────────────────────────────────────────────

    attachment #2: video (video/webm) ──────────────────────────────────────────────────────────────
    ..\..\test-results\admin-admin-crud-Admin---U-df9a4-t-user-search-functionality-Mobile-Safari\video.webm
    ────────────────────────────────────────────────────────────────────────────────────────────────

    Error Context: ..\..\test-results\admin-admin-crud-Admin---U-df9a4-t-user-search-functionality-Mobile-Safari\error-context.md
]]>
</failure>
<system-out>
<![CDATA[
[[ATTACHMENT|test-results\admin-admin-crud-Admin---U-df9a4-t-user-search-functionality-Mobile-Safari\test-failed-1.png]]

[[ATTACHMENT|test-results\admin-admin-crud-Admin---U-df9a4-t-user-search-functionality-Mobile-Safari\video.webm]]

[[ATTACHMENT|test-results\admin-admin-crud-Admin---U-df9a4-t-user-search-functionality-Mobile-Safari\error-context.md]]
]]>
</system-out>
</testcase>
<testcase name="Admin - User Management CRUD › User Reading › should support role filtering" classname="admin\admin-crud.spec.ts" time="2.02">
<failure message="admin-crud.spec.ts:183:9 should support role filtering" type="FAILURE">
<![CDATA[  [Mobile Safari] › admin\admin-crud.spec.ts:183:9 › Admin - User Management CRUD › User Reading › should support role filtering 

    TypeError: Cannot read properties of undefined (reading 'users')

      11 |     // Login as admin
      12 |     await page.goto('/login');
    > 13 |     await page.fill('input[name="username"], input[type="email"]', testData.users.admin.email);
         |                                                                             ^
      14 |     await page.fill('input[name="password"], input[type="password"]', testData.users.admin.password);
      15 |     await page.click('button[type="submit"], button:has-text("Login")');
      16 |     await page.waitForLoadState('networkidle');
        at E:\test-project-app\tests\playwright\admin\admin-crud.spec.ts:13:77

    attachment #1: screenshot (image/png) ──────────────────────────────────────────────────────────
    ..\..\test-results\admin-admin-crud-Admin---U-32929-ould-support-role-filtering-Mobile-Safari\test-failed-1.png
    ────────────────────────────────────────────────────────────────────────────────────────────────

    attachment #2: video (video/webm) ──────────────────────────────────────────────────────────────
    ..\..\test-results\admin-admin-crud-Admin---U-32929-ould-support-role-filtering-Mobile-Safari\video.webm
    ────────────────────────────────────────────────────────────────────────────────────────────────

    Error Context: ..\..\test-results\admin-admin-crud-Admin---U-32929-ould-support-role-filtering-Mobile-Safari\error-context.md
]]>
</failure>
<system-out>
<![CDATA[
[[ATTACHMENT|test-results\admin-admin-crud-Admin---U-32929-ould-support-role-filtering-Mobile-Safari\test-failed-1.png]]

[[ATTACHMENT|test-results\admin-admin-crud-Admin---U-32929-ould-support-role-filtering-Mobile-Safari\video.webm]]

[[ATTACHMENT|test-results\admin-admin-crud-Admin---U-32929-ould-support-role-filtering-Mobile-Safari\error-context.md]]
]]>
</system-out>
</testcase>
<testcase name="Admin - User Management CRUD › User Reading › should show user statistics" classname="admin\admin-crud.spec.ts" time="2.478">
<failure message="admin-crud.spec.ts:188:9 should show user statistics" type="FAILURE">
<![CDATA[  [Mobile Safari] › admin\admin-crud.spec.ts:188:9 › Admin - User Management CRUD › User Reading › should show user statistics 

    TypeError: Cannot read properties of undefined (reading 'users')

      11 |     // Login as admin
      12 |     await page.goto('/login');
    > 13 |     await page.fill('input[name="username"], input[type="email"]', testData.users.admin.email);
         |                                                                             ^
      14 |     await page.fill('input[name="password"], input[type="password"]', testData.users.admin.password);
      15 |     await page.click('button[type="submit"], button:has-text("Login")');
      16 |     await page.waitForLoadState('networkidle');
        at E:\test-project-app\tests\playwright\admin\admin-crud.spec.ts:13:77

    attachment #1: screenshot (image/png) ──────────────────────────────────────────────────────────
    ..\..\test-results\admin-admin-crud-Admin---U-b7ebc-should-show-user-statistics-Mobile-Safari\test-failed-1.png
    ────────────────────────────────────────────────────────────────────────────────────────────────

    attachment #2: video (video/webm) ──────────────────────────────────────────────────────────────
    ..\..\test-results\admin-admin-crud-Admin---U-b7ebc-should-show-user-statistics-Mobile-Safari\video.webm
    ────────────────────────────────────────────────────────────────────────────────────────────────

    Error Context: ..\..\test-results\admin-admin-crud-Admin---U-b7ebc-should-show-user-statistics-Mobile-Safari\error-context.md
]]>
</failure>
<system-out>
<![CDATA[
[[ATTACHMENT|test-results\admin-admin-crud-Admin---U-b7ebc-should-show-user-statistics-Mobile-Safari\test-failed-1.png]]

[[ATTACHMENT|test-results\admin-admin-crud-Admin---U-b7ebc-should-show-user-statistics-Mobile-Safari\video.webm]]

[[ATTACHMENT|test-results\admin-admin-crud-Admin---U-b7ebc-should-show-user-statistics-Mobile-Safari\error-context.md]]
]]>
</system-out>
</testcase>
<testcase name="Admin - User Management CRUD › User Updates › should update user successfully" classname="admin\admin-crud.spec.ts" time="2.255">
<failure message="admin-crud.spec.ts:195:9 should update user successfully" type="FAILURE">
<![CDATA[  [Mobile Safari] › admin\admin-crud.spec.ts:195:9 › Admin - User Management CRUD › User Updates › should update user successfully 

    TypeError: Cannot read properties of undefined (reading 'users')

      11 |     // Login as admin
      12 |     await page.goto('/login');
    > 13 |     await page.fill('input[name="username"], input[type="email"]', testData.users.admin.email);
         |                                                                             ^
      14 |     await page.fill('input[name="password"], input[type="password"]', testData.users.admin.password);
      15 |     await page.click('button[type="submit"], button:has-text("Login")');
      16 |     await page.waitForLoadState('networkidle');
        at E:\test-project-app\tests\playwright\admin\admin-crud.spec.ts:13:77

    attachment #1: screenshot (image/png) ──────────────────────────────────────────────────────────
    ..\..\test-results\admin-admin-crud-Admin---U-f89e4-ld-update-user-successfully-Mobile-Safari\test-failed-1.png
    ────────────────────────────────────────────────────────────────────────────────────────────────

    attachment #2: video (video/webm) ──────────────────────────────────────────────────────────────
    ..\..\test-results\admin-admin-crud-Admin---U-f89e4-ld-update-user-successfully-Mobile-Safari\video.webm
    ────────────────────────────────────────────────────────────────────────────────────────────────

    Error Context: ..\..\test-results\admin-admin-crud-Admin---U-f89e4-ld-update-user-successfully-Mobile-Safari\error-context.md
]]>
</failure>
<system-out>
<![CDATA[
[[ATTACHMENT|test-results\admin-admin-crud-Admin---U-f89e4-ld-update-user-successfully-Mobile-Safari\test-failed-1.png]]

[[ATTACHMENT|test-results\admin-admin-crud-Admin---U-f89e4-ld-update-user-successfully-Mobile-Safari\video.webm]]

[[ATTACHMENT|test-results\admin-admin-crud-Admin---U-f89e4-ld-update-user-successfully-Mobile-Safari\error-context.md]]
]]>
</system-out>
</testcase>
<testcase name="Admin - User Management CRUD › User Updates › should update user role" classname="admin\admin-crud.spec.ts" time="2.533">
<failure message="admin-crud.spec.ts:204:9 should update user role" type="FAILURE">
<![CDATA[  [Mobile Safari] › admin\admin-crud.spec.ts:204:9 › Admin - User Management CRUD › User Updates › should update user role 

    TypeError: Cannot read properties of undefined (reading 'users')

      11 |     // Login as admin
      12 |     await page.goto('/login');
    > 13 |     await page.fill('input[name="username"], input[type="email"]', testData.users.admin.email);
         |                                                                             ^
      14 |     await page.fill('input[name="password"], input[type="password"]', testData.users.admin.password);
      15 |     await page.click('button[type="submit"], button:has-text("Login")');
      16 |     await page.waitForLoadState('networkidle');
        at E:\test-project-app\tests\playwright\admin\admin-crud.spec.ts:13:77

    attachment #1: screenshot (image/png) ──────────────────────────────────────────────────────────
    ..\..\test-results\admin-admin-crud-Admin---U-c9157-tes-should-update-user-role-Mobile-Safari\test-failed-1.png
    ────────────────────────────────────────────────────────────────────────────────────────────────

    attachment #2: video (video/webm) ──────────────────────────────────────────────────────────────
    ..\..\test-results\admin-admin-crud-Admin---U-c9157-tes-should-update-user-role-Mobile-Safari\video.webm
    ────────────────────────────────────────────────────────────────────────────────────────────────

    Error Context: ..\..\test-results\admin-admin-crud-Admin---U-c9157-tes-should-update-user-role-Mobile-Safari\error-context.md
]]>
</failure>
<system-out>
<![CDATA[
[[ATTACHMENT|test-results\admin-admin-crud-Admin---U-c9157-tes-should-update-user-role-Mobile-Safari\test-failed-1.png]]

[[ATTACHMENT|test-results\admin-admin-crud-Admin---U-c9157-tes-should-update-user-role-Mobile-Safari\video.webm]]

[[ATTACHMENT|test-results\admin-admin-crud-Admin---U-c9157-tes-should-update-user-role-Mobile-Safari\error-context.md]]
]]>
</system-out>
</testcase>
<testcase name="Admin - User Management CRUD › User Updates › should update user permissions" classname="admin\admin-crud.spec.ts" time="4.298">
<failure message="admin-crud.spec.ts:212:9 should update user permissions" type="FAILURE">
<![CDATA[  [Mobile Safari] › admin\admin-crud.spec.ts:212:9 › Admin - User Management CRUD › User Updates › should update user permissions 

    TypeError: Cannot read properties of undefined (reading 'users')

      11 |     // Login as admin
      12 |     await page.goto('/login');
    > 13 |     await page.fill('input[name="username"], input[type="email"]', testData.users.admin.email);
         |                                                                             ^
      14 |     await page.fill('input[name="password"], input[type="password"]', testData.users.admin.password);
      15 |     await page.click('button[type="submit"], button:has-text("Login")');
      16 |     await page.waitForLoadState('networkidle');
        at E:\test-project-app\tests\playwright\admin\admin-crud.spec.ts:13:77

    attachment #1: screenshot (image/png) ──────────────────────────────────────────────────────────
    ..\..\test-results\admin-admin-crud-Admin---U-86e51-uld-update-user-permissions-Mobile-Safari\test-failed-1.png
    ────────────────────────────────────────────────────────────────────────────────────────────────

    attachment #2: video (video/webm) ──────────────────────────────────────────────────────────────
    ..\..\test-results\admin-admin-crud-Admin---U-86e51-uld-update-user-permissions-Mobile-Safari\video.webm
    ────────────────────────────────────────────────────────────────────────────────────────────────

    Error Context: ..\..\test-results\admin-admin-crud-Admin---U-86e51-uld-update-user-permissions-Mobile-Safari\error-context.md
]]>
</failure>
<system-out>
<![CDATA[
[[ATTACHMENT|test-results\admin-admin-crud-Admin---U-86e51-uld-update-user-permissions-Mobile-Safari\test-failed-1.png]]

[[ATTACHMENT|test-results\admin-admin-crud-Admin---U-86e51-uld-update-user-permissions-Mobile-Safari\video.webm]]

[[ATTACHMENT|test-results\admin-admin-crud-Admin---U-86e51-uld-update-user-permissions-Mobile-Safari\error-context.md]]
]]>
</system-out>
</testcase>
<testcase name="Admin - User Management CRUD › User Updates › should validate updated user data" classname="admin\admin-crud.spec.ts" time="2.064">
<failure message="admin-crud.spec.ts:220:9 should validate updated user data" type="FAILURE">
<![CDATA[  [Mobile Safari] › admin\admin-crud.spec.ts:220:9 › Admin - User Management CRUD › User Updates › should validate updated user data 

    TypeError: Cannot read properties of undefined (reading 'users')

      11 |     // Login as admin
      12 |     await page.goto('/login');
    > 13 |     await page.fill('input[name="username"], input[type="email"]', testData.users.admin.email);
         |                                                                             ^
      14 |     await page.fill('input[name="password"], input[type="password"]', testData.users.admin.password);
      15 |     await page.click('button[type="submit"], button:has-text("Login")');
      16 |     await page.waitForLoadState('networkidle');
        at E:\test-project-app\tests\playwright\admin\admin-crud.spec.ts:13:77

    attachment #1: screenshot (image/png) ──────────────────────────────────────────────────────────
    ..\..\test-results\admin-admin-crud-Admin---U-a3755--validate-updated-user-data-Mobile-Safari\test-failed-1.png
    ────────────────────────────────────────────────────────────────────────────────────────────────

    attachment #2: video (video/webm) ──────────────────────────────────────────────────────────────
    ..\..\test-results\admin-admin-crud-Admin---U-a3755--validate-updated-user-data-Mobile-Safari\video.webm
    ────────────────────────────────────────────────────────────────────────────────────────────────

    Error Context: ..\..\test-results\admin-admin-crud-Admin---U-a3755--validate-updated-user-data-Mobile-Safari\error-context.md
]]>
</failure>
<system-out>
<![CDATA[
[[ATTACHMENT|test-results\admin-admin-crud-Admin---U-a3755--validate-updated-user-data-Mobile-Safari\test-failed-1.png]]

[[ATTACHMENT|test-results\admin-admin-crud-Admin---U-a3755--validate-updated-user-data-Mobile-Safari\video.webm]]

[[ATTACHMENT|test-results\admin-admin-crud-Admin---U-a3755--validate-updated-user-data-Mobile-Safari\error-context.md]]
]]>
</system-out>
</testcase>
<testcase name="Admin - User Management CRUD › User Updates › should handle concurrent updates" classname="admin\admin-crud.spec.ts" time="3.408">
<failure message="admin-crud.spec.ts:230:9 should handle concurrent updates" type="FAILURE">
<![CDATA[  [Mobile Safari] › admin\admin-crud.spec.ts:230:9 › Admin - User Management CRUD › User Updates › should handle concurrent updates 

    TypeError: Cannot read properties of undefined (reading 'users')

      11 |     // Login as admin
      12 |     await page.goto('/login');
    > 13 |     await page.fill('input[name="username"], input[type="email"]', testData.users.admin.email);
         |                                                                             ^
      14 |     await page.fill('input[name="password"], input[type="password"]', testData.users.admin.password);
      15 |     await page.click('button[type="submit"], button:has-text("Login")');
      16 |     await page.waitForLoadState('networkidle');
        at E:\test-project-app\tests\playwright\admin\admin-crud.spec.ts:13:77

    attachment #1: screenshot (image/png) ──────────────────────────────────────────────────────────
    ..\..\test-results\admin-admin-crud-Admin---U-fa02e-d-handle-concurrent-updates-Mobile-Safari\test-failed-1.png
    ────────────────────────────────────────────────────────────────────────────────────────────────

    attachment #2: video (video/webm) ──────────────────────────────────────────────────────────────
    ..\..\test-results\admin-admin-crud-Admin---U-fa02e-d-handle-concurrent-updates-Mobile-Safari\video.webm
    ────────────────────────────────────────────────────────────────────────────────────────────────

    Error Context: ..\..\test-results\admin-admin-crud-Admin---U-fa02e-d-handle-concurrent-updates-Mobile-Safari\error-context.md
]]>
</failure>
<system-out>
<![CDATA[
[[ATTACHMENT|test-results\admin-admin-crud-Admin---U-fa02e-d-handle-concurrent-updates-Mobile-Safari\test-failed-1.png]]

[[ATTACHMENT|test-results\admin-admin-crud-Admin---U-fa02e-d-handle-concurrent-updates-Mobile-Safari\video.webm]]

[[ATTACHMENT|test-results\admin-admin-crud-Admin---U-fa02e-d-handle-concurrent-updates-Mobile-Safari\error-context.md]]
]]>
</system-out>
</testcase>
<testcase name="Admin - User Management CRUD › User Deletion › should delete user successfully" classname="admin\admin-crud.spec.ts" time="2.032">
<failure message="admin-crud.spec.ts:253:9 should delete user successfully" type="FAILURE">
<![CDATA[  [Mobile Safari] › admin\admin-crud.spec.ts:253:9 › Admin - User Management CRUD › User Deletion › should delete user successfully 

    TypeError: Cannot read properties of undefined (reading 'users')

      11 |     // Login as admin
      12 |     await page.goto('/login');
    > 13 |     await page.fill('input[name="username"], input[type="email"]', testData.users.admin.email);
         |                                                                             ^
      14 |     await page.fill('input[name="password"], input[type="password"]', testData.users.admin.password);
      15 |     await page.click('button[type="submit"], button:has-text("Login")');
      16 |     await page.waitForLoadState('networkidle');
        at E:\test-project-app\tests\playwright\admin\admin-crud.spec.ts:13:77

    attachment #1: screenshot (image/png) ──────────────────────────────────────────────────────────
    ..\..\test-results\admin-admin-crud-Admin---U-76625-ld-delete-user-successfully-Mobile-Safari\test-failed-1.png
    ────────────────────────────────────────────────────────────────────────────────────────────────

    attachment #2: video (video/webm) ──────────────────────────────────────────────────────────────
    ..\..\test-results\admin-admin-crud-Admin---U-76625-ld-delete-user-successfully-Mobile-Safari\video.webm
    ────────────────────────────────────────────────────────────────────────────────────────────────

    Error Context: ..\..\test-results\admin-admin-crud-Admin---U-76625-ld-delete-user-successfully-Mobile-Safari\error-context.md
]]>
</failure>
<system-out>
<![CDATA[
[[ATTACHMENT|test-results\admin-admin-crud-Admin---U-76625-ld-delete-user-successfully-Mobile-Safari\test-failed-1.png]]

[[ATTACHMENT|test-results\admin-admin-crud-Admin---U-76625-ld-delete-user-successfully-Mobile-Safari\video.webm]]

[[ATTACHMENT|test-results\admin-admin-crud-Admin---U-76625-ld-delete-user-successfully-Mobile-Safari\error-context.md]]
]]>
</system-out>
</testcase>
<testcase name="Admin - User Management CRUD › User Deletion › should cancel deletion when confirmation is dismissed" classname="admin\admin-crud.spec.ts" time="1.985">
<failure message="admin-crud.spec.ts:277:9 should cancel deletion when confirmation is dismissed" type="FAILURE">
<![CDATA[  [Mobile Safari] › admin\admin-crud.spec.ts:277:9 › Admin - User Management CRUD › User Deletion › should cancel deletion when confirmation is dismissed 

    TypeError: Cannot read properties of undefined (reading 'users')

      11 |     // Login as admin
      12 |     await page.goto('/login');
    > 13 |     await page.fill('input[name="username"], input[type="email"]', testData.users.admin.email);
         |                                                                             ^
      14 |     await page.fill('input[name="password"], input[type="password"]', testData.users.admin.password);
      15 |     await page.click('button[type="submit"], button:has-text("Login")');
      16 |     await page.waitForLoadState('networkidle');
        at E:\test-project-app\tests\playwright\admin\admin-crud.spec.ts:13:77

    attachment #1: screenshot (image/png) ──────────────────────────────────────────────────────────
    ..\..\test-results\admin-admin-crud-Admin---U-b10bf-n-confirmation-is-dismissed-Mobile-Safari\test-failed-1.png
    ────────────────────────────────────────────────────────────────────────────────────────────────

    attachment #2: video (video/webm) ──────────────────────────────────────────────────────────────
    ..\..\test-results\admin-admin-crud-Admin---U-b10bf-n-confirmation-is-dismissed-Mobile-Safari\video.webm
    ────────────────────────────────────────────────────────────────────────────────────────────────

    Error Context: ..\..\test-results\admin-admin-crud-Admin---U-b10bf-n-confirmation-is-dismissed-Mobile-Safari\error-context.md
]]>
</failure>
<system-out>
<![CDATA[
[[ATTACHMENT|test-results\admin-admin-crud-Admin---U-b10bf-n-confirmation-is-dismissed-Mobile-Safari\test-failed-1.png]]

[[ATTACHMENT|test-results\admin-admin-crud-Admin---U-b10bf-n-confirmation-is-dismissed-Mobile-Safari\video.webm]]

[[ATTACHMENT|test-results\admin-admin-crud-Admin---U-b10bf-n-confirmation-is-dismissed-Mobile-Safari\error-context.md]]
]]>
</system-out>
</testcase>
<testcase name="Admin - User Management CRUD › User Deletion › should prevent deletion of admin users" classname="admin\admin-crud.spec.ts" time="2.038">
<failure message="admin-crud.spec.ts:289:9 should prevent deletion of admin users" type="FAILURE">
<![CDATA[  [Mobile Safari] › admin\admin-crud.spec.ts:289:9 › Admin - User Management CRUD › User Deletion › should prevent deletion of admin users 

    TypeError: Cannot read properties of undefined (reading 'users')

      11 |     // Login as admin
      12 |     await page.goto('/login');
    > 13 |     await page.fill('input[name="username"], input[type="email"]', testData.users.admin.email);
         |                                                                             ^
      14 |     await page.fill('input[name="password"], input[type="password"]', testData.users.admin.password);
      15 |     await page.click('button[type="submit"], button:has-text("Login")');
      16 |     await page.waitForLoadState('networkidle');
        at E:\test-project-app\tests\playwright\admin\admin-crud.spec.ts:13:77

    attachment #1: screenshot (image/png) ──────────────────────────────────────────────────────────
    ..\..\test-results\admin-admin-crud-Admin---U-09274-ent-deletion-of-admin-users-Mobile-Safari\test-failed-1.png
    ────────────────────────────────────────────────────────────────────────────────────────────────

    attachment #2: video (video/webm) ──────────────────────────────────────────────────────────────
    ..\..\test-results\admin-admin-crud-Admin---U-09274-ent-deletion-of-admin-users-Mobile-Safari\video.webm
    ────────────────────────────────────────────────────────────────────────────────────────────────

    Error Context: ..\..\test-results\admin-admin-crud-Admin---U-09274-ent-deletion-of-admin-users-Mobile-Safari\error-context.md
]]>
</failure>
<system-out>
<![CDATA[
[[ATTACHMENT|test-results\admin-admin-crud-Admin---U-09274-ent-deletion-of-admin-users-Mobile-Safari\test-failed-1.png]]

[[ATTACHMENT|test-results\admin-admin-crud-Admin---U-09274-ent-deletion-of-admin-users-Mobile-Safari\video.webm]]

[[ATTACHMENT|test-results\admin-admin-crud-Admin---U-09274-ent-deletion-of-admin-users-Mobile-Safari\error-context.md]]
]]>
</system-out>
</testcase>
<testcase name="Admin - User Management CRUD › User Deletion › should handle bulk user operations" classname="admin\admin-crud.spec.ts" time="2.061">
<failure message="admin-crud.spec.ts:295:9 should handle bulk user operations" type="FAILURE">
<![CDATA[  [Mobile Safari] › admin\admin-crud.spec.ts:295:9 › Admin - User Management CRUD › User Deletion › should handle bulk user operations 

    TypeError: Cannot read properties of undefined (reading 'users')

      11 |     // Login as admin
      12 |     await page.goto('/login');
    > 13 |     await page.fill('input[name="username"], input[type="email"]', testData.users.admin.email);
         |                                                                             ^
      14 |     await page.fill('input[name="password"], input[type="password"]', testData.users.admin.password);
      15 |     await page.click('button[type="submit"], button:has-text("Login")');
      16 |     await page.waitForLoadState('networkidle');
        at E:\test-project-app\tests\playwright\admin\admin-crud.spec.ts:13:77

    attachment #1: screenshot (image/png) ──────────────────────────────────────────────────────────
    ..\..\test-results\admin-admin-crud-Admin---U-e3e86-handle-bulk-user-operations-Mobile-Safari\test-failed-1.png
    ────────────────────────────────────────────────────────────────────────────────────────────────

    attachment #2: video (video/webm) ──────────────────────────────────────────────────────────────
    ..\..\test-results\admin-admin-crud-Admin---U-e3e86-handle-bulk-user-operations-Mobile-Safari\video.webm
    ────────────────────────────────────────────────────────────────────────────────────────────────

    Error Context: ..\..\test-results\admin-admin-crud-Admin---U-e3e86-handle-bulk-user-operations-Mobile-Safari\error-context.md
]]>
</failure>
<system-out>
<![CDATA[
[[ATTACHMENT|test-results\admin-admin-crud-Admin---U-e3e86-handle-bulk-user-operations-Mobile-Safari\test-failed-1.png]]

[[ATTACHMENT|test-results\admin-admin-crud-Admin---U-e3e86-handle-bulk-user-operations-Mobile-Safari\video.webm]]

[[ATTACHMENT|test-results\admin-admin-crud-Admin---U-e3e86-handle-bulk-user-operations-Mobile-Safari\error-context.md]]
]]>
</system-out>
</testcase>
<testcase name="Admin - User Management CRUD › Google Emails Management › should add Google email successfully" classname="admin\admin-crud.spec.ts" time="2.086">
<failure message="admin-crud.spec.ts:306:9 should add Google email successfully" type="FAILURE">
<![CDATA[  [Mobile Safari] › admin\admin-crud.spec.ts:306:9 › Admin - User Management CRUD › Google Emails Management › should add Google email successfully 

    TypeError: Cannot read properties of undefined (reading 'users')

      11 |     // Login as admin
      12 |     await page.goto('/login');
    > 13 |     await page.fill('input[name="username"], input[type="email"]', testData.users.admin.email);
         |                                                                             ^
      14 |     await page.fill('input[name="password"], input[type="password"]', testData.users.admin.password);
      15 |     await page.click('button[type="submit"], button:has-text("Login")');
      16 |     await page.waitForLoadState('networkidle');
        at E:\test-project-app\tests\playwright\admin\admin-crud.spec.ts:13:77

    attachment #1: screenshot (image/png) ──────────────────────────────────────────────────────────
    ..\..\test-results\admin-admin-crud-Admin---U-159e1-d-Google-email-successfully-Mobile-Safari\test-failed-1.png
    ────────────────────────────────────────────────────────────────────────────────────────────────

    attachment #2: video (video/webm) ──────────────────────────────────────────────────────────────
    ..\..\test-results\admin-admin-crud-Admin---U-159e1-d-Google-email-successfully-Mobile-Safari\video.webm
    ────────────────────────────────────────────────────────────────────────────────────────────────

    Error Context: ..\..\test-results\admin-admin-crud-Admin---U-159e1-d-Google-email-successfully-Mobile-Safari\error-context.md
]]>
</failure>
<system-out>
<![CDATA[
[[ATTACHMENT|test-results\admin-admin-crud-Admin---U-159e1-d-Google-email-successfully-Mobile-Safari\test-failed-1.png]]

[[ATTACHMENT|test-results\admin-admin-crud-Admin---U-159e1-d-Google-email-successfully-Mobile-Safari\video.webm]]

[[ATTACHMENT|test-results\admin-admin-crud-Admin---U-159e1-d-Google-email-successfully-Mobile-Safari\error-context.md]]
]]>
</system-out>
</testcase>
<testcase name="Admin - User Management CRUD › Google Emails Management › should validate email format for Google emails" classname="admin\admin-crud.spec.ts" time="2.25">
<failure message="admin-crud.spec.ts:317:9 should validate email format for Google emails" type="FAILURE">
<![CDATA[  [Mobile Safari] › admin\admin-crud.spec.ts:317:9 › Admin - User Management CRUD › Google Emails Management › should validate email format for Google emails 

    TypeError: Cannot read properties of undefined (reading 'users')

      11 |     // Login as admin
      12 |     await page.goto('/login');
    > 13 |     await page.fill('input[name="username"], input[type="email"]', testData.users.admin.email);
         |                                                                             ^
      14 |     await page.fill('input[name="password"], input[type="password"]', testData.users.admin.password);
      15 |     await page.click('button[type="submit"], button:has-text("Login")');
      16 |     await page.waitForLoadState('networkidle');
        at E:\test-project-app\tests\playwright\admin\admin-crud.spec.ts:13:77

    attachment #1: screenshot (image/png) ──────────────────────────────────────────────────────────
    ..\..\test-results\admin-admin-crud-Admin---U-449f3-il-format-for-Google-emails-Mobile-Safari\test-failed-1.png
    ────────────────────────────────────────────────────────────────────────────────────────────────

    attachment #2: video (video/webm) ──────────────────────────────────────────────────────────────
    ..\..\test-results\admin-admin-crud-Admin---U-449f3-il-format-for-Google-emails-Mobile-Safari\video.webm
    ────────────────────────────────────────────────────────────────────────────────────────────────

    Error Context: ..\..\test-results\admin-admin-crud-Admin---U-449f3-il-format-for-Google-emails-Mobile-Safari\error-context.md
]]>
</failure>
<system-out>
<![CDATA[
[[ATTACHMENT|test-results\admin-admin-crud-Admin---U-449f3-il-format-for-Google-emails-Mobile-Safari\test-failed-1.png]]

[[ATTACHMENT|test-results\admin-admin-crud-Admin---U-449f3-il-format-for-Google-emails-Mobile-Safari\video.webm]]

[[ATTACHMENT|test-results\admin-admin-crud-Admin---U-449f3-il-format-for-Google-emails-Mobile-Safari\error-context.md]]
]]>
</system-out>
</testcase>
<testcase name="Admin - User Management CRUD › Google Emails Management › should prevent duplicate Google emails" classname="admin\admin-crud.spec.ts" time="2.324">
<failure message="admin-crud.spec.ts:326:9 should prevent duplicate Google emails" type="FAILURE">
<![CDATA[  [Mobile Safari] › admin\admin-crud.spec.ts:326:9 › Admin - User Management CRUD › Google Emails Management › should prevent duplicate Google emails 

    TypeError: Cannot read properties of undefined (reading 'users')

      11 |     // Login as admin
      12 |     await page.goto('/login');
    > 13 |     await page.fill('input[name="username"], input[type="email"]', testData.users.admin.email);
         |                                                                             ^
      14 |     await page.fill('input[name="password"], input[type="password"]', testData.users.admin.password);
      15 |     await page.click('button[type="submit"], button:has-text("Login")');
      16 |     await page.waitForLoadState('networkidle');
        at E:\test-project-app\tests\playwright\admin\admin-crud.spec.ts:13:77

    attachment #1: screenshot (image/png) ──────────────────────────────────────────────────────────
    ..\..\test-results\admin-admin-crud-Admin---U-df1e4-ent-duplicate-Google-emails-Mobile-Safari\test-failed-1.png
    ────────────────────────────────────────────────────────────────────────────────────────────────

    attachment #2: video (video/webm) ──────────────────────────────────────────────────────────────
    ..\..\test-results\admin-admin-crud-Admin---U-df1e4-ent-duplicate-Google-emails-Mobile-Safari\video.webm
    ────────────────────────────────────────────────────────────────────────────────────────────────

    Error Context: ..\..\test-results\admin-admin-crud-Admin---U-df1e4-ent-duplicate-Google-emails-Mobile-Safari\error-context.md
]]>
</failure>
<system-out>
<![CDATA[
[[ATTACHMENT|test-results\admin-admin-crud-Admin---U-df1e4-ent-duplicate-Google-emails-Mobile-Safari\test-failed-1.png]]

[[ATTACHMENT|test-results\admin-admin-crud-Admin---U-df1e4-ent-duplicate-Google-emails-Mobile-Safari\video.webm]]

[[ATTACHMENT|test-results\admin-admin-crud-Admin---U-df1e4-ent-duplicate-Google-emails-Mobile-Safari\error-context.md]]
]]>
</system-out>
</testcase>
<testcase name="Admin - User Management CRUD › Google Emails Management › should delete Google email successfully" classname="admin\admin-crud.spec.ts" time="2.219">
<failure message="admin-crud.spec.ts:340:9 should delete Google email successfully" type="FAILURE">
<![CDATA[  [Mobile Safari] › admin\admin-crud.spec.ts:340:9 › Admin - User Management CRUD › Google Emails Management › should delete Google email successfully 

    TypeError: Cannot read properties of undefined (reading 'users')

      11 |     // Login as admin
      12 |     await page.goto('/login');
    > 13 |     await page.fill('input[name="username"], input[type="email"]', testData.users.admin.email);
         |                                                                             ^
      14 |     await page.fill('input[name="password"], input[type="password"]', testData.users.admin.password);
      15 |     await page.click('button[type="submit"], button:has-text("Login")');
      16 |     await page.waitForLoadState('networkidle');
        at E:\test-project-app\tests\playwright\admin\admin-crud.spec.ts:13:77

    attachment #1: screenshot (image/png) ──────────────────────────────────────────────────────────
    ..\..\test-results\admin-admin-crud-Admin---U-e221e-e-Google-email-successfully-Mobile-Safari\test-failed-1.png
    ────────────────────────────────────────────────────────────────────────────────────────────────

    attachment #2: video (video/webm) ──────────────────────────────────────────────────────────────
    ..\..\test-results\admin-admin-crud-Admin---U-e221e-e-Google-email-successfully-Mobile-Safari\video.webm
    ────────────────────────────────────────────────────────────────────────────────────────────────

    Error Context: ..\..\test-results\admin-admin-crud-Admin---U-e221e-e-Google-email-successfully-Mobile-Safari\error-context.md
]]>
</failure>
<system-out>
<![CDATA[
[[ATTACHMENT|test-results\admin-admin-crud-Admin---U-e221e-e-Google-email-successfully-Mobile-Safari\test-failed-1.png]]

[[ATTACHMENT|test-results\admin-admin-crud-Admin---U-e221e-e-Google-email-successfully-Mobile-Safari\video.webm]]

[[ATTACHMENT|test-results\admin-admin-crud-Admin---U-e221e-e-Google-email-successfully-Mobile-Safari\error-context.md]]
]]>
</system-out>
</testcase>
<testcase name="Admin - User Management CRUD › Admin Dashboard › should display admin dashboard correctly" classname="admin\admin-crud.spec.ts" time="1.847">
<failure message="admin-crud.spec.ts:360:9 should display admin dashboard correctly" type="FAILURE">
<![CDATA[  [Mobile Safari] › admin\admin-crud.spec.ts:360:9 › Admin - User Management CRUD › Admin Dashboard › should display admin dashboard correctly 

    TypeError: Cannot read properties of undefined (reading 'users')

      11 |     // Login as admin
      12 |     await page.goto('/login');
    > 13 |     await page.fill('input[name="username"], input[type="email"]', testData.users.admin.email);
         |                                                                             ^
      14 |     await page.fill('input[name="password"], input[type="password"]', testData.users.admin.password);
      15 |     await page.click('button[type="submit"], button:has-text("Login")');
      16 |     await page.waitForLoadState('networkidle');
        at E:\test-project-app\tests\playwright\admin\admin-crud.spec.ts:13:77

    attachment #1: screenshot (image/png) ──────────────────────────────────────────────────────────
    ..\..\test-results\admin-admin-crud-Admin---U-2ac0a-y-admin-dashboard-correctly-Mobile-Safari\test-failed-1.png
    ────────────────────────────────────────────────────────────────────────────────────────────────

    attachment #2: video (video/webm) ──────────────────────────────────────────────────────────────
    ..\..\test-results\admin-admin-crud-Admin---U-2ac0a-y-admin-dashboard-correctly-Mobile-Safari\video.webm
    ────────────────────────────────────────────────────────────────────────────────────────────────

    Error Context: ..\..\test-results\admin-admin-crud-Admin---U-2ac0a-y-admin-dashboard-correctly-Mobile-Safari\error-context.md
]]>
</failure>
<system-out>
<![CDATA[
[[ATTACHMENT|test-results\admin-admin-crud-Admin---U-2ac0a-y-admin-dashboard-correctly-Mobile-Safari\test-failed-1.png]]

[[ATTACHMENT|test-results\admin-admin-crud-Admin---U-2ac0a-y-admin-dashboard-correctly-Mobile-Safari\video.webm]]

[[ATTACHMENT|test-results\admin-admin-crud-Admin---U-2ac0a-y-admin-dashboard-correctly-Mobile-Safari\error-context.md]]
]]>
</system-out>
</testcase>
<testcase name="Admin - User Management CRUD › Admin Dashboard › should navigate between admin tabs" classname="admin\admin-crud.spec.ts" time="1.931">
<failure message="admin-crud.spec.ts:367:9 should navigate between admin tabs" type="FAILURE">
<![CDATA[  [Mobile Safari] › admin\admin-crud.spec.ts:367:9 › Admin - User Management CRUD › Admin Dashboard › should navigate between admin tabs 

    TypeError: Cannot read properties of undefined (reading 'users')

      11 |     // Login as admin
      12 |     await page.goto('/login');
    > 13 |     await page.fill('input[name="username"], input[type="email"]', testData.users.admin.email);
         |                                                                             ^
      14 |     await page.fill('input[name="password"], input[type="password"]', testData.users.admin.password);
      15 |     await page.click('button[type="submit"], button:has-text("Login")');
      16 |     await page.waitForLoadState('networkidle');
        at E:\test-project-app\tests\playwright\admin\admin-crud.spec.ts:13:77

    attachment #1: screenshot (image/png) ──────────────────────────────────────────────────────────
    ..\..\test-results\admin-admin-crud-Admin---U-09657-navigate-between-admin-tabs-Mobile-Safari\test-failed-1.png
    ────────────────────────────────────────────────────────────────────────────────────────────────

    attachment #2: video (video/webm) ──────────────────────────────────────────────────────────────
    ..\..\test-results\admin-admin-crud-Admin---U-09657-navigate-between-admin-tabs-Mobile-Safari\video.webm
    ────────────────────────────────────────────────────────────────────────────────────────────────

    Error Context: ..\..\test-results\admin-admin-crud-Admin---U-09657-navigate-between-admin-tabs-Mobile-Safari\error-context.md
]]>
</failure>
<system-out>
<![CDATA[
[[ATTACHMENT|test-results\admin-admin-crud-Admin---U-09657-navigate-between-admin-tabs-Mobile-Safari\test-failed-1.png]]

[[ATTACHMENT|test-results\admin-admin-crud-Admin---U-09657-navigate-between-admin-tabs-Mobile-Safari\video.webm]]

[[ATTACHMENT|test-results\admin-admin-crud-Admin---U-09657-navigate-between-admin-tabs-Mobile-Safari\error-context.md]]
]]>
</system-out>
</testcase>
<testcase name="Admin - User Management CRUD › Admin Dashboard › should show real-time statistics updates" classname="admin\admin-crud.spec.ts" time="1.987">
<failure message="admin-crud.spec.ts:378:9 should show real-time statistics updates" type="FAILURE">
<![CDATA[  [Mobile Safari] › admin\admin-crud.spec.ts:378:9 › Admin - User Management CRUD › Admin Dashboard › should show real-time statistics updates 

    TypeError: Cannot read properties of undefined (reading 'users')

      11 |     // Login as admin
      12 |     await page.goto('/login');
    > 13 |     await page.fill('input[name="username"], input[type="email"]', testData.users.admin.email);
         |                                                                             ^
      14 |     await page.fill('input[name="password"], input[type="password"]', testData.users.admin.password);
      15 |     await page.click('button[type="submit"], button:has-text("Login")');
      16 |     await page.waitForLoadState('networkidle');
        at E:\test-project-app\tests\playwright\admin\admin-crud.spec.ts:13:77

    attachment #1: screenshot (image/png) ──────────────────────────────────────────────────────────
    ..\..\test-results\admin-admin-crud-Admin---U-ca2e0-eal-time-statistics-updates-Mobile-Safari\test-failed-1.png
    ────────────────────────────────────────────────────────────────────────────────────────────────

    attachment #2: video (video/webm) ──────────────────────────────────────────────────────────────
    ..\..\test-results\admin-admin-crud-Admin---U-ca2e0-eal-time-statistics-updates-Mobile-Safari\video.webm
    ────────────────────────────────────────────────────────────────────────────────────────────────

    Error Context: ..\..\test-results\admin-admin-crud-Admin---U-ca2e0-eal-time-statistics-updates-Mobile-Safari\error-context.md
]]>
</failure>
<system-out>
<![CDATA[
[[ATTACHMENT|test-results\admin-admin-crud-Admin---U-ca2e0-eal-time-statistics-updates-Mobile-Safari\test-failed-1.png]]

[[ATTACHMENT|test-results\admin-admin-crud-Admin---U-ca2e0-eal-time-statistics-updates-Mobile-Safari\video.webm]]

[[ATTACHMENT|test-results\admin-admin-crud-Admin---U-ca2e0-eal-time-statistics-updates-Mobile-Safari\error-context.md]]
]]>
</system-out>
</testcase>
</testsuite>
<testsuite name="admin\event-create.spec.ts" timestamp="2026-02-20T03:52:25.301Z" hostname="Mobile Safari" tests="1" failures="0" skipped="0" time="6.667" errors="0">
<testcase name="Admin: Event creation › creates event and shows it in the Events list" classname="admin\event-create.spec.ts" time="6.667">
</testcase>
</testsuite>
<testsuite name="admin\event-toggle-publish.spec.ts" timestamp="2026-02-20T03:52:25.301Z" hostname="Mobile Safari" tests="1" failures="1" skipped="0" time="30.74" errors="0">
<testcase name="Admin: Toggle event publish status › toggles publish and updates Published column immediately" classname="admin\event-toggle-publish.spec.ts" time="30.74">
<failure message="event-toggle-publish.spec.ts:10:7 toggles publish and updates Published column immediately" type="FAILURE">
<![CDATA[  [Mobile Safari] › admin\event-toggle-publish.spec.ts:10:7 › Admin: Toggle event publish status › toggles publish and updates Published column immediately › Verify initial Published=false and toggle ON 

    Test timeout of 30000ms exceeded.

    Error: page.waitForResponse: Test timeout of 30000ms exceeded.

      120 |
      121 |       // Click toggle publish
    > 122 |       const waited = page.waitForResponse((res) => res.url().includes('/api/events/101/toggle-publish') && res.request().method() === 'PATCH');
          |                           ^
      123 |       await publishAction.click();
      124 |       await waited;
      125 |
        at E:\test-project-app\tests\playwright\admin\event-toggle-publish.spec.ts:122:27
        at E:\test-project-app\tests\playwright\admin\event-toggle-publish.spec.ts:111:5

    attachment #1: screenshot (image/png) ──────────────────────────────────────────────────────────
    ..\..\test-results\admin-event-toggle-publish-a401c-ublished-column-immediately-Mobile-Safari\test-failed-1.png
    ────────────────────────────────────────────────────────────────────────────────────────────────

    attachment #2: video (video/webm) ──────────────────────────────────────────────────────────────
    ..\..\test-results\admin-event-toggle-publish-a401c-ublished-column-immediately-Mobile-Safari\video.webm
    ────────────────────────────────────────────────────────────────────────────────────────────────

    Error Context: ..\..\test-results\admin-event-toggle-publish-a401c-ublished-column-immediately-Mobile-Safari\error-context.md
]]>
</failure>
<system-out>
<![CDATA[
[[ATTACHMENT|test-results\admin-event-toggle-publish-a401c-ublished-column-immediately-Mobile-Safari\test-failed-1.png]]

[[ATTACHMENT|test-results\admin-event-toggle-publish-a401c-ublished-column-immediately-Mobile-Safari\video.webm]]

[[ATTACHMENT|test-results\admin-event-toggle-publish-a401c-ublished-column-immediately-Mobile-Safari\error-context.md]]
]]>
</system-out>
</testcase>
</testsuite>
<testsuite name="api\api-validation.spec.ts" timestamp="2026-02-20T03:52:25.301Z" hostname="Mobile Safari" tests="33" failures="29" skipped="0" time="1.36" errors="0">
<testcase name="API Validation › Authentication API › should login successfully with valid credentials" classname="api\api-validation.spec.ts" time="0.034">
<failure message="api-validation.spec.ts:12:9 should login successfully with valid credentials" type="FAILURE">
<![CDATA[  [Mobile Safari] › api\api-validation.spec.ts:12:9 › API Validation › Authentication API › should login successfully with valid credentials 

    TypeError: Cannot read properties of undefined (reading 'users')

      12 |     test('should login successfully with valid credentials', async ({ request }, { testData }) => {
      13 |       const response = await apiHelpers.login({
    > 14 |         username: testData.users.admin.email,
         |                            ^
      15 |         password: testData.users.admin.password
      16 |       });
      17 |
        at E:\test-project-app\tests\playwright\api\api-validation.spec.ts:14:28
]]>
</failure>
</testcase>
<testcase name="API Validation › Authentication API › should return 401 for invalid credentials" classname="api\api-validation.spec.ts" time="0.33">
<failure message="api-validation.spec.ts:23:9 should return 401 for invalid credentials" type="FAILURE">
<![CDATA[  [Mobile Safari] › api\api-validation.spec.ts:23:9 › API Validation › Authentication API › should return 401 for invalid credentials 

    TypeError: Cannot read properties of undefined (reading 'status')

      28 |         });
      29 |       } catch (error: any) {
    > 30 |         expect(error.response.status).toBe(401);
         |                               ^
      31 |       }
      32 |     });
      33 |
        at E:\test-project-app\tests\playwright\api\api-validation.spec.ts:30:31
]]>
</failure>
</testcase>
<testcase name="API Validation › Authentication API › should return 400 for missing credentials" classname="api\api-validation.spec.ts" time="0.054">
<failure message="api-validation.spec.ts:34:9 should return 400 for missing credentials" type="FAILURE">
<![CDATA[  [Mobile Safari] › api\api-validation.spec.ts:34:9 › API Validation › Authentication API › should return 400 for missing credentials 

    TypeError: Cannot read properties of undefined (reading 'status')

      39 |         });
      40 |       } catch (error: any) {
    > 41 |         expect(error.response.status).toBe(400);
         |                               ^
      42 |       }
      43 |     });
      44 |
        at E:\test-project-app\tests\playwright\api\api-validation.spec.ts:41:31
]]>
</failure>
</testcase>
<testcase name="API Validation › Authentication API › should refresh token successfully" classname="api\api-validation.spec.ts" time="0.02">
<failure message="api-validation.spec.ts:45:9 should refresh token successfully" type="FAILURE">
<![CDATA[  [Mobile Safari] › api\api-validation.spec.ts:45:9 › API Validation › Authentication API › should refresh token successfully 

    TypeError: Cannot read properties of undefined (reading 'users')

      45 |     test('should refresh token successfully', async ({ request }, { testData }) => {
      46 |       const loginResponse = await apiHelpers.login({
    > 47 |         username: testData.users.admin.email,
         |                            ^
      48 |         password: testData.users.admin.password
      49 |       });
      50 |
        at E:\test-project-app\tests\playwright\api\api-validation.spec.ts:47:28
]]>
</failure>
</testcase>
<testcase name="API Validation › Authentication API › should logout successfully" classname="api\api-validation.spec.ts" time="0.022">
<failure message="api-validation.spec.ts:56:9 should logout successfully" type="FAILURE">
<![CDATA[  [Mobile Safari] › api\api-validation.spec.ts:56:9 › API Validation › Authentication API › should logout successfully 

    TypeError: Cannot read properties of undefined (reading 'users')

      56 |     test('should logout successfully', async ({ request }, { testData }) => {
      57 |       await apiHelpers.login({
    > 58 |         username: testData.users.admin.email,
         |                            ^
      59 |         password: testData.users.admin.password
      60 |       });
      61 |
        at E:\test-project-app\tests\playwright\api\api-validation.spec.ts:58:28
]]>
</failure>
</testcase>
<testcase name="API Validation › Authentication API › should return 401 for requests without authentication" classname="api\api-validation.spec.ts" time="0.063">
<failure message="api-validation.spec.ts:66:9 should return 401 for requests without authentication" type="FAILURE">
<![CDATA[  [Mobile Safari] › api\api-validation.spec.ts:66:9 › API Validation › Authentication API › should return 401 for requests without authentication 

    TypeError: Cannot read properties of undefined (reading 'status')

      68 |         await apiHelpers.getUsers();
      69 |       } catch (error: any) {
    > 70 |         expect(error.response.status).toBe(401);
         |                               ^
      71 |       }
      72 |     });
      73 |   });
        at E:\test-project-app\tests\playwright\api\api-validation.spec.ts:70:31
]]>
</failure>
</testcase>
<testcase name="API Validation › Users API › should get users list" classname="api\api-validation.spec.ts" time="0.019">
<failure message="api-validation.spec.ts:83:9 should get users list" type="FAILURE">
<![CDATA[  [Mobile Safari] › api\api-validation.spec.ts:83:9 › API Validation › Users API › should get users list 

    TypeError: Cannot read properties of undefined (reading 'users')

      76 |     test.beforeEach(async ({ request }, { testData }) => {
      77 |       await apiHelpers.login({
    > 78 |         username: testData.users.admin.email,
         |                            ^
      79 |         password: testData.users.admin.password
      80 |       });
      81 |     });
        at E:\test-project-app\tests\playwright\api\api-validation.spec.ts:78:28
]]>
</failure>
</testcase>
<testcase name="API Validation › Users API › should create user successfully" classname="api\api-validation.spec.ts" time="0.024">
<failure message="api-validation.spec.ts:89:9 should create user successfully" type="FAILURE">
<![CDATA[  [Mobile Safari] › api\api-validation.spec.ts:89:9 › API Validation › Users API › should create user successfully 

    TypeError: Cannot read properties of undefined (reading 'users')

      76 |     test.beforeEach(async ({ request }, { testData }) => {
      77 |       await apiHelpers.login({
    > 78 |         username: testData.users.admin.email,
         |                            ^
      79 |         password: testData.users.admin.password
      80 |       });
      81 |     });
        at E:\test-project-app\tests\playwright\api\api-validation.spec.ts:78:28
]]>
</failure>
</testcase>
<testcase name="API Validation › Users API › should return 400 for invalid user data" classname="api\api-validation.spec.ts" time="0.022">
<failure message="api-validation.spec.ts:105:9 should return 400 for invalid user data" type="FAILURE">
<![CDATA[  [Mobile Safari] › api\api-validation.spec.ts:105:9 › API Validation › Users API › should return 400 for invalid user data 

    TypeError: Cannot read properties of undefined (reading 'users')

      76 |     test.beforeEach(async ({ request }, { testData }) => {
      77 |       await apiHelpers.login({
    > 78 |         username: testData.users.admin.email,
         |                            ^
      79 |         password: testData.users.admin.password
      80 |       });
      81 |     });
        at E:\test-project-app\tests\playwright\api\api-validation.spec.ts:78:28
]]>
</failure>
</testcase>
<testcase name="API Validation › Users API › should return 400 for duplicate username" classname="api\api-validation.spec.ts" time="0.026">
<failure message="api-validation.spec.ts:120:9 should return 400 for duplicate username" type="FAILURE">
<![CDATA[  [Mobile Safari] › api\api-validation.spec.ts:120:9 › API Validation › Users API › should return 400 for duplicate username 

    TypeError: Cannot read properties of undefined (reading 'users')

      76 |     test.beforeEach(async ({ request }, { testData }) => {
      77 |       await apiHelpers.login({
    > 78 |         username: testData.users.admin.email,
         |                            ^
      79 |         password: testData.users.admin.password
      80 |       });
      81 |     });
        at E:\test-project-app\tests\playwright\api\api-validation.spec.ts:78:28
]]>
</failure>
</testcase>
<testcase name="API Validation › Users API › should get user by ID" classname="api\api-validation.spec.ts" time="0.02">
<failure message="api-validation.spec.ts:142:9 should get user by ID" type="FAILURE">
<![CDATA[  [Mobile Safari] › api\api-validation.spec.ts:142:9 › API Validation › Users API › should get user by ID 

    TypeError: Cannot read properties of undefined (reading 'users')

      76 |     test.beforeEach(async ({ request }, { testData }) => {
      77 |       await apiHelpers.login({
    > 78 |         username: testData.users.admin.email,
         |                            ^
      79 |         password: testData.users.admin.password
      80 |       });
      81 |     });
        at E:\test-project-app\tests\playwright\api\api-validation.spec.ts:78:28
]]>
</failure>
</testcase>
<testcase name="API Validation › Users API › should update user successfully" classname="api\api-validation.spec.ts" time="0.027">
<failure message="api-validation.spec.ts:160:9 should update user successfully" type="FAILURE">
<![CDATA[  [Mobile Safari] › api\api-validation.spec.ts:160:9 › API Validation › Users API › should update user successfully 

    TypeError: Cannot read properties of undefined (reading 'users')

      76 |     test.beforeEach(async ({ request }, { testData }) => {
      77 |       await apiHelpers.login({
    > 78 |         username: testData.users.admin.email,
         |                            ^
      79 |         password: testData.users.admin.password
      80 |       });
      81 |     });
        at E:\test-project-app\tests\playwright\api\api-validation.spec.ts:78:28
]]>
</failure>
</testcase>
<testcase name="API Validation › Users API › should delete user successfully" classname="api\api-validation.spec.ts" time="0.021">
<failure message="api-validation.spec.ts:182:9 should delete user successfully" type="FAILURE">
<![CDATA[  [Mobile Safari] › api\api-validation.spec.ts:182:9 › API Validation › Users API › should delete user successfully 

    TypeError: Cannot read properties of undefined (reading 'users')

      76 |     test.beforeEach(async ({ request }, { testData }) => {
      77 |       await apiHelpers.login({
    > 78 |         username: testData.users.admin.email,
         |                            ^
      79 |         password: testData.users.admin.password
      80 |       });
      81 |     });
        at E:\test-project-app\tests\playwright\api\api-validation.spec.ts:78:28
]]>
</failure>
</testcase>
<testcase name="API Validation › Users API › should return 404 for non-existent user" classname="api\api-validation.spec.ts" time="0.018">
<failure message="api-validation.spec.ts:199:9 should return 404 for non-existent user" type="FAILURE">
<![CDATA[  [Mobile Safari] › api\api-validation.spec.ts:199:9 › API Validation › Users API › should return 404 for non-existent user 

    TypeError: Cannot read properties of undefined (reading 'users')

      76 |     test.beforeEach(async ({ request }, { testData }) => {
      77 |       await apiHelpers.login({
    > 78 |         username: testData.users.admin.email,
         |                            ^
      79 |         password: testData.users.admin.password
      80 |       });
      81 |     });
        at E:\test-project-app\tests\playwright\api\api-validation.spec.ts:78:28
]]>
</failure>
</testcase>
<testcase name="API Validation › Events API › should get events list" classname="api\api-validation.spec.ts" time="0.023">
<failure message="api-validation.spec.ts:216:9 should get events list" type="FAILURE">
<![CDATA[  [Mobile Safari] › api\api-validation.spec.ts:216:9 › API Validation › Events API › should get events list 

    TypeError: Cannot read properties of undefined (reading 'users')

      209 |     test.beforeEach(async ({ request }, { testData }) => {
      210 |       await apiHelpers.login({
    > 211 |         username: testData.users.admin.email,
          |                            ^
      212 |         password: testData.users.admin.password
      213 |       });
      214 |     });
        at E:\test-project-app\tests\playwright\api\api-validation.spec.ts:211:28
]]>
</failure>
</testcase>
<testcase name="API Validation › Events API › should create event successfully" classname="api\api-validation.spec.ts" time="0.019">
<failure message="api-validation.spec.ts:222:9 should create event successfully" type="FAILURE">
<![CDATA[  [Mobile Safari] › api\api-validation.spec.ts:222:9 › API Validation › Events API › should create event successfully 

    TypeError: Cannot read properties of undefined (reading 'users')

      209 |     test.beforeEach(async ({ request }, { testData }) => {
      210 |       await apiHelpers.login({
    > 211 |         username: testData.users.admin.email,
          |                            ^
      212 |         password: testData.users.admin.password
      213 |       });
      214 |     });
        at E:\test-project-app\tests\playwright\api\api-validation.spec.ts:211:28
]]>
</failure>
</testcase>
<testcase name="API Validation › Events API › should return 400 for invalid event data" classname="api\api-validation.spec.ts" time="0.006">
<failure message="api-validation.spec.ts:239:9 should return 400 for invalid event data" type="FAILURE">
<![CDATA[  [Mobile Safari] › api\api-validation.spec.ts:239:9 › API Validation › Events API › should return 400 for invalid event data 

    TypeError: Cannot read properties of undefined (reading 'users')

      209 |     test.beforeEach(async ({ request }, { testData }) => {
      210 |       await apiHelpers.login({
    > 211 |         username: testData.users.admin.email,
          |                            ^
      212 |         password: testData.users.admin.password
      213 |       });
      214 |     });
        at E:\test-project-app\tests\playwright\api\api-validation.spec.ts:211:28
]]>
</failure>
</testcase>
<testcase name="API Validation › Events API › should get event by ID" classname="api\api-validation.spec.ts" time="0.032">
<failure message="api-validation.spec.ts:256:9 should get event by ID" type="FAILURE">
<![CDATA[  [Mobile Safari] › api\api-validation.spec.ts:256:9 › API Validation › Events API › should get event by ID 

    TypeError: Cannot read properties of undefined (reading 'users')

      209 |     test.beforeEach(async ({ request }, { testData }) => {
      210 |       await apiHelpers.login({
    > 211 |         username: testData.users.admin.email,
          |                            ^
      212 |         password: testData.users.admin.password
      213 |       });
      214 |     });
        at E:\test-project-app\tests\playwright\api\api-validation.spec.ts:211:28
]]>
</failure>
</testcase>
<testcase name="API Validation › Events API › should update event successfully" classname="api\api-validation.spec.ts" time="0.022">
<failure message="api-validation.spec.ts:276:9 should update event successfully" type="FAILURE">
<![CDATA[  [Mobile Safari] › api\api-validation.spec.ts:276:9 › API Validation › Events API › should update event successfully 

    TypeError: Cannot read properties of undefined (reading 'users')

      209 |     test.beforeEach(async ({ request }, { testData }) => {
      210 |       await apiHelpers.login({
    > 211 |         username: testData.users.admin.email,
          |                            ^
      212 |         password: testData.users.admin.password
      213 |       });
      214 |     });
        at E:\test-project-app\tests\playwright\api\api-validation.spec.ts:211:28
]]>
</failure>
</testcase>
<testcase name="API Validation › Events API › should delete event successfully" classname="api\api-validation.spec.ts" time="0.02">
<failure message="api-validation.spec.ts:300:9 should delete event successfully" type="FAILURE">
<![CDATA[  [Mobile Safari] › api\api-validation.spec.ts:300:9 › API Validation › Events API › should delete event successfully 

    TypeError: Cannot read properties of undefined (reading 'users')

      209 |     test.beforeEach(async ({ request }, { testData }) => {
      210 |       await apiHelpers.login({
    > 211 |         username: testData.users.admin.email,
          |                            ^
      212 |         password: testData.users.admin.password
      213 |       });
      214 |     });
        at E:\test-project-app\tests\playwright\api\api-validation.spec.ts:211:28
]]>
</failure>
</testcase>
<testcase name="API Validation › Events API › should register for event successfully" classname="api\api-validation.spec.ts" time="0.018">
<failure message="api-validation.spec.ts:319:9 should register for event successfully" type="FAILURE">
<![CDATA[  [Mobile Safari] › api\api-validation.spec.ts:319:9 › API Validation › Events API › should register for event successfully 

    TypeError: Cannot read properties of undefined (reading 'users')

      209 |     test.beforeEach(async ({ request }, { testData }) => {
      210 |       await apiHelpers.login({
    > 211 |         username: testData.users.admin.email,
          |                            ^
      212 |         password: testData.users.admin.password
      213 |       });
      214 |     });
        at E:\test-project-app\tests\playwright\api\api-validation.spec.ts:211:28
]]>
</failure>
</testcase>
<testcase name="API Validation › Events API › should return 400 for duplicate registration" classname="api\api-validation.spec.ts" time="0.021">
<failure message="api-validation.spec.ts:346:9 should return 400 for duplicate registration" type="FAILURE">
<![CDATA[  [Mobile Safari] › api\api-validation.spec.ts:346:9 › API Validation › Events API › should return 400 for duplicate registration 

    TypeError: Cannot read properties of undefined (reading 'users')

      209 |     test.beforeEach(async ({ request }, { testData }) => {
      210 |       await apiHelpers.login({
    > 211 |         username: testData.users.admin.email,
          |                            ^
      212 |         password: testData.users.admin.password
      213 |       });
      214 |     });
        at E:\test-project-app\tests\playwright\api\api-validation.spec.ts:211:28
]]>
</failure>
</testcase>
<testcase name="API Validation › Scores API › should submit score successfully" classname="api\api-validation.spec.ts" time="0.022">
<failure message="api-validation.spec.ts:381:9 should submit score successfully" type="FAILURE">
<![CDATA[  [Mobile Safari] › api\api-validation.spec.ts:381:9 › API Validation › Scores API › should submit score successfully 

    TypeError: Cannot read properties of undefined (reading 'users')

      374 |     test.beforeEach(async ({ request }, { testData }) => {
      375 |       await apiHelpers.login({
    > 376 |         username: testData.users.judge.email,
          |                            ^
      377 |         password: testData.users.judge.password
      378 |       });
      379 |     });
        at E:\test-project-app\tests\playwright\api\api-validation.spec.ts:376:28
]]>
</failure>
</testcase>
<testcase name="API Validation › Scores API › should return 400 for invalid score data" classname="api\api-validation.spec.ts" time="0.022">
<failure message="api-validation.spec.ts:431:9 should return 400 for invalid score data" type="FAILURE">
<![CDATA[  [Mobile Safari] › api\api-validation.spec.ts:431:9 › API Validation › Scores API › should return 400 for invalid score data 

    TypeError: Cannot read properties of undefined (reading 'users')

      374 |     test.beforeEach(async ({ request }, { testData }) => {
      375 |       await apiHelpers.login({
    > 376 |         username: testData.users.judge.email,
          |                            ^
      377 |         password: testData.users.judge.password
      378 |       });
      379 |     });
        at E:\test-project-app\tests\playwright\api\api-validation.spec.ts:376:28
]]>
</failure>
</testcase>
<testcase name="API Validation › Scores API › should get scores for event" classname="api\api-validation.spec.ts" time="0.019">
<failure message="api-validation.spec.ts:444:9 should get scores for event" type="FAILURE">
<![CDATA[  [Mobile Safari] › api\api-validation.spec.ts:444:9 › API Validation › Scores API › should get scores for event 

    TypeError: Cannot read properties of undefined (reading 'users')

      374 |     test.beforeEach(async ({ request }, { testData }) => {
      375 |       await apiHelpers.login({
    > 376 |         username: testData.users.judge.email,
          |                            ^
      377 |         password: testData.users.judge.password
      378 |       });
      379 |     });
        at E:\test-project-app\tests\playwright\api\api-validation.spec.ts:376:28
]]>
</failure>
</testcase>
<testcase name="API Validation › Scores API › should get all scores" classname="api\api-validation.spec.ts" time="0.021">
<failure message="api-validation.spec.ts:450:9 should get all scores" type="FAILURE">
<![CDATA[  [Mobile Safari] › api\api-validation.spec.ts:450:9 › API Validation › Scores API › should get all scores 

    TypeError: Cannot read properties of undefined (reading 'users')

      374 |     test.beforeEach(async ({ request }, { testData }) => {
      375 |       await apiHelpers.login({
    > 376 |         username: testData.users.judge.email,
          |                            ^
      377 |         password: testData.users.judge.password
      378 |       });
      379 |     });
        at E:\test-project-app\tests\playwright\api\api-validation.spec.ts:376:28
]]>
</failure>
</testcase>
<testcase name="API Validation › API Error Handling › should handle 404 errors gracefully" classname="api\api-validation.spec.ts" time="0.062">
<failure message="api-validation.spec.ts:458:9 should handle 404 errors gracefully" type="FAILURE">
<![CDATA[  [Mobile Safari] › api\api-validation.spec.ts:458:9 › API Validation › API Error Handling › should handle 404 errors gracefully 

    TypeError: Cannot read properties of undefined (reading 'status')

      460 |         await apiHelpers.getUserById(99999);
      461 |       } catch (error: any) {
    > 462 |         expect(error.response.status).toBe(404);
          |                               ^
      463 |         expect(error.response.data).toHaveProperty('detail');
      464 |       }
      465 |     });
        at E:\test-project-app\tests\playwright\api\api-validation.spec.ts:462:31
]]>
</failure>
</testcase>
<testcase name="API Validation › API Error Handling › should handle 500 errors gracefully" classname="api\api-validation.spec.ts" time="0.063">
</testcase>
<testcase name="API Validation › API Error Handling › should handle network timeouts" classname="api\api-validation.spec.ts" time="0.064">
</testcase>
<testcase name="API Validation › API Error Handling › should handle malformed JSON responses" classname="api\api-validation.spec.ts" time="0.066">
</testcase>
<testcase name="API Validation › API Performance › should respond within acceptable time limits" classname="api\api-validation.spec.ts" time="0.101">
</testcase>
<testcase name="API Validation › API Performance › should handle concurrent requests" classname="api\api-validation.spec.ts" time="0.05">
<failure message="api-validation.spec.ts:508:9 should handle concurrent requests" type="FAILURE">
<![CDATA[  [Mobile Safari] › api\api-validation.spec.ts:508:9 › API Validation › API Performance › should handle concurrent requests 

    TypeError: Cannot read properties of undefined (reading 'users')

      508 |     test('should handle concurrent requests', async ({ request }, { testData }) => {
      509 |       await apiHelpers.login({
    > 510 |         username: testData.users.admin.email,
          |                            ^
      511 |         password: testData.users.admin.password
      512 |       });
      513 |
        at E:\test-project-app\tests\playwright\api\api-validation.spec.ts:510:28
]]>
</failure>
</testcase>
<testcase name="API Validation › API Performance › should handle large data sets" classname="api\api-validation.spec.ts" time="0.009">
<failure message="api-validation.spec.ts:523:9 should handle large data sets" type="FAILURE">
<![CDATA[  [Mobile Safari] › api\api-validation.spec.ts:523:9 › API Validation › API Performance › should handle large data sets 

    TypeError: Cannot read properties of undefined (reading 'users')

      523 |     test('should handle large data sets', async ({ request }, { testData }) => {
      524 |       await apiHelpers.login({
    > 525 |         username: testData.users.admin.email,
          |                            ^
      526 |         password: testData.users.admin.password
      527 |       });
      528 |
        at E:\test-project-app\tests\playwright\api\api-validation.spec.ts:525:28
]]>
</failure>
</testcase>
</testsuite>
<testsuite name="auth\login-invalid.spec.ts" timestamp="2026-02-20T03:52:25.301Z" hostname="Mobile Safari" tests="1" failures="0" skipped="0" time="3.11" errors="0">
<testcase name="Auth: Invalid email/password (negative) › shows error and stays on /login without tokens" classname="auth\login-invalid.spec.ts" time="3.11">
</testcase>
</testsuite>
<testsuite name="auth\login-success.spec.ts" timestamp="2026-02-20T03:52:25.301Z" hostname="Mobile Safari" tests="1" failures="0" skipped="0" time="2.934" errors="0">
<testcase name="Auth: Email/password login (mock) › redirects to /admin and stores JWT tokens" classname="auth\login-success.spec.ts" time="2.934">
</testcase>
</testsuite>
<testsuite name="auth\login.spec.ts" timestamp="2026-02-20T03:52:25.301Z" hostname="Mobile Safari" tests="26" failures="21" skipped="0" time="207.806" errors="0">
<testcase name="Authentication - Login › should display login form correctly" classname="auth\login.spec.ts" time="8.766">
<failure message="login.spec.ts:9:7 should display login form correctly" type="FAILURE">
<![CDATA[  [Mobile Safari] › auth\login.spec.ts:9:7 › Authentication - Login › should display login form correctly 

    Error: expect(locator).toBeDisabled() failed

    Locator:  locator('button[type="submit"], button:has-text("Login"), button:has-text("Sign In")')
    Expected: disabled
    Received: enabled
    Timeout:  5000ms

    Call log:
      - Expect "toBeDisabled" with timeout 5000ms
      - waiting for locator('button[type="submit"], button:has-text("Login"), button:has-text("Sign In")')
        9 × locator resolved to <button type="submit" class="w-full bg-gradient-to-r from-amber-600 to-orange-600 hover:from-amber-700 hover:to-orange-700 text-white font-bold py-4 px-6 rounded-xl transition-all duration-200 transform hover:scale-[1.02] focus:outline-none focus:ring-4 focus:ring-amber-300 shadow-lg hover:shadow-xl">Login</button>
          - unexpected value "enabled"


       at pages\LoginPage.ts:121

      119 |
      120 |   async expectLoginButtonToBeDisabled(): Promise<void> {
    > 121 |     await expect(this.loginButton).toBeDisabled();
          |                                    ^
      122 |   }
      123 |
      124 |   async expectLoginButtonToBeEnabled(): Promise<void> {
        at LoginPage.expectLoginButtonToBeDisabled (E:\test-project-app\tests\playwright\pages\LoginPage.ts:121:36)
        at E:\test-project-app\tests\playwright\auth\login.spec.ts:13:21

    attachment #1: screenshot (image/png) ──────────────────────────────────────────────────────────
    ..\..\test-results\auth-login-Authentication--9b9e7-isplay-login-form-correctly-Mobile-Safari\test-failed-1.png
    ────────────────────────────────────────────────────────────────────────────────────────────────

    attachment #2: video (video/webm) ──────────────────────────────────────────────────────────────
    ..\..\test-results\auth-login-Authentication--9b9e7-isplay-login-form-correctly-Mobile-Safari\video.webm
    ────────────────────────────────────────────────────────────────────────────────────────────────

    Error Context: ..\..\test-results\auth-login-Authentication--9b9e7-isplay-login-form-correctly-Mobile-Safari\error-context.md
]]>
</failure>
<system-out>
<![CDATA[
[[ATTACHMENT|test-results\auth-login-Authentication--9b9e7-isplay-login-form-correctly-Mobile-Safari\test-failed-1.png]]

[[ATTACHMENT|test-results\auth-login-Authentication--9b9e7-isplay-login-form-correctly-Mobile-Safari\video.webm]]

[[ATTACHMENT|test-results\auth-login-Authentication--9b9e7-isplay-login-form-correctly-Mobile-Safari\error-context.md]]
]]>
</system-out>
</testcase>
<testcase name="Authentication - Login › should show Google login option" classname="auth\login.spec.ts" time="8.205">
<failure message="login.spec.ts:16:7 should show Google login option" type="FAILURE">
<![CDATA[  [Mobile Safari] › auth\login.spec.ts:16:7 › Authentication - Login › should show Google login option 

    Error: expect(locator).toBeVisible() failed

    Locator: locator('button:has-text("Google"), button:has-text("Sign in with Google")')
    Expected: visible
    Timeout: 5000ms
    Error: element(s) not found

    Call log:
      - Expect "toBeVisible" with timeout 5000ms
      - waiting for locator('button:has-text("Google"), button:has-text("Sign in with Google")')


       at pages\BasePage.ts:102

      100 |
      101 |   async expectElementToBeVisible(selector: string): Promise<void> {
    > 102 |     await expect(this.page.locator(selector)).toBeVisible();
          |                                               ^
      103 |   }
      104 |
      105 |   async expectElementToBeHidden(selector: string): Promise<void> {
        at LoginPage.expectElementToBeVisible (E:\test-project-app\tests\playwright\pages\BasePage.ts:102:47)
        at LoginPage.expectGoogleLoginToBeVisible (E:\test-project-app\tests\playwright\pages\LoginPage.ts:93:16)
        at E:\test-project-app\tests\playwright\auth\login.spec.ts:17:21

    attachment #1: screenshot (image/png) ──────────────────────────────────────────────────────────
    ..\..\test-results\auth-login-Authentication--b284f-ld-show-Google-login-option-Mobile-Safari\test-failed-1.png
    ────────────────────────────────────────────────────────────────────────────────────────────────

    attachment #2: video (video/webm) ──────────────────────────────────────────────────────────────
    ..\..\test-results\auth-login-Authentication--b284f-ld-show-Google-login-option-Mobile-Safari\video.webm
    ────────────────────────────────────────────────────────────────────────────────────────────────

    Error Context: ..\..\test-results\auth-login-Authentication--b284f-ld-show-Google-login-option-Mobile-Safari\error-context.md
]]>
</failure>
<system-out>
<![CDATA[
[[ATTACHMENT|test-results\auth-login-Authentication--b284f-ld-show-Google-login-option-Mobile-Safari\test-failed-1.png]]

[[ATTACHMENT|test-results\auth-login-Authentication--b284f-ld-show-Google-login-option-Mobile-Safari\video.webm]]

[[ATTACHMENT|test-results\auth-login-Authentication--b284f-ld-show-Google-login-option-Mobile-Safari\error-context.md]]
]]>
</system-out>
</testcase>
<testcase name="Authentication - Login › should enable login button when form is filled" classname="auth\login.spec.ts" time="3.285">
</testcase>
<testcase name="Authentication - Login › should show error for invalid credentials" classname="auth\login.spec.ts" time="9.541">
<failure message="login.spec.ts:26:7 should show error for invalid credentials" type="FAILURE">
<![CDATA[  [Mobile Safari] › auth\login.spec.ts:26:7 › Authentication - Login › should show error for invalid credentials 

    Error: expect(locator).toContainText(expected) failed

    Locator: locator('.error, .alert-error, [data-testid="error-message"]')
    Expected substring: "Invalid credentials"
    Timeout: 5000ms
    Error: element(s) not found

    Call log:
      - Expect "toContainText" with timeout 5000ms
      - waiting for locator('.error, .alert-error, [data-testid="error-message"]')


       at pages\BasePage.ts:110

      108 |
      109 |   async expectElementToContainText(selector: string, text: string): Promise<void> {
    > 110 |     await expect(this.page.locator(selector)).toContainText(text);
          |                                               ^
      111 |   }
      112 |
      113 |   async expectElementToHaveValue(selector: string, value: string): Promise<void> {
        at LoginPage.expectElementToContainText (E:\test-project-app\tests\playwright\pages\BasePage.ts:110:47)
        at LoginPage.expectErrorMessageToContain (E:\test-project-app\tests\playwright\pages\LoginPage.ts:97:16)
        at E:\test-project-app\tests\playwright\auth\login.spec.ts:28:21

    attachment #1: screenshot (image/png) ──────────────────────────────────────────────────────────
    ..\..\test-results\auth-login-Authentication--1024f-ror-for-invalid-credentials-Mobile-Safari\test-failed-1.png
    ────────────────────────────────────────────────────────────────────────────────────────────────

    attachment #2: video (video/webm) ──────────────────────────────────────────────────────────────
    ..\..\test-results\auth-login-Authentication--1024f-ror-for-invalid-credentials-Mobile-Safari\video.webm
    ────────────────────────────────────────────────────────────────────────────────────────────────

    Error Context: ..\..\test-results\auth-login-Authentication--1024f-ror-for-invalid-credentials-Mobile-Safari\error-context.md
]]>
</failure>
<system-out>
<![CDATA[
[[ATTACHMENT|test-results\auth-login-Authentication--1024f-ror-for-invalid-credentials-Mobile-Safari\test-failed-1.png]]

[[ATTACHMENT|test-results\auth-login-Authentication--1024f-ror-for-invalid-credentials-Mobile-Safari\video.webm]]

[[ATTACHMENT|test-results\auth-login-Authentication--1024f-ror-for-invalid-credentials-Mobile-Safari\error-context.md]]
]]>
</system-out>
</testcase>
<testcase name="Authentication - Login › should show error for empty username" classname="auth\login.spec.ts" time="4.486">
</testcase>
<testcase name="Authentication - Login › should show error for empty password" classname="auth\login.spec.ts" time="4.463">
</testcase>
<testcase name="Authentication - Login › should navigate to register page" classname="auth\login.spec.ts" time="30.474">
<failure message="login.spec.ts:43:7 should navigate to register page" type="FAILURE">
<![CDATA[  [Mobile Safari] › auth\login.spec.ts:43:7 › Authentication - Login › should navigate to register page 

    Test timeout of 30000ms exceeded.

    Error: locator.click: Test timeout of 30000ms exceeded.
    Call log:
      - waiting for locator('a:has-text("Register"), a:has-text("Sign Up")')


       at pages\LoginPage.ts:70

      68 |
      69 |   async clickRegister(): Promise<void> {
    > 70 |     await this.registerLink.click();
         |                             ^
      71 |     await this.waitForPageLoad();
      72 |   }
      73 |
        at LoginPage.clickRegister (E:\test-project-app\tests\playwright\pages\LoginPage.ts:70:29)
        at E:\test-project-app\tests\playwright\auth\login.spec.ts:44:21

    attachment #1: screenshot (image/png) ──────────────────────────────────────────────────────────
    ..\..\test-results\auth-login-Authentication--710a1-d-navigate-to-register-page-Mobile-Safari\test-failed-1.png
    ────────────────────────────────────────────────────────────────────────────────────────────────

    attachment #2: video (video/webm) ──────────────────────────────────────────────────────────────
    ..\..\test-results\auth-login-Authentication--710a1-d-navigate-to-register-page-Mobile-Safari\video.webm
    ────────────────────────────────────────────────────────────────────────────────────────────────

    Error Context: ..\..\test-results\auth-login-Authentication--710a1-d-navigate-to-register-page-Mobile-Safari\error-context.md
]]>
</failure>
<system-out>
<![CDATA[
[[ATTACHMENT|test-results\auth-login-Authentication--710a1-d-navigate-to-register-page-Mobile-Safari\test-failed-1.png]]

[[ATTACHMENT|test-results\auth-login-Authentication--710a1-d-navigate-to-register-page-Mobile-Safari\video.webm]]

[[ATTACHMENT|test-results\auth-login-Authentication--710a1-d-navigate-to-register-page-Mobile-Safari\error-context.md]]
]]>
</system-out>
</testcase>
<testcase name="Authentication - Login › should navigate to forgot password page" classname="auth\login.spec.ts" time="30.519">
<failure message="login.spec.ts:48:7 should navigate to forgot password page" type="FAILURE">
<![CDATA[  [Mobile Safari] › auth\login.spec.ts:48:7 › Authentication - Login › should navigate to forgot password page 

    Test timeout of 30000ms exceeded.

    Error: locator.click: Test timeout of 30000ms exceeded.
    Call log:
      - waiting for locator('a:has-text("Forgot Password"), a:has-text("Reset Password")')


       at pages\LoginPage.ts:75

      73 |
      74 |   async clickForgotPassword(): Promise<void> {
    > 75 |     await this.forgotPasswordLink.click();
         |                                   ^
      76 |     await this.waitForPageLoad();
      77 |   }
      78 |
        at LoginPage.clickForgotPassword (E:\test-project-app\tests\playwright\pages\LoginPage.ts:75:35)
        at E:\test-project-app\tests\playwright\auth\login.spec.ts:49:21

    attachment #1: screenshot (image/png) ──────────────────────────────────────────────────────────
    ..\..\test-results\auth-login-Authentication--71939-ate-to-forgot-password-page-Mobile-Safari\test-failed-1.png
    ────────────────────────────────────────────────────────────────────────────────────────────────

    attachment #2: video (video/webm) ──────────────────────────────────────────────────────────────
    ..\..\test-results\auth-login-Authentication--71939-ate-to-forgot-password-page-Mobile-Safari\video.webm
    ────────────────────────────────────────────────────────────────────────────────────────────────

    Error Context: ..\..\test-results\auth-login-Authentication--71939-ate-to-forgot-password-page-Mobile-Safari\error-context.md
]]>
</failure>
<system-out>
<![CDATA[
[[ATTACHMENT|test-results\auth-login-Authentication--71939-ate-to-forgot-password-page-Mobile-Safari\test-failed-1.png]]

[[ATTACHMENT|test-results\auth-login-Authentication--71939-ate-to-forgot-password-page-Mobile-Safari\video.webm]]

[[ATTACHMENT|test-results\auth-login-Authentication--71939-ate-to-forgot-password-page-Mobile-Safari\error-context.md]]
]]>
</system-out>
</testcase>
<testcase name="Authentication - Login › should support language switching" classname="auth\login.spec.ts" time="3.169">
</testcase>
<testcase name="Authentication - Login › should clear form when clear button is clicked" classname="auth\login.spec.ts" time="3.181">
</testcase>
<testcase name="Authentication - Successful Login › should login successfully with valid admin credentials" classname="auth\login.spec.ts" time="0.551">
<failure message="login.spec.ts:70:7 should login successfully with valid admin credentials" type="FAILURE">
<![CDATA[  [Mobile Safari] › auth\login.spec.ts:70:7 › Authentication - Successful Login › should login successfully with valid admin credentials 

    TypeError: Cannot read properties of undefined (reading 'users')

      69 | test.describe('Authentication - Successful Login', () => {
      70 |   test('should login successfully with valid admin credentials', async ({ loginPage, dashboardPage }, { testData }) => {
    > 71 |     await loginPage.loginWithUser(testData.users.admin);
         |                                            ^
      72 |     await dashboardPage.expectToBeOnDashboard();
      73 |     await dashboardPage.expectAdminSectionToBeVisible();
      74 |   });
        at E:\test-project-app\tests\playwright\auth\login.spec.ts:71:44

    attachment #1: screenshot (image/png) ──────────────────────────────────────────────────────────
    ..\..\test-results\auth-login-Authentication--fa957-ith-valid-admin-credentials-Mobile-Safari\test-failed-1.png
    ────────────────────────────────────────────────────────────────────────────────────────────────

    attachment #2: video (video/webm) ──────────────────────────────────────────────────────────────
    ..\..\test-results\auth-login-Authentication--fa957-ith-valid-admin-credentials-Mobile-Safari\video.webm
    ────────────────────────────────────────────────────────────────────────────────────────────────
]]>
</failure>
<system-out>
<![CDATA[
[[ATTACHMENT|test-results\auth-login-Authentication--fa957-ith-valid-admin-credentials-Mobile-Safari\test-failed-1.png]]

[[ATTACHMENT|test-results\auth-login-Authentication--fa957-ith-valid-admin-credentials-Mobile-Safari\video.webm]]
]]>
</system-out>
</testcase>
<testcase name="Authentication - Successful Login › should login successfully with valid judge credentials" classname="auth\login.spec.ts" time="0.404">
<failure message="login.spec.ts:76:7 should login successfully with valid judge credentials" type="FAILURE">
<![CDATA[  [Mobile Safari] › auth\login.spec.ts:76:7 › Authentication - Successful Login › should login successfully with valid judge credentials 

    TypeError: Cannot read properties of undefined (reading 'users')

      75 |
      76 |   test('should login successfully with valid judge credentials', async ({ loginPage, dashboardPage }, { testData }) => {
    > 77 |     await loginPage.loginWithUser(testData.users.judge);
         |                                            ^
      78 |     await dashboardPage.expectToBeOnDashboard();
      79 |     await dashboardPage.expectJudgeSectionToBeVisible();
      80 |   });
        at E:\test-project-app\tests\playwright\auth\login.spec.ts:77:44

    attachment #1: screenshot (image/png) ──────────────────────────────────────────────────────────
    ..\..\test-results\auth-login-Authentication--30d34-ith-valid-judge-credentials-Mobile-Safari\test-failed-1.png
    ────────────────────────────────────────────────────────────────────────────────────────────────

    attachment #2: video (video/webm) ──────────────────────────────────────────────────────────────
    ..\..\test-results\auth-login-Authentication--30d34-ith-valid-judge-credentials-Mobile-Safari\video.webm
    ────────────────────────────────────────────────────────────────────────────────────────────────
]]>
</failure>
<system-out>
<![CDATA[
[[ATTACHMENT|test-results\auth-login-Authentication--30d34-ith-valid-judge-credentials-Mobile-Safari\test-failed-1.png]]

[[ATTACHMENT|test-results\auth-login-Authentication--30d34-ith-valid-judge-credentials-Mobile-Safari\video.webm]]
]]>
</system-out>
</testcase>
<testcase name="Authentication - Successful Login › should login successfully with valid student credentials" classname="auth\login.spec.ts" time="0.461">
<failure message="login.spec.ts:82:7 should login successfully with valid student credentials" type="FAILURE">
<![CDATA[  [Mobile Safari] › auth\login.spec.ts:82:7 › Authentication - Successful Login › should login successfully with valid student credentials 

    TypeError: Cannot read properties of undefined (reading 'users')

      81 |
      82 |   test('should login successfully with valid student credentials', async ({ loginPage, dashboardPage }, { testData }) => {
    > 83 |     await loginPage.loginWithUser(testData.users.student);
         |                                            ^
      84 |     await dashboardPage.expectToBeOnDashboard();
      85 |     await dashboardPage.expectStudentSectionToBeVisible();
      86 |   });
        at E:\test-project-app\tests\playwright\auth\login.spec.ts:83:44

    attachment #1: screenshot (image/png) ──────────────────────────────────────────────────────────
    ..\..\test-results\auth-login-Authentication--6a89c-h-valid-student-credentials-Mobile-Safari\test-failed-1.png
    ────────────────────────────────────────────────────────────────────────────────────────────────

    attachment #2: video (video/webm) ──────────────────────────────────────────────────────────────
    ..\..\test-results\auth-login-Authentication--6a89c-h-valid-student-credentials-Mobile-Safari\video.webm
    ────────────────────────────────────────────────────────────────────────────────────────────────
]]>
</failure>
<system-out>
<![CDATA[
[[ATTACHMENT|test-results\auth-login-Authentication--6a89c-h-valid-student-credentials-Mobile-Safari\test-failed-1.png]]

[[ATTACHMENT|test-results\auth-login-Authentication--6a89c-h-valid-student-credentials-Mobile-Safari\video.webm]]
]]>
</system-out>
</testcase>
<testcase name="Authentication - Successful Login › should login successfully with valid volunteer credentials" classname="auth\login.spec.ts" time="0.444">
<failure message="login.spec.ts:88:7 should login successfully with valid volunteer credentials" type="FAILURE">
<![CDATA[  [Mobile Safari] › auth\login.spec.ts:88:7 › Authentication - Successful Login › should login successfully with valid volunteer credentials 

    TypeError: Cannot read properties of undefined (reading 'users')

      87 |
      88 |   test('should login successfully with valid volunteer credentials', async ({ loginPage, dashboardPage }, { testData }) => {
    > 89 |     await loginPage.loginWithUser(testData.users.volunteer);
         |                                            ^
      90 |     await dashboardPage.expectToBeOnDashboard();
      91 |     await dashboardPage.expectVolunteerSectionToBeVisible();
      92 |   });
        at E:\test-project-app\tests\playwright\auth\login.spec.ts:89:44

    attachment #1: screenshot (image/png) ──────────────────────────────────────────────────────────
    ..\..\test-results\auth-login-Authentication--cad24-valid-volunteer-credentials-Mobile-Safari\test-failed-1.png
    ────────────────────────────────────────────────────────────────────────────────────────────────

    attachment #2: video (video/webm) ──────────────────────────────────────────────────────────────
    ..\..\test-results\auth-login-Authentication--cad24-valid-volunteer-credentials-Mobile-Safari\video.webm
    ────────────────────────────────────────────────────────────────────────────────────────────────
]]>
</failure>
<system-out>
<![CDATA[
[[ATTACHMENT|test-results\auth-login-Authentication--cad24-valid-volunteer-credentials-Mobile-Safari\test-failed-1.png]]

[[ATTACHMENT|test-results\auth-login-Authentication--cad24-valid-volunteer-credentials-Mobile-Safari\video.webm]]
]]>
</system-out>
</testcase>
<testcase name="Authentication - Successful Login › should redirect to appropriate dashboard based on role" classname="auth\login.spec.ts" time="0.468">
<failure message="login.spec.ts:94:7 should redirect to appropriate dashboard based on role" type="FAILURE">
<![CDATA[  [Mobile Safari] › auth\login.spec.ts:94:7 › Authentication - Successful Login › should redirect to appropriate dashboard based on role 

    TypeError: Cannot read properties of undefined (reading 'users')

      93 |
      94 |   test('should redirect to appropriate dashboard based on role', async ({ loginPage, dashboardPage }, { testData }) => {
    > 95 |     await loginPage.loginWithUser(testData.users.admin);
         |                                            ^
      96 |     await dashboardPage.expectUrlToContain('/admin');
      97 |     
      98 |     await loginPage.navigateToLogin();
        at E:\test-project-app\tests\playwright\auth\login.spec.ts:95:44

    attachment #1: screenshot (image/png) ──────────────────────────────────────────────────────────
    ..\..\test-results\auth-login-Authentication--4bb87-ate-dashboard-based-on-role-Mobile-Safari\test-failed-1.png
    ────────────────────────────────────────────────────────────────────────────────────────────────

    attachment #2: video (video/webm) ──────────────────────────────────────────────────────────────
    ..\..\test-results\auth-login-Authentication--4bb87-ate-dashboard-based-on-role-Mobile-Safari\video.webm
    ────────────────────────────────────────────────────────────────────────────────────────────────
]]>
</failure>
<system-out>
<![CDATA[
[[ATTACHMENT|test-results\auth-login-Authentication--4bb87-ate-dashboard-based-on-role-Mobile-Safari\test-failed-1.png]]

[[ATTACHMENT|test-results\auth-login-Authentication--4bb87-ate-dashboard-based-on-role-Mobile-Safari\video.webm]]
]]>
</system-out>
</testcase>
<testcase name="Authentication - Successful Login › should display welcome message with user name" classname="auth\login.spec.ts" time="0.525">
<failure message="login.spec.ts:103:7 should display welcome message with user name" type="FAILURE">
<![CDATA[  [Mobile Safari] › auth\login.spec.ts:103:7 › Authentication - Successful Login › should display welcome message with user name 

    TypeError: Cannot read properties of undefined (reading 'users')

      102 |
      103 |   test('should display welcome message with user name', async ({ loginPage, dashboardPage }, { testData }) => {
    > 104 |     await loginPage.loginWithUser(testData.users.student);
          |                                            ^
      105 |     await dashboardPage.expectWelcomeMessageToContain(testData.users.student.firstName);
      106 |   });
      107 |
        at E:\test-project-app\tests\playwright\auth\login.spec.ts:104:44

    attachment #1: screenshot (image/png) ──────────────────────────────────────────────────────────
    ..\..\test-results\auth-login-Authentication--4a6a3-come-message-with-user-name-Mobile-Safari\test-failed-1.png
    ────────────────────────────────────────────────────────────────────────────────────────────────

    attachment #2: video (video/webm) ──────────────────────────────────────────────────────────────
    ..\..\test-results\auth-login-Authentication--4a6a3-come-message-with-user-name-Mobile-Safari\video.webm
    ────────────────────────────────────────────────────────────────────────────────────────────────
]]>
</failure>
<system-out>
<![CDATA[
[[ATTACHMENT|test-results\auth-login-Authentication--4a6a3-come-message-with-user-name-Mobile-Safari\test-failed-1.png]]

[[ATTACHMENT|test-results\auth-login-Authentication--4a6a3-come-message-with-user-name-Mobile-Safari\video.webm]]
]]>
</system-out>
</testcase>
<testcase name="Authentication - Successful Login › should show user menu after login" classname="auth\login.spec.ts" time="0.488">
<failure message="login.spec.ts:108:7 should show user menu after login" type="FAILURE">
<![CDATA[  [Mobile Safari] › auth\login.spec.ts:108:7 › Authentication - Successful Login › should show user menu after login 

    TypeError: Cannot read properties of undefined (reading 'users')

      107 |
      108 |   test('should show user menu after login', async ({ loginPage, dashboardPage }, { testData }) => {
    > 109 |     await loginPage.loginWithUser(testData.users.student);
          |                                            ^
      110 |     await dashboardPage.expectUserMenuToBeVisible();
      111 |     await dashboardPage.expectLogoutButtonToBeVisible();
      112 |   });
        at E:\test-project-app\tests\playwright\auth\login.spec.ts:109:44

    attachment #1: screenshot (image/png) ──────────────────────────────────────────────────────────
    ..\..\test-results\auth-login-Authentication--2bfd2--show-user-menu-after-login-Mobile-Safari\test-failed-1.png
    ────────────────────────────────────────────────────────────────────────────────────────────────

    attachment #2: video (video/webm) ──────────────────────────────────────────────────────────────
    ..\..\test-results\auth-login-Authentication--2bfd2--show-user-menu-after-login-Mobile-Safari\video.webm
    ────────────────────────────────────────────────────────────────────────────────────────────────
]]>
</failure>
<system-out>
<![CDATA[
[[ATTACHMENT|test-results\auth-login-Authentication--2bfd2--show-user-menu-after-login-Mobile-Safari\test-failed-1.png]]

[[ATTACHMENT|test-results\auth-login-Authentication--2bfd2--show-user-menu-after-login-Mobile-Safari\video.webm]]
]]>
</system-out>
</testcase>
<testcase name="Authentication - Google Login › should display Google login button" classname="auth\login.spec.ts" time="5.457">
<failure message="login.spec.ts:116:7 should display Google login button" type="FAILURE">
<![CDATA[  [Mobile Safari] › auth\login.spec.ts:116:7 › Authentication - Google Login › should display Google login button 

    Error: expect(locator).toBeVisible() failed

    Locator: locator('button:has-text("Google"), button:has-text("Sign in with Google")')
    Expected: visible
    Timeout: 5000ms
    Error: element(s) not found

    Call log:
      - Expect "toBeVisible" with timeout 5000ms
      - waiting for locator('button:has-text("Google"), button:has-text("Sign in with Google")')


       at pages\BasePage.ts:102

      100 |
      101 |   async expectElementToBeVisible(selector: string): Promise<void> {
    > 102 |     await expect(this.page.locator(selector)).toBeVisible();
          |                                               ^
      103 |   }
      104 |
      105 |   async expectElementToBeHidden(selector: string): Promise<void> {
        at LoginPage.expectElementToBeVisible (E:\test-project-app\tests\playwright\pages\BasePage.ts:102:47)
        at LoginPage.expectGoogleLoginToBeVisible (E:\test-project-app\tests\playwright\pages\LoginPage.ts:93:16)
        at E:\test-project-app\tests\playwright\auth\login.spec.ts:117:21

    attachment #1: screenshot (image/png) ──────────────────────────────────────────────────────────
    ..\..\test-results\auth-login-Authentication--b839e-display-Google-login-button-Mobile-Safari\test-failed-1.png
    ────────────────────────────────────────────────────────────────────────────────────────────────

    attachment #2: video (video/webm) ──────────────────────────────────────────────────────────────
    ..\..\test-results\auth-login-Authentication--b839e-display-Google-login-button-Mobile-Safari\video.webm
    ────────────────────────────────────────────────────────────────────────────────────────────────
]]>
</failure>
<system-out>
<![CDATA[
[[ATTACHMENT|test-results\auth-login-Authentication--b839e-display-Google-login-button-Mobile-Safari\test-failed-1.png]]

[[ATTACHMENT|test-results\auth-login-Authentication--b839e-display-Google-login-button-Mobile-Safari\video.webm]]
]]>
</system-out>
</testcase>
<testcase name="Authentication - Google Login › should handle Google login click" classname="auth\login.spec.ts" time="30.215">
<failure message="login.spec.ts:120:7 should handle Google login click" type="FAILURE">
<![CDATA[  [Mobile Safari] › auth\login.spec.ts:120:7 › Authentication - Google Login › should handle Google login click 

    Test timeout of 30000ms exceeded.

    Error: locator.click: Test timeout of 30000ms exceeded.
    Call log:
      - waiting for locator('button:has-text("Google"), button:has-text("Sign in with Google")')


       at pages\LoginPage.ts:65

      63 |
      64 |   async clickGoogleLogin(): Promise<void> {
    > 65 |     await this.googleLoginButton.click();
         |                                  ^
      66 |     await this.waitForPageLoad();
      67 |   }
      68 |
        at LoginPage.clickGoogleLogin (E:\test-project-app\tests\playwright\pages\LoginPage.ts:65:34)
        at E:\test-project-app\tests\playwright\auth\login.spec.ts:121:21

    attachment #1: screenshot (image/png) ──────────────────────────────────────────────────────────
    ..\..\test-results\auth-login-Authentication--365fe-d-handle-Google-login-click-Mobile-Safari\test-failed-1.png
    ────────────────────────────────────────────────────────────────────────────────────────────────

    attachment #2: video (video/webm) ──────────────────────────────────────────────────────────────
    ..\..\test-results\auth-login-Authentication--365fe-d-handle-Google-login-click-Mobile-Safari\video.webm
    ────────────────────────────────────────────────────────────────────────────────────────────────
]]>
</failure>
<system-out>
<![CDATA[
[[ATTACHMENT|test-results\auth-login-Authentication--365fe-d-handle-Google-login-click-Mobile-Safari\test-failed-1.png]]

[[ATTACHMENT|test-results\auth-login-Authentication--365fe-d-handle-Google-login-click-Mobile-Safari\video.webm]]
]]>
</system-out>
</testcase>
<testcase name="Authentication - Google Login › should show appropriate error for unauthorized Google email" classname="auth\login.spec.ts" time="30.193">
<failure message="login.spec.ts:127:7 should show appropriate error for unauthorized Google email" type="FAILURE">
<![CDATA[  [Mobile Safari] › auth\login.spec.ts:127:7 › Authentication - Google Login › should show appropriate error for unauthorized Google email 

    Test timeout of 30000ms exceeded.

    Error: locator.click: Test timeout of 30000ms exceeded.
    Call log:
      - waiting for locator('button:has-text("Google"), button:has-text("Sign in with Google")')


       at pages\LoginPage.ts:65

      63 |
      64 |   async clickGoogleLogin(): Promise<void> {
    > 65 |     await this.googleLoginButton.click();
         |                                  ^
      66 |     await this.waitForPageLoad();
      67 |   }
      68 |
        at LoginPage.clickGoogleLogin (E:\test-project-app\tests\playwright\pages\LoginPage.ts:65:34)
        at E:\test-project-app\tests\playwright\auth\login.spec.ts:130:21

    attachment #1: screenshot (image/png) ──────────────────────────────────────────────────────────
    ..\..\test-results\auth-login-Authentication--d9b69-r-unauthorized-Google-email-Mobile-Safari\test-failed-1.png
    ────────────────────────────────────────────────────────────────────────────────────────────────

    attachment #2: video (video/webm) ──────────────────────────────────────────────────────────────
    ..\..\test-results\auth-login-Authentication--d9b69-r-unauthorized-Google-email-Mobile-Safari\video.webm
    ────────────────────────────────────────────────────────────────────────────────────────────────
]]>
</failure>
<system-out>
<![CDATA[
[[ATTACHMENT|test-results\auth-login-Authentication--d9b69-r-unauthorized-Google-email-Mobile-Safari\test-failed-1.png]]

[[ATTACHMENT|test-results\auth-login-Authentication--d9b69-r-unauthorized-Google-email-Mobile-Safari\video.webm]]
]]>
</system-out>
</testcase>
<testcase name="Authentication - Form Validation › should validate email format" classname="auth\login.spec.ts" time="5.433">
<failure message="login.spec.ts:137:7 should validate email format" type="FAILURE">
<![CDATA[  [Mobile Safari] › auth\login.spec.ts:137:7 › Authentication - Form Validation › should validate email format 

    TimeoutError: locator.waitFor: Timeout 5000ms exceeded.
    Call log:
      - waiting for locator('input[name="username"], input[type="email"]') to be visible


       at pages\BasePage.ts:46

      44 |   async waitForElement(selector: string, timeout: number = 5000): Promise<Locator> {
      45 |     const element = this.page.locator(selector);
    > 46 |     await element.waitFor({ state: 'visible', timeout });
         |                   ^
      47 |     return element;
      48 |   }
      49 |
        at LoginPage.waitForElement (E:\test-project-app\tests\playwright\pages\BasePage.ts:46:19)
        at LoginPage.fillInput (E:\test-project-app\tests\playwright\pages\BasePage.ts:56:32)
        at E:\test-project-app\tests\playwright\auth\login.spec.ts:138:21

    attachment #1: screenshot (image/png) ──────────────────────────────────────────────────────────
    ..\..\test-results\auth-login-Authentication--6ce0b-hould-validate-email-format-Mobile-Safari\test-failed-1.png
    ────────────────────────────────────────────────────────────────────────────────────────────────

    attachment #2: video (video/webm) ──────────────────────────────────────────────────────────────
    ..\..\test-results\auth-login-Authentication--6ce0b-hould-validate-email-format-Mobile-Safari\video.webm
    ────────────────────────────────────────────────────────────────────────────────────────────────
]]>
</failure>
<system-out>
<![CDATA[
[[ATTACHMENT|test-results\auth-login-Authentication--6ce0b-hould-validate-email-format-Mobile-Safari\test-failed-1.png]]

[[ATTACHMENT|test-results\auth-login-Authentication--6ce0b-hould-validate-email-format-Mobile-Safari\video.webm]]
]]>
</system-out>
</testcase>
<testcase name="Authentication - Form Validation › should show password strength indicator" classname="auth\login.spec.ts" time="5.443">
<failure message="login.spec.ts:144:7 should show password strength indicator" type="FAILURE">
<![CDATA[  [Mobile Safari] › auth\login.spec.ts:144:7 › Authentication - Form Validation › should show password strength indicator 

    TimeoutError: locator.waitFor: Timeout 5000ms exceeded.
    Call log:
      - waiting for locator('input[name="password"], input[type="password"]') to be visible


       at pages\BasePage.ts:46

      44 |   async waitForElement(selector: string, timeout: number = 5000): Promise<Locator> {
      45 |     const element = this.page.locator(selector);
    > 46 |     await element.waitFor({ state: 'visible', timeout });
         |                   ^
      47 |     return element;
      48 |   }
      49 |
        at LoginPage.waitForElement (E:\test-project-app\tests\playwright\pages\BasePage.ts:46:19)
        at LoginPage.fillInput (E:\test-project-app\tests\playwright\pages\BasePage.ts:56:32)
        at E:\test-project-app\tests\playwright\auth\login.spec.ts:145:21

    attachment #1: screenshot (image/png) ──────────────────────────────────────────────────────────
    ..\..\test-results\auth-login-Authentication--ce8c8-password-strength-indicator-Mobile-Safari\test-failed-1.png
    ────────────────────────────────────────────────────────────────────────────────────────────────

    attachment #2: video (video/webm) ──────────────────────────────────────────────────────────────
    ..\..\test-results\auth-login-Authentication--ce8c8-password-strength-indicator-Mobile-Safari\video.webm
    ────────────────────────────────────────────────────────────────────────────────────────────────
]]>
</failure>
<system-out>
<![CDATA[
[[ATTACHMENT|test-results\auth-login-Authentication--ce8c8-password-strength-indicator-Mobile-Safari\test-failed-1.png]]

[[ATTACHMENT|test-results\auth-login-Authentication--ce8c8-password-strength-indicator-Mobile-Safari\video.webm]]
]]>
</system-out>
</testcase>
<testcase name="Authentication - Form Validation › should prevent XSS attacks in form fields" classname="auth\login.spec.ts" time="5.38">
<failure message="login.spec.ts:150:7 should prevent XSS attacks in form fields" type="FAILURE">
<![CDATA[  [Mobile Safari] › auth\login.spec.ts:150:7 › Authentication - Form Validation › should prevent XSS attacks in form fields 

    TimeoutError: locator.waitFor: Timeout 5000ms exceeded.
    Call log:
      - waiting for locator('input[name="username"], input[type="email"]') to be visible


       at pages\BasePage.ts:46

      44 |   async waitForElement(selector: string, timeout: number = 5000): Promise<Locator> {
      45 |     const element = this.page.locator(selector);
    > 46 |     await element.waitFor({ state: 'visible', timeout });
         |                   ^
      47 |     return element;
      48 |   }
      49 |
        at LoginPage.waitForElement (E:\test-project-app\tests\playwright\pages\BasePage.ts:46:19)
        at LoginPage.fillInput (E:\test-project-app\tests\playwright\pages\BasePage.ts:56:32)
        at E:\test-project-app\tests\playwright\auth\login.spec.ts:152:21

    attachment #1: screenshot (image/png) ──────────────────────────────────────────────────────────
    ..\..\test-results\auth-login-Authentication--19a7a--XSS-attacks-in-form-fields-Mobile-Safari\test-failed-1.png
    ────────────────────────────────────────────────────────────────────────────────────────────────

    attachment #2: video (video/webm) ──────────────────────────────────────────────────────────────
    ..\..\test-results\auth-login-Authentication--19a7a--XSS-attacks-in-form-fields-Mobile-Safari\video.webm
    ────────────────────────────────────────────────────────────────────────────────────────────────
]]>
</failure>
<system-out>
<![CDATA[
[[ATTACHMENT|test-results\auth-login-Authentication--19a7a--XSS-attacks-in-form-fields-Mobile-Safari\test-failed-1.png]]

[[ATTACHMENT|test-results\auth-login-Authentication--19a7a--XSS-attacks-in-form-fields-Mobile-Safari\video.webm]]
]]>
</system-out>
</testcase>
<testcase name="Authentication - Security › should not expose sensitive information in error messages" classname="auth\login.spec.ts" time="5.432">
<failure message="login.spec.ts:161:7 should not expose sensitive information in error messages" type="FAILURE">
<![CDATA[  [Mobile Safari] › auth\login.spec.ts:161:7 › Authentication - Security › should not expose sensitive information in error messages 

    TimeoutError: locator.waitFor: Timeout 5000ms exceeded.
    Call log:
      - waiting for locator('input[name="username"], input[type="email"]') to be visible


       at pages\BasePage.ts:46

      44 |   async waitForElement(selector: string, timeout: number = 5000): Promise<Locator> {
      45 |     const element = this.page.locator(selector);
    > 46 |     await element.waitFor({ state: 'visible', timeout });
         |                   ^
      47 |     return element;
      48 |   }
      49 |
        at LoginPage.waitForElement (E:\test-project-app\tests\playwright\pages\BasePage.ts:46:19)
        at LoginPage.fillInput (E:\test-project-app\tests\playwright\pages\BasePage.ts:56:32)
        at LoginPage.login (E:\test-project-app\tests\playwright\pages\LoginPage.ts:54:16)
        at E:\test-project-app\tests\playwright\auth\login.spec.ts:162:21

    attachment #1: screenshot (image/png) ──────────────────────────────────────────────────────────
    ..\..\test-results\auth-login-Authentication--495ae-formation-in-error-messages-Mobile-Safari\test-failed-1.png
    ────────────────────────────────────────────────────────────────────────────────────────────────

    attachment #2: video (video/webm) ──────────────────────────────────────────────────────────────
    ..\..\test-results\auth-login-Authentication--495ae-formation-in-error-messages-Mobile-Safari\video.webm
    ────────────────────────────────────────────────────────────────────────────────────────────────
]]>
</failure>
<system-out>
<![CDATA[
[[ATTACHMENT|test-results\auth-login-Authentication--495ae-formation-in-error-messages-Mobile-Safari\test-failed-1.png]]

[[ATTACHMENT|test-results\auth-login-Authentication--495ae-formation-in-error-messages-Mobile-Safari\video.webm]]
]]>
</system-out>
</testcase>
<testcase name="Authentication - Security › should implement rate limiting for failed attempts" classname="auth\login.spec.ts" time="5.426">
<failure message="login.spec.ts:168:7 should implement rate limiting for failed attempts" type="FAILURE">
<![CDATA[  [Mobile Safari] › auth\login.spec.ts:168:7 › Authentication - Security › should implement rate limiting for failed attempts 

    TimeoutError: locator.waitFor: Timeout 5000ms exceeded.
    Call log:
      - waiting for locator('input[name="username"], input[type="email"]') to be visible


       at pages\BasePage.ts:46

      44 |   async waitForElement(selector: string, timeout: number = 5000): Promise<Locator> {
      45 |     const element = this.page.locator(selector);
    > 46 |     await element.waitFor({ state: 'visible', timeout });
         |                   ^
      47 |     return element;
      48 |   }
      49 |
        at LoginPage.waitForElement (E:\test-project-app\tests\playwright\pages\BasePage.ts:46:19)
        at LoginPage.fillInput (E:\test-project-app\tests\playwright\pages\BasePage.ts:56:32)
        at LoginPage.login (E:\test-project-app\tests\playwright\pages\LoginPage.ts:54:16)
        at E:\test-project-app\tests\playwright\auth\login.spec.ts:171:23

    attachment #1: screenshot (image/png) ──────────────────────────────────────────────────────────
    ..\..\test-results\auth-login-Authentication--d270a-imiting-for-failed-attempts-Mobile-Safari\test-failed-1.png
    ────────────────────────────────────────────────────────────────────────────────────────────────

    attachment #2: video (video/webm) ──────────────────────────────────────────────────────────────
    ..\..\test-results\auth-login-Authentication--d270a-imiting-for-failed-attempts-Mobile-Safari\video.webm
    ────────────────────────────────────────────────────────────────────────────────────────────────
]]>
</failure>
<system-out>
<![CDATA[
[[ATTACHMENT|test-results\auth-login-Authentication--d270a-imiting-for-failed-attempts-Mobile-Safari\test-failed-1.png]]

[[ATTACHMENT|test-results\auth-login-Authentication--d270a-imiting-for-failed-attempts-Mobile-Safari\video.webm]]
]]>
</system-out>
</testcase>
<testcase name="Authentication - Security › should clear sensitive data on page unload" classname="auth\login.spec.ts" time="5.397">
<failure message="login.spec.ts:179:7 should clear sensitive data on page unload" type="FAILURE">
<![CDATA[  [Mobile Safari] › auth\login.spec.ts:179:7 › Authentication - Security › should clear sensitive data on page unload 

    TimeoutError: locator.waitFor: Timeout 5000ms exceeded.
    Call log:
      - waiting for locator('input[name="username"], input[type="email"]') to be visible


       at pages\BasePage.ts:46

      44 |   async waitForElement(selector: string, timeout: number = 5000): Promise<Locator> {
      45 |     const element = this.page.locator(selector);
    > 46 |     await element.waitFor({ state: 'visible', timeout });
         |                   ^
      47 |     return element;
      48 |   }
      49 |
        at LoginPage.waitForElement (E:\test-project-app\tests\playwright\pages\BasePage.ts:46:19)
        at LoginPage.fillInput (E:\test-project-app\tests\playwright\pages\BasePage.ts:56:32)
        at E:\test-project-app\tests\playwright\auth\login.spec.ts:180:21

    attachment #1: screenshot (image/png) ──────────────────────────────────────────────────────────
    ..\..\test-results\auth-login-Authentication--cf2ef-nsitive-data-on-page-unload-Mobile-Safari\test-failed-1.png
    ────────────────────────────────────────────────────────────────────────────────────────────────

    attachment #2: video (video/webm) ──────────────────────────────────────────────────────────────
    ..\..\test-results\auth-login-Authentication--cf2ef-nsitive-data-on-page-unload-Mobile-Safari\video.webm
    ────────────────────────────────────────────────────────────────────────────────────────────────
]]>
</failure>
<system-out>
<![CDATA[
[[ATTACHMENT|test-results\auth-login-Authentication--cf2ef-nsitive-data-on-page-unload-Mobile-Safari\test-failed-1.png]]

[[ATTACHMENT|test-results\auth-login-Authentication--cf2ef-nsitive-data-on-page-unload-Mobile-Safari\video.webm]]
]]>
</system-out>
</testcase>
</testsuite>
<testsuite name="auth\logout.spec.ts" timestamp="2026-02-20T03:52:25.301Z" hostname="Mobile Safari" tests="16" failures="16" skipped="0" time="54.462" errors="0">
<testcase name="Authentication - Logout › should logout successfully from user menu" classname="auth\logout.spec.ts" time="3.472">
<failure message="logout.spec.ts:12:7 should logout successfully from user menu" type="FAILURE">
<![CDATA[  [Mobile Safari] › auth\logout.spec.ts:12:7 › Authentication - Logout › should logout successfully from user menu 

    TypeError: Cannot read properties of undefined (reading 'users')

       6 |     // Login before each test
       7 |     await loginPage.navigateToLogin();
    >  8 |     await loginPage.loginWithUser(testData.users.student);
         |                                            ^
       9 |     await dashboardPage.waitForDashboardLoad();
      10 |   });
      11 |
        at E:\test-project-app\tests\playwright\auth\logout.spec.ts:8:44

    attachment #1: screenshot (image/png) ──────────────────────────────────────────────────────────
    ..\..\test-results\auth-logout-Authentication-8e31a-successfully-from-user-menu-Mobile-Safari\test-failed-1.png
    ────────────────────────────────────────────────────────────────────────────────────────────────

    attachment #2: video (video/webm) ──────────────────────────────────────────────────────────────
    ..\..\test-results\auth-logout-Authentication-8e31a-successfully-from-user-menu-Mobile-Safari\video.webm
    ────────────────────────────────────────────────────────────────────────────────────────────────

    Error Context: ..\..\test-results\auth-logout-Authentication-8e31a-successfully-from-user-menu-Mobile-Safari\error-context.md
]]>
</failure>
<system-out>
<![CDATA[
[[ATTACHMENT|test-results\auth-logout-Authentication-8e31a-successfully-from-user-menu-Mobile-Safari\test-failed-1.png]]

[[ATTACHMENT|test-results\auth-logout-Authentication-8e31a-successfully-from-user-menu-Mobile-Safari\video.webm]]

[[ATTACHMENT|test-results\auth-logout-Authentication-8e31a-successfully-from-user-menu-Mobile-Safari\error-context.md]]
]]>
</system-out>
</testcase>
<testcase name="Authentication - Logout › should logout successfully from logout button" classname="auth\logout.spec.ts" time="3.264">
<failure message="logout.spec.ts:17:7 should logout successfully from logout button" type="FAILURE">
<![CDATA[  [Mobile Safari] › auth\logout.spec.ts:17:7 › Authentication - Logout › should logout successfully from logout button 

    TypeError: Cannot read properties of undefined (reading 'users')

       6 |     // Login before each test
       7 |     await loginPage.navigateToLogin();
    >  8 |     await loginPage.loginWithUser(testData.users.student);
         |                                            ^
       9 |     await dashboardPage.waitForDashboardLoad();
      10 |   });
      11 |
        at E:\test-project-app\tests\playwright\auth\logout.spec.ts:8:44

    attachment #1: screenshot (image/png) ──────────────────────────────────────────────────────────
    ..\..\test-results\auth-logout-Authentication-84d2e-essfully-from-logout-button-Mobile-Safari\test-failed-1.png
    ────────────────────────────────────────────────────────────────────────────────────────────────

    attachment #2: video (video/webm) ──────────────────────────────────────────────────────────────
    ..\..\test-results\auth-logout-Authentication-84d2e-essfully-from-logout-button-Mobile-Safari\video.webm
    ────────────────────────────────────────────────────────────────────────────────────────────────

    Error Context: ..\..\test-results\auth-logout-Authentication-84d2e-essfully-from-logout-button-Mobile-Safari\error-context.md
]]>
</failure>
<system-out>
<![CDATA[
[[ATTACHMENT|test-results\auth-logout-Authentication-84d2e-essfully-from-logout-button-Mobile-Safari\test-failed-1.png]]

[[ATTACHMENT|test-results\auth-logout-Authentication-84d2e-essfully-from-logout-button-Mobile-Safari\video.webm]]

[[ATTACHMENT|test-results\auth-logout-Authentication-84d2e-essfully-from-logout-button-Mobile-Safari\error-context.md]]
]]>
</system-out>
</testcase>
<testcase name="Authentication - Logout › should clear session data after logout" classname="auth\logout.spec.ts" time="3.259">
<failure message="logout.spec.ts:23:7 should clear session data after logout" type="FAILURE">
<![CDATA[  [Mobile Safari] › auth\logout.spec.ts:23:7 › Authentication - Logout › should clear session data after logout 

    TypeError: Cannot read properties of undefined (reading 'users')

       6 |     // Login before each test
       7 |     await loginPage.navigateToLogin();
    >  8 |     await loginPage.loginWithUser(testData.users.student);
         |                                            ^
       9 |     await dashboardPage.waitForDashboardLoad();
      10 |   });
      11 |
        at E:\test-project-app\tests\playwright\auth\logout.spec.ts:8:44

    attachment #1: screenshot (image/png) ──────────────────────────────────────────────────────────
    ..\..\test-results\auth-logout-Authentication-dab19-r-session-data-after-logout-Mobile-Safari\test-failed-1.png
    ────────────────────────────────────────────────────────────────────────────────────────────────

    attachment #2: video (video/webm) ──────────────────────────────────────────────────────────────
    ..\..\test-results\auth-logout-Authentication-dab19-r-session-data-after-logout-Mobile-Safari\video.webm
    ────────────────────────────────────────────────────────────────────────────────────────────────

    Error Context: ..\..\test-results\auth-logout-Authentication-dab19-r-session-data-after-logout-Mobile-Safari\error-context.md
]]>
</failure>
<system-out>
<![CDATA[
[[ATTACHMENT|test-results\auth-logout-Authentication-dab19-r-session-data-after-logout-Mobile-Safari\test-failed-1.png]]

[[ATTACHMENT|test-results\auth-logout-Authentication-dab19-r-session-data-after-logout-Mobile-Safari\video.webm]]

[[ATTACHMENT|test-results\auth-logout-Authentication-dab19-r-session-data-after-logout-Mobile-Safari\error-context.md]]
]]>
</system-out>
</testcase>
<testcase name="Authentication - Logout › should redirect to login page when accessing protected routes after logout" classname="auth\logout.spec.ts" time="3.393">
<failure message="logout.spec.ts:29:7 should redirect to login page when accessing protected routes after logout" type="FAILURE">
<![CDATA[  [Mobile Safari] › auth\logout.spec.ts:29:7 › Authentication - Logout › should redirect to login page when accessing protected routes after logout 

    TypeError: Cannot read properties of undefined (reading 'users')

       6 |     // Login before each test
       7 |     await loginPage.navigateToLogin();
    >  8 |     await loginPage.loginWithUser(testData.users.student);
         |                                            ^
       9 |     await dashboardPage.waitForDashboardLoad();
      10 |   });
      11 |
        at E:\test-project-app\tests\playwright\auth\logout.spec.ts:8:44

    attachment #1: screenshot (image/png) ──────────────────────────────────────────────────────────
    ..\..\test-results\auth-logout-Authentication-9525d-otected-routes-after-logout-Mobile-Safari\test-failed-1.png
    ────────────────────────────────────────────────────────────────────────────────────────────────

    attachment #2: video (video/webm) ──────────────────────────────────────────────────────────────
    ..\..\test-results\auth-logout-Authentication-9525d-otected-routes-after-logout-Mobile-Safari\video.webm
    ────────────────────────────────────────────────────────────────────────────────────────────────

    Error Context: ..\..\test-results\auth-logout-Authentication-9525d-otected-routes-after-logout-Mobile-Safari\error-context.md
]]>
</failure>
<system-out>
<![CDATA[
[[ATTACHMENT|test-results\auth-logout-Authentication-9525d-otected-routes-after-logout-Mobile-Safari\test-failed-1.png]]

[[ATTACHMENT|test-results\auth-logout-Authentication-9525d-otected-routes-after-logout-Mobile-Safari\video.webm]]

[[ATTACHMENT|test-results\auth-logout-Authentication-9525d-otected-routes-after-logout-Mobile-Safari\error-context.md]]
]]>
</system-out>
</testcase>
<testcase name="Authentication - Logout › should show logout confirmation dialog" classname="auth\logout.spec.ts" time="3.307">
<failure message="logout.spec.ts:43:7 should show logout confirmation dialog" type="FAILURE">
<![CDATA[  [Mobile Safari] › auth\logout.spec.ts:43:7 › Authentication - Logout › should show logout confirmation dialog 

    TypeError: Cannot read properties of undefined (reading 'users')

       6 |     // Login before each test
       7 |     await loginPage.navigateToLogin();
    >  8 |     await loginPage.loginWithUser(testData.users.student);
         |                                            ^
       9 |     await dashboardPage.waitForDashboardLoad();
      10 |   });
      11 |
        at E:\test-project-app\tests\playwright\auth\logout.spec.ts:8:44

    attachment #1: screenshot (image/png) ──────────────────────────────────────────────────────────
    ..\..\test-results\auth-logout-Authentication-63b03--logout-confirmation-dialog-Mobile-Safari\test-failed-1.png
    ────────────────────────────────────────────────────────────────────────────────────────────────

    attachment #2: video (video/webm) ──────────────────────────────────────────────────────────────
    ..\..\test-results\auth-logout-Authentication-63b03--logout-confirmation-dialog-Mobile-Safari\video.webm
    ────────────────────────────────────────────────────────────────────────────────────────────────

    Error Context: ..\..\test-results\auth-logout-Authentication-63b03--logout-confirmation-dialog-Mobile-Safari\error-context.md
]]>
</failure>
<system-out>
<![CDATA[
[[ATTACHMENT|test-results\auth-logout-Authentication-63b03--logout-confirmation-dialog-Mobile-Safari\test-failed-1.png]]

[[ATTACHMENT|test-results\auth-logout-Authentication-63b03--logout-confirmation-dialog-Mobile-Safari\video.webm]]

[[ATTACHMENT|test-results\auth-logout-Authentication-63b03--logout-confirmation-dialog-Mobile-Safari\error-context.md]]
]]>
</system-out>
</testcase>
<testcase name="Authentication - Logout › should cancel logout when confirmation is dismissed" classname="auth\logout.spec.ts" time="3.077">
<failure message="logout.spec.ts:52:7 should cancel logout when confirmation is dismissed" type="FAILURE">
<![CDATA[  [Mobile Safari] › auth\logout.spec.ts:52:7 › Authentication - Logout › should cancel logout when confirmation is dismissed 

    TypeError: Cannot read properties of undefined (reading 'users')

       6 |     // Login before each test
       7 |     await loginPage.navigateToLogin();
    >  8 |     await loginPage.loginWithUser(testData.users.student);
         |                                            ^
       9 |     await dashboardPage.waitForDashboardLoad();
      10 |   });
      11 |
        at E:\test-project-app\tests\playwright\auth\logout.spec.ts:8:44

    attachment #1: screenshot (image/png) ──────────────────────────────────────────────────────────
    ..\..\test-results\auth-logout-Authentication-b7146-n-confirmation-is-dismissed-Mobile-Safari\test-failed-1.png
    ────────────────────────────────────────────────────────────────────────────────────────────────

    attachment #2: video (video/webm) ──────────────────────────────────────────────────────────────
    ..\..\test-results\auth-logout-Authentication-b7146-n-confirmation-is-dismissed-Mobile-Safari\video.webm
    ────────────────────────────────────────────────────────────────────────────────────────────────

    Error Context: ..\..\test-results\auth-logout-Authentication-b7146-n-confirmation-is-dismissed-Mobile-Safari\error-context.md
]]>
</failure>
<system-out>
<![CDATA[
[[ATTACHMENT|test-results\auth-logout-Authentication-b7146-n-confirmation-is-dismissed-Mobile-Safari\test-failed-1.png]]

[[ATTACHMENT|test-results\auth-logout-Authentication-b7146-n-confirmation-is-dismissed-Mobile-Safari\video.webm]]

[[ATTACHMENT|test-results\auth-logout-Authentication-b7146-n-confirmation-is-dismissed-Mobile-Safari\error-context.md]]
]]>
</system-out>
</testcase>
<testcase name="Authentication - Logout › should logout from multiple tabs" classname="auth\logout.spec.ts" time="3.108">
<failure message="logout.spec.ts:63:7 should logout from multiple tabs" type="FAILURE">
<![CDATA[  [Mobile Safari] › auth\logout.spec.ts:63:7 › Authentication - Logout › should logout from multiple tabs 

    TypeError: Cannot read properties of undefined (reading 'users')

       6 |     // Login before each test
       7 |     await loginPage.navigateToLogin();
    >  8 |     await loginPage.loginWithUser(testData.users.student);
         |                                            ^
       9 |     await dashboardPage.waitForDashboardLoad();
      10 |   });
      11 |
        at E:\test-project-app\tests\playwright\auth\logout.spec.ts:8:44

    attachment #1: screenshot (image/png) ──────────────────────────────────────────────────────────
    ..\..\test-results\auth-logout-Authentication-e142e-d-logout-from-multiple-tabs-Mobile-Safari\test-failed-1.png
    ────────────────────────────────────────────────────────────────────────────────────────────────

    attachment #2: video (video/webm) ──────────────────────────────────────────────────────────────
    ..\..\test-results\auth-logout-Authentication-e142e-d-logout-from-multiple-tabs-Mobile-Safari\video.webm
    ────────────────────────────────────────────────────────────────────────────────────────────────

    Error Context: ..\..\test-results\auth-logout-Authentication-e142e-d-logout-from-multiple-tabs-Mobile-Safari\error-context.md
]]>
</failure>
<system-out>
<![CDATA[
[[ATTACHMENT|test-results\auth-logout-Authentication-e142e-d-logout-from-multiple-tabs-Mobile-Safari\test-failed-1.png]]

[[ATTACHMENT|test-results\auth-logout-Authentication-e142e-d-logout-from-multiple-tabs-Mobile-Safari\video.webm]]

[[ATTACHMENT|test-results\auth-logout-Authentication-e142e-d-logout-from-multiple-tabs-Mobile-Safari\error-context.md]]
]]>
</system-out>
</testcase>
<testcase name="Authentication - Logout › should handle logout with pending requests" classname="auth\logout.spec.ts" time="3.263">
<failure message="logout.spec.ts:78:7 should handle logout with pending requests" type="FAILURE">
<![CDATA[  [Mobile Safari] › auth\logout.spec.ts:78:7 › Authentication - Logout › should handle logout with pending requests 

    TypeError: Cannot read properties of undefined (reading 'users')

       6 |     // Login before each test
       7 |     await loginPage.navigateToLogin();
    >  8 |     await loginPage.loginWithUser(testData.users.student);
         |                                            ^
       9 |     await dashboardPage.waitForDashboardLoad();
      10 |   });
      11 |
        at E:\test-project-app\tests\playwright\auth\logout.spec.ts:8:44

    attachment #1: screenshot (image/png) ──────────────────────────────────────────────────────────
    ..\..\test-results\auth-logout-Authentication-fa2b0-ogout-with-pending-requests-Mobile-Safari\test-failed-1.png
    ────────────────────────────────────────────────────────────────────────────────────────────────

    attachment #2: video (video/webm) ──────────────────────────────────────────────────────────────
    ..\..\test-results\auth-logout-Authentication-fa2b0-ogout-with-pending-requests-Mobile-Safari\video.webm
    ────────────────────────────────────────────────────────────────────────────────────────────────

    Error Context: ..\..\test-results\auth-logout-Authentication-fa2b0-ogout-with-pending-requests-Mobile-Safari\error-context.md
]]>
</failure>
<system-out>
<![CDATA[
[[ATTACHMENT|test-results\auth-logout-Authentication-fa2b0-ogout-with-pending-requests-Mobile-Safari\test-failed-1.png]]

[[ATTACHMENT|test-results\auth-logout-Authentication-fa2b0-ogout-with-pending-requests-Mobile-Safari\video.webm]]

[[ATTACHMENT|test-results\auth-logout-Authentication-fa2b0-ogout-with-pending-requests-Mobile-Safari\error-context.md]]
]]>
</system-out>
</testcase>
<testcase name="Authentication - Logout › should clear local storage on logout" classname="auth\logout.spec.ts" time="3.508">
<failure message="logout.spec.ts:89:7 should clear local storage on logout" type="FAILURE">
<![CDATA[  [Mobile Safari] › auth\logout.spec.ts:89:7 › Authentication - Logout › should clear local storage on logout 

    TypeError: Cannot read properties of undefined (reading 'users')

       6 |     // Login before each test
       7 |     await loginPage.navigateToLogin();
    >  8 |     await loginPage.loginWithUser(testData.users.student);
         |                                            ^
       9 |     await dashboardPage.waitForDashboardLoad();
      10 |   });
      11 |
        at E:\test-project-app\tests\playwright\auth\logout.spec.ts:8:44

    attachment #1: screenshot (image/png) ──────────────────────────────────────────────────────────
    ..\..\test-results\auth-logout-Authentication-d48fc-ear-local-storage-on-logout-Mobile-Safari\test-failed-1.png
    ────────────────────────────────────────────────────────────────────────────────────────────────

    attachment #2: video (video/webm) ──────────────────────────────────────────────────────────────
    ..\..\test-results\auth-logout-Authentication-d48fc-ear-local-storage-on-logout-Mobile-Safari\video.webm
    ────────────────────────────────────────────────────────────────────────────────────────────────

    Error Context: ..\..\test-results\auth-logout-Authentication-d48fc-ear-local-storage-on-logout-Mobile-Safari\error-context.md
]]>
</failure>
<system-out>
<![CDATA[
[[ATTACHMENT|test-results\auth-logout-Authentication-d48fc-ear-local-storage-on-logout-Mobile-Safari\test-failed-1.png]]

[[ATTACHMENT|test-results\auth-logout-Authentication-d48fc-ear-local-storage-on-logout-Mobile-Safari\video.webm]]

[[ATTACHMENT|test-results\auth-logout-Authentication-d48fc-ear-local-storage-on-logout-Mobile-Safari\error-context.md]]
]]>
</system-out>
</testcase>
<testcase name="Authentication - Logout › should clear session storage on logout" classname="auth\logout.spec.ts" time="3.473">
<failure message="logout.spec.ts:106:7 should clear session storage on logout" type="FAILURE">
<![CDATA[  [Mobile Safari] › auth\logout.spec.ts:106:7 › Authentication - Logout › should clear session storage on logout 

    TypeError: Cannot read properties of undefined (reading 'users')

       6 |     // Login before each test
       7 |     await loginPage.navigateToLogin();
    >  8 |     await loginPage.loginWithUser(testData.users.student);
         |                                            ^
       9 |     await dashboardPage.waitForDashboardLoad();
      10 |   });
      11 |
        at E:\test-project-app\tests\playwright\auth\logout.spec.ts:8:44

    attachment #1: screenshot (image/png) ──────────────────────────────────────────────────────────
    ..\..\test-results\auth-logout-Authentication-49f87-r-session-storage-on-logout-Mobile-Safari\test-failed-1.png
    ────────────────────────────────────────────────────────────────────────────────────────────────

    attachment #2: video (video/webm) ──────────────────────────────────────────────────────────────
    ..\..\test-results\auth-logout-Authentication-49f87-r-session-storage-on-logout-Mobile-Safari\video.webm
    ────────────────────────────────────────────────────────────────────────────────────────────────

    Error Context: ..\..\test-results\auth-logout-Authentication-49f87-r-session-storage-on-logout-Mobile-Safari\error-context.md
]]>
</failure>
<system-out>
<![CDATA[
[[ATTACHMENT|test-results\auth-logout-Authentication-49f87-r-session-storage-on-logout-Mobile-Safari\test-failed-1.png]]

[[ATTACHMENT|test-results\auth-logout-Authentication-49f87-r-session-storage-on-logout-Mobile-Safari\video.webm]]

[[ATTACHMENT|test-results\auth-logout-Authentication-49f87-r-session-storage-on-logout-Mobile-Safari\error-context.md]]
]]>
</system-out>
</testcase>
<testcase name="Authentication - Logout › should handle logout with unsaved changes" classname="auth\logout.spec.ts" time="3.993">
<failure message="logout.spec.ts:123:7 should handle logout with unsaved changes" type="FAILURE">
<![CDATA[  [Mobile Safari] › auth\logout.spec.ts:123:7 › Authentication - Logout › should handle logout with unsaved changes 

    TypeError: Cannot read properties of undefined (reading 'users')

       6 |     // Login before each test
       7 |     await loginPage.navigateToLogin();
    >  8 |     await loginPage.loginWithUser(testData.users.student);
         |                                            ^
       9 |     await dashboardPage.waitForDashboardLoad();
      10 |   });
      11 |
        at E:\test-project-app\tests\playwright\auth\logout.spec.ts:8:44

    attachment #1: screenshot (image/png) ──────────────────────────────────────────────────────────
    ..\..\test-results\auth-logout-Authentication-bb173-logout-with-unsaved-changes-Mobile-Safari\test-failed-1.png
    ────────────────────────────────────────────────────────────────────────────────────────────────

    attachment #2: video (video/webm) ──────────────────────────────────────────────────────────────
    ..\..\test-results\auth-logout-Authentication-bb173-logout-with-unsaved-changes-Mobile-Safari\video.webm
    ────────────────────────────────────────────────────────────────────────────────────────────────

    Error Context: ..\..\test-results\auth-logout-Authentication-bb173-logout-with-unsaved-changes-Mobile-Safari\error-context.md
]]>
</failure>
<system-out>
<![CDATA[
[[ATTACHMENT|test-results\auth-logout-Authentication-bb173-logout-with-unsaved-changes-Mobile-Safari\test-failed-1.png]]

[[ATTACHMENT|test-results\auth-logout-Authentication-bb173-logout-with-unsaved-changes-Mobile-Safari\video.webm]]

[[ATTACHMENT|test-results\auth-logout-Authentication-bb173-logout-with-unsaved-changes-Mobile-Safari\error-context.md]]
]]>
</system-out>
</testcase>
<testcase name="Authentication - Logout › should logout automatically on session timeout" classname="auth\logout.spec.ts" time="4.028">
<failure message="logout.spec.ts:135:7 should logout automatically on session timeout" type="FAILURE">
<![CDATA[  [Mobile Safari] › auth\logout.spec.ts:135:7 › Authentication - Logout › should logout automatically on session timeout 

    TypeError: Cannot read properties of undefined (reading 'users')

       6 |     // Login before each test
       7 |     await loginPage.navigateToLogin();
    >  8 |     await loginPage.loginWithUser(testData.users.student);
         |                                            ^
       9 |     await dashboardPage.waitForDashboardLoad();
      10 |   });
      11 |
        at E:\test-project-app\tests\playwright\auth\logout.spec.ts:8:44

    attachment #1: screenshot (image/png) ──────────────────────────────────────────────────────────
    ..\..\test-results\auth-logout-Authentication-1bb7f-atically-on-session-timeout-Mobile-Safari\test-failed-1.png
    ────────────────────────────────────────────────────────────────────────────────────────────────

    attachment #2: video (video/webm) ──────────────────────────────────────────────────────────────
    ..\..\test-results\auth-logout-Authentication-1bb7f-atically-on-session-timeout-Mobile-Safari\video.webm
    ────────────────────────────────────────────────────────────────────────────────────────────────

    Error Context: ..\..\test-results\auth-logout-Authentication-1bb7f-atically-on-session-timeout-Mobile-Safari\error-context.md
]]>
</failure>
<system-out>
<![CDATA[
[[ATTACHMENT|test-results\auth-logout-Authentication-1bb7f-atically-on-session-timeout-Mobile-Safari\test-failed-1.png]]

[[ATTACHMENT|test-results\auth-logout-Authentication-1bb7f-atically-on-session-timeout-Mobile-Safari\video.webm]]

[[ATTACHMENT|test-results\auth-logout-Authentication-1bb7f-atically-on-session-timeout-Mobile-Safari\error-context.md]]
]]>
</system-out>
</testcase>
<testcase name="Authentication - Logout › should show appropriate message after logout" classname="auth\logout.spec.ts" time="3.792">
<failure message="logout.spec.ts:151:7 should show appropriate message after logout" type="FAILURE">
<![CDATA[  [Mobile Safari] › auth\logout.spec.ts:151:7 › Authentication - Logout › should show appropriate message after logout 

    TypeError: Cannot read properties of undefined (reading 'users')

       6 |     // Login before each test
       7 |     await loginPage.navigateToLogin();
    >  8 |     await loginPage.loginWithUser(testData.users.student);
         |                                            ^
       9 |     await dashboardPage.waitForDashboardLoad();
      10 |   });
      11 |
        at E:\test-project-app\tests\playwright\auth\logout.spec.ts:8:44

    attachment #1: screenshot (image/png) ──────────────────────────────────────────────────────────
    ..\..\test-results\auth-logout-Authentication-e03f8-priate-message-after-logout-Mobile-Safari\test-failed-1.png
    ────────────────────────────────────────────────────────────────────────────────────────────────

    attachment #2: video (video/webm) ──────────────────────────────────────────────────────────────
    ..\..\test-results\auth-logout-Authentication-e03f8-priate-message-after-logout-Mobile-Safari\video.webm
    ────────────────────────────────────────────────────────────────────────────────────────────────

    Error Context: ..\..\test-results\auth-logout-Authentication-e03f8-priate-message-after-logout-Mobile-Safari\error-context.md
]]>
</failure>
<system-out>
<![CDATA[
[[ATTACHMENT|test-results\auth-logout-Authentication-e03f8-priate-message-after-logout-Mobile-Safari\test-failed-1.png]]

[[ATTACHMENT|test-results\auth-logout-Authentication-e03f8-priate-message-after-logout-Mobile-Safari\video.webm]]

[[ATTACHMENT|test-results\auth-logout-Authentication-e03f8-priate-message-after-logout-Mobile-Safari\error-context.md]]
]]>
</system-out>
</testcase>
<testcase name="Authentication - Logout › should handle logout with active WebSocket connections" classname="auth\logout.spec.ts" time="3.137">
<failure message="logout.spec.ts:156:7 should handle logout with active WebSocket connections" type="FAILURE">
<![CDATA[  [Mobile Safari] › auth\logout.spec.ts:156:7 › Authentication - Logout › should handle logout with active WebSocket connections 

    TypeError: Cannot read properties of undefined (reading 'users')

       6 |     // Login before each test
       7 |     await loginPage.navigateToLogin();
    >  8 |     await loginPage.loginWithUser(testData.users.student);
         |                                            ^
       9 |     await dashboardPage.waitForDashboardLoad();
      10 |   });
      11 |
        at E:\test-project-app\tests\playwright\auth\logout.spec.ts:8:44

    attachment #1: screenshot (image/png) ──────────────────────────────────────────────────────────
    ..\..\test-results\auth-logout-Authentication-1821c-ctive-WebSocket-connections-Mobile-Safari\test-failed-1.png
    ────────────────────────────────────────────────────────────────────────────────────────────────

    attachment #2: video (video/webm) ──────────────────────────────────────────────────────────────
    ..\..\test-results\auth-logout-Authentication-1821c-ctive-WebSocket-connections-Mobile-Safari\video.webm
    ────────────────────────────────────────────────────────────────────────────────────────────────

    Error Context: ..\..\test-results\auth-logout-Authentication-1821c-ctive-WebSocket-connections-Mobile-Safari\error-context.md
]]>
</failure>
<system-out>
<![CDATA[
[[ATTACHMENT|test-results\auth-logout-Authentication-1821c-ctive-WebSocket-connections-Mobile-Safari\test-failed-1.png]]

[[ATTACHMENT|test-results\auth-logout-Authentication-1821c-ctive-WebSocket-connections-Mobile-Safari\video.webm]]

[[ATTACHMENT|test-results\auth-logout-Authentication-1821c-ctive-WebSocket-connections-Mobile-Safari\error-context.md]]
]]>
</system-out>
</testcase>
<testcase name="Authentication - Logout › should handle logout with file uploads in progress" classname="auth\logout.spec.ts" time="3.169">
<failure message="logout.spec.ts:173:7 should handle logout with file uploads in progress" type="FAILURE">
<![CDATA[  [Mobile Safari] › auth\logout.spec.ts:173:7 › Authentication - Logout › should handle logout with file uploads in progress 

    TypeError: Cannot read properties of undefined (reading 'users')

       6 |     // Login before each test
       7 |     await loginPage.navigateToLogin();
    >  8 |     await loginPage.loginWithUser(testData.users.student);
         |                                            ^
       9 |     await dashboardPage.waitForDashboardLoad();
      10 |   });
      11 |
        at E:\test-project-app\tests\playwright\auth\logout.spec.ts:8:44

    attachment #1: screenshot (image/png) ──────────────────────────────────────────────────────────
    ..\..\test-results\auth-logout-Authentication-d885d-th-file-uploads-in-progress-Mobile-Safari\test-failed-1.png
    ────────────────────────────────────────────────────────────────────────────────────────────────

    attachment #2: video (video/webm) ──────────────────────────────────────────────────────────────
    ..\..\test-results\auth-logout-Authentication-d885d-th-file-uploads-in-progress-Mobile-Safari\video.webm
    ────────────────────────────────────────────────────────────────────────────────────────────────

    Error Context: ..\..\test-results\auth-logout-Authentication-d885d-th-file-uploads-in-progress-Mobile-Safari\error-context.md
]]>
</failure>
<system-out>
<![CDATA[
[[ATTACHMENT|test-results\auth-logout-Authentication-d885d-th-file-uploads-in-progress-Mobile-Safari\test-failed-1.png]]

[[ATTACHMENT|test-results\auth-logout-Authentication-d885d-th-file-uploads-in-progress-Mobile-Safari\video.webm]]

[[ATTACHMENT|test-results\auth-logout-Authentication-d885d-th-file-uploads-in-progress-Mobile-Safari\error-context.md]]
]]>
</system-out>
</testcase>
<testcase name="Authentication - Logout › should handle logout with notifications" classname="auth\logout.spec.ts" time="3.219">
<failure message="logout.spec.ts:185:7 should handle logout with notifications" type="FAILURE">
<![CDATA[  [Mobile Safari] › auth\logout.spec.ts:185:7 › Authentication - Logout › should handle logout with notifications 

    TypeError: Cannot read properties of undefined (reading 'users')

       6 |     // Login before each test
       7 |     await loginPage.navigateToLogin();
    >  8 |     await loginPage.loginWithUser(testData.users.student);
         |                                            ^
       9 |     await dashboardPage.waitForDashboardLoad();
      10 |   });
      11 |
        at E:\test-project-app\tests\playwright\auth\logout.spec.ts:8:44

    attachment #1: screenshot (image/png) ──────────────────────────────────────────────────────────
    ..\..\test-results\auth-logout-Authentication-b0f2c-e-logout-with-notifications-Mobile-Safari\test-failed-1.png
    ────────────────────────────────────────────────────────────────────────────────────────────────

    attachment #2: video (video/webm) ──────────────────────────────────────────────────────────────
    ..\..\test-results\auth-logout-Authentication-b0f2c-e-logout-with-notifications-Mobile-Safari\video.webm
    ────────────────────────────────────────────────────────────────────────────────────────────────

    Error Context: ..\..\test-results\auth-logout-Authentication-b0f2c-e-logout-with-notifications-Mobile-Safari\error-context.md
]]>
</failure>
<system-out>
<![CDATA[
[[ATTACHMENT|test-results\auth-logout-Authentication-b0f2c-e-logout-with-notifications-Mobile-Safari\test-failed-1.png]]

[[ATTACHMENT|test-results\auth-logout-Authentication-b0f2c-e-logout-with-notifications-Mobile-Safari\video.webm]]

[[ATTACHMENT|test-results\auth-logout-Authentication-b0f2c-e-logout-with-notifications-Mobile-Safari\error-context.md]]
]]>
</system-out>
</testcase>
</testsuite>
<testsuite name="events\events-crud.spec.ts" timestamp="2026-02-20T03:52:25.301Z" hostname="Mobile Safari" tests="22" failures="22" skipped="0" time="50.279" errors="0">
<testcase name="Events - CRUD Operations › Event Creation › should create a new event successfully" classname="events\events-crud.spec.ts" time="2.243">
<failure message="events-crud.spec.ts:20:9 should create a new event successfully" type="FAILURE">
<![CDATA[  [Mobile Safari] › events\events-crud.spec.ts:20:9 › Events - CRUD Operations › Event Creation › should create a new event successfully 

    TypeError: Cannot read properties of undefined (reading 'users')

      11 |     // Login as admin to perform CRUD operations
      12 |     await page.goto('/login');
    > 13 |     await page.fill('input[name="username"], input[type="email"]', testData.users.admin.email);
         |                                                                             ^
      14 |     await page.fill('input[name="password"], input[type="password"]', testData.users.admin.password);
      15 |     await page.click('button[type="submit"], button:has-text("Login")');
      16 |     await page.waitForLoadState('networkidle');
        at E:\test-project-app\tests\playwright\events\events-crud.spec.ts:13:77

    attachment #1: screenshot (image/png) ──────────────────────────────────────────────────────────
    ..\..\test-results\events-events-crud-Events--b50a0-te-a-new-event-successfully-Mobile-Safari\test-failed-1.png
    ────────────────────────────────────────────────────────────────────────────────────────────────

    attachment #2: video (video/webm) ──────────────────────────────────────────────────────────────
    ..\..\test-results\events-events-crud-Events--b50a0-te-a-new-event-successfully-Mobile-Safari\video.webm
    ────────────────────────────────────────────────────────────────────────────────────────────────

    Error Context: ..\..\test-results\events-events-crud-Events--b50a0-te-a-new-event-successfully-Mobile-Safari\error-context.md
]]>
</failure>
<system-out>
<![CDATA[
[[ATTACHMENT|test-results\events-events-crud-Events--b50a0-te-a-new-event-successfully-Mobile-Safari\test-failed-1.png]]

[[ATTACHMENT|test-results\events-events-crud-Events--b50a0-te-a-new-event-successfully-Mobile-Safari\video.webm]]

[[ATTACHMENT|test-results\events-events-crud-Events--b50a0-te-a-new-event-successfully-Mobile-Safari\error-context.md]]
]]>
</system-out>
</testcase>
<testcase name="Events - CRUD Operations › Event Creation › should validate required fields in event form" classname="events\events-crud.spec.ts" time="2.141">
<failure message="events-crud.spec.ts:32:9 should validate required fields in event form" type="FAILURE">
<![CDATA[  [Mobile Safari] › events\events-crud.spec.ts:32:9 › Events - CRUD Operations › Event Creation › should validate required fields in event form 

    TypeError: Cannot read properties of undefined (reading 'users')

      11 |     // Login as admin to perform CRUD operations
      12 |     await page.goto('/login');
    > 13 |     await page.fill('input[name="username"], input[type="email"]', testData.users.admin.email);
         |                                                                             ^
      14 |     await page.fill('input[name="password"], input[type="password"]', testData.users.admin.password);
      15 |     await page.click('button[type="submit"], button:has-text("Login")');
      16 |     await page.waitForLoadState('networkidle');
        at E:\test-project-app\tests\playwright\events\events-crud.spec.ts:13:77

    attachment #1: screenshot (image/png) ──────────────────────────────────────────────────────────
    ..\..\test-results\events-events-crud-Events--8fcf1-quired-fields-in-event-form-Mobile-Safari\test-failed-1.png
    ────────────────────────────────────────────────────────────────────────────────────────────────

    attachment #2: video (video/webm) ──────────────────────────────────────────────────────────────
    ..\..\test-results\events-events-crud-Events--8fcf1-quired-fields-in-event-form-Mobile-Safari\video.webm
    ────────────────────────────────────────────────────────────────────────────────────────────────

    Error Context: ..\..\test-results\events-events-crud-Events--8fcf1-quired-fields-in-event-form-Mobile-Safari\error-context.md
]]>
</failure>
<system-out>
<![CDATA[
[[ATTACHMENT|test-results\events-events-crud-Events--8fcf1-quired-fields-in-event-form-Mobile-Safari\test-failed-1.png]]

[[ATTACHMENT|test-results\events-events-crud-Events--8fcf1-quired-fields-in-event-form-Mobile-Safari\video.webm]]

[[ATTACHMENT|test-results\events-events-crud-Events--8fcf1-quired-fields-in-event-form-Mobile-Safari\error-context.md]]
]]>
</system-out>
</testcase>
<testcase name="Events - CRUD Operations › Event Creation › should show error for duplicate event name" classname="events\events-crud.spec.ts" time="2.216">
<failure message="events-crud.spec.ts:43:9 should show error for duplicate event name" type="FAILURE">
<![CDATA[  [Mobile Safari] › events\events-crud.spec.ts:43:9 › Events - CRUD Operations › Event Creation › should show error for duplicate event name 

    TypeError: Cannot read properties of undefined (reading 'users')

      11 |     // Login as admin to perform CRUD operations
      12 |     await page.goto('/login');
    > 13 |     await page.fill('input[name="username"], input[type="email"]', testData.users.admin.email);
         |                                                                             ^
      14 |     await page.fill('input[name="password"], input[type="password"]', testData.users.admin.password);
      15 |     await page.click('button[type="submit"], button:has-text("Login")');
      16 |     await page.waitForLoadState('networkidle');
        at E:\test-project-app\tests\playwright\events\events-crud.spec.ts:13:77

    attachment #1: screenshot (image/png) ──────────────────────────────────────────────────────────
    ..\..\test-results\events-events-crud-Events--98946-or-for-duplicate-event-name-Mobile-Safari\test-failed-1.png
    ────────────────────────────────────────────────────────────────────────────────────────────────

    attachment #2: video (video/webm) ──────────────────────────────────────────────────────────────
    ..\..\test-results\events-events-crud-Events--98946-or-for-duplicate-event-name-Mobile-Safari\video.webm
    ────────────────────────────────────────────────────────────────────────────────────────────────

    Error Context: ..\..\test-results\events-events-crud-Events--98946-or-for-duplicate-event-name-Mobile-Safari\error-context.md
]]>
</failure>
<system-out>
<![CDATA[
[[ATTACHMENT|test-results\events-events-crud-Events--98946-or-for-duplicate-event-name-Mobile-Safari\test-failed-1.png]]

[[ATTACHMENT|test-results\events-events-crud-Events--98946-or-for-duplicate-event-name-Mobile-Safari\video.webm]]

[[ATTACHMENT|test-results\events-events-crud-Events--98946-or-for-duplicate-event-name-Mobile-Safari\error-context.md]]
]]>
</system-out>
</testcase>
<testcase name="Events - CRUD Operations › Event Creation › should validate date and time constraints" classname="events\events-crud.spec.ts" time="2.064">
<failure message="events-crud.spec.ts:59:9 should validate date and time constraints" type="FAILURE">
<![CDATA[  [Mobile Safari] › events\events-crud.spec.ts:59:9 › Events - CRUD Operations › Event Creation › should validate date and time constraints 

    TypeError: Cannot read properties of undefined (reading 'users')

      11 |     // Login as admin to perform CRUD operations
      12 |     await page.goto('/login');
    > 13 |     await page.fill('input[name="username"], input[type="email"]', testData.users.admin.email);
         |                                                                             ^
      14 |     await page.fill('input[name="password"], input[type="password"]', testData.users.admin.password);
      15 |     await page.click('button[type="submit"], button:has-text("Login")');
      16 |     await page.waitForLoadState('networkidle');
        at E:\test-project-app\tests\playwright\events\events-crud.spec.ts:13:77

    attachment #1: screenshot (image/png) ──────────────────────────────────────────────────────────
    ..\..\test-results\events-events-crud-Events--9ca43-e-date-and-time-constraints-Mobile-Safari\test-failed-1.png
    ────────────────────────────────────────────────────────────────────────────────────────────────

    attachment #2: video (video/webm) ──────────────────────────────────────────────────────────────
    ..\..\test-results\events-events-crud-Events--9ca43-e-date-and-time-constraints-Mobile-Safari\video.webm
    ────────────────────────────────────────────────────────────────────────────────────────────────

    Error Context: ..\..\test-results\events-events-crud-Events--9ca43-e-date-and-time-constraints-Mobile-Safari\error-context.md
]]>
</failure>
<system-out>
<![CDATA[
[[ATTACHMENT|test-results\events-events-crud-Events--9ca43-e-date-and-time-constraints-Mobile-Safari\test-failed-1.png]]

[[ATTACHMENT|test-results\events-events-crud-Events--9ca43-e-date-and-time-constraints-Mobile-Safari\video.webm]]

[[ATTACHMENT|test-results\events-events-crud-Events--9ca43-e-date-and-time-constraints-Mobile-Safari\error-context.md]]
]]>
</system-out>
</testcase>
<testcase name="Events - CRUD Operations › Event Creation › should validate max participants constraint" classname="events\events-crud.spec.ts" time="2.095">
<failure message="events-crud.spec.ts:74:9 should validate max participants constraint" type="FAILURE">
<![CDATA[  [Mobile Safari] › events\events-crud.spec.ts:74:9 › Events - CRUD Operations › Event Creation › should validate max participants constraint 

    TypeError: Cannot read properties of undefined (reading 'users')

      11 |     // Login as admin to perform CRUD operations
      12 |     await page.goto('/login');
    > 13 |     await page.fill('input[name="username"], input[type="email"]', testData.users.admin.email);
         |                                                                             ^
      14 |     await page.fill('input[name="password"], input[type="password"]', testData.users.admin.password);
      15 |     await page.click('button[type="submit"], button:has-text("Login")');
      16 |     await page.waitForLoadState('networkidle');
        at E:\test-project-app\tests\playwright\events\events-crud.spec.ts:13:77

    attachment #1: screenshot (image/png) ──────────────────────────────────────────────────────────
    ..\..\test-results\events-events-crud-Events--a854d-max-participants-constraint-Mobile-Safari\test-failed-1.png
    ────────────────────────────────────────────────────────────────────────────────────────────────

    attachment #2: video (video/webm) ──────────────────────────────────────────────────────────────
    ..\..\test-results\events-events-crud-Events--a854d-max-participants-constraint-Mobile-Safari\video.webm
    ────────────────────────────────────────────────────────────────────────────────────────────────

    Error Context: ..\..\test-results\events-events-crud-Events--a854d-max-participants-constraint-Mobile-Safari\error-context.md
]]>
</failure>
<system-out>
<![CDATA[
[[ATTACHMENT|test-results\events-events-crud-Events--a854d-max-participants-constraint-Mobile-Safari\test-failed-1.png]]

[[ATTACHMENT|test-results\events-events-crud-Events--a854d-max-participants-constraint-Mobile-Safari\video.webm]]

[[ATTACHMENT|test-results\events-events-crud-Events--a854d-max-participants-constraint-Mobile-Safari\error-context.md]]
]]>
</system-out>
</testcase>
<testcase name="Events - CRUD Operations › Event Reading › should display events list correctly" classname="events\events-crud.spec.ts" time="2.4">
<failure message="events-crud.spec.ts:90:9 should display events list correctly" type="FAILURE">
<![CDATA[  [Mobile Safari] › events\events-crud.spec.ts:90:9 › Events - CRUD Operations › Event Reading › should display events list correctly 

    TypeError: Cannot read properties of undefined (reading 'users')

      11 |     // Login as admin to perform CRUD operations
      12 |     await page.goto('/login');
    > 13 |     await page.fill('input[name="username"], input[type="email"]', testData.users.admin.email);
         |                                                                             ^
      14 |     await page.fill('input[name="password"], input[type="password"]', testData.users.admin.password);
      15 |     await page.click('button[type="submit"], button:has-text("Login")');
      16 |     await page.waitForLoadState('networkidle');
        at E:\test-project-app\tests\playwright\events\events-crud.spec.ts:13:77

    attachment #1: screenshot (image/png) ──────────────────────────────────────────────────────────
    ..\..\test-results\events-events-crud-Events--06697-splay-events-list-correctly-Mobile-Safari\test-failed-1.png
    ────────────────────────────────────────────────────────────────────────────────────────────────

    attachment #2: video (video/webm) ──────────────────────────────────────────────────────────────
    ..\..\test-results\events-events-crud-Events--06697-splay-events-list-correctly-Mobile-Safari\video.webm
    ────────────────────────────────────────────────────────────────────────────────────────────────

    Error Context: ..\..\test-results\events-events-crud-Events--06697-splay-events-list-correctly-Mobile-Safari\error-context.md
]]>
</failure>
<system-out>
<![CDATA[
[[ATTACHMENT|test-results\events-events-crud-Events--06697-splay-events-list-correctly-Mobile-Safari\test-failed-1.png]]

[[ATTACHMENT|test-results\events-events-crud-Events--06697-splay-events-list-correctly-Mobile-Safari\video.webm]]

[[ATTACHMENT|test-results\events-events-crud-Events--06697-splay-events-list-correctly-Mobile-Safari\error-context.md]]
]]>
</system-out>
</testcase>
<testcase name="Events - CRUD Operations › Event Reading › should show event details correctly" classname="events\events-crud.spec.ts" time="2.411">
<failure message="events-crud.spec.ts:102:9 should show event details correctly" type="FAILURE">
<![CDATA[  [Mobile Safari] › events\events-crud.spec.ts:102:9 › Events - CRUD Operations › Event Reading › should show event details correctly 

    TypeError: Cannot read properties of undefined (reading 'users')

      11 |     // Login as admin to perform CRUD operations
      12 |     await page.goto('/login');
    > 13 |     await page.fill('input[name="username"], input[type="email"]', testData.users.admin.email);
         |                                                                             ^
      14 |     await page.fill('input[name="password"], input[type="password"]', testData.users.admin.password);
      15 |     await page.click('button[type="submit"], button:has-text("Login")');
      16 |     await page.waitForLoadState('networkidle');
        at E:\test-project-app\tests\playwright\events\events-crud.spec.ts:13:77

    attachment #1: screenshot (image/png) ──────────────────────────────────────────────────────────
    ..\..\test-results\events-events-crud-Events--8acfd-how-event-details-correctly-Mobile-Safari\test-failed-1.png
    ────────────────────────────────────────────────────────────────────────────────────────────────

    attachment #2: video (video/webm) ──────────────────────────────────────────────────────────────
    ..\..\test-results\events-events-crud-Events--8acfd-how-event-details-correctly-Mobile-Safari\video.webm
    ────────────────────────────────────────────────────────────────────────────────────────────────

    Error Context: ..\..\test-results\events-events-crud-Events--8acfd-how-event-details-correctly-Mobile-Safari\error-context.md
]]>
</failure>
<system-out>
<![CDATA[
[[ATTACHMENT|test-results\events-events-crud-Events--8acfd-how-event-details-correctly-Mobile-Safari\test-failed-1.png]]

[[ATTACHMENT|test-results\events-events-crud-Events--8acfd-how-event-details-correctly-Mobile-Safari\video.webm]]

[[ATTACHMENT|test-results\events-events-crud-Events--8acfd-how-event-details-correctly-Mobile-Safari\error-context.md]]
]]>
</system-out>
</testcase>
<testcase name="Events - CRUD Operations › Event Reading › should support event search functionality" classname="events\events-crud.spec.ts" time="2.362">
<failure message="events-crud.spec.ts:113:9 should support event search functionality" type="FAILURE">
<![CDATA[  [Mobile Safari] › events\events-crud.spec.ts:113:9 › Events - CRUD Operations › Event Reading › should support event search functionality 

    TypeError: Cannot read properties of undefined (reading 'users')

      11 |     // Login as admin to perform CRUD operations
      12 |     await page.goto('/login');
    > 13 |     await page.fill('input[name="username"], input[type="email"]', testData.users.admin.email);
         |                                                                             ^
      14 |     await page.fill('input[name="password"], input[type="password"]', testData.users.admin.password);
      15 |     await page.click('button[type="submit"], button:has-text("Login")');
      16 |     await page.waitForLoadState('networkidle');
        at E:\test-project-app\tests\playwright\events\events-crud.spec.ts:13:77

    attachment #1: screenshot (image/png) ──────────────────────────────────────────────────────────
    ..\..\test-results\events-events-crud-Events--84363--event-search-functionality-Mobile-Safari\test-failed-1.png
    ────────────────────────────────────────────────────────────────────────────────────────────────

    attachment #2: video (video/webm) ──────────────────────────────────────────────────────────────
    ..\..\test-results\events-events-crud-Events--84363--event-search-functionality-Mobile-Safari\video.webm
    ────────────────────────────────────────────────────────────────────────────────────────────────

    Error Context: ..\..\test-results\events-events-crud-Events--84363--event-search-functionality-Mobile-Safari\error-context.md
]]>
</failure>
<system-out>
<![CDATA[
[[ATTACHMENT|test-results\events-events-crud-Events--84363--event-search-functionality-Mobile-Safari\test-failed-1.png]]

[[ATTACHMENT|test-results\events-events-crud-Events--84363--event-search-functionality-Mobile-Safari\video.webm]]

[[ATTACHMENT|test-results\events-events-crud-Events--84363--event-search-functionality-Mobile-Safari\error-context.md]]
]]>
</system-out>
</testcase>
<testcase name="Events - CRUD Operations › Event Reading › should support category filtering" classname="events\events-crud.spec.ts" time="1.996">
<failure message="events-crud.spec.ts:120:9 should support category filtering" type="FAILURE">
<![CDATA[  [Mobile Safari] › events\events-crud.spec.ts:120:9 › Events - CRUD Operations › Event Reading › should support category filtering 

    TypeError: Cannot read properties of undefined (reading 'users')

      11 |     // Login as admin to perform CRUD operations
      12 |     await page.goto('/login');
    > 13 |     await page.fill('input[name="username"], input[type="email"]', testData.users.admin.email);
         |                                                                             ^
      14 |     await page.fill('input[name="password"], input[type="password"]', testData.users.admin.password);
      15 |     await page.click('button[type="submit"], button:has-text("Login")');
      16 |     await page.waitForLoadState('networkidle');
        at E:\test-project-app\tests\playwright\events\events-crud.spec.ts:13:77

    attachment #1: screenshot (image/png) ──────────────────────────────────────────────────────────
    ..\..\test-results\events-events-crud-Events--7a120--support-category-filtering-Mobile-Safari\test-failed-1.png
    ────────────────────────────────────────────────────────────────────────────────────────────────

    attachment #2: video (video/webm) ──────────────────────────────────────────────────────────────
    ..\..\test-results\events-events-crud-Events--7a120--support-category-filtering-Mobile-Safari\video.webm
    ────────────────────────────────────────────────────────────────────────────────────────────────

    Error Context: ..\..\test-results\events-events-crud-Events--7a120--support-category-filtering-Mobile-Safari\error-context.md
]]>
</failure>
<system-out>
<![CDATA[
[[ATTACHMENT|test-results\events-events-crud-Events--7a120--support-category-filtering-Mobile-Safari\test-failed-1.png]]

[[ATTACHMENT|test-results\events-events-crud-Events--7a120--support-category-filtering-Mobile-Safari\video.webm]]

[[ATTACHMENT|test-results\events-events-crud-Events--7a120--support-category-filtering-Mobile-Safari\error-context.md]]
]]>
</system-out>
</testcase>
<testcase name="Events - CRUD Operations › Event Reading › should support date filtering" classname="events\events-crud.spec.ts" time="2.104">
<failure message="events-crud.spec.ts:127:9 should support date filtering" type="FAILURE">
<![CDATA[  [Mobile Safari] › events\events-crud.spec.ts:127:9 › Events - CRUD Operations › Event Reading › should support date filtering 

    TypeError: Cannot read properties of undefined (reading 'users')

      11 |     // Login as admin to perform CRUD operations
      12 |     await page.goto('/login');
    > 13 |     await page.fill('input[name="username"], input[type="email"]', testData.users.admin.email);
         |                                                                             ^
      14 |     await page.fill('input[name="password"], input[type="password"]', testData.users.admin.password);
      15 |     await page.click('button[type="submit"], button:has-text("Login")');
      16 |     await page.waitForLoadState('networkidle');
        at E:\test-project-app\tests\playwright\events\events-crud.spec.ts:13:77

    attachment #1: screenshot (image/png) ──────────────────────────────────────────────────────────
    ..\..\test-results\events-events-crud-Events--66785-ould-support-date-filtering-Mobile-Safari\test-failed-1.png
    ────────────────────────────────────────────────────────────────────────────────────────────────

    attachment #2: video (video/webm) ──────────────────────────────────────────────────────────────
    ..\..\test-results\events-events-crud-Events--66785-ould-support-date-filtering-Mobile-Safari\video.webm
    ────────────────────────────────────────────────────────────────────────────────────────────────

    Error Context: ..\..\test-results\events-events-crud-Events--66785-ould-support-date-filtering-Mobile-Safari\error-context.md
]]>
</failure>
<system-out>
<![CDATA[
[[ATTACHMENT|test-results\events-events-crud-Events--66785-ould-support-date-filtering-Mobile-Safari\test-failed-1.png]]

[[ATTACHMENT|test-results\events-events-crud-Events--66785-ould-support-date-filtering-Mobile-Safari\video.webm]]

[[ATTACHMENT|test-results\events-events-crud-Events--66785-ould-support-date-filtering-Mobile-Safari\error-context.md]]
]]>
</system-out>
</testcase>
<testcase name="Events - CRUD Operations › Event Reading › should support pagination" classname="events\events-crud.spec.ts" time="2.066">
<failure message="events-crud.spec.ts:134:9 should support pagination" type="FAILURE">
<![CDATA[  [Mobile Safari] › events\events-crud.spec.ts:134:9 › Events - CRUD Operations › Event Reading › should support pagination 

    TypeError: Cannot read properties of undefined (reading 'users')

      11 |     // Login as admin to perform CRUD operations
      12 |     await page.goto('/login');
    > 13 |     await page.fill('input[name="username"], input[type="email"]', testData.users.admin.email);
         |                                                                             ^
      14 |     await page.fill('input[name="password"], input[type="password"]', testData.users.admin.password);
      15 |     await page.click('button[type="submit"], button:has-text("Login")');
      16 |     await page.waitForLoadState('networkidle');
        at E:\test-project-app\tests\playwright\events\events-crud.spec.ts:13:77

    attachment #1: screenshot (image/png) ──────────────────────────────────────────────────────────
    ..\..\test-results\events-events-crud-Events--73d64-g-should-support-pagination-Mobile-Safari\test-failed-1.png
    ────────────────────────────────────────────────────────────────────────────────────────────────

    attachment #2: video (video/webm) ──────────────────────────────────────────────────────────────
    ..\..\test-results\events-events-crud-Events--73d64-g-should-support-pagination-Mobile-Safari\video.webm
    ────────────────────────────────────────────────────────────────────────────────────────────────

    Error Context: ..\..\test-results\events-events-crud-Events--73d64-g-should-support-pagination-Mobile-Safari\error-context.md
]]>
</failure>
<system-out>
<![CDATA[
[[ATTACHMENT|test-results\events-events-crud-Events--73d64-g-should-support-pagination-Mobile-Safari\test-failed-1.png]]

[[ATTACHMENT|test-results\events-events-crud-Events--73d64-g-should-support-pagination-Mobile-Safari\video.webm]]

[[ATTACHMENT|test-results\events-events-crud-Events--73d64-g-should-support-pagination-Mobile-Safari\error-context.md]]
]]>
</system-out>
</testcase>
<testcase name="Events - CRUD Operations › Event Updates › should update event successfully" classname="events\events-crud.spec.ts" time="2.145">
<failure message="events-crud.spec.ts:160:9 should update event successfully" type="FAILURE">
<![CDATA[  [Mobile Safari] › events\events-crud.spec.ts:160:9 › Events - CRUD Operations › Event Updates › should update event successfully 

    TypeError: Cannot read properties of undefined (reading 'users')

      11 |     // Login as admin to perform CRUD operations
      12 |     await page.goto('/login');
    > 13 |     await page.fill('input[name="username"], input[type="email"]', testData.users.admin.email);
         |                                                                             ^
      14 |     await page.fill('input[name="password"], input[type="password"]', testData.users.admin.password);
      15 |     await page.click('button[type="submit"], button:has-text("Login")');
      16 |     await page.waitForLoadState('networkidle');
        at E:\test-project-app\tests\playwright\events\events-crud.spec.ts:13:77

    attachment #1: screenshot (image/png) ──────────────────────────────────────────────────────────
    ..\..\test-results\events-events-crud-Events--a3d3f-d-update-event-successfully-Mobile-Safari\test-failed-1.png
    ────────────────────────────────────────────────────────────────────────────────────────────────

    attachment #2: video (video/webm) ──────────────────────────────────────────────────────────────
    ..\..\test-results\events-events-crud-Events--a3d3f-d-update-event-successfully-Mobile-Safari\video.webm
    ────────────────────────────────────────────────────────────────────────────────────────────────

    Error Context: ..\..\test-results\events-events-crud-Events--a3d3f-d-update-event-successfully-Mobile-Safari\error-context.md
]]>
</failure>
<system-out>
<![CDATA[
[[ATTACHMENT|test-results\events-events-crud-Events--a3d3f-d-update-event-successfully-Mobile-Safari\test-failed-1.png]]

[[ATTACHMENT|test-results\events-events-crud-Events--a3d3f-d-update-event-successfully-Mobile-Safari\video.webm]]

[[ATTACHMENT|test-results\events-events-crud-Events--a3d3f-d-update-event-successfully-Mobile-Safari\error-context.md]]
]]>
</system-out>
</testcase>
<testcase name="Events - CRUD Operations › Event Updates › should validate updated event data" classname="events\events-crud.spec.ts" time="2.204">
<failure message="events-crud.spec.ts:176:9 should validate updated event data" type="FAILURE">
<![CDATA[  [Mobile Safari] › events\events-crud.spec.ts:176:9 › Events - CRUD Operations › Event Updates › should validate updated event data 

    TypeError: Cannot read properties of undefined (reading 'users')

      11 |     // Login as admin to perform CRUD operations
      12 |     await page.goto('/login');
    > 13 |     await page.fill('input[name="username"], input[type="email"]', testData.users.admin.email);
         |                                                                             ^
      14 |     await page.fill('input[name="password"], input[type="password"]', testData.users.admin.password);
      15 |     await page.click('button[type="submit"], button:has-text("Login")');
      16 |     await page.waitForLoadState('networkidle');
        at E:\test-project-app\tests\playwright\events\events-crud.spec.ts:13:77

    attachment #1: screenshot (image/png) ──────────────────────────────────────────────────────────
    ..\..\test-results\events-events-crud-Events--a88fa-validate-updated-event-data-Mobile-Safari\test-failed-1.png
    ────────────────────────────────────────────────────────────────────────────────────────────────

    attachment #2: video (video/webm) ──────────────────────────────────────────────────────────────
    ..\..\test-results\events-events-crud-Events--a88fa-validate-updated-event-data-Mobile-Safari\video.webm
    ────────────────────────────────────────────────────────────────────────────────────────────────

    Error Context: ..\..\test-results\events-events-crud-Events--a88fa-validate-updated-event-data-Mobile-Safari\error-context.md
]]>
</failure>
<system-out>
<![CDATA[
[[ATTACHMENT|test-results\events-events-crud-Events--a88fa-validate-updated-event-data-Mobile-Safari\test-failed-1.png]]

[[ATTACHMENT|test-results\events-events-crud-Events--a88fa-validate-updated-event-data-Mobile-Safari\video.webm]]

[[ATTACHMENT|test-results\events-events-crud-Events--a88fa-validate-updated-event-data-Mobile-Safari\error-context.md]]
]]>
</system-out>
</testcase>
<testcase name="Events - CRUD Operations › Event Updates › should preserve unchanged fields during update" classname="events\events-crud.spec.ts" time="2.149">
<failure message="events-crud.spec.ts:191:9 should preserve unchanged fields during update" type="FAILURE">
<![CDATA[  [Mobile Safari] › events\events-crud.spec.ts:191:9 › Events - CRUD Operations › Event Updates › should preserve unchanged fields during update 

    TypeError: Cannot read properties of undefined (reading 'users')

      11 |     // Login as admin to perform CRUD operations
      12 |     await page.goto('/login');
    > 13 |     await page.fill('input[name="username"], input[type="email"]', testData.users.admin.email);
         |                                                                             ^
      14 |     await page.fill('input[name="password"], input[type="password"]', testData.users.admin.password);
      15 |     await page.click('button[type="submit"], button:has-text("Login")');
      16 |     await page.waitForLoadState('networkidle');
        at E:\test-project-app\tests\playwright\events\events-crud.spec.ts:13:77

    attachment #1: screenshot (image/png) ──────────────────────────────────────────────────────────
    ..\..\test-results\events-events-crud-Events--82c97-hanged-fields-during-update-Mobile-Safari\test-failed-1.png
    ────────────────────────────────────────────────────────────────────────────────────────────────

    attachment #2: video (video/webm) ──────────────────────────────────────────────────────────────
    ..\..\test-results\events-events-crud-Events--82c97-hanged-fields-during-update-Mobile-Safari\video.webm
    ────────────────────────────────────────────────────────────────────────────────────────────────

    Error Context: ..\..\test-results\events-events-crud-Events--82c97-hanged-fields-during-update-Mobile-Safari\error-context.md
]]>
</failure>
<system-out>
<![CDATA[
[[ATTACHMENT|test-results\events-events-crud-Events--82c97-hanged-fields-during-update-Mobile-Safari\test-failed-1.png]]

[[ATTACHMENT|test-results\events-events-crud-Events--82c97-hanged-fields-during-update-Mobile-Safari\video.webm]]

[[ATTACHMENT|test-results\events-events-crud-Events--82c97-hanged-fields-during-update-Mobile-Safari\error-context.md]]
]]>
</system-out>
</testcase>
<testcase name="Events - CRUD Operations › Event Updates › should handle concurrent updates" classname="events\events-crud.spec.ts" time="2.191">
<failure message="events-crud.spec.ts:207:9 should handle concurrent updates" type="FAILURE">
<![CDATA[  [Mobile Safari] › events\events-crud.spec.ts:207:9 › Events - CRUD Operations › Event Updates › should handle concurrent updates 

    TypeError: Cannot read properties of undefined (reading 'users')

      11 |     // Login as admin to perform CRUD operations
      12 |     await page.goto('/login');
    > 13 |     await page.fill('input[name="username"], input[type="email"]', testData.users.admin.email);
         |                                                                             ^
      14 |     await page.fill('input[name="password"], input[type="password"]', testData.users.admin.password);
      15 |     await page.click('button[type="submit"], button:has-text("Login")');
      16 |     await page.waitForLoadState('networkidle');
        at E:\test-project-app\tests\playwright\events\events-crud.spec.ts:13:77

    attachment #1: screenshot (image/png) ──────────────────────────────────────────────────────────
    ..\..\test-results\events-events-crud-Events--88727-d-handle-concurrent-updates-Mobile-Safari\test-failed-1.png
    ────────────────────────────────────────────────────────────────────────────────────────────────

    attachment #2: video (video/webm) ──────────────────────────────────────────────────────────────
    ..\..\test-results\events-events-crud-Events--88727-d-handle-concurrent-updates-Mobile-Safari\video.webm
    ────────────────────────────────────────────────────────────────────────────────────────────────

    Error Context: ..\..\test-results\events-events-crud-Events--88727-d-handle-concurrent-updates-Mobile-Safari\error-context.md
]]>
</failure>
<system-out>
<![CDATA[
[[ATTACHMENT|test-results\events-events-crud-Events--88727-d-handle-concurrent-updates-Mobile-Safari\test-failed-1.png]]

[[ATTACHMENT|test-results\events-events-crud-Events--88727-d-handle-concurrent-updates-Mobile-Safari\video.webm]]

[[ATTACHMENT|test-results\events-events-crud-Events--88727-d-handle-concurrent-updates-Mobile-Safari\error-context.md]]
]]>
</system-out>
</testcase>
<testcase name="Events - CRUD Operations › Event Deletion › should delete event successfully" classname="events\events-crud.spec.ts" time="2.326">
<failure message="events-crud.spec.ts:235:9 should delete event successfully" type="FAILURE">
<![CDATA[  [Mobile Safari] › events\events-crud.spec.ts:235:9 › Events - CRUD Operations › Event Deletion › should delete event successfully 

    TypeError: Cannot read properties of undefined (reading 'users')

      11 |     // Login as admin to perform CRUD operations
      12 |     await page.goto('/login');
    > 13 |     await page.fill('input[name="username"], input[type="email"]', testData.users.admin.email);
         |                                                                             ^
      14 |     await page.fill('input[name="password"], input[type="password"]', testData.users.admin.password);
      15 |     await page.click('button[type="submit"], button:has-text("Login")');
      16 |     await page.waitForLoadState('networkidle');
        at E:\test-project-app\tests\playwright\events\events-crud.spec.ts:13:77

    attachment #1: screenshot (image/png) ──────────────────────────────────────────────────────────
    ..\..\test-results\events-events-crud-Events--8659f-d-delete-event-successfully-Mobile-Safari\test-failed-1.png
    ────────────────────────────────────────────────────────────────────────────────────────────────

    attachment #2: video (video/webm) ──────────────────────────────────────────────────────────────
    ..\..\test-results\events-events-crud-Events--8659f-d-delete-event-successfully-Mobile-Safari\video.webm
    ────────────────────────────────────────────────────────────────────────────────────────────────

    Error Context: ..\..\test-results\events-events-crud-Events--8659f-d-delete-event-successfully-Mobile-Safari\error-context.md
]]>
</failure>
<system-out>
<![CDATA[
[[ATTACHMENT|test-results\events-events-crud-Events--8659f-d-delete-event-successfully-Mobile-Safari\test-failed-1.png]]

[[ATTACHMENT|test-results\events-events-crud-Events--8659f-d-delete-event-successfully-Mobile-Safari\video.webm]]

[[ATTACHMENT|test-results\events-events-crud-Events--8659f-d-delete-event-successfully-Mobile-Safari\error-context.md]]
]]>
</system-out>
</testcase>
<testcase name="Events - CRUD Operations › Event Deletion › should cancel deletion when confirmation is dismissed" classname="events\events-crud.spec.ts" time="2.218">
<failure message="events-crud.spec.ts:252:9 should cancel deletion when confirmation is dismissed" type="FAILURE">
<![CDATA[  [Mobile Safari] › events\events-crud.spec.ts:252:9 › Events - CRUD Operations › Event Deletion › should cancel deletion when confirmation is dismissed 

    TypeError: Cannot read properties of undefined (reading 'users')

      11 |     // Login as admin to perform CRUD operations
      12 |     await page.goto('/login');
    > 13 |     await page.fill('input[name="username"], input[type="email"]', testData.users.admin.email);
         |                                                                             ^
      14 |     await page.fill('input[name="password"], input[type="password"]', testData.users.admin.password);
      15 |     await page.click('button[type="submit"], button:has-text("Login")');
      16 |     await page.waitForLoadState('networkidle');
        at E:\test-project-app\tests\playwright\events\events-crud.spec.ts:13:77

    attachment #1: screenshot (image/png) ──────────────────────────────────────────────────────────
    ..\..\test-results\events-events-crud-Events--1befe-n-confirmation-is-dismissed-Mobile-Safari\test-failed-1.png
    ────────────────────────────────────────────────────────────────────────────────────────────────

    attachment #2: video (video/webm) ──────────────────────────────────────────────────────────────
    ..\..\test-results\events-events-crud-Events--1befe-n-confirmation-is-dismissed-Mobile-Safari\video.webm
    ────────────────────────────────────────────────────────────────────────────────────────────────

    Error Context: ..\..\test-results\events-events-crud-Events--1befe-n-confirmation-is-dismissed-Mobile-Safari\error-context.md
]]>
</failure>
<system-out>
<![CDATA[
[[ATTACHMENT|test-results\events-events-crud-Events--1befe-n-confirmation-is-dismissed-Mobile-Safari\test-failed-1.png]]

[[ATTACHMENT|test-results\events-events-crud-Events--1befe-n-confirmation-is-dismissed-Mobile-Safari\video.webm]]

[[ATTACHMENT|test-results\events-events-crud-Events--1befe-n-confirmation-is-dismissed-Mobile-Safari\error-context.md]]
]]>
</system-out>
</testcase>
<testcase name="Events - CRUD Operations › Event Deletion › should prevent deletion of event with participants" classname="events\events-crud.spec.ts" time="2.397">
<failure message="events-crud.spec.ts:269:9 should prevent deletion of event with participants" type="FAILURE">
<![CDATA[  [Mobile Safari] › events\events-crud.spec.ts:269:9 › Events - CRUD Operations › Event Deletion › should prevent deletion of event with participants 

    TypeError: Cannot read properties of undefined (reading 'users')

      11 |     // Login as admin to perform CRUD operations
      12 |     await page.goto('/login');
    > 13 |     await page.fill('input[name="username"], input[type="email"]', testData.users.admin.email);
         |                                                                             ^
      14 |     await page.fill('input[name="password"], input[type="password"]', testData.users.admin.password);
      15 |     await page.click('button[type="submit"], button:has-text("Login")');
      16 |     await page.waitForLoadState('networkidle');
        at E:\test-project-app\tests\playwright\events\events-crud.spec.ts:13:77

    attachment #1: screenshot (image/png) ──────────────────────────────────────────────────────────
    ..\..\test-results\events-events-crud-Events--f50ed--of-event-with-participants-Mobile-Safari\test-failed-1.png
    ────────────────────────────────────────────────────────────────────────────────────────────────

    attachment #2: video (video/webm) ──────────────────────────────────────────────────────────────
    ..\..\test-results\events-events-crud-Events--f50ed--of-event-with-participants-Mobile-Safari\video.webm
    ────────────────────────────────────────────────────────────────────────────────────────────────

    Error Context: ..\..\test-results\events-events-crud-Events--f50ed--of-event-with-participants-Mobile-Safari\error-context.md
]]>
</failure>
<system-out>
<![CDATA[
[[ATTACHMENT|test-results\events-events-crud-Events--f50ed--of-event-with-participants-Mobile-Safari\test-failed-1.png]]

[[ATTACHMENT|test-results\events-events-crud-Events--f50ed--of-event-with-participants-Mobile-Safari\video.webm]]

[[ATTACHMENT|test-results\events-events-crud-Events--f50ed--of-event-with-participants-Mobile-Safari\error-context.md]]
]]>
</system-out>
</testcase>
<testcase name="Events - CRUD Operations › Event Deletion › should handle bulk deletion" classname="events\events-crud.spec.ts" time="2.97">
<failure message="events-crud.spec.ts:287:9 should handle bulk deletion" type="FAILURE">
<![CDATA[  [Mobile Safari] › events\events-crud.spec.ts:287:9 › Events - CRUD Operations › Event Deletion › should handle bulk deletion 

    TypeError: Cannot read properties of undefined (reading 'users')

      11 |     // Login as admin to perform CRUD operations
      12 |     await page.goto('/login');
    > 13 |     await page.fill('input[name="username"], input[type="email"]', testData.users.admin.email);
         |                                                                             ^
      14 |     await page.fill('input[name="password"], input[type="password"]', testData.users.admin.password);
      15 |     await page.click('button[type="submit"], button:has-text("Login")');
      16 |     await page.waitForLoadState('networkidle');
        at E:\test-project-app\tests\playwright\events\events-crud.spec.ts:13:77

    attachment #1: screenshot (image/png) ──────────────────────────────────────────────────────────
    ..\..\test-results\events-events-crud-Events--b50a4-should-handle-bulk-deletion-Mobile-Safari\test-failed-1.png
    ────────────────────────────────────────────────────────────────────────────────────────────────

    attachment #2: video (video/webm) ──────────────────────────────────────────────────────────────
    ..\..\test-results\events-events-crud-Events--b50a4-should-handle-bulk-deletion-Mobile-Safari\video.webm
    ────────────────────────────────────────────────────────────────────────────────────────────────

    Error Context: ..\..\test-results\events-events-crud-Events--b50a4-should-handle-bulk-deletion-Mobile-Safari\error-context.md
]]>
</failure>
<system-out>
<![CDATA[
[[ATTACHMENT|test-results\events-events-crud-Events--b50a4-should-handle-bulk-deletion-Mobile-Safari\test-failed-1.png]]

[[ATTACHMENT|test-results\events-events-crud-Events--b50a4-should-handle-bulk-deletion-Mobile-Safari\video.webm]]

[[ATTACHMENT|test-results\events-events-crud-Events--b50a4-should-handle-bulk-deletion-Mobile-Safari\error-context.md]]
]]>
</system-out>
</testcase>
<testcase name="Events - CRUD Operations › Event Registration › should register for event successfully" classname="events\events-crud.spec.ts" time="2.776">
<failure message="events-crud.spec.ts:318:9 should register for event successfully" type="FAILURE">
<![CDATA[  [Mobile Safari] › events\events-crud.spec.ts:318:9 › Events - CRUD Operations › Event Registration › should register for event successfully 

    TypeError: Cannot read properties of undefined (reading 'users')

      11 |     // Login as admin to perform CRUD operations
      12 |     await page.goto('/login');
    > 13 |     await page.fill('input[name="username"], input[type="email"]', testData.users.admin.email);
         |                                                                             ^
      14 |     await page.fill('input[name="password"], input[type="password"]', testData.users.admin.password);
      15 |     await page.click('button[type="submit"], button:has-text("Login")');
      16 |     await page.waitForLoadState('networkidle');
        at E:\test-project-app\tests\playwright\events\events-crud.spec.ts:13:77

    attachment #1: screenshot (image/png) ──────────────────────────────────────────────────────────
    ..\..\test-results\events-events-crud-Events--bff1b-ster-for-event-successfully-Mobile-Safari\test-failed-1.png
    ────────────────────────────────────────────────────────────────────────────────────────────────

    attachment #2: video (video/webm) ──────────────────────────────────────────────────────────────
    ..\..\test-results\events-events-crud-Events--bff1b-ster-for-event-successfully-Mobile-Safari\video.webm
    ────────────────────────────────────────────────────────────────────────────────────────────────

    Error Context: ..\..\test-results\events-events-crud-Events--bff1b-ster-for-event-successfully-Mobile-Safari\error-context.md
]]>
</failure>
<system-out>
<![CDATA[
[[ATTACHMENT|test-results\events-events-crud-Events--bff1b-ster-for-event-successfully-Mobile-Safari\test-failed-1.png]]

[[ATTACHMENT|test-results\events-events-crud-Events--bff1b-ster-for-event-successfully-Mobile-Safari\video.webm]]

[[ATTACHMENT|test-results\events-events-crud-Events--bff1b-ster-for-event-successfully-Mobile-Safari\error-context.md]]
]]>
</system-out>
</testcase>
<testcase name="Events - CRUD Operations › Event Registration › should prevent duplicate registration" classname="events\events-crud.spec.ts" time="2.665">
<failure message="events-crud.spec.ts:333:9 should prevent duplicate registration" type="FAILURE">
<![CDATA[  [Mobile Safari] › events\events-crud.spec.ts:333:9 › Events - CRUD Operations › Event Registration › should prevent duplicate registration 

    TypeError: Cannot read properties of undefined (reading 'users')

      11 |     // Login as admin to perform CRUD operations
      12 |     await page.goto('/login');
    > 13 |     await page.fill('input[name="username"], input[type="email"]', testData.users.admin.email);
         |                                                                             ^
      14 |     await page.fill('input[name="password"], input[type="password"]', testData.users.admin.password);
      15 |     await page.click('button[type="submit"], button:has-text("Login")');
      16 |     await page.waitForLoadState('networkidle');
        at E:\test-project-app\tests\playwright\events\events-crud.spec.ts:13:77

    attachment #1: screenshot (image/png) ──────────────────────────────────────────────────────────
    ..\..\test-results\events-events-crud-Events--d8015-vent-duplicate-registration-Mobile-Safari\test-failed-1.png
    ────────────────────────────────────────────────────────────────────────────────────────────────

    attachment #2: video (video/webm) ──────────────────────────────────────────────────────────────
    ..\..\test-results\events-events-crud-Events--d8015-vent-duplicate-registration-Mobile-Safari\video.webm
    ────────────────────────────────────────────────────────────────────────────────────────────────

    Error Context: ..\..\test-results\events-events-crud-Events--d8015-vent-duplicate-registration-Mobile-Safari\error-context.md
]]>
</failure>
<system-out>
<![CDATA[
[[ATTACHMENT|test-results\events-events-crud-Events--d8015-vent-duplicate-registration-Mobile-Safari\test-failed-1.png]]

[[ATTACHMENT|test-results\events-events-crud-Events--d8015-vent-duplicate-registration-Mobile-Safari\video.webm]]

[[ATTACHMENT|test-results\events-events-crud-Events--d8015-vent-duplicate-registration-Mobile-Safari\error-context.md]]
]]>
</system-out>
</testcase>
<testcase name="Events - CRUD Operations › Event Registration › should handle registration when event is full" classname="events\events-crud.spec.ts" time="2.14">
<failure message="events-crud.spec.ts:349:9 should handle registration when event is full" type="FAILURE">
<![CDATA[  [Mobile Safari] › events\events-crud.spec.ts:349:9 › Events - CRUD Operations › Event Registration › should handle registration when event is full 

    TypeError: Cannot read properties of undefined (reading 'users')

      11 |     // Login as admin to perform CRUD operations
      12 |     await page.goto('/login');
    > 13 |     await page.fill('input[name="username"], input[type="email"]', testData.users.admin.email);
         |                                                                             ^
      14 |     await page.fill('input[name="password"], input[type="password"]', testData.users.admin.password);
      15 |     await page.click('button[type="submit"], button:has-text("Login")');
      16 |     await page.waitForLoadState('networkidle');
        at E:\test-project-app\tests\playwright\events\events-crud.spec.ts:13:77

    attachment #1: screenshot (image/png) ──────────────────────────────────────────────────────────
    ..\..\test-results\events-events-crud-Events--45ea3-stration-when-event-is-full-Mobile-Safari\test-failed-1.png
    ────────────────────────────────────────────────────────────────────────────────────────────────

    attachment #2: video (video/webm) ──────────────────────────────────────────────────────────────
    ..\..\test-results\events-events-crud-Events--45ea3-stration-when-event-is-full-Mobile-Safari\video.webm
    ────────────────────────────────────────────────────────────────────────────────────────────────

    Error Context: ..\..\test-results\events-events-crud-Events--45ea3-stration-when-event-is-full-Mobile-Safari\error-context.md
]]>
</failure>
<system-out>
<![CDATA[
[[ATTACHMENT|test-results\events-events-crud-Events--45ea3-stration-when-event-is-full-Mobile-Safari\test-failed-1.png]]

[[ATTACHMENT|test-results\events-events-crud-Events--45ea3-stration-when-event-is-full-Mobile-Safari\video.webm]]

[[ATTACHMENT|test-results\events-events-crud-Events--45ea3-stration-when-event-is-full-Mobile-Safari\error-context.md]]
]]>
</system-out>
</testcase>
</testsuite>
<testsuite name="results\live-results.spec.ts" timestamp="2026-02-20T03:52:25.301Z" hostname="Mobile Safari" tests="1" failures="0" skipped="0" time="1.66" errors="0">
<testcase name="Live Results Page › should display the Live Results page with correct content" classname="results\live-results.spec.ts" time="1.66">
</testcase>
</testsuite>
<testsuite name="simple\setup-test.spec.ts" timestamp="2026-02-20T03:52:25.301Z" hostname="Mobile Safari" tests="3" failures="0" skipped="0" time="4.189" errors="0">
<testcase name="Setup Verification › should connect to frontend server" classname="simple\setup-test.spec.ts" time="1.811">
</testcase>
<testcase name="Setup Verification › should connect to backend API" classname="simple\setup-test.spec.ts" time="0.087">
</testcase>
<testcase name="Setup Verification › should display login page" classname="simple\setup-test.spec.ts" time="2.291">
</testcase>
</testsuite>
<testsuite name="smoke\smoke-tests.spec.ts" timestamp="2026-02-20T03:52:25.301Z" hostname="Mobile Safari" tests="11" failures="11" skipped="0" time="111.344" errors="0">
<testcase name="Smoke Tests - Critical User Flows › should complete full user registration and login flow" classname="smoke\smoke-tests.spec.ts" time="30.198">
<failure message="smoke-tests.spec.ts:5:7 should complete full user registration and login flow" type="FAILURE">
<![CDATA[  [Mobile Safari] › smoke\smoke-tests.spec.ts:5:7 › Smoke Tests - Critical User Flows › should complete full user registration and login flow 

    Test timeout of 30000ms exceeded.

    Error: page.fill: Test timeout of 30000ms exceeded.
    Call log:
      - waiting for locator('input[name="username"]')


       8 |     
       9 |     // Fill registration form
    > 10 |     await page.fill('input[name="username"]', 'smoke_test_user');
         |                ^
      11 |     await page.fill('input[name="email"]', 'smoketest@example.com');
      12 |     await page.fill('input[name="password"]', 'SmokeTestPass123!');
      13 |     await page.fill('input[name="first_name"]', 'Smoke');
        at E:\test-project-app\tests\playwright\smoke\smoke-tests.spec.ts:10:16

    attachment #1: screenshot (image/png) ──────────────────────────────────────────────────────────
    ..\..\test-results\smoke-smoke-tests-Smoke-Te-0312b-registration-and-login-flow-Mobile-Safari\test-failed-1.png
    ────────────────────────────────────────────────────────────────────────────────────────────────

    attachment #2: video (video/webm) ──────────────────────────────────────────────────────────────
    ..\..\test-results\smoke-smoke-tests-Smoke-Te-0312b-registration-and-login-flow-Mobile-Safari\video.webm
    ────────────────────────────────────────────────────────────────────────────────────────────────

    Error Context: ..\..\test-results\smoke-smoke-tests-Smoke-Te-0312b-registration-and-login-flow-Mobile-Safari\error-context.md
]]>
</failure>
<system-out>
<![CDATA[
[[ATTACHMENT|test-results\smoke-smoke-tests-Smoke-Te-0312b-registration-and-login-flow-Mobile-Safari\test-failed-1.png]]

[[ATTACHMENT|test-results\smoke-smoke-tests-Smoke-Te-0312b-registration-and-login-flow-Mobile-Safari\video.webm]]

[[ATTACHMENT|test-results\smoke-smoke-tests-Smoke-Te-0312b-registration-and-login-flow-Mobile-Safari\error-context.md]]
]]>
</system-out>
</testcase>
<testcase name="Smoke Tests - Critical User Flows › should complete admin login and user management flow" classname="smoke\smoke-tests.spec.ts" time="2.41">
<failure message="smoke-tests.spec.ts:36:7 should complete admin login and user management flow" type="FAILURE">
<![CDATA[  [Mobile Safari] › smoke\smoke-tests.spec.ts:36:7 › Smoke Tests - Critical User Flows › should complete admin login and user management flow 

    TypeError: Cannot read properties of undefined (reading 'users')

      37 |     // Login as admin
      38 |     await page.goto('/login');
    > 39 |     await page.fill('input[type="email"]', testData.users.admin.email);
         |                                                     ^
      40 |     await page.fill('input[type="password"]', testData.users.admin.password);
      41 |     await page.click('button[type="submit"]');
      42 |     
        at E:\test-project-app\tests\playwright\smoke\smoke-tests.spec.ts:39:53

    attachment #1: screenshot (image/png) ──────────────────────────────────────────────────────────
    ..\..\test-results\smoke-smoke-tests-Smoke-Te-464c1-in-and-user-management-flow-Mobile-Safari\test-failed-1.png
    ────────────────────────────────────────────────────────────────────────────────────────────────

    attachment #2: video (video/webm) ──────────────────────────────────────────────────────────────
    ..\..\test-results\smoke-smoke-tests-Smoke-Te-464c1-in-and-user-management-flow-Mobile-Safari\video.webm
    ────────────────────────────────────────────────────────────────────────────────────────────────

    Error Context: ..\..\test-results\smoke-smoke-tests-Smoke-Te-464c1-in-and-user-management-flow-Mobile-Safari\error-context.md
]]>
</failure>
<system-out>
<![CDATA[
[[ATTACHMENT|test-results\smoke-smoke-tests-Smoke-Te-464c1-in-and-user-management-flow-Mobile-Safari\test-failed-1.png]]

[[ATTACHMENT|test-results\smoke-smoke-tests-Smoke-Te-464c1-in-and-user-management-flow-Mobile-Safari\video.webm]]

[[ATTACHMENT|test-results\smoke-smoke-tests-Smoke-Te-464c1-in-and-user-management-flow-Mobile-Safari\error-context.md]]
]]>
</system-out>
</testcase>
<testcase name="Smoke Tests - Critical User Flows › should complete event creation and registration flow" classname="smoke\smoke-tests.spec.ts" time="2.311">
<failure message="smoke-tests.spec.ts:66:7 should complete event creation and registration flow" type="FAILURE">
<![CDATA[  [Mobile Safari] › smoke\smoke-tests.spec.ts:66:7 › Smoke Tests - Critical User Flows › should complete event creation and registration flow 

    TypeError: Cannot read properties of undefined (reading 'users')

      67 |     // Login as admin
      68 |     await page.goto('/login');
    > 69 |     await page.fill('input[type="email"]', testData.users.admin.email);
         |                                                     ^
      70 |     await page.fill('input[type="password"]', testData.users.admin.password);
      71 |     await page.click('button[type="submit"]');
      72 |     
        at E:\test-project-app\tests\playwright\smoke\smoke-tests.spec.ts:69:53

    attachment #1: screenshot (image/png) ──────────────────────────────────────────────────────────
    ..\..\test-results\smoke-smoke-tests-Smoke-Te-1f5b9-ation-and-registration-flow-Mobile-Safari\test-failed-1.png
    ────────────────────────────────────────────────────────────────────────────────────────────────

    attachment #2: video (video/webm) ──────────────────────────────────────────────────────────────
    ..\..\test-results\smoke-smoke-tests-Smoke-Te-1f5b9-ation-and-registration-flow-Mobile-Safari\video.webm
    ────────────────────────────────────────────────────────────────────────────────────────────────

    Error Context: ..\..\test-results\smoke-smoke-tests-Smoke-Te-1f5b9-ation-and-registration-flow-Mobile-Safari\error-context.md
]]>
</failure>
<system-out>
<![CDATA[
[[ATTACHMENT|test-results\smoke-smoke-tests-Smoke-Te-1f5b9-ation-and-registration-flow-Mobile-Safari\test-failed-1.png]]

[[ATTACHMENT|test-results\smoke-smoke-tests-Smoke-Te-1f5b9-ation-and-registration-flow-Mobile-Safari\video.webm]]

[[ATTACHMENT|test-results\smoke-smoke-tests-Smoke-Te-1f5b9-ation-and-registration-flow-Mobile-Safari\error-context.md]]
]]>
</system-out>
</testcase>
<testcase name="Smoke Tests - Critical User Flows › should complete scoring flow" classname="smoke\smoke-tests.spec.ts" time="2.015">
<failure message="smoke-tests.spec.ts:111:7 should complete scoring flow" type="FAILURE">
<![CDATA[  [Mobile Safari] › smoke\smoke-tests.spec.ts:111:7 › Smoke Tests - Critical User Flows › should complete scoring flow 

    TypeError: Cannot read properties of undefined (reading 'users')

      112 |     // Login as judge
      113 |     await page.goto('/login');
    > 114 |     await page.fill('input[type="email"]', testData.users.judge.email);
          |                                                     ^
      115 |     await page.fill('input[type="password"]', testData.users.judge.password);
      116 |     await page.click('button[type="submit"]');
      117 |     
        at E:\test-project-app\tests\playwright\smoke\smoke-tests.spec.ts:114:53

    attachment #1: screenshot (image/png) ──────────────────────────────────────────────────────────
    ..\..\test-results\smoke-smoke-tests-Smoke-Te-3089d-hould-complete-scoring-flow-Mobile-Safari\test-failed-1.png
    ────────────────────────────────────────────────────────────────────────────────────────────────

    attachment #2: video (video/webm) ──────────────────────────────────────────────────────────────
    ..\..\test-results\smoke-smoke-tests-Smoke-Te-3089d-hould-complete-scoring-flow-Mobile-Safari\video.webm
    ────────────────────────────────────────────────────────────────────────────────────────────────

    Error Context: ..\..\test-results\smoke-smoke-tests-Smoke-Te-3089d-hould-complete-scoring-flow-Mobile-Safari\error-context.md
]]>
</failure>
<system-out>
<![CDATA[
[[ATTACHMENT|test-results\smoke-smoke-tests-Smoke-Te-3089d-hould-complete-scoring-flow-Mobile-Safari\test-failed-1.png]]

[[ATTACHMENT|test-results\smoke-smoke-tests-Smoke-Te-3089d-hould-complete-scoring-flow-Mobile-Safari\video.webm]]

[[ATTACHMENT|test-results\smoke-smoke-tests-Smoke-Te-3089d-hould-complete-scoring-flow-Mobile-Safari\error-context.md]]
]]>
</system-out>
</testcase>
<testcase name="Smoke Tests - Critical User Flows › should complete volunteer verification flow" classname="smoke\smoke-tests.spec.ts" time="1.84">
<failure message="smoke-tests.spec.ts:138:7 should complete volunteer verification flow" type="FAILURE">
<![CDATA[  [Mobile Safari] › smoke\smoke-tests.spec.ts:138:7 › Smoke Tests - Critical User Flows › should complete volunteer verification flow 

    TypeError: Cannot read properties of undefined (reading 'users')

      139 |     // Login as volunteer
      140 |     await page.goto('/login');
    > 141 |     await page.fill('input[type="email"]', testData.users.volunteer.email);
          |                                                     ^
      142 |     await page.fill('input[type="password"]', testData.users.volunteer.password);
      143 |     await page.click('button[type="submit"]');
      144 |     
        at E:\test-project-app\tests\playwright\smoke\smoke-tests.spec.ts:141:53

    attachment #1: screenshot (image/png) ──────────────────────────────────────────────────────────
    ..\..\test-results\smoke-smoke-tests-Smoke-Te-7b25a-volunteer-verification-flow-Mobile-Safari\test-failed-1.png
    ────────────────────────────────────────────────────────────────────────────────────────────────

    attachment #2: video (video/webm) ──────────────────────────────────────────────────────────────
    ..\..\test-results\smoke-smoke-tests-Smoke-Te-7b25a-volunteer-verification-flow-Mobile-Safari\video.webm
    ────────────────────────────────────────────────────────────────────────────────────────────────

    Error Context: ..\..\test-results\smoke-smoke-tests-Smoke-Te-7b25a-volunteer-verification-flow-Mobile-Safari\error-context.md
]]>
</failure>
<system-out>
<![CDATA[
[[ATTACHMENT|test-results\smoke-smoke-tests-Smoke-Te-7b25a-volunteer-verification-flow-Mobile-Safari\test-failed-1.png]]

[[ATTACHMENT|test-results\smoke-smoke-tests-Smoke-Te-7b25a-volunteer-verification-flow-Mobile-Safari\video.webm]]

[[ATTACHMENT|test-results\smoke-smoke-tests-Smoke-Te-7b25a-volunteer-verification-flow-Mobile-Safari\error-context.md]]
]]>
</system-out>
</testcase>
<testcase name="Smoke Tests - Critical User Flows › should complete results viewing flow" classname="smoke\smoke-tests.spec.ts" time="6.34">
<failure message="smoke-tests.spec.ts:163:7 should complete results viewing flow" type="FAILURE">
<![CDATA[  [Mobile Safari] › smoke\smoke-tests.spec.ts:163:7 › Smoke Tests - Critical User Flows › should complete results viewing flow 

    Error: expect(locator).toBeVisible() failed

    Locator: locator('.results-page, [data-testid="results-page"]')
    Expected: visible
    Timeout: 5000ms
    Error: element(s) not found

    Call log:
      - Expect "toBeVisible" with timeout 5000ms
      - waiting for locator('.results-page, [data-testid="results-page"]')


      164 |     // Navigate to results page
      165 |     await page.goto('/results');
    > 166 |     await expect(page.locator('.results-page, [data-testid="results-page"]')).toBeVisible();
          |                                                                               ^
      167 |     
      168 |     // Check if results are displayed
      169 |     const results = page.locator('.result-item, [data-testid="result-item"]');
        at E:\test-project-app\tests\playwright\smoke\smoke-tests.spec.ts:166:79

    attachment #1: screenshot (image/png) ──────────────────────────────────────────────────────────
    ..\..\test-results\smoke-smoke-tests-Smoke-Te-f48f2-mplete-results-viewing-flow-Mobile-Safari\test-failed-1.png
    ────────────────────────────────────────────────────────────────────────────────────────────────

    attachment #2: video (video/webm) ──────────────────────────────────────────────────────────────
    ..\..\test-results\smoke-smoke-tests-Smoke-Te-f48f2-mplete-results-viewing-flow-Mobile-Safari\video.webm
    ────────────────────────────────────────────────────────────────────────────────────────────────

    Error Context: ..\..\test-results\smoke-smoke-tests-Smoke-Te-f48f2-mplete-results-viewing-flow-Mobile-Safari\error-context.md
]]>
</failure>
<system-out>
<![CDATA[
[[ATTACHMENT|test-results\smoke-smoke-tests-Smoke-Te-f48f2-mplete-results-viewing-flow-Mobile-Safari\test-failed-1.png]]

[[ATTACHMENT|test-results\smoke-smoke-tests-Smoke-Te-f48f2-mplete-results-viewing-flow-Mobile-Safari\video.webm]]

[[ATTACHMENT|test-results\smoke-smoke-tests-Smoke-Te-f48f2-mplete-results-viewing-flow-Mobile-Safari\error-context.md]]
]]>
</system-out>
</testcase>
<testcase name="Smoke Tests - Critical User Flows › should handle error scenarios gracefully" classname="smoke\smoke-tests.spec.ts" time="30.51">
<failure message="smoke-tests.spec.ts:184:7 should handle error scenarios gracefully" type="FAILURE">
<![CDATA[  [Mobile Safari] › smoke\smoke-tests.spec.ts:184:7 › Smoke Tests - Critical User Flows › should handle error scenarios gracefully 

    Test timeout of 30000ms exceeded.

    Error: page.fill: Test timeout of 30000ms exceeded.
    Call log:
      - waiting for locator('input[type="email"]')


      185 |     // Test invalid login
      186 |     await page.goto('/login');
    > 187 |     await page.fill('input[type="email"]', 'invalid@example.com');
          |                ^
      188 |     await page.fill('input[type="password"]', 'wrongpassword');
      189 |     await page.click('button[type="submit"]');
      190 |     
        at E:\test-project-app\tests\playwright\smoke\smoke-tests.spec.ts:187:16

    attachment #1: screenshot (image/png) ──────────────────────────────────────────────────────────
    ..\..\test-results\smoke-smoke-tests-Smoke-Te-866ca--error-scenarios-gracefully-Mobile-Safari\test-failed-1.png
    ────────────────────────────────────────────────────────────────────────────────────────────────

    attachment #2: video (video/webm) ──────────────────────────────────────────────────────────────
    ..\..\test-results\smoke-smoke-tests-Smoke-Te-866ca--error-scenarios-gracefully-Mobile-Safari\video.webm
    ────────────────────────────────────────────────────────────────────────────────────────────────

    Error Context: ..\..\test-results\smoke-smoke-tests-Smoke-Te-866ca--error-scenarios-gracefully-Mobile-Safari\error-context.md
]]>
</failure>
<system-out>
<![CDATA[
[[ATTACHMENT|test-results\smoke-smoke-tests-Smoke-Te-866ca--error-scenarios-gracefully-Mobile-Safari\test-failed-1.png]]

[[ATTACHMENT|test-results\smoke-smoke-tests-Smoke-Te-866ca--error-scenarios-gracefully-Mobile-Safari\video.webm]]

[[ATTACHMENT|test-results\smoke-smoke-tests-Smoke-Te-866ca--error-scenarios-gracefully-Mobile-Safari\error-context.md]]
]]>
</system-out>
</testcase>
<testcase name="Smoke Tests - Critical User Flows › should maintain session across page refreshes" classname="smoke\smoke-tests.spec.ts" time="1.846">
<failure message="smoke-tests.spec.ts:205:7 should maintain session across page refreshes" type="FAILURE">
<![CDATA[  [Mobile Safari] › smoke\smoke-tests.spec.ts:205:7 › Smoke Tests - Critical User Flows › should maintain session across page refreshes 

    TypeError: Cannot read properties of undefined (reading 'users')

      206 |     // Login
      207 |     await page.goto('/login');
    > 208 |     await page.fill('input[type="email"]', testData.users.student.email);
          |                                                     ^
      209 |     await page.fill('input[type="password"]', testData.users.student.password);
      210 |     await page.click('button[type="submit"]');
      211 |     
        at E:\test-project-app\tests\playwright\smoke\smoke-tests.spec.ts:208:53

    attachment #1: screenshot (image/png) ──────────────────────────────────────────────────────────
    ..\..\test-results\smoke-smoke-tests-Smoke-Te-973c5-ssion-across-page-refreshes-Mobile-Safari\test-failed-1.png
    ────────────────────────────────────────────────────────────────────────────────────────────────

    attachment #2: video (video/webm) ──────────────────────────────────────────────────────────────
    ..\..\test-results\smoke-smoke-tests-Smoke-Te-973c5-ssion-across-page-refreshes-Mobile-Safari\video.webm
    ────────────────────────────────────────────────────────────────────────────────────────────────

    Error Context: ..\..\test-results\smoke-smoke-tests-Smoke-Te-973c5-ssion-across-page-refreshes-Mobile-Safari\error-context.md
]]>
</failure>
<system-out>
<![CDATA[
[[ATTACHMENT|test-results\smoke-smoke-tests-Smoke-Te-973c5-ssion-across-page-refreshes-Mobile-Safari\test-failed-1.png]]

[[ATTACHMENT|test-results\smoke-smoke-tests-Smoke-Te-973c5-ssion-across-page-refreshes-Mobile-Safari\video.webm]]

[[ATTACHMENT|test-results\smoke-smoke-tests-Smoke-Te-973c5-ssion-across-page-refreshes-Mobile-Safari\error-context.md]]
]]>
</system-out>
</testcase>
<testcase name="Smoke Tests - Critical User Flows › should handle multiple browser tabs" classname="smoke\smoke-tests.spec.ts" time="1.832">
<failure message="smoke-tests.spec.ts:223:7 should handle multiple browser tabs" type="FAILURE">
<![CDATA[  [Mobile Safari] › smoke\smoke-tests.spec.ts:223:7 › Smoke Tests - Critical User Flows › should handle multiple browser tabs 

    TypeError: Cannot read properties of undefined (reading 'users')

      224 |     // Login in first tab
      225 |     await page.goto('/login');
    > 226 |     await page.fill('input[type="email"]', testData.users.student.email);
          |                                                     ^
      227 |     await page.fill('input[type="password"]', testData.users.student.password);
      228 |     await page.click('button[type="submit"]');
      229 |     
        at E:\test-project-app\tests\playwright\smoke\smoke-tests.spec.ts:226:53

    attachment #1: screenshot (image/png) ──────────────────────────────────────────────────────────
    ..\..\test-results\smoke-smoke-tests-Smoke-Te-b42de-andle-multiple-browser-tabs-Mobile-Safari\test-failed-1.png
    ────────────────────────────────────────────────────────────────────────────────────────────────

    attachment #2: video (video/webm) ──────────────────────────────────────────────────────────────
    ..\..\test-results\smoke-smoke-tests-Smoke-Te-b42de-andle-multiple-browser-tabs-Mobile-Safari\video.webm
    ────────────────────────────────────────────────────────────────────────────────────────────────

    Error Context: ..\..\test-results\smoke-smoke-tests-Smoke-Te-b42de-andle-multiple-browser-tabs-Mobile-Safari\error-context.md
]]>
</failure>
<system-out>
<![CDATA[
[[ATTACHMENT|test-results\smoke-smoke-tests-Smoke-Te-b42de-andle-multiple-browser-tabs-Mobile-Safari\test-failed-1.png]]

[[ATTACHMENT|test-results\smoke-smoke-tests-Smoke-Te-b42de-andle-multiple-browser-tabs-Mobile-Safari\video.webm]]

[[ATTACHMENT|test-results\smoke-smoke-tests-Smoke-Te-b42de-andle-multiple-browser-tabs-Mobile-Safari\error-context.md]]
]]>
</system-out>
</testcase>
<testcase name="Smoke Tests - Critical User Flows › should handle form validation errors" classname="smoke\smoke-tests.spec.ts" time="30.204">
<failure message="smoke-tests.spec.ts:249:7 should handle form validation errors" type="FAILURE">
<![CDATA[  [Mobile Safari] › smoke\smoke-tests.spec.ts:249:7 › Smoke Tests - Critical User Flows › should handle form validation errors 

    Test timeout of 30000ms exceeded.

    Error: page.click: Test timeout of 30000ms exceeded.
    Call log:
      - waiting for locator('button[type="submit"]')


      252 |     
      253 |     // Submit form without required fields
    > 254 |     await page.click('button[type="submit"]');
          |                ^
      255 |     
      256 |     // Should show validation errors
      257 |     await expect(page.locator('.error, .alert-error')).toBeVisible();
        at E:\test-project-app\tests\playwright\smoke\smoke-tests.spec.ts:254:16

    attachment #1: screenshot (image/png) ──────────────────────────────────────────────────────────
    ..\..\test-results\smoke-smoke-tests-Smoke-Te-70545-ndle-form-validation-errors-Mobile-Safari\test-failed-1.png
    ────────────────────────────────────────────────────────────────────────────────────────────────

    attachment #2: video (video/webm) ──────────────────────────────────────────────────────────────
    ..\..\test-results\smoke-smoke-tests-Smoke-Te-70545-ndle-form-validation-errors-Mobile-Safari\video.webm
    ────────────────────────────────────────────────────────────────────────────────────────────────

    Error Context: ..\..\test-results\smoke-smoke-tests-Smoke-Te-70545-ndle-form-validation-errors-Mobile-Safari\error-context.md
]]>
</failure>
<system-out>
<![CDATA[
[[ATTACHMENT|test-results\smoke-smoke-tests-Smoke-Te-70545-ndle-form-validation-errors-Mobile-Safari\test-failed-1.png]]

[[ATTACHMENT|test-results\smoke-smoke-tests-Smoke-Te-70545-ndle-form-validation-errors-Mobile-Safari\video.webm]]

[[ATTACHMENT|test-results\smoke-smoke-tests-Smoke-Te-70545-ndle-form-validation-errors-Mobile-Safari\error-context.md]]
]]>
</system-out>
</testcase>
<testcase name="Smoke Tests - Critical User Flows › should handle concurrent user actions" classname="smoke\smoke-tests.spec.ts" time="1.838">
<failure message="smoke-tests.spec.ts:267:7 should handle concurrent user actions" type="FAILURE">
<![CDATA[  [Mobile Safari] › smoke\smoke-tests.spec.ts:267:7 › Smoke Tests - Critical User Flows › should handle concurrent user actions 

    TypeError: Cannot read properties of undefined (reading 'users')

      268 |     // Login as admin
      269 |     await page.goto('/login');
    > 270 |     await page.fill('input[type="email"]', testData.users.admin.email);
          |                                                     ^
      271 |     await page.fill('input[type="password"]', testData.users.admin.password);
      272 |     await page.click('button[type="submit"]');
      273 |     
        at E:\test-project-app\tests\playwright\smoke\smoke-tests.spec.ts:270:53

    attachment #1: screenshot (image/png) ──────────────────────────────────────────────────────────
    ..\..\test-results\smoke-smoke-tests-Smoke-Te-1208d-dle-concurrent-user-actions-Mobile-Safari\test-failed-1.png
    ────────────────────────────────────────────────────────────────────────────────────────────────

    attachment #2: video (video/webm) ──────────────────────────────────────────────────────────────
    ..\..\test-results\smoke-smoke-tests-Smoke-Te-1208d-dle-concurrent-user-actions-Mobile-Safari\video.webm
    ────────────────────────────────────────────────────────────────────────────────────────────────

    Error Context: ..\..\test-results\smoke-smoke-tests-Smoke-Te-1208d-dle-concurrent-user-actions-Mobile-Safari\error-context.md
]]>
</failure>
<system-out>
<![CDATA[
[[ATTACHMENT|test-results\smoke-smoke-tests-Smoke-Te-1208d-dle-concurrent-user-actions-Mobile-Safari\test-failed-1.png]]

[[ATTACHMENT|test-results\smoke-smoke-tests-Smoke-Te-1208d-dle-concurrent-user-actions-Mobile-Safari\video.webm]]

[[ATTACHMENT|test-results\smoke-smoke-tests-Smoke-Te-1208d-dle-concurrent-user-actions-Mobile-Safari\error-context.md]]
]]>
</system-out>
</testcase>
</testsuite>
<testsuite name="ui\ui-checks.spec.ts" timestamp="2026-02-20T03:52:25.301Z" hostname="Mobile Safari" tests="30" failures="9" skipped="0" time="238.482" errors="0">
<testcase name="UI Checks - Responsive Design › should display correctly on desktop" classname="ui\ui-checks.spec.ts" time="7.751">
<failure message="ui-checks.spec.ts:6:7 should display correctly on desktop" type="FAILURE">
<![CDATA[  [Mobile Safari] › ui\ui-checks.spec.ts:6:7 › UI Checks - Responsive Design › should display correctly on desktop 

    Error: expect(locator).toBeVisible() failed

    Locator: locator('footer')
    Expected: visible
    Timeout: 5000ms
    Error: element(s) not found

    Call log:
      - Expect "toBeVisible" with timeout 5000ms
      - waiting for locator('footer')


      10 |     await expect(page.locator('header')).toBeVisible();
      11 |     await expect(page.locator('main')).toBeVisible();
    > 12 |     await expect(page.locator('footer')).toBeVisible();
         |                                          ^
      13 |   });
      14 |
      15 |   test('should display correctly on tablet', async ({ page }, { testData }) => {
        at E:\test-project-app\tests\playwright\ui\ui-checks.spec.ts:12:42

    attachment #1: screenshot (image/png) ──────────────────────────────────────────────────────────
    ..\..\test-results\ui-ui-checks-UI-Checks---R-827a4-isplay-correctly-on-desktop-Mobile-Safari\test-failed-1.png
    ────────────────────────────────────────────────────────────────────────────────────────────────

    attachment #2: video (video/webm) ──────────────────────────────────────────────────────────────
    ..\..\test-results\ui-ui-checks-UI-Checks---R-827a4-isplay-correctly-on-desktop-Mobile-Safari\video.webm
    ────────────────────────────────────────────────────────────────────────────────────────────────

    Error Context: ..\..\test-results\ui-ui-checks-UI-Checks---R-827a4-isplay-correctly-on-desktop-Mobile-Safari\error-context.md
]]>
</failure>
<system-out>
<![CDATA[
[[ATTACHMENT|test-results\ui-ui-checks-UI-Checks---R-827a4-isplay-correctly-on-desktop-Mobile-Safari\test-failed-1.png]]

[[ATTACHMENT|test-results\ui-ui-checks-UI-Checks---R-827a4-isplay-correctly-on-desktop-Mobile-Safari\video.webm]]

[[ATTACHMENT|test-results\ui-ui-checks-UI-Checks---R-827a4-isplay-correctly-on-desktop-Mobile-Safari\error-context.md]]
]]>
</system-out>
</testcase>
<testcase name="UI Checks - Responsive Design › should display correctly on tablet" classname="ui\ui-checks.spec.ts" time="2.497">
</testcase>
<testcase name="UI Checks - Responsive Design › should display correctly on mobile" classname="ui\ui-checks.spec.ts" time="1.5">
</testcase>
<testcase name="UI Checks - Responsive Design › should handle orientation changes" classname="ui\ui-checks.spec.ts" time="1.47">
</testcase>
<testcase name="UI Checks - Accessibility › should have proper heading hierarchy" classname="ui\ui-checks.spec.ts" time="1.43">
</testcase>
<testcase name="UI Checks - Accessibility › should have proper alt text for images" classname="ui\ui-checks.spec.ts" time="1.442">
</testcase>
<testcase name="UI Checks - Accessibility › should have proper form labels" classname="ui\ui-checks.spec.ts" time="1.669">
</testcase>
<testcase name="UI Checks - Accessibility › should support keyboard navigation" classname="ui\ui-checks.spec.ts" time="1.45">
</testcase>
<testcase name="UI Checks - Accessibility › should have proper color contrast" classname="ui\ui-checks.spec.ts" time="1.64">
</testcase>
<testcase name="UI Checks - Accessibility › should have proper focus indicators" classname="ui\ui-checks.spec.ts" time="1.682">
</testcase>
<testcase name="UI Checks - Performance › should load within acceptable time" classname="ui\ui-checks.spec.ts" time="2.17">
</testcase>
<testcase name="UI Checks - Performance › should have optimized images" classname="ui\ui-checks.spec.ts" time="1.482">
</testcase>
<testcase name="UI Checks - Performance › should have minimal layout shift" classname="ui\ui-checks.spec.ts" time="2.893">
</testcase>
<testcase name="UI Checks - Performance › should have efficient CSS" classname="ui\ui-checks.spec.ts" time="2.88">
</testcase>
<testcase name="UI Checks - Cross-Browser Compatibility › should work in Chrome" classname="ui\ui-checks.spec.ts" time="2.47">
</testcase>
<testcase name="UI Checks - Cross-Browser Compatibility › should work in Firefox" classname="ui\ui-checks.spec.ts" time="2.183">
</testcase>
<testcase name="UI Checks - Cross-Browser Compatibility › should work in Safari" classname="ui\ui-checks.spec.ts" time="1.47">
</testcase>
<testcase name="UI Checks - Cross-Browser Compatibility › should handle different user agents" classname="ui\ui-checks.spec.ts" time="1.601">
</testcase>
<testcase name="UI Checks - Form Validation › should show validation errors for required fields" classname="ui\ui-checks.spec.ts" time="2.852">
</testcase>
<testcase name="UI Checks - Form Validation › should show validation errors for invalid email" classname="ui\ui-checks.spec.ts" time="30.536">
<failure message="ui-checks.spec.ts:260:7 should show validation errors for invalid email" type="FAILURE">
<![CDATA[  [Mobile Safari] › ui\ui-checks.spec.ts:260:7 › UI Checks - Form Validation › should show validation errors for invalid email 

    Test timeout of 30000ms exceeded.

    Error: page.fill: Test timeout of 30000ms exceeded.
    Call log:
      - waiting for locator('input[type="email"]')


      261 |     await page.goto('/login');
      262 |     
    > 263 |     await page.fill('input[type="email"]', 'invalid-email');
          |                ^
      264 |     await page.click('button[type="submit"]');
      265 |     
      266 |     const emailField = page.locator('input[type="email"]');
        at E:\test-project-app\tests\playwright\ui\ui-checks.spec.ts:263:16

    attachment #1: screenshot (image/png) ──────────────────────────────────────────────────────────
    ..\..\test-results\ui-ui-checks-UI-Checks---F-c21a8-on-errors-for-invalid-email-Mobile-Safari\test-failed-1.png
    ────────────────────────────────────────────────────────────────────────────────────────────────

    attachment #2: video (video/webm) ──────────────────────────────────────────────────────────────
    ..\..\test-results\ui-ui-checks-UI-Checks---F-c21a8-on-errors-for-invalid-email-Mobile-Safari\video.webm
    ────────────────────────────────────────────────────────────────────────────────────────────────

    Error Context: ..\..\test-results\ui-ui-checks-UI-Checks---F-c21a8-on-errors-for-invalid-email-Mobile-Safari\error-context.md
]]>
</failure>
<system-out>
<![CDATA[
[[ATTACHMENT|test-results\ui-ui-checks-UI-Checks---F-c21a8-on-errors-for-invalid-email-Mobile-Safari\test-failed-1.png]]

[[ATTACHMENT|test-results\ui-ui-checks-UI-Checks---F-c21a8-on-errors-for-invalid-email-Mobile-Safari\video.webm]]

[[ATTACHMENT|test-results\ui-ui-checks-UI-Checks---F-c21a8-on-errors-for-invalid-email-Mobile-Safari\error-context.md]]
]]>
</system-out>
</testcase>
<testcase name="UI Checks - Form Validation › should show validation errors for password requirements" classname="ui\ui-checks.spec.ts" time="30.173">
<failure message="ui-checks.spec.ts:271:7 should show validation errors for password requirements" type="FAILURE">
<![CDATA[  [Mobile Safari] › ui\ui-checks.spec.ts:271:7 › UI Checks - Form Validation › should show validation errors for password requirements 

    Test timeout of 30000ms exceeded.

    Error: page.fill: Test timeout of 30000ms exceeded.
    Call log:
      - waiting for locator('input[type="password"]')


      272 |     await page.goto('/register');
      273 |     
    > 274 |     await page.fill('input[type="password"]', 'weak');
          |                ^
      275 |     await page.click('button[type="submit"]');
      276 |     
      277 |     const passwordField = page.locator('input[type="password"]');
        at E:\test-project-app\tests\playwright\ui\ui-checks.spec.ts:274:16

    attachment #1: screenshot (image/png) ──────────────────────────────────────────────────────────
    ..\..\test-results\ui-ui-checks-UI-Checks---F-c6e1f-s-for-password-requirements-Mobile-Safari\test-failed-1.png
    ────────────────────────────────────────────────────────────────────────────────────────────────

    attachment #2: video (video/webm) ──────────────────────────────────────────────────────────────
    ..\..\test-results\ui-ui-checks-UI-Checks---F-c6e1f-s-for-password-requirements-Mobile-Safari\video.webm
    ────────────────────────────────────────────────────────────────────────────────────────────────

    Error Context: ..\..\test-results\ui-ui-checks-UI-Checks---F-c6e1f-s-for-password-requirements-Mobile-Safari\error-context.md
]]>
</failure>
<system-out>
<![CDATA[
[[ATTACHMENT|test-results\ui-ui-checks-UI-Checks---F-c6e1f-s-for-password-requirements-Mobile-Safari\test-failed-1.png]]

[[ATTACHMENT|test-results\ui-ui-checks-UI-Checks---F-c6e1f-s-for-password-requirements-Mobile-Safari\video.webm]]

[[ATTACHMENT|test-results\ui-ui-checks-UI-Checks---F-c6e1f-s-for-password-requirements-Mobile-Safari\error-context.md]]
]]>
</system-out>
</testcase>
<testcase name="UI Checks - Form Validation › should clear validation errors when field is corrected" classname="ui\ui-checks.spec.ts" time="30.68">
<failure message="ui-checks.spec.ts:282:7 should clear validation errors when field is corrected" type="FAILURE">
<![CDATA[  [Mobile Safari] › ui\ui-checks.spec.ts:282:7 › UI Checks - Form Validation › should clear validation errors when field is corrected 

    Test timeout of 30000ms exceeded.

    Error: page.fill: Test timeout of 30000ms exceeded.
    Call log:
      - waiting for locator('input[type="email"]')


      284 |     
      285 |     // Fill invalid email
    > 286 |     await page.fill('input[type="email"]', 'invalid-email');
          |                ^
      287 |     await page.click('button[type="submit"]');
      288 |     
      289 |     // Correct the email
        at E:\test-project-app\tests\playwright\ui\ui-checks.spec.ts:286:16

    attachment #1: screenshot (image/png) ──────────────────────────────────────────────────────────
    ..\..\test-results\ui-ui-checks-UI-Checks---F-88c56-ors-when-field-is-corrected-Mobile-Safari\test-failed-1.png
    ────────────────────────────────────────────────────────────────────────────────────────────────

    attachment #2: video (video/webm) ──────────────────────────────────────────────────────────────
    ..\..\test-results\ui-ui-checks-UI-Checks---F-88c56-ors-when-field-is-corrected-Mobile-Safari\video.webm
    ────────────────────────────────────────────────────────────────────────────────────────────────

    Error Context: ..\..\test-results\ui-ui-checks-UI-Checks---F-88c56-ors-when-field-is-corrected-Mobile-Safari\error-context.md
]]>
</failure>
<system-out>
<![CDATA[
[[ATTACHMENT|test-results\ui-ui-checks-UI-Checks---F-88c56-ors-when-field-is-corrected-Mobile-Safari\test-failed-1.png]]

[[ATTACHMENT|test-results\ui-ui-checks-UI-Checks---F-88c56-ors-when-field-is-corrected-Mobile-Safari\video.webm]]

[[ATTACHMENT|test-results\ui-ui-checks-UI-Checks---F-88c56-ors-when-field-is-corrected-Mobile-Safari\error-context.md]]
]]>
</system-out>
</testcase>
<testcase name="UI Checks - Error Handling › should display error messages for network errors" classname="ui\ui-checks.spec.ts" time="30.735">
<failure message="ui-checks.spec.ts:299:7 should display error messages for network errors" type="FAILURE">
<![CDATA[  [Mobile Safari] › ui\ui-checks.spec.ts:299:7 › UI Checks - Error Handling › should display error messages for network errors 

    Test timeout of 30000ms exceeded.

    Error: page.fill: Test timeout of 30000ms exceeded.
    Call log:
      - waiting for locator('input[type="email"]')


      302 |     
      303 |     await page.goto('/login');
    > 304 |     await page.fill('input[type="email"]', 'test@example.com');
          |                ^
      305 |     await page.fill('input[type="password"]', 'password123');
      306 |     await page.click('button[type="submit"]');
      307 |     
        at E:\test-project-app\tests\playwright\ui\ui-checks.spec.ts:304:16

    attachment #1: screenshot (image/png) ──────────────────────────────────────────────────────────
    ..\..\test-results\ui-ui-checks-UI-Checks---E-cd654-messages-for-network-errors-Mobile-Safari\test-failed-1.png
    ────────────────────────────────────────────────────────────────────────────────────────────────

    attachment #2: video (video/webm) ──────────────────────────────────────────────────────────────
    ..\..\test-results\ui-ui-checks-UI-Checks---E-cd654-messages-for-network-errors-Mobile-Safari\video.webm
    ────────────────────────────────────────────────────────────────────────────────────────────────

    Error Context: ..\..\test-results\ui-ui-checks-UI-Checks---E-cd654-messages-for-network-errors-Mobile-Safari\error-context.md
]]>
</failure>
<system-out>
<![CDATA[
[[ATTACHMENT|test-results\ui-ui-checks-UI-Checks---E-cd654-messages-for-network-errors-Mobile-Safari\test-failed-1.png]]

[[ATTACHMENT|test-results\ui-ui-checks-UI-Checks---E-cd654-messages-for-network-errors-Mobile-Safari\video.webm]]

[[ATTACHMENT|test-results\ui-ui-checks-UI-Checks---E-cd654-messages-for-network-errors-Mobile-Safari\error-context.md]]
]]>
</system-out>
</testcase>
<testcase name="UI Checks - Error Handling › should display loading states" classname="ui\ui-checks.spec.ts" time="30.446">
<failure message="ui-checks.spec.ts:312:7 should display loading states" type="FAILURE">
<![CDATA[  [Mobile Safari] › ui\ui-checks.spec.ts:312:7 › UI Checks - Error Handling › should display loading states 

    Test timeout of 30000ms exceeded.

    Error: page.fill: Test timeout of 30000ms exceeded.
    Call log:
      - waiting for locator('input[type="email"]')


      319 |     });
      320 |     
    > 321 |     await page.fill('input[type="email"]', 'test@example.com');
          |                ^
      322 |     await page.fill('input[type="password"]', 'password123');
      323 |     await page.click('button[type="submit"]');
      324 |     
        at E:\test-project-app\tests\playwright\ui\ui-checks.spec.ts:321:16

    attachment #1: screenshot (image/png) ──────────────────────────────────────────────────────────
    ..\..\test-results\ui-ui-checks-UI-Checks---E-6a2e0-ould-display-loading-states-Mobile-Safari\test-failed-1.png
    ────────────────────────────────────────────────────────────────────────────────────────────────

    attachment #2: video (video/webm) ──────────────────────────────────────────────────────────────
    ..\..\test-results\ui-ui-checks-UI-Checks---E-6a2e0-ould-display-loading-states-Mobile-Safari\video.webm
    ────────────────────────────────────────────────────────────────────────────────────────────────

    Error Context: ..\..\test-results\ui-ui-checks-UI-Checks---E-6a2e0-ould-display-loading-states-Mobile-Safari\error-context.md
]]>
</failure>
<system-out>
<![CDATA[
[[ATTACHMENT|test-results\ui-ui-checks-UI-Checks---E-6a2e0-ould-display-loading-states-Mobile-Safari\test-failed-1.png]]

[[ATTACHMENT|test-results\ui-ui-checks-UI-Checks---E-6a2e0-ould-display-loading-states-Mobile-Safari\video.webm]]

[[ATTACHMENT|test-results\ui-ui-checks-UI-Checks---E-6a2e0-ould-display-loading-states-Mobile-Safari\error-context.md]]
]]>
</system-out>
</testcase>
<testcase name="UI Checks - Error Handling › should handle 404 errors gracefully" classname="ui\ui-checks.spec.ts" time="1.466">
</testcase>
<testcase name="UI Checks - Error Handling › should handle 500 errors gracefully" classname="ui\ui-checks.spec.ts" time="30.441">
<failure message="ui-checks.spec.ts:336:7 should handle 500 errors gracefully" type="FAILURE">
<![CDATA[  [Mobile Safari] › ui\ui-checks.spec.ts:336:7 › UI Checks - Error Handling › should handle 500 errors gracefully 

    Test timeout of 30000ms exceeded.

    Error: page.fill: Test timeout of 30000ms exceeded.
    Call log:
      - waiting for locator('input[type="email"]')


      343 |     
      344 |     await page.goto('/login');
    > 345 |     await page.fill('input[type="email"]', 'test@example.com');
          |                ^
      346 |     await page.fill('input[type="password"]', 'password123');
      347 |     await page.click('button[type="submit"]');
      348 |     
        at E:\test-project-app\tests\playwright\ui\ui-checks.spec.ts:345:16

    attachment #1: screenshot (image/png) ──────────────────────────────────────────────────────────
    ..\..\test-results\ui-ui-checks-UI-Checks---E-9bde4-andle-500-errors-gracefully-Mobile-Safari\test-failed-1.png
    ────────────────────────────────────────────────────────────────────────────────────────────────

    attachment #2: video (video/webm) ──────────────────────────────────────────────────────────────
    ..\..\test-results\ui-ui-checks-UI-Checks---E-9bde4-andle-500-errors-gracefully-Mobile-Safari\video.webm
    ────────────────────────────────────────────────────────────────────────────────────────────────

    Error Context: ..\..\test-results\ui-ui-checks-UI-Checks---E-9bde4-andle-500-errors-gracefully-Mobile-Safari\error-context.md
]]>
</failure>
<system-out>
<![CDATA[
[[ATTACHMENT|test-results\ui-ui-checks-UI-Checks---E-9bde4-andle-500-errors-gracefully-Mobile-Safari\test-failed-1.png]]

[[ATTACHMENT|test-results\ui-ui-checks-UI-Checks---E-9bde4-andle-500-errors-gracefully-Mobile-Safari\video.webm]]

[[ATTACHMENT|test-results\ui-ui-checks-UI-Checks---E-9bde4-andle-500-errors-gracefully-Mobile-Safari\error-context.md]]
]]>
</system-out>
</testcase>
<testcase name="UI Checks - User Experience › should have intuitive navigation" classname="ui\ui-checks.spec.ts" time="6.4">
<failure message="ui-checks.spec.ts:355:7 should have intuitive navigation" type="FAILURE">
<![CDATA[  [Mobile Safari] › ui\ui-checks.spec.ts:355:7 › UI Checks - User Experience › should have intuitive navigation 

    Error: expect(locator).toBeVisible() failed

    Locator:  locator('nav, [data-testid="navigation"]')
    Expected: visible
    Received: hidden
    Timeout:  5000ms

    Call log:
      - Expect "toBeVisible" with timeout 5000ms
      - waiting for locator('nav, [data-testid="navigation"]')
        8 × locator resolved to <nav class="flex items-center space-x-6">…</nav>
          - unexpected value "hidden"


      357 |     
      358 |     const navigation = page.locator('nav, [data-testid="navigation"]');
    > 359 |     await expect(navigation).toBeVisible();
          |                              ^
      360 |     
      361 |     const navLinks = page.locator('nav a, [data-testid="navigation"] a');
      362 |     const linkCount = await navLinks.count();
        at E:\test-project-app\tests\playwright\ui\ui-checks.spec.ts:359:30

    attachment #1: screenshot (image/png) ──────────────────────────────────────────────────────────
    ..\..\test-results\ui-ui-checks-UI-Checks---U-d263e-d-have-intuitive-navigation-Mobile-Safari\test-failed-1.png
    ────────────────────────────────────────────────────────────────────────────────────────────────

    attachment #2: video (video/webm) ──────────────────────────────────────────────────────────────
    ..\..\test-results\ui-ui-checks-UI-Checks---U-d263e-d-have-intuitive-navigation-Mobile-Safari\video.webm
    ────────────────────────────────────────────────────────────────────────────────────────────────

    Error Context: ..\..\test-results\ui-ui-checks-UI-Checks---U-d263e-d-have-intuitive-navigation-Mobile-Safari\error-context.md
]]>
</failure>
<system-out>
<![CDATA[
[[ATTACHMENT|test-results\ui-ui-checks-UI-Checks---U-d263e-d-have-intuitive-navigation-Mobile-Safari\test-failed-1.png]]

[[ATTACHMENT|test-results\ui-ui-checks-UI-Checks---U-d263e-d-have-intuitive-navigation-Mobile-Safari\video.webm]]

[[ATTACHMENT|test-results\ui-ui-checks-UI-Checks---U-d263e-d-have-intuitive-navigation-Mobile-Safari\error-context.md]]
]]>
</system-out>
</testcase>
<testcase name="UI Checks - User Experience › should have clear call-to-action buttons" classname="ui\ui-checks.spec.ts" time="1.768">
<failure message="ui-checks.spec.ts:371:7 should have clear call-to-action buttons" type="FAILURE">
<![CDATA[  [Mobile Safari] › ui\ui-checks.spec.ts:371:7 › UI Checks - User Experience › should have clear call-to-action buttons 

    Error: expect(received).toBeTruthy()

    Received: ""

      378 |       const button = buttons.nth(i);
      379 |       const text = await button.textContent();
    > 380 |       expect(text).toBeTruthy();
          |                    ^
      381 |     }
      382 |   });
      383 |
        at E:\test-project-app\tests\playwright\ui\ui-checks.spec.ts:380:20

    attachment #1: screenshot (image/png) ──────────────────────────────────────────────────────────
    ..\..\test-results\ui-ui-checks-UI-Checks---U-c5429-lear-call-to-action-buttons-Mobile-Safari\test-failed-1.png
    ────────────────────────────────────────────────────────────────────────────────────────────────

    attachment #2: video (video/webm) ──────────────────────────────────────────────────────────────
    ..\..\test-results\ui-ui-checks-UI-Checks---U-c5429-lear-call-to-action-buttons-Mobile-Safari\video.webm
    ────────────────────────────────────────────────────────────────────────────────────────────────

    Error Context: ..\..\test-results\ui-ui-checks-UI-Checks---U-c5429-lear-call-to-action-buttons-Mobile-Safari\error-context.md
]]>
</failure>
<system-out>
<![CDATA[
[[ATTACHMENT|test-results\ui-ui-checks-UI-Checks---U-c5429-lear-call-to-action-buttons-Mobile-Safari\test-failed-1.png]]

[[ATTACHMENT|test-results\ui-ui-checks-UI-Checks---U-c5429-lear-call-to-action-buttons-Mobile-Safari\video.webm]]

[[ATTACHMENT|test-results\ui-ui-checks-UI-Checks---U-c5429-lear-call-to-action-buttons-Mobile-Safari\error-context.md]]
]]>
</system-out>
</testcase>
<testcase name="UI Checks - User Experience › should have consistent styling" classname="ui\ui-checks.spec.ts" time="1.708">
</testcase>
<testcase name="UI Checks - User Experience › should have proper spacing and layout" classname="ui\ui-checks.spec.ts" time="1.597">
</testcase>
</testsuite>
</testsuites>